07-13 08:41:46.953 995-24804/? V/MetadataRetrieverClient: extractMetadata
07-13 08:41:46.954 5252-15931/? V/MediaMetadataRetriever: extractMetadata(1027)
07-13 08:41:46.954 995-24804/? V/MetadataRetrieverClient: extractMetadata
07-13 08:41:46.954 5252-15931/? V/MediaMetadataRetriever: extractMetadata(1024)
07-13 08:41:46.955 995-24804/? V/MetadataRetrieverClient: extractMetadata
07-13 08:41:46.957 5252-15931/? V/MediaMetadataRetriever: extractMetadata(1025)
07-13 08:41:46.957 995-24804/? V/MetadataRetrieverClient: extractMetadata
07-13 08:41:46.958 5252-15931/? V/MediaMetadataRetriever: extractMetadata(35)
07-13 08:41:46.959 995-24804/? V/MetadataRetrieverClient: extractMetadata
07-13 08:41:46.959 5252-15931/? V/MediaMetadataRetriever: extractMetadata(36)
07-13 08:41:46.961 995-24804/? V/MetadataRetrieverClient: extractMetadata
07-13 08:41:46.962 1212-2632/? V/ActivityManager: >>> EXECUTING create of com.google.android.gms/.ipa.base.IpaGcmTaskService
07-13 08:41:46.962 1212-2632/? D/ActivityManager: schedule service timeout ProcessRecord{9c5331a 26496:com.google.android.gms/u0a179}
07-13 08:41:46.963 1212-2632/? V/ActivityManager: >>> EXECUTING bind of com.google.android.gms/.ipa.base.IpaGcmTaskService
07-13 08:41:46.964 5252-15931/? V/MediaMetadataRetriever: destructor
07-13 08:41:46.964 5252-15931/? V/MediaMetadataRetriever: disconnect
07-13 08:41:46.965 995-24804/? V/MetadataRetrieverClient: disconnect from pid 5252
07-13 08:41:46.966 1212-5678/? D/SGM:GameManager: identifyGamePackage. com.sec.android.app.launcher, mCurrentUserId: 0, callerUserId: 0, callingMethodInfo: com.android.server.ssrm.SortingMachine.isGame(SortingMachine.java:162)
07-13 08:41:46.966 1212-5678/? D/SGM:PkgDataHelper: getGamePkgData(). com.sec.android.app.launcher
07-13 08:41:46.972 995-24804/? V/MetadataRetrieverClient: MetadataRetrieverClient destructor
07-13 08:41:46.972 995-24804/? V/MetadataRetrieverClient: disconnect from pid 5252
07-13 08:41:46.975 1212-4286/? V/ActivityManager: <<< DONE EXECUTING com.google.android.gms/.ipa.base.IpaGcmTaskService
07-13 08:41:46.976 7499-29118/? I/MediaContentSyncTask: [#CMH#] Rebuilding contents count 1
07-13 08:41:46.977 1212-4509/? V/ActivityManager: <<< DONE EXECUTING com.google.android.gms/.ipa.base.IpaGcmTaskService
07-13 08:41:46.977 7499-29118/? I/ImageFeatures: [#CMH#] Not support file type 
07-13 08:41:46.978 1212-4509/? V/ActivityManager: No more executingServices of com.google.android.gms/.ipa.base.IpaGcmTaskService
07-13 08:41:46.982 7499-29118/? I/MediaContentSyncTask: [#CMH#] Insert ITEM :  1
07-13 08:41:46.982 2857-28228/? I/NetworkScheduler.Stats: (REDACTED) Task %s/%s started execution. cause:%s exec_start_elapsed_seconds: %s
07-13 08:41:46.992 1212-4286/? V/ActivityManager: >>> EXECUTING unbind of com.google.android.gms/.ipa.base.IpaGcmTaskService
07-13 08:41:46.993 1212-4286/? D/ActivityManager: schedule service timeout ProcessRecord{9c5331a 26496:com.google.android.gms/u0a179}
07-13 08:41:46.993 5252-15931/? D/MediaParser: scanItem: 1
07-13 08:41:46.994 7499-29118/? I/MediaContentSyncLocation: [#CMH#] Location Count MP :  0, CMH : 0
07-13 08:41:46.994 7499-29118/? I/BaseThreadPoolExecutor: [#CMH#] afterExecute FutureTask
07-13 08:41:46.995 7499-29118/? I/ControllerEventHandler: [#CMH#] New Task for wait content sync job 
07-13 08:41:46.995 7499-29118/? I/BaseThreadPoolExecutor: [#CMH#] Task e0.e@7104ec3 is submitted
07-13 08:41:46.995 7499-7582/? I/ControllerEventHandler: [#CMH#] Set wait content count 
07-13 08:41:46.996 2857-28870/? I/NetworkScheduler.Stats: (REDACTED) Task %s/%s finished executing. cause:%s result: %s elapsed_millis: %s uptime_millis: %s exec_start_elapsed_seconds: %s
07-13 08:41:46.998 1212-4286/? V/ActivityManager: >>> EXECUTING destroy of com.google.android.gms/.ipa.base.IpaGcmTaskService
07-13 08:41:47.002 1212-2632/? V/ActivityManager: <<< DONE EXECUTING com.google.android.gms/.ipa.base.IpaGcmTaskService
07-13 08:41:47.002 1212-2632/? V/ActivityManager: <<< DONE EXECUTING com.google.android.gms/.ipa.base.IpaGcmTaskService
07-13 08:41:47.002 1212-2632/? V/ActivityManager: No more executingServices of com.google.android.gms/.ipa.base.IpaGcmTaskService
07-13 08:41:47.007 1212-4509/? V/ActivityManager: >>> EXECUTING create of com.samsung.android.providers.media/.LocationService
07-13 08:41:47.007 1212-4509/? D/ActivityManager: schedule service timeout ProcessRecord{a157db8 5252:android.process.media/u0a42}
07-13 08:41:47.008 7499-29118/? I/MediaContentSyncTask: [#CMH#] No of Row (SEC MP :  42, Max Id : 2147484871) (CMH : 42, Max Id : 2147484871) - Time :3
07-13 08:41:47.009 1212-4509/? V/ActivityManager: >>> EXECUTING bind of com.samsung.android.providers.media/.LocationService
07-13 08:41:47.012 1212-2632/? V/ActivityManager: <<< DONE EXECUTING com.samsung.android.providers.media/.LocationService
07-13 08:41:47.014 1212-4286/? V/ActivityManager: <<< DONE EXECUTING com.samsung.android.providers.media/.LocationService
07-13 08:41:47.014 1212-4286/? V/ActivityManager: No more executingServices of com.samsung.android.providers.media/.LocationService
07-13 08:41:47.020 5252-29412/? D/LocationService: Begin: com.samsung.intent.action.UPDATE_LOCATION
07-13 08:41:47.021 5252-29412/? D/LocationManager: delete null addr: 0
07-13 08:41:47.023 5252-29412/? D/ModernSamsungCoreService: applyPending()
07-13 08:41:47.023 5252-29412/? D/LocationManager: LocationTask: 3ms
07-13 08:41:47.023 5252-29412/? D/LocationService: End: com.samsung.intent.action.UPDATE_LOCATION
07-13 08:41:47.026 1212-4286/? V/ActivityManager: >>> EXECUTING unbind of com.samsung.android.providers.media/.LocationService
07-13 08:41:47.026 1212-4286/? D/ActivityManager: schedule service timeout ProcessRecord{a157db8 5252:android.process.media/u0a42}
07-13 08:41:47.026 1212-4286/? V/ActivityManager: >>> EXECUTING destroy of com.samsung.android.providers.media/.LocationService
07-13 08:41:47.028 1212-4509/? V/ActivityManager: <<< DONE EXECUTING com.samsung.android.providers.media/.LocationService
07-13 08:41:47.028 1212-4509/? V/ActivityManager: <<< DONE EXECUTING com.samsung.android.providers.media/.LocationService
07-13 08:41:47.028 1212-4509/? V/ActivityManager: No more executingServices of com.samsung.android.providers.media/.LocationService
07-13 08:41:47.029 7499-29118/? I/MediaContentSyncTask: [#CMH#] MP time stamp :  1689252106980, CMH time stamp : 1689118469249
07-13 08:41:47.035 7499-29118/? I/MediaContentSyncTask: [#CMH#] Update ITEM  :  1
07-13 08:41:47.039 7499-29118/? I/MediaContentSyncTask: [#CMH#] Update Cursor Count (1=>1), Time: 4 
07-13 08:41:47.041 7499-29118/? I/MediaContentSyncTask: [#CMH#] Update ITEM :  1
07-13 08:41:47.049 7499-29118/? I/MediaContentSyncLocation: [#CMH#] Location Count MP :  0, CMH : 0
07-13 08:41:47.050 7499-29118/? I/BaseThreadPoolExecutor: [#CMH#] afterExecute FutureTask
07-13 08:41:47.050 7499-29118/? I/ControllerEventHandler: [#CMH#] New Task for wait content sync job 
07-13 08:41:47.050 7499-29118/? I/BaseThreadPoolExecutor: [#CMH#] Task e0.e@7104ec3 is submitted
07-13 08:41:47.060 7499-29118/? I/MediaContentSyncTask: [#CMH#] No of Row (SEC MP :  42, Max Id : 2147484871) (CMH : 42, Max Id : 2147484871) - Time :3
07-13 08:41:47.060 859-29334/? I/HYPER-HAL: [RequestManager.cpp]releaseLocked(): Released ID : 6988203
07-13 08:41:47.069 7499-29118/? I/MediaContentSyncTask: [#CMH#] MP time stamp :  1689252106980, CMH time stamp : 1689252106980
07-13 08:41:47.069 7499-29118/? I/MediaContentSyncTask: [#CMH#] Update ITEM :  0
07-13 08:41:47.073 7499-29118/? I/BaseThreadPoolExecutor: [#CMH#] afterExecute FutureTask
07-13 08:41:47.073 7499-29118/? I/ControllerEventHandler: [#CMH#] Alive Privacy Ignored Policy Called:  false
07-13 08:41:47.073 7499-7577/? I/ControllerEventHandler: [#CMH#] POI Feature is False 
07-13 08:41:47.441 859-29384/? I/HYPER-HAL: [RequestManager.cpp]releaseLocked(): Released ID : 6991943
07-13 08:41:47.502 404-404/? D/io_stats: !@ 179,0 r 368090 9889647 w 111496 1271272 d 35885 10427212 f 0 0 iot 178884 0 th 0 0 0 pt 0 inp 0 0 1640.839
07-13 08:41:47.683 1212-2965/? D/SemWifiUsabilityStatsMonitor: onWifiUsabilityStats - seqNum 228, isSameBssidAndFreq true
07-13 08:41:47.684 1212-1751/? I/SemWifiLinkQualityMonitor: Link Qos Query: 0,018 ms / 433,000 Mbps (433 / 0,000 / 1,000)
07-13 08:41:47.747 3658-4075/? I/MediaProvider: Deleted 0 0 0 1 0 0 0 items on external_primary due to com.android.shell
