07-13 08:41:58.351 1212-2144/? D/ActivityTaskManager: scheduleTopResumedActivityChanged, onTop=false r=ActivityRecord{f3a157f u0 app.identifier.test/androidx.test.core.app.InstrumentationActivityInvoker$EmptyActivity} t213} caller=com.android.server.wm.ActivityTaskSupervisor.updateTopResumedActivityIfNeeded:2508 com.android.server.wm.TaskFragment.setResumedActivity:493 com.android.server.wm.TaskFragment.onActivityStateChanged:790 com.android.server.wm.ActivityRecord.setState:6400 com.android.server.wm.TaskFragment.startPausing:1880 com.android.server.wm.TaskFragment.startPausing:1817 
07-13 08:41:58.354 916-916/? D/SurfaceFlinger: Display 0 HWC layers:
07-13 08:41:58.354 916-916/? D/SurfaceFlinger:      DEVICE | 0xf359f200 | 0102 | RGBA_8888    |    0.0    0.0 1080.0 2408.0 |    0    0 1080 2408 | app.identifier/app.identifier.MainActivity$_29676#1097
07-13 08:41:58.354 916-916/? D/SurfaceFlinger:      DEVICE | 0xf3201280 | 0100 | RGBA_8888    |    0.0    0.0 1080.0   70.0 |    0    0 1080   70 | StatusBar$_1853#98
07-13 08:41:58.354 916-916/? D/SurfaceFlinger:      DEVICE | 0xf31fff00 | 0100 | RGBA_8888    |    0.0    0.0 1080.0  135.0 |    0 2273 1080 2408 | NavigationBar0$_1853#92
07-13 08:41:58.354 916-916/? D/SurfaceFlinger:      DEVICE | 0xf3200e00 | 0108 | RGBA_8888    |    0.0    0.0 1080.0 2408.0 |    0    0 1080 2408 | $_1853#94
07-13 08:41:58.354 1835-2175/? D/PhoneInterfaceManager: setDataEnabledForReason() Reason=1 Pid=1212 App=system
07-13 08:41:58.356 1212-2144/? I/Pageboost: stop alp
07-13 08:41:58.356 2692-2692/? E/pageboostd: Received HALT command code 2
07-13 08:41:58.357 1212-2724/? D/CoreBackPreview: Window{cf7065a u0 app.identifier.test/androidx.test.core.app.InstrumentationActivityInvoker$EmptyActivity}: Setting back callback OnBackInvokedCallbackInfo{mCallback=android.window.IOnBackInvokedCallback$Stub$Proxy@b294603, mPriority=0}
07-13 08:41:58.359 29070-29070/? I/ViewRootImpl@eacb9b7[InstrumentationActivityInvoker$EmptyActivity]: setView = com.android.internal.policy.DecorView@1e68851 TM=true
07-13 08:41:58.361 29070-29070/? I/MSHandlerLifeCycle: removeMultiSplitHandler: no exist. decor=DecorView@1e68851[InstrumentationActivityInvoker$EmptyActivity]
07-13 08:41:58.370 916-916/? D/SurfaceFlinger: Display 0 HWC layers:
07-13 08:41:58.370 916-916/? D/SurfaceFlinger:      DEVICE | 0xf359f200 | 0102 | RGBA_8888    |    0.0    0.0 1080.0 2408.0 |    0    0 1080 2408 | app.identifier/app.identifier.MainActivity$_29676#1097
07-13 08:41:58.370 916-916/? D/SurfaceFlinger:      DEVICE | 0xf3201280 | 0100 | RGBA_8888    |    0.0    0.0 1080.0   70.0 |    0    0 1080   70 | StatusBar$_1853#98
07-13 08:41:58.370 916-916/? D/SurfaceFlinger:      DEVICE | 0xf31fff00 | 0100 | RGBA_8888    |    0.0    0.0 1080.0  135.0 |    0 2273 1080 2408 | NavigationBar0$_1853#92
07-13 08:41:58.370 916-916/? D/SurfaceFlinger:      DEVICE | 0xf3200e00 | 0108 | RGBA_8888    |    0.0    0.0 1080.0 2408.0 |    0    0 1080 2408 | $_1853#94
07-13 08:41:58.379 29070-29070/? I/ViewRootImpl@eacb9b7[InstrumentationActivityInvoker$EmptyActivity]: performTraversals params={(0,0)(fillxfill) sim={adjust=pan forwardNavigation} ty=BASE_APPLICATION wanim=0x1030001
07-13 08:41:58.379 29070-29070/? I/ViewRootImpl@eacb9b7[InstrumentationActivityInvoker$EmptyActivity]:   fl=1810100
07-13 08:41:58.379 29070-29070/? I/ViewRootImpl@eacb9b7[InstrumentationActivityInvoker$EmptyActivity]:   pfl=12020040
07-13 08:41:58.379 29070-29070/? I/ViewRootImpl@eacb9b7[InstrumentationActivityInvoker$EmptyActivity]:   bhv=DEFAULT
07-13 08:41:58.379 29070-29070/? I/ViewRootImpl@eacb9b7[InstrumentationActivityInvoker$EmptyActivity]:   fitSides= naviIconColor=0}
07-13 08:41:58.382 2265-2286/? I/RecentModel: onTaskStackChangedBackground
07-13 08:41:58.384 29070-29070/? I/ViewRootImpl@eacb9b7[InstrumentationActivityInvoker$EmptyActivity]: performTraversals mFirst=true windowShouldResize=true viewVisibilityChanged=false mForceNextWindowRelayout=false params={(0,0)(fillxfill) sim={adjust=pan forwardNavigation} ty=BASE_APPLICATION wanim=0x1030001
07-13 08:41:58.384 29070-29070/? I/ViewRootImpl@eacb9b7[InstrumentationActivityInvoker$EmptyActivity]:   fl=1810100
07-13 08:41:58.384 29070-29070/? I/ViewRootImpl@eacb9b7[InstrumentationActivityInvoker$EmptyActivity]:   pfl=12020040
07-13 08:41:58.384 29070-29070/? I/ViewRootImpl@eacb9b7[InstrumentationActivityInvoker$EmptyActivity]:   bhv=DEFAULT
07-13 08:41:58.384 29070-29070/? I/ViewRootImpl@eacb9b7[InstrumentationActivityInvoker$EmptyActivity]:   fitSides= naviIconColor=0}
07-13 08:41:58.385 1212-2144/? V/WindowManager: Relayout Window{cf7065a u0 app.identifier.test/androidx.test.core.app.Instru
07-13 08:41:58.385 1212-2144/? V/WindowManager: mentationActivityInvoker$EmptyActivity}: viewVisibility=0 req=1080x2408 d0
07-13 08:41:58.385 1212-2144/? D/RestrictionPolicy: isScreenCaptureEnabled : ret=true userId=0
07-13 08:41:58.385 916-937/? I/SurfaceFlinger: id=1107 createSurf flag=40004, app.identifier.test/androidx.test.core.app.InstrumentationActivityInvoker$EmptyActivity$_29070#1107
07-13 08:41:58.386 1212-2144/? D/WindowManager: makeSurface duration=1 name=app.identifier.test/androidx.test.core.app.InstrumentationActivityInvoker$EmptyActivity$_29070
07-13 08:41:58.390 1212-2144/? V/WindowManager: Changing focus from null to Window{cf7065a u0 app.identifier.test/androidx.test.core.app.InstrumentationActivityInvoker$EmptyActivity} displayId=0 Callers=com.android.server.wm.RootWindowContainer.updateFocusedWindowLocked:595 com.android.server.wm.WindowManagerService.updateFocusedWindowLocked:6803 com.android.server.wm.WindowManagerService.relayoutWindow:2813 com.android.server.wm.Session.relayout:274 
07-13 08:41:58.390 1212-2144/? D/MARsPolicyManager: onPackageResumedFG pkgName = app.identifier.test, userId = 0
07-13 08:41:58.391 1212-2144/? I/WindowManager: Cancelling animation restarting=true, leash=Surface(name=Surface(name=f0b3b0b StatusBar)/@0x2f140cf - animation-leash of insets_animation)/@0xfcdcc45
07-13 08:41:58.391 1212-2144/? I/WindowManager: Reparenting to original parent: Surface(name=WindowToken{c0ada type=2000 android.os.BinderProxy@4afadfc})/@0x191da5c, destroy=false, surface=Surface(name=f0b3b0b StatusBar)/@0x2f140cf
07-13 08:41:58.391 1212-2144/? I/WindowManager: Reparenting to leash, surface=Surface(name=f0b3b0b StatusBar)/@0x2f140cf, leashParent=Surface(name=WindowToken{c0ada type=2000 android.os.BinderProxy@4afadfc})/@0x191da5c
07-13 08:41:58.391 916-937/? I/SurfaceFlinger: id=1108 createSurf flag=24000, Surface(name=f0b3b0b StatusBar)/@0x2f140cf - animation-leash of insets_animation#1108
07-13 08:41:58.392 1212-2144/? D/WindowManager: makeSurface duration=1 leash=Surface(name=Surface(name=f0b3b0b StatusBar)/@0x2f140cf - animation-leash of insets_animation)/@0xa13dbfe
07-13 08:41:58.393 1212-2144/? I/WindowManager: Cancelling animation restarting=true, leash=Surface(name=Surface(name=593fd37 NavigationBar0)/@0x2904048 - animation-leash of insets_animation)/@0xd341c87
07-13 08:41:58.393 1212-2144/? I/WindowManager: Reparenting to original parent: Surface(name=WindowToken{130565b type=2019 android.os.BinderProxy@5f5be0c})/@0xab17ee1, destroy=false, surface=Surface(name=593fd37 NavigationBar0)/@0x2904048
07-13 08:41:58.393 1212-2144/? I/WindowManager: Reparenting to leash, surface=Surface(name=593fd37 NavigationBar0)/@0x2904048, leashParent=Surface(name=WindowToken{130565b type=2019 android.os.BinderProxy@5f5be0c})/@0xab17ee1
07-13 08:41:58.394 916-937/? I/SurfaceFlinger: id=1109 createSurf flag=24000, Surface(name=593fd37 NavigationBar0)/@0x2904048 - animation-leash of insets_animation#1109
07-13 08:41:58.395 1212-2144/? D/WindowManager: makeSurface duration=1 leash=Surface(name=Surface(name=593fd37 NavigationBar0)/@0x2904048 - animation-leash of insets_animation)/@0xb141dac
07-13 08:41:58.396 1212-2144/? D/WindowManager: updateSystemBarAttributes: displayId=0, win=Window{cf7065a u0 app.identifier.test/androidx.test.core.app.InstrumentationActivityInvoker$EmptyActivity}, navColorWin=Window{8db0f90 u0 app.identifier/app.identifier.MainActivity}, focusedCanBeNavColorWin=false, behavior=1, appearance=0, statusBarAppearanceRegions=[AppearanceRegion{ bounds=[0,0][1080,2408]}], requestedVisibilities=, from=com.android.server.wm.DisplayPolicy.focusChangedLw:3245 com.android.server.wm.DisplayContent.updateFocusedWindowLocked:4632 com.android.server.wm.RootWindowContainer.updateFocusedWindowLocked:595 
07-13 08:41:58.396 1212-2144/? D/StatusBarManagerService: notifyRequestedSystemKey recent=false home=false
07-13 08:41:58.396 1212-2144/? V/WindowManager: rotationForOrient
07-13 08:41:58.396 1212-2144/? V/WindowManager: ation(orient=SCREEN_ORIENTATION_UNSPECIFIED (-1), last=ROTATION_0 (0)); user=ROTATION_0 (0) USER_ROTATION_LOCKED
07-13 08:41:58.397 1212-2144/? D/WindowManager: rotationForOrientation, orientationSource=ActivityRecord{f3a157f u0 app.identifier.test/androidx.test.core.app.InstrumentationActivityInvoker$EmptyActivity} t213}
07-13 08:41:58.398 1212-2144/? V/WindowManager: Relayout hash=cf7065a, pid=29070, syncId=-1: mAttrs={(0,0)(fillxfill) sim={adjust=pan forwardNavigation} ty=BASE_APPLICATION wanim=0x1030001
07-13 08:41:58.398 1212-2144/? V/WindowManager:   fl=1810100
07-13 08:41:58.398 1212-2144/? V/WindowManager:   pfl=12020040
07-13 08:41:58.398 1212-2144/? V/WindowManager:   bhv=DEFAULT
07-13 08:41:58.398 1212-2144/? V/WindowManager:   fitSides= naviIconColor=0}
07-13 08:41:58.402 29070-29070/? D/InsetsController: onStateChanged: InsetsState: {mDisplayFrame=Rect(0, 0 - 1080, 2408), mDisplayCutout=DisplayCutout{insets=Rect(0, 65 - 0, 0) waterfall=Insets{left=0, top=0, right=0, bottom=0} boundingRect={Bounds=[Rect(0, 0 - 0, 0), Rect(454, 0 - 626, 65), Rect(0, 0 - 0, 0), Rect(0, 0 - 0, 0)]} cutoutPathParserInfo={CutoutPathParserInfo{displayWidth=1080 displayHeight=2408 physicalDisplayWidth=1080 physicalDisplayHeight=2408 density={2.8125} cutoutSpec={M 0,0 H -30.57777777777778 V 23.11111111111111 H 30.57777777777778 V 0 H 0 Z @dp} rotation={0} scale={1.0} physicalPixelDisplaySizeRatio={1.0}}}}, mRoundedCorners=RoundedCorners{[RoundedCorner{position=TopLeft, radius=90, center=Point(90, 90)}, RoundedCorner{position=TopRight, radius=90, center=Point(990, 90)}, RoundedCorner{position=BottomRight, radius=90, center=Point(990, 2318)}, RoundedCorner{position=BottomLeft, radius=90, center=Point(90, 2318)}]}  mRoundedCornerFrame=Rect(0, 0 - 1080, 2408), mPrivacyIndicatorBounds=PrivacyIndicatorBounds {static bounds=Rect(956, 0 - 1080, 70) rotation=0}, mSources= { InsetsSource: {mType=ITYPE_STATUS_BAR, mFrame=[0,0][1080,70], mVisible=true, mInsetsRoundedCornerFrame=false}, InsetsSource: {mType=ITYPE_NAVIGATION_BAR, mFrame=[0,2273][1080,2408], mVisible=true, mInsetsRoundedCornerFrame=false}, InsetsSource: {mType=ITYPE_LEFT_GESTURES, mFrame=[0,0][0,2408], mVisible=true, mInsetsRoundedCornerFrame=false}, InsetsSource: {mType=ITYPE_RIGHT_GESTURES, mFrame=[1080,0][1080,2408], mVisible=true, mInsetsRoundedCornerFrame=false}, InsetsSource: {mType=ITYPE_TOP_MANDATORY_GESTURES, mFrame=[0,0][1080,99], mVisible=true, mInsetsRoundedCornerFrame=false}, InsetsSource: {mType=ITYPE_BOTTOM_MANDATORY_GESTURES, mFrame=[0,2273][1080,2408], mVisible=true, mInsetsRoundedCornerFrame=false}, InsetsSource: {mType=ITYPE_LEFT_DISPLAY_CUTOUT, mFrame=[0,0][-100000,2408], mVisible=true, mInsetsRoundedCornerFrame=false}, InsetsSource: {mType=ITYPE_TOP_DISPLAY_CUTOUT, mFrame=[0,0][1080,65], mVisible=true, mInsetsRoundedCornerFrame=false}, InsetsSource: {mType=ITYPE_RIGHT_DISPLAY_CUTOUT, mFrame=[100000,0][1080,2408], mVisible=true, mInsetsRoundedCornerFrame=false}, InsetsSource: {mType=ITYPE_BOTTOM_DISPLAY_CUTOUT, mFrame=[0,100000][1080,2408], mVisible=true, mInsetsRoundedCornerFrame=false}, InsetsSource: {mType=ITYPE_TOP_TAPPABLE_ELEMENT, mFrame=[0,0][1080,70], mVisible=true, mInsetsRoundedCornerFrame=false}, InsetsSource: {mType=ITYPE_BOTTOM_TAPPABLE_ELEMENT, mFrame=[0,2273][1080,2408], mVisible=true, mInsetsRoundedCornerFrame=false}, InsetsSource: {mType=ITYPE_IME, mFrame=[0,0][0,0], mVisibleFrame=[0,1400][1080,2408], mVisible=false, mInsetsRoundedCornerFrame=false} } host=app.identifier.test/androidx.test.core.app.InstrumentationActivityInvoker$EmptyActivity from=android.view.ViewRootImpl.relayoutWindow:9802
07-13 08:41:58.404 916-916/? D/SurfaceFlinger: Display 0 HWC layers:
07-13 08:41:58.404 916-916/? D/SurfaceFlinger:      DEVICE | 0xf359f200 | 0102 | RGBA_8888    |    0.0    0.0 1080.0 2408.0 |    0    0 1080 2408 | app.identifier/app.identifier.MainActivity$_29676#1097
07-13 08:41:58.404 916-916/? D/SurfaceFlinger:      DEVICE | 0xf3201280 | 0100 | RGBA_8888    |    0.0    0.0 1080.0   70.0 |    0    0 1080   70 | StatusBar$_1853#98
07-13 08:41:58.404 916-916/? D/SurfaceFlinger:      DEVICE | 0xf31fff00 | 0100 | RGBA_8888    |    0.0    0.0 1080.0  135.0 |    0 2273 1080 2408 | NavigationBar0$_1853#92
07-13 08:41:58.404 916-916/? D/SurfaceFlinger:      DEVICE | 0xf3200e00 | 0108 | RGBA_8888    |    0.0    0.0 1080.0 2408.0 |    0    0 1080 2408 | $_1853#94
07-13 08:41:58.405 29070-29070/? I/ViewRootImpl@eacb9b7[InstrumentationActivityInvoker$EmptyActivity]: updateBlastSurfaceIfNeeded mBlastBufferQueue=null isSameSurfaceControl=false
07-13 08:41:58.406 29070-29070/? I/BLASTBufferQueue: new BLASTBufferQueue, mName= ViewRootImpl@eacb9b7[InstrumentationActivityInvoker$EmptyActivity] mNativeObject= 0xe92c3780 sc.mNativeObject= 0xe94d8bf0 caller= android.view.ViewRootImpl.updateBlastSurfaceIfNeeded:2909 android.view.ViewRootImpl.relayoutWindow:9847 android.view.ViewRootImpl.performTraversals:3884 android.view.ViewRootImpl.doTraversal:3116 android.view.ViewRootImpl$TraversalRunnable.run:10885 android.view.Choreographer$CallbackRecord.run:1301 android.view.Choreographer$CallbackRecord.run:1309 android.view.Choreographer.doCallbacks:923 android.view.Choreographer.doFrame:852 android.view.Choreographer$FrameDisplayEventReceiver.run:1283 
07-13 08:41:58.406 29070-29070/? I/BLASTBufferQueue: update, w= 1080 h= 2408 mName = ViewRootImpl@eacb9b7[InstrumentationActivityInvoker$EmptyActivity] mNativeObject= 0xe92c3780 sc.mNativeObject= 0xe94d8bf0 format= -1 caller= android.graphics.BLASTBufferQueue.<init>:84 android.view.ViewRootImpl.updateBlastSurfaceIfNeeded:2909 android.view.ViewRootImpl.relayoutWindow:9847 android.view.ViewRootImpl.performTraversals:3884 android.view.ViewRootImpl.doTraversal:3116 android.view.ViewRootImpl$TraversalRunnable.run:10885 
07-13 08:41:58.407 29070-29070/? I/ViewRootImpl@eacb9b7[InstrumentationActivityInvoker$EmptyActivity]: Relayout returned: old=(0,0,1080,2408) new=(0,0,1080,2408) req=(1080,2408)0 dur=21 res=0x3 s={true 0xe8358400} ch=true seqId=0
07-13 08:41:58.410 29070-29070/? I/ViewRootImpl@eacb9b7[InstrumentationActivityInvoker$EmptyActivity]: mThreadedRenderer.initialize() mSurface={isValid=true 0xe8358400} hwInitialized=true
07-13 08:41:58.411 29070-29125/? D/OpenGLRenderer: eglCreateWindowSurface
07-13 08:41:58.414 29070-29070/? I/ViewRootImpl@eacb9b7[InstrumentationActivityInvoker$EmptyActivity]: reportNextDraw android.view.ViewRootImpl.performTraversals:4438 android.view.ViewRootImpl.doTraversal:3116 android.view.ViewRootImpl$TraversalRunnable.run:10885 android.view.Choreographer$CallbackRecord.run:1301 android.view.Choreographer$CallbackRecord.run:1309 
07-13 08:41:58.415 29070-29070/? I/ViewRootImpl@eacb9b7[InstrumentationActivityInvoker$EmptyActivity]: Setup new sync id=0
07-13 08:41:58.415 29070-29070/? I/ViewRootImpl@eacb9b7[InstrumentationActivityInvoker$EmptyActivity]: Setting syncFrameCallback
07-13 08:41:58.415 29070-29070/? I/ViewRootImpl@eacb9b7[InstrumentationActivityInvoker$EmptyActivity]: registerCallbacksForSync syncBuffer=false
07-13 08:41:58.417 916-916/? I/Layer: id=1103 removeFromCurrentState Surface(name=593fd37 NavigationBar0)/@0x2904048 - animation-leash of insets_animation#1103 (114)
07-13 08:41:58.417 916-916/? I/Layer: id=76 removeFromCurrentState 593fd37 NavigationBar0#76 (114)
07-13 08:41:58.417 916-916/? I/Layer: id=92 removeFromCurrentState NavigationBar0$_1853#92 (114)
07-13 08:41:58.417 916-916/? I/Layer: id=1098 removeFromCurrentState Surface(name=f0b3b0b StatusBar)/@0x2f140cf - animation-leash of insets_animation#1098 (114)
07-13 08:41:58.417 916-916/? I/Layer: id=84 removeFromCurrentState f0b3b0b StatusBar#84 (114)
07-13 08:41:58.417 916-916/? I/Layer: id=98 removeFromCurrentState StatusBar$_1853#98 (114)
07-13 08:41:58.417 916-916/? I/Layer: id=84 addToCurrentState f0b3b0b StatusBar#84 (114)
07-13 08:41:58.417 916-916/? I/Layer: id=98 addToCurrentState StatusBar$_1853#98 (114)
07-13 08:41:58.417 916-916/? I/Layer: id=76 addToCurrentState 593fd37 NavigationBar0#76 (114)
07-13 08:41:58.417 916-916/? I/Layer: id=92 addToCurrentState NavigationBar0$_1853#92 (114)
07-13 08:41:58.417 916-916/? D/SurfaceFlinger: [input] inputWindowCommands.focusRequests size is 1
07-13 08:41:58.418 916-916/? I/SurfaceFlinger: id=1103 Removed Surface(name=593fd37 NavigationBar0)/@0x2904048 - animation-leash of insets_animation#1103 (114)
07-13 08:41:58.418 916-916/? I/SurfaceFlinger: id=1098 Removed Surface(name=f0b3b0b StatusBar)/@0x2f140cf - animation-leash of insets_animation#1098 (114)
07-13 08:41:58.418 916-916/? I/Layer: id=1098 Destroyed Surface(name=f0b3b0b StatusBar)/@0x2f140cf - animation-leash of insets_animation#1098
07-13 08:41:58.418 1212-2149/? D/MdnieScenarioControlService:  packageName : app.identifier.test    className : androidx.test.core.app.InstrumentationActivityInvoker$EmptyActivity
07-13 08:41:58.418 916-916/? I/Layer: id=1103 Destroyed Surface(name=593fd37 NavigationBar0)/@0x2904048 - animation-leash of insets_animation#1103
07-13 08:41:58.418 1212-2149/? V/MdnieScenarioControlService: setUIMode from UI function(3)
07-13 08:41:58.419 916-1034/? D/SurfaceFlinger: [input] setFocusedWindow: cf7065a app.identifier.test/androidx.test.core.app.InstrumentationActivityInvoker$EmptyActivity
07-13 08:41:58.419 1212-2724/? D/InputDispatcher: Focus request (0): cf7065a app.identifier.test/androidx.test.core.app.InstrumentationActivityInvoker$EmptyActivity but waiting because NO_WINDOW
07-13 08:41:58.420 29070-29200/? I/ViewRootImpl@eacb9b7[InstrumentationActivityInvoker$EmptyActivity]: Received frameDrawingCallback syncResult=0 frameNum=1.
07-13 08:41:58.420 29070-29200/? I/ViewRootImpl@eacb9b7[InstrumentationActivityInvoker$EmptyActivity]: Setting up sync and frameCommitCallback
07-13 08:41:58.421 916-916/? D/SurfaceFlinger: Display 0 HWC layers:
07-13 08:41:58.421 916-916/? D/SurfaceFlinger:      DEVICE | 0xf359f200 | 0102 | RGBA_8888    |    0.0    0.0 1080.0 2408.0 |    0    0 1080 2408 | app.identifier/app.identifier.MainActivity$_29676#1097
07-13 08:41:58.421 916-916/? D/SurfaceFlinger:      DEVICE | 0xf3201280 | 0100 | RGBA_8888    |    0.0    0.0 1080.0   70.0 |    0    0 1080   70 | StatusBar$_1853#98
07-13 08:41:58.421 916-916/? D/SurfaceFlinger:      DEVICE | 0xf31fff00 | 0100 | RGBA_8888    |    0.0    0.0 1080.0  135.0 |    0 2273 1080 2408 | NavigationBar0$_1853#92
07-13 08:41:58.421 916-916/? D/SurfaceFlinger:      DEVICE | 0xf3200e00 | 0108 | RGBA_8888    |    0.0    0.0 1080.0 2408.0 |    0    0 1080 2408 | $_1853#94
07-13 08:41:58.426 29070-29125/? I/BLASTBufferQueue: [ViewRootImpl@eacb9b7[InstrumentationActivityInvoker$EmptyActivity]#6](f:0,a:0) onFrameAvailable the first frame is available
07-13 08:41:58.428 29070-29125/? I/ViewRootImpl@eacb9b7[InstrumentationActivityInvoker$EmptyActivity]: Received frameCommittedCallback lastAttemptedDrawFrameNum=1 didProduceBuffer=true
07-13 08:41:58.430 29070-29125/? D/OpenGLRenderer: CFMS:: SetUp Pid : 29070    Tid : 29125
07-13 08:41:58.432 29070-29070/? I/ViewRootImpl@eacb9b7[InstrumentationActivityInvoker$EmptyActivity]: onSyncComplete
07-13 08:41:58.433 29070-29070/? I/ViewRootImpl@eacb9b7[InstrumentationActivityInvoker$EmptyActivity]: setupSync seqId=0 mSyncId=0 fn=1 caller=android.view.ViewRootImpl$$ExternalSyntheticLambda11.accept:6 android.window.SurfaceSyncer.lambda$setupSync$1$android-window-SurfaceSyncer:128 android.window.SurfaceSyncer$$ExternalSyntheticLambda1.accept:8 android.window.SurfaceSyncer$SyncSet.checkIfSyncIsComplete:382 android.window.SurfaceSyncer$SyncSet.markSyncReady:359 android.window.SurfaceSyncer.markSyncReady:
07-13 08:41:58.433 29070-29070/? I/ViewRootImpl@eacb9b7[InstrumentationActivityInvoker$EmptyActivity]: 151 android.view.ViewRootImpl.performTraversals:4503 
07-13 08:41:58.433 29070-29070/? I/ViewRootImpl@eacb9b7[InstrumentationActivityInvoker$EmptyActivity]: reportDrawFinished seqId=0 mSyncId=-1 fn=1 mSurfaceChangedTransaction=0xe791ad80
07-13 08:41:58.434 1212-2144/? D/WindowManager: finishDrawingWindow: Window{cf7065a u0 app.identifier.test/androidx.test.core.app.InstrumentationActivityInvoker$EmptyActivity} mDrawState=DRAW_PENDING seqId=0
07-13 08:41:58.437 916-916/? D/SurfaceFlinger: Display 0 HWC layers:
07-13 08:41:58.437 916-916/? D/SurfaceFlinger:      DEVICE | 0xf359f200 | 0102 | RGBA_8888    |    0.0    0.0 1080.0 2408.0 |    0    0 1080 2408 | app.identifier/app.identifier.MainActivity$_29676#1097
07-13 08:41:58.437 916-916/? D/SurfaceFlinger:      DEVICE | 0xf3201280 | 0100 | RGBA_8888    |    0.0    0.0 1080.0   70.0 |    0    0 1080   70 | StatusBar$_1853#98
07-13 08:41:58.437 916-916/? D/SurfaceFlinger:      DEVICE | 0xf31fff00 | 0100 | RGBA_8888    |    0.0    0.0 1080.0  135.0 |    0 2273 1080 2408 | NavigationBar0$_1853#92
07-13 08:41:58.437 916-916/? D/SurfaceFlinger:      DEVICE | 0xf3200e00 | 0108 | RGBA_8888    |    0.0    0.0 1080.0 2408.0 |    0    0 1080 2408 | $_1853#94
07-13 08:41:58.438 1212-1242/? D/ActivityTaskManager: mStartingWindow and mStartingData is null for token=ActivityRecord{f3a157f u0 app.identifier.test/androidx.test.core.app.InstrumentationActivityInvoker$EmptyActivity} t213}
07-13 08:41:58.439 1212-1242/? D/WindowManager: performShow logReadyForDisplay win=Window{cf7065a u0 app.identifier.test/androidx.test.core.app.InstrumentationActivityInvoker$EmptyActivity} mToken.waitingToShow:true isTransitionSet:true
07-13 08:41:58.443 1212-2724/? W/WindowManager: Prepare app transition: mNextAppTransitionRequests=[TRANSIT_OPEN, TRANSIT_OPEN, TRANSIT_OPEN, TRANSIT_OPEN], mNextAppTransitionFlags=, displayId: 0 Callers=com.android.server.wm.DisplayContent.prepareAppTransition:6487 com.android.server.wm.TaskFragment.resumeTopActivity:1573 com.android.server.wm.TaskFragment.resumeTopActivity:1307 com.android.server.wm.Task.resumeTopActivityInnerLocked:6449 com.android.server.wm.Task.resumeTopActivityUncheckedLocked:6350 
07-13 08:41:58.444 1212-1241/? D/SGM:FgCheckThread: notePauseComponent(), received pkgName: app.identifier.test, userId: 0
07-13 08:41:58.445 1212-2724/? W/ActivityTaskManager: Tried to set launchTime (0) < mLastActivityLaunchTime (1651612)
07-13 08:41:58.446 1212-2724/? D/WindowManagerServiceExt: notifyOccludeChangeNotice: cn=ComponentInfo{app.identifier.test/androidx.test.core.app.InstrumentationActivityInvoker$EmptyActivity} occludesParent=true inMultiWindow=false styleFloating=false caller=com.android.server.wm.WindowManagerServiceExt.updateOccludeTargetIfNeeded:1402 com.android.server.wm.DisplayContent.ensureActivitiesVisible:7526 com.android.server.wm.RootWindowContainer.ensureActivitiesVisible:2248 com.android.server.wm.RootWindowContainer.ensureVisibilityAndConfig:2126 com.android.server.wm.ActivityTaskSupervisor.realStartActivityLocked:913 
07-13 08:41:58.447 1212-2724/? V/WindowManager: rotationForOrientation(orient=SCREEN_ORIENTATION_UNSPECIFIED (-1), last=ROTATION_0 (0)); user=ROTATION_0 (0) USER_ROTATION_LOCKED
07-13 08:41:58.447 1212-2724/? D/WindowManager: rotationForOrientation, orientationSource=ActivityRecord{aea6a67 u0 app.identifier.test/androidx.test.core.app.InstrumentationActivityInvoker$EmptyActivity} t213}
07-13 08:41:58.447 1212-2724/? V/WindowManager: rotationForOrientation(orient=SCREEN_ORIENTATION_UNSPECIFIED (-1), last=ROTATION_0 (0)); user=ROTATION_0 (0) USER_ROTATION_LOCKED
07-13 08:41:58.447 1212-2724/? D/WindowManager: rotationForOrientation, orientationSource=ActivityRecord{aea6a67 u0 app.identifier.test/androidx.test.core.app.InstrumentationActivityInvoker$EmptyActivity} t213}
07-13 08:41:58.448 1212-2724/? V/WindowManager: Computed rotation=ROTATION_0 (0) for display id=0 based on lastOrientation=SCREEN_ORIENTATION_UNSPECIFIED (-1) and oldRotation=ROTATION_0 (0), caller=com.android.server.wm.DisplayRotation.updateOrientation:414 com.android.server.wm.DisplayContent.updateOrientation:1990 com.android.server.wm.DisplayContent.updateOrientation:1891 com.android.server.wm.RootWindowContainer.ensureVisibilityAndConfig:2139 com.android.server.wm.ActivityTaskSupervisor.realStartActivityLocked:913 com.android.server.wm.ActivityTaskSupervisor.startSpecificActivity:1225 
07-13 08:41:58.448 1212-2724/? V/WindowManager: [ 07-13 08:41:58.449  1212: 
07-13 08:41:58.448 1212-2724/? V/WindowManager: 2724 D/TspStateManager ]
07-13 08:41:58.448 1212-2724/? V/WindowManager: updateCustomValue customSetting=
07-13 08:41:58.450 1212-2724/? V/WindowManager: rotationForOrientation(orient=SCREEN_ORIENTATION_UNSPECIFIED (-1), last=ROTATION_0 (0)); user=ROTATION_0 (0) USER_ROTATION_LOCKED
07-13 08:41:58.450 1212-2724/? D/WindowManager: rotationForOrientation, orientationSource=ActivityRecord{aea6a67 u0 app.identifier.test/androidx.test.core.app.InstrumentationActivityInvoker$EmptyActivity} t213}
07-13 08:41:58.451 1212-2724/? D/TspStateManager: updateCustomValue customSetting=
07-13 08:41:58.452 1212-2724/? D/SGM:PkgDataHelper: notifyAppCreate(), pkgName: app.identifier.test, userId: 0, sendRet: true
07-13 08:41:58.453 1212-1407/? D/SGM:FgCheckThread: onLooperPrepared(), msg: MSG_APP_CREATE, pkgName: app.identifier.test, userId: 0
07-13 08:41:58.454 1212-2724/? D/ActivityTaskManager: scheduleTopResumedActivityChanged, onTop=true r=ActivityRecord{aea6a67 u0 app.identifier.test/androidx.test.core.app.InstrumentationActivityInvoker$EmptyActivity} t213} caller=com.android.server.wm.ActivityTaskSupervisor.scheduleTopResumedActivityStateIfNeeded:2533 com.android.server.wm.ActivityTaskSupervisor.updateTopResumedActivityIfNeeded:2525 com.android.server.wm.TaskFragment.setResumedActivity:493 com.android.server.wm.TaskFragment.onActivityStateChanged:805 com.android.server.wm.ActivityRecord.setState:6400 com.android.server.wm.Task.minimalResumeActivityLocked:6153 
07-13 08:41:58.454 1212-2724/? D/InputDispatcher: Focused application(0): ActivityRecord{aea6a67 u0 app.identifier.test/androidx.test.core.app.InstrumentationActivityInvoker$EmptyActivity} t213}
07-13 08:41:58.456 1212-2724/? V/WindowManager: Changing focus from Window{cf7065a u0 app.identifier.test/androidx.test.core.app.InstrumentationActivityInvoker$EmptyActivity} to null displayId=0 Callers=com.android.server.wm.RootWindowContainer.updateFocusedWindowLocked:595 com.android.server.wm.WindowManagerService.updateFocusedWindowLocked:6803 com.android.server.wm.ActivityTaskManagerService.setResumedActivityUncheckLocked:5755 com.android.server.wm.TaskFragment.onActivityStateChanged:807 
07-13 08:41:58.457 1212-2724/? I/WindowManager: Cancelling animation restarting=true, leash=Surface(name=Surface(name=f0b3b0b StatusBar)/@0x2f140cf - animation-leash of insets_animation)/@0xa13dbfe
07-13 08:41:58.457 1212-2724/? I/WindowManager: Reparenting to original parent: Surface(name=WindowToken{c0ada type=2000 android.os.BinderProxy@4afadfc})/@0x191da5c, destroy=false, surface=Surface(name=f0b3b0b StatusBar)/@0x2f140cf
07-13 08:41:58.457 1212-2724/? I/WindowManager: Reparenting to leash, surface=Surface(name=f0b3b0b StatusBar)/@0x2f140cf, leashParent=Surface(name=WindowToken{c0ada type=2000 android.os.BinderProxy@4afadfc})/@0x191da5c
07-13 08:41:58.458 916-938/? I/SurfaceFlinger: id=1110 createSurf flag=24000, Surface(name=f0b3b0b StatusBar)/@0x2f140cf - animation-leash of insets_animation#1110
07-13 08:41:58.458 1212-2724/? D/WindowManager: makeSurface duration=1 leash=Surface(name=Surface(name=f0b3b0b StatusBar)/@0x2f140cf - animation-leash of insets_animation)/@0x6fa08f1
07-13 08:41:58.459 1212-2724/? I/WindowManager: Cancelling animation restarting=true, leash=Surface(name=Surface(name=593fd37 NavigationBar0)/@0x2904048 - animation-leash of insets_animation)/@0xb141dac
07-13 08:41:58.459 1212-2724/? I/WindowManager: Reparenting to original parent: Surface(name=WindowToken{130565b type=2019 android.os.BinderProxy@5f5be0c})/@0xab17ee1, destroy=false, surface=Surface(name=593fd37 NavigationBar0)/@0x2904048
07-13 08:41:58.460 1212-2724/? I/WindowManager: Reparenting to leash, surface=Surface(name=593fd37 NavigationBar0)/@0x2904048, leashParent=Surface(name=WindowToken{130565b type=2019 android.os.BinderProxy@5f5be0c})/@0xab17ee1
07-13 08:41:58.460 916-938/? I/SurfaceFlinger: id=1111 createSurf flag=24000, Surface(name=593fd37 NavigationBar0)/@0x2904048 - animation-leash of insets_animation#1111
07-13 08:41:58.461 1212-2724/? D/WindowManager: makeSurface duration=1 leash=Surface(name=Surface(name=593fd37 NavigationBar0)/@0x2904048 - animation-leash of insets_animation)/@0x44cbb57
07-13 08:41:58.463 1212-2724/? D/WindowManager: updateSystemBarAttributes: displayId=0, win=Window{8db0f90 u0 app.identifier/app.identifier.MainActivity}, navColorWin=Window{8db0f90 u0 app.identifier/app.identifier.MainActivity}, focusedCanBeNavColorWin=false, behavior=1, appearance=0, statusBarAppearanceRegions=[AppearanceRegion{ bounds=[0,0][1080,2408]}], requestedVisibilities=ITYPE_IME: invisible, from=com.android.server.wm.DisplayPolicy.focusChangedLw:3245 com.android.server.wm.DisplayContent.updateFocusedWindowLocked:4632 com.android.server.wm.RootWindowContainer.updateFocusedWindowLocked:595 
07-13 08:41:58.463 1212-2724/? D/StatusBarManagerService: notifyRequestedSystemKey recent=false home=false
07-13 08:41:58.465 1212-2724/? W/WindowManager: Execute app transition: mNextAppTransitionRequests=[TRANSIT_OPEN, TRANSIT_OPEN, TRANSIT_OPEN, TRANSIT_OPEN], mNextAppTransitionFlags=, displayId: 0 Callers=com.android.server.wm.RootWindowContainer.executeAppTransitionForAllDisplay:2580 com.android.server.wm.ActivityTaskSupervisor.reportResumedActivityLocked:2285 com.android.server.wm.ActivityRecord.completeResumeLocked:6981 com.android.server.wm.Task.minimalResumeActivityLocked:6154 com.android.server.wm.ActivityTaskSupervisor.realStartActivityLocked:1135 
07-13 08:41:58.467 1212-2724/? D/ActivityTaskManager: mStartingWindow and mStartingData is null for token=ActivityRecord{f3a157f u0 app.identifier.test/androidx.test.core.app.InstrumentationActivityInvoker$EmptyActivity} t213}
07-13 08:41:58.468 916-916/? D/SurfaceFlinger: Display 0 HWC layers:
07-13 08:41:58.468 916-916/? D/SurfaceFlinger:      DEVICE | 0xf359f200 | 0102 | RGBA_8888    |    0.0    0.0 1080.0 2408.0 |    0    0 1080 2408 | app.identifier/app.identifier.MainActivity$_29676#1097
07-13 08:41:58.468 916-916/? D/SurfaceFlinger:      DEVICE | 0xf3201280 | 0100 | RGBA_8888    |    0.0    0.0 1080.0   70.0 |    0    0 1080   70 | StatusBar$_1853#98
07-13 08:41:58.468 916-916/? D/SurfaceFlinger:      DEVICE | 0xf31fff00 | 0100 | RGBA_8888    |    0.0    0.0 1080.0  135.0 |    0 2273 1080 2408 | NavigationBar0$_1853#92
07-13 08:41:58.468 916-916/? D/SurfaceFlinger:      DEVICE | 0xf3200e00 | 0108 | RGBA_8888    |    0.0    0.0 1080.0 2408.0 |    0    0 1080 2408 | $_1853#94
07-13 08:41:58.471 1212-1242/? D/ActivityTaskManager: mStartingWindow and mStartingData is null for token=ActivityRecord{f3a157f u0 app.identifier.test/androidx.test.core.app.InstrumentationActivityInvoker$EmptyActivity} t213}
07-13 08:41:58.471 1212-1242/? D/ActivityTaskManager: mStartingWindow and mStartingData is null for token=ActivityRecord{f3a157f u0 app.identifier.test/androidx.test.core.app.InstrumentationActivityInvoker$EmptyActivity} t213}
07-13 08:41:58.474 1212-1242/? D/ActivityTaskManager: mStartingWindow and mStartingData is null for token=ActivityRecord{f3a157f u0 app.identifier.test/androidx.test.core.app.InstrumentationActivityInvoker$EmptyActivity} t213}
07-13 08:41:58.476 916-937/? I/SurfaceFlinger: id=1093 Removed 9192aa3 ActivityRecordInputSink app.identifier.test/androidx.test.core.app.InstrumentationActivityInvoker$BootstrapActivity#1093 (114)
07-13 08:41:58.477 1212-4472/? W/WindowManager: Execute app transition: mNextAppTransitionRequests=[TRANSIT_OPEN, TRANSIT_OPEN, TRANSIT_OPEN, TRANSIT_OPEN], mNextAppTransitionFlags=, displayId: 0 Callers=com.android.server.wm.Task.executeAppTransition:7868 com.android.server.wm.RootWindowContainer.lambda$resumeFocusedTasksTopActivities$20:2750 com.android.server.wm.RootWindowContainer.$r8$lambda$T5O2b-2Pin2YrxYnsz1zP_DLpiQ:0 com.android.server.wm.RootWindowContainer$$ExternalSyntheticLambda17.accept:13 com.android.server.wm.Task.forAllRootTasks:4095 
07-13 08:41:58.477 1212-4472/? W/WindowManager: Execute app transition: mNextAppTransitionRequests=[TRANSIT_OPEN, TRANSIT_OPEN, TRANSIT_OPEN, TRANSIT_OPEN], mNextAppTransitionFlags=, displayId: 0 Callers=com.android.server.wm.Task.executeAppTransition:7868 com.android.server.wm.TaskFragment.resumeTopActivity:1354 com.android.server.wm.TaskFragment.resumeTopActivity:1307 com.android.server.wm.Task.resumeTopActivityInnerLocked:6449 com.android.server.wm.Task.resumeTopActivityUncheckedLocked:6350 
07-13 08:41:58.479 1212-1242/? D/ActivityTaskManager: mStartingWindow and mStartingData is null for token=ActivityRecord{f3a157f u0 app.identifier.test/androidx.test.core.app.InstrumentationActivityInvoker$EmptyActivity} t213}
07-13 08:41:58.480 1212-2635/? I/MediaSessionMonitor: Media session stopped : controllerList empty
07-13 08:41:58.480 1212-1241/? D/SGM:FgCheckThread: noteResumeComponent(), received pkgName: app.identifier.test, userId: 0
07-13 08:41:58.480 1212-1241/? I/GameSDK@LifeCycle: noteResumeComponent(): package name  : app.identifier.test
07-13 08:41:58.481 1212-1407/? D/SGM:FgCheckThread: onLooperPrepared(), msg: MSG_APP_RESUME, pkgName: app.identifier.test, userid: 0
07-13 08:41:58.481 1212-1407/? D/SGM:FgCheckThread: handleResume().
07-13 08:41:58.481 1212-1407/? D/SGM:FgCheckThread: sendFocusOutConditionally() - mPrevNotiPkg: (unknown), userId: 0
07-13 08:41:58.481 1212-1407/? D/SGM:FgCheckThread:   handleResume(). pkgName: app.identifier.test, userId: 0, isTunableApp: null
07-13 08:41:58.481 1212-1407/? D/SGM:FgCheckThread: notifyFocusInOut(). of pkg: app.identifier.test, type: 4, isTunableApp: false, userId: 0
07-13 08:41:58.481 1212-1407/? D/SGM:FgCheckThread:   notifyFocusInOut(). unexpected mPrevNotiType: -1
07-13 08:41:58.481 1212-1407/? D/SGM:SystemHelper: callRelease
07-13 08:41:58.481 1212-1407/? D/SGM:SystemHelper: Block needReleaseBlock:false
07-13 08:41:58.484 916-916/? I/Layer: id=1108 removeFromCurrentState Surface(name=f0b3b0b StatusBar)/@0x2f140cf - animation-leash of insets_animation#1108 (114)
07-13 08:41:58.484 1212-1241/? I/ActivityManager: updateOomAdj start time is before than pendingPid added, don't delete it
07-13 08:41:58.484 916-916/? I/Layer: id=1109 removeFromCurrentState Surface(name=593fd37 NavigationBar0)/@0x2904048 - animation-leash of insets_animation#1109 (114)
07-13 08:41:58.484 916-916/? D/SurfaceFlinger: [input] inputWindowCommands.focusRequests size is 1
07-13 08:41:58.484 916-916/? I/Layer: id=1088 removeFromCurrentState ActivityRecord{7c701a0 u0 app.identifier.test/androidx.test.core.app.InstrumentationActivityInvoker$BootstrapActivity} t213}#1088 (114)
07-13 08:41:58.484 916-916/? I/Layer: id=1093 removeFromCurrentState 9192aa3 ActivityRecordInputSink app.identifier.test/androidx.test.core.app.InstrumentationActivityInvoker$BootstrapActivity#1093 (114)
07-13 08:41:58.484 916-916/? I/SurfaceFlinger: id=1088 Removed ActivityRecord{7c701a0 u0 app.identifier.test/androidx.test.core.app.InstrumentationActivityInvoker$BootstrapActivity} t213}#1088 (114)
07-13 08:41:58.484 1212-1242/? D/ActivityTaskManager: mStartingWindow and mStartingData is null for token=ActivityRecord{f3a157f u0 app.identifier.test/androidx.test.core.app.InstrumentationActivityInvoker$EmptyActivity} t213}
07-13 08:41:58.484 916-916/? I/Layer: id=1088 Destroyed ActivityRecord{7c701a0 u0 app.identifier.test/androidx.test.core.app.InstrumentationActivityInvoker$BootstrapActivity} t213}#1088
07-13 08:41:58.484 916-916/? I/Layer: id=1093 Destroyed 9192aa3 ActivityRecordInputSink app.identifier.test/androidx.test.core.app.InstrumentationActivityInvoker$BootstrapActivity#1093
07-13 08:41:58.485 916-1034/? D/SurfaceFlinger: [input] setFocusedWindow: <null>
07-13 08:41:58.488 916-916/? D/SurfaceFlinger: Display 0 HWC layers:
07-13 08:41:58.488 916-916/? D/SurfaceFlinger:      DEVICE | 0xf359f200 | 0102 | RGBA_8888    |    0.0    0.0 1080.0 2408.0 |    0    0 1080 2408 | app.identifier/app.identifier.MainActivity$_29676#1097
07-13 08:41:58.488 916-916/? D/SurfaceFlinger:      DEVICE | 0xf3201280 | 0100 | RGBA_8888    |    0.0    0.0 1080.0   70.0 |    0    0 1080   70 | StatusBar$_1853#98
07-13 08:41:58.488 916-916/? D/SurfaceFlinger:      DEVICE | 0xf31fff00 | 0100 | RGBA_8888    |    0.0    0.0 1080.0  135.0 |    0 2273 1080 2408 | NavigationBar0$_1853#92
07-13 08:41:58.488 916-916/? D/SurfaceFlinger:      DEVICE | 0xf3200e00 | 0108 | RGBA_8888    |    0.0    0.0 1080.0 2408.0 |    0    0 1080 2408 | $_1853#94
07-13 08:41:58.498 1212-1248/? W/UsageStatsService: Unexpected activity event reported! (app.identifier.test/androidx.test.core.app.InstrumentationActivityInvoker$BootstrapActivity event : 23 instanceId : 45482270)
07-13 08:41:58.504 29070-29070/? I/DecorView: [INFO] isPopOver=false config=true
07-13 08:41:58.505 29070-29070/? I/DecorView: updateCaptionType: isFloating=false isApplication=true hasWindowDecorCaption=false this=DecorView@bbf7efd[]
07-13 08:41:58.505 29070-29070/? D/DecorView: setCaptionType = 0, this = DecorView@bbf7efd[]
07-13 08:41:58.511 29070-29070/? I/DecorView: getCurrentDensityDpi: from real metrics. densityDpi=450 msg=resources_loaded
07-13 08:41:58.512 29070-29070/? I/DecorView: setWindowBackground: isPopOver=false color=ff010101 d=android.graphics.drawable.StateListDrawable@de857f2
07-13 08:41:58.516 29070-29070/? I/MSHandlerLifeCycle: check: return. pkg=app.identifier.test parent=null callers=com.android.internal.policy.DecorView.setVisibility:4412 android.app.ActivityThread.handleResumeActivity:5476 android.app.servertransaction.ResumeActivityItem.execute:54 android.app.servertransaction.ActivityTransactionItem.execute:45 android.app.servertransaction.TransactionExecutor.executeLifecycleState:176 
07-13 08:41:58.516 29070-29070/? I/MSHandlerLifeCycle: removeMultiSplitHandler: no exist. decor=DecorView@bbf7efd[]
07-13 08:41:58.519 1212-2149/? V/MdnieScenarioControlService: mAclOffEnabled : false mAclPreviewState : false mAclCompensationState : false
07-13 08:41:58.519 1212-2724/? W/ActivityTaskManager: Duplicate finish request for r=ActivityRecord{b028d3d u0 app.identifier/.MainActivity} t213 f}}
07-13 08:41:58.521 29070-29125/? D/NativeCustomFrequencyManager: [NativeCFMS] BpCustomFrequencyManager::BpCustomFrequencyManager()
07-13 08:41:58.524 1212-2724/? D/InputTransport: Input channel constructed: 'aed40ae', fd=899
07-13 08:41:58.524 1212-2724/? D/InputTransport: Input channel constructed: 'aed40ae', fd=904
07-13 08:41:58.525 1212-2724/? D/InputTransport: Input channel constructed: 'aed40ae', fd=905
07-13 08:41:58.525 916-938/? I/SurfaceFlinger: id=1112 createSurf flag=80004, aed40ae app.identifier.test/androidx.test.core.app.InstrumentationActivityInvoker$EmptyActivity#1112
07-13 08:41:58.526 1212-2724/? D/RestrictionPolicy: isScreenCaptureEnabled : ret=true userId=0
07-13 08:41:58.527 1212-2724/? D/InputTransport: Input channel destroyed: 'aed40ae', fd=905
07-13 08:41:58.530 29070-29070/? D/InsetsController: onStateChanged: InsetsState: {mDisplayFrame=Rect(0, 0 - 1080, 2408), mDisplayCutout=DisplayCutout{insets=Rect(0, 65 - 0, 0) waterfall=Insets{left=0, top=0, right=0, bottom=0} boundingRect={Bounds=[Rect(0, 0 - 0, 0), Rect(454, 0 - 626, 65), Rect(0, 0 - 0, 0), Rect(0, 0 - 0, 0)]} cutoutPathParserInfo={CutoutPathParserInfo{displayWidth=1080 displayHeight=2408 physicalDisplayWidth=1080 physicalDisplayHeight=2408 density={2.8125} cutoutSpec={M
07-13 08:41:58.530 29070-29070/? D/InsetsController:  0,0 H -30.57777777777778 V 23.11111111111111 H 30.57777777777778 V 0 H 0 Z @dp} rotation={0} scale={1.0} physicalPixelDisplaySizeRatio={1.0}}}}, mRoundedCorners=RoundedCorners{[RoundedCorner{position=TopLeft, radius=90, center=Point(90, 90)}, RoundedCorner{position=TopRight, radius=90, center=Point(990, 90)}, RoundedCorner{position=BottomRight, radius=90, center=Point(990, 2318)}, RoundedCorner{position=BottomLeft, radius=90, center=Point(90, 2318)}]}  mRoundedCornerFrame=Rect(0, 0 - 1080, 2408), mPrivacyIndicatorBounds=PrivacyIndicatorBounds {static bounds=Rect(956, 0 - 1080, 70) rotation=0}, mSources= { InsetsSource: {mType=ITYPE_STATUS_BAR, mFrame=[0,0][1080,70], mVisible=true, mInsetsRoundedCornerFrame=false}, InsetsSource: {mType=ITYPE_NAVIGATION_BAR, mFrame=[0,2273][1080,2408], mVisible=true, mInsetsRoundedCornerFrame=false}, InsetsSource: {mType=ITYPE_LEFT_GESTURES, mFrame=[0,0][0,2408], mVisible=true, mInsetsRoundedCornerFrame=false}, InsetsSource: {mType=ITYPE_RIGHT_GESTURES, mFrame=[1080,0][1080,2408], mVisible=true, mInsetsRoundedCornerFrame=false}, InsetsSource: {mType=ITYPE_TOP_MANDATORY_GESTURES, mFrame=[0,0][1080,99], mVisible=true, mInsetsRoundedCornerFrame=false}, InsetsSource: {mType=ITYPE_BOTTOM_MANDATORY_GESTURES, mFrame=[0,2273][1080,2408], mVisible=true, mInsetsRoundedCornerFrame=false}, InsetsSource: {mType=ITYPE_LEFT_DISPLAY_CUTOUT, mFrame=[0,0][-100000,2408], mVisible=true, mInsetsRoundedCornerFrame=false}, InsetsSource: {mType=ITYPE_TOP_DISPLAY_CUTOUT, mFrame=[0,0][1080,65], mVisible=true, mInsetsRoundedCornerFrame=false}, InsetsSource: {mType=ITYPE_RIGHT_DISPLAY_CUTOUT, mFrame=[100000,0][1080,2408], mVisible=true, mInsetsRoundedCornerFrame=false}, InsetsSource: {mType=ITYPE_BOTTOM_DISPLAY_CUTOUT, mFrame=[0,100000][1080,2408], mVisible=true, mInsetsRoundedCornerFrame=false}, InsetsSource: {mType=ITYPE_TOP_TAPPABLE_ELEMENT, mFrame=[0,0][1080,70], mVisible=true, mInsetsRoundedCornerFrame=false}, InsetsSource: {mType=ITYPE_BOTTOM_TAPPABLE_ELEMENT, mFrame=[0,2273][1080,2408], mVisible=true, mInsetsRoundedCornerFrame=false} } host=app.identifier.test/androidx.test.core.app.InstrumentationActivityInvoker$EmptyActivity from=android.view.ViewRootImpl.setView:1732
07-13 08:41:58.533 1212-2724/? D/CoreBackPreview: Window{aed40ae u0 app.identifier.test/androidx.test.core.app.InstrumentationActivityInvoker$EmptyActivity}: Setting back callback OnBackInvokedCallbackInfo{mCallback=android.window.IOnBackInvokedCallback$Stub$Proxy@23049dc, mPriority=0}
07-13 08:41:58.534 1212-1242/? D/ActivityTaskManager: mStartingWindow and mStartingData is null for token=ActivityRecord{f3a157f u0 app.identifier.test/androidx.test.core.app.InstrumentationActivityInvoker$EmptyActivity} t213}
07-13 08:41:58.535 916-916/? D/SurfaceFlinger: Display 0 HWC layers:
07-13 08:41:58.535 916-916/? D/SurfaceFlinger:      DEVICE | 0xf359f200 | 0102 | RGBA_8888    |    0.0    0.0 1080.0 2408.0 |    0    0 1080 2408 | app.identifier/app.identifier.MainActivity$_29676#1097
07-13 08:41:58.535 916-916/? D/SurfaceFlinger:      DEVICE | 0xf3201280 | 0100 | RGBA_8888    |    0.0    0.0 1080.0   70.0 |    0    0 1080   70 | StatusBar$_1853#98
07-13 08:41:58.535 916-916/? D/SurfaceFlinger:      DEVICE | 0xf31fff00 | 0100 | RGBA_8888    |    0.0    0.0 1080.0  135.0 |    0 2273 1080 2408 | NavigationBar0$_1853#92
07-13 08:41:58.535 916-916/? D/SurfaceFlinger:      DEVICE | 0xf3200e00 | 0108 | RGBA_8888    |    0.0    0.0 1080.0 2408.0 |    0    0 1080 2408 | $_1853#94
07-13 08:41:58.536 29070-29070/? I/ViewRootImpl@de55e43[InstrumentationActivityInvoker$EmptyActivity]: setView = com.android.internal.policy.DecorView@bbf7efd TM=true
07-13 08:41:58.538 29070-29070/? I/MSHandlerLifeCycle: removeMultiSplitHandler: no exist. decor=DecorView@bbf7efd[InstrumentationActivityInvoker$EmptyActivity]
07-13 08:41:58.539 916-938/? I/SurfaceFlinger: id=1109 Removed Surface(name=593fd37 NavigationBar0)/@0x2904048 - animation-leash of insets_animation#1109 (113)
07-13 08:41:58.539 916-938/? I/SurfaceFlinger: id=1108 Removed Surface(name=f0b3b0b StatusBar)/@0x2f140cf - animation-leash of insets_animation#1108 (113)
07-13 08:41:58.540 29070-29070/? I/ViewRootImpl@eacb9b7[InstrumentationActivityInvoker$EmptyActivity]: stopped(true) old = false
07-13 08:41:58.540 29070-29070/? I/ViewRootImpl@eacb9b7[InstrumentationActivityInvoker$EmptyActivity]: WindowStopped on app.identifier.test/androidx.test.core.app.InstrumentationActivityInvoker$EmptyActivity set to true
07-13 08:41:58.543 29070-29070/? I/MSHandlerLifeCycle: removeMultiSplitHandler: no exist. decor=DecorView@1e68851[InstrumentationActivityInvoker$EmptyActivity]
07-13 08:41:58.545 1212-4472/? W/WindowManager: Execute app transition: mNextAppTransitionRequests=[TRANSIT_OPEN, TRANSIT_OPEN, TRANSIT_OPEN, TRANSIT_OPEN], mNextAppTransitionFlags=, displayId: 0 Callers=com.android.server.wm.Task.executeAppTransition:7868 com.android.server.wm.RootWindowContainer.lambda$resumeFocusedTasksTopActivities$20:2750 com.android.server.wm.RootWindowContainer.$r8$lambda$T5O2b-2Pin2YrxYnsz1zP_DLpiQ:0 com.android.server.wm.RootWindowContainer$$ExternalSyntheticLambda17.accept:13 c
07-13 08:41:58.545 1212-4472/? W/WindowManager: om.android.server.wm.Task.forAllRootTasks:4095 
07-13 08:41:58.546 1212-4472/? W/WindowManager: Execute app transition: mNextAppTransitionRequests=[TRANSIT_OPEN, TRANSIT_OPEN, TRANSIT_OPEN, TRANSIT_OPEN], mNextAppTransitionFlags=, displayId: 0 Callers=com.android.server.wm.Task.executeAppTransition:7868 com.android.server.wm.TaskFragment.resumeTopActivity:1354 com.android.server.wm.TaskFragment.resumeTopActivity:1307 com.android.server.wm.Task.resumeTopActivityInnerLocked:6449 com.android.server.wm.Task.resumeTopActivityUncheckedLocked:6350 
07-13 08:41:58.548 1212-4472/? D/ActivityTaskManager: mStartingWindow and mStartingData is null for token=ActivityRecord{f3a157f u0 app.identifier.test/androidx.test.core.app.InstrumentationActivityInvoker$EmptyActivity} t213 f}}
07-13 08:41:58.550 916-916/? I/Layer: id=1108 Destroyed Surface(name=f0b3b0b StatusBar)/@0x2f140cf - animation-leash of insets_animation#1108
07-13 08:41:58.550 916-916/? I/Layer: id=1109 Destroyed Surface(name=593fd37 NavigationBar0)/@0x2904048 - animation-leash of insets_animation#1109
07-13 08:41:58.551 1212-4472/? D/ActivityTaskManager: scheduleTopResumedActivityChanged, onTop=false r=ActivityRecord{aea6a67 u0 app.identifier.test/androidx.test.core.app.InstrumentationActivityInvoker$EmptyActivity} t213 f}} caller=com.android.server.wm.ActivityTaskSupervisor.updateTopResumedActivityIfNeeded:2508 com.android.server.wm.TaskDisplayArea.positionChildTaskAt:602 com.android.server.wm.TaskDisplayArea.positionChildAt:537 com.android.server.wm.WindowContainer.positionChildAt:970 com.android.server.wm.Task.positionChildAt:3352 com.android.server.wm.Task.moveToFrontInner:6051 
07-13 08:41:58.552 1212-4472/? D/InputDispatcher: Focused application(0): ActivityRecord{6b6f3a1 u0 com.sec.android.app.launcher/.activities.LauncherActivity} t190}
07-13 08:41:58.553 1212-4472/? D/SGM:FgCheckThread: TaskStackListener.onTaskFocusChanged(), taskId=213, focused=false
07-13 08:41:58.554 1212-4472/? D/SGM:FgCheckThread: TaskStackListener.onTaskFocusChanged(), taskId=190, focused=true
07-13 08:41:58.554 916-916/? D/SurfaceFlinger: Display 0 HWC layers:
07-13 08:41:58.554 916-916/? D/SurfaceFlinger:      DEVICE | 0xf359f200 | 0102 | RGBA_8888    |    0.0    0.0 1080.0 2408.0 |    0    0 1080 2408 | app.identifier/app.identifier.MainActivity$_29676#1097
07-13 08:41:58.554 916-916/? D/SurfaceFlinger:      DEVICE | 0xf3201280 | 0100 | RGBA_8888    |    0.0    0.0 1080.0   70.0 |    0    0 1080   70 | StatusBar$_1853#98
07-13 08:41:58.554 916-916/? D/SurfaceFlinger:      DEVICE | 0xf31fff00 | 0100 | RGBA_8888    |    0.0    0.0 1080.0  135.0 |    0 2273 1080 2408 | NavigationBar0$_1853#92
07-13 08:41:58.554 916-916/? D/SurfaceFlinger:      DEVICE | 0xf3200e00 | 0108 | RGBA_8888    |    0.0    0.0 1080.0 2408.0 |    0    0 1080 2408 | $_1853#94
07-13 08:41:58.555 1212-4472/? D/SGM:FgCheckThread:   sendRunningComponentFocus(), pkgName: com.sec.android.app.launcher, userId: 0
07-13 08:41:58.555 1212-1407/? D/SGM:FgCheckThread: onLooperPrepared(), msg: MSG_TASK_FOCUSED, pkgName: com.sec.android.app.launcher, userId: 0
07-13 08:41:58.555 1212-1407/? D/SGM:FgCheckThread: handleTaskFocused().
07-13 08:41:58.555 1212-1407/? D/SGM:FgCheckThread: sendFocusOutConditionally() - mPrevNotiPkg: (unknown), userId: 0
07-13 08:41:58.555 1212-1407/? D/SGM:FgCheckThread:   handleTaskFocused(), pkgName: com.sec.android.app.launcher, userID:0 mResumedPkgMap does not containsKey.
07-13 08:41:58.556 1212-4472/? W/WindowManager: Prepare app transition: mNextAppTransitionRequests=[TRANSIT_OPEN, TRANSIT_OPEN, TRANSIT_OPEN, TRANSIT_OPEN, TRANSIT_CLOSE], mNextAppTransitionFlags=, displayId: 0 Callers=com.android.server.wm.DisplayContent.prepareAppTransition:6487 com.android.server.wm.DisplayContent.prepareAppTransition:6478 com.android.server.wm.ActivityRecord.finishIfPossible:4145 com.android.server.wm.ActivityClientController.finishActivity:522 android.app.IActivityClientController$Stub.onTransact:711 
07-13 08:41:58.558 1212-4472/? D/ActivityTaskManager: mStartingWindow and mStartingData is null for token=ActivityRecord{f3a157f u0 app.identifier.test/androidx.test.core.app.InstrumentationActivityInvoker$EmptyActivity} t213 f}}
