07-13 08:41:39.209 28966-28966/? D/InsetsController: onStateChanged: InsetsState: {mDisplayFrame=Rect(0, 0 - 1080, 2408), mDisplayCutout=DisplayCutout{insets=Rect(0, 65 - 0, 0) waterfall=Insets{left=0, top=0, right=0, bottom=0} boundingRect={Bounds=[Rect(0, 0 - 0, 0), Rect(454, 0 - 626, 65), Rect(0, 0 - 0, 0), Rect(0, 0 - 0, 0)]} cutoutPathParserInfo={CutoutPathParserInfo{displayWidth=1080 displayHeight=2408 physicalDisplayWidth=1080 physicalDisplayHeight=2408 density={2.8125} cutoutSpec={M 0,0 H -30.57777777777778 V 23.11111111111111 H 30.57777777777778 V 0 H 0 Z @dp} rotation={0} scale={1.0} physicalPixelDisplaySizeRatio={1.0}}}}, mRoundedCorners=RoundedCorners{[RoundedCorner{position=TopLeft, radius=90, center=Point(90, 90)}, RoundedCorner{position=TopRight, radius=90, center=Point(990, 90)}, RoundedCorner{position=BottomRight, radius=90, center=Point(990, 2318)}, RoundedCorner{position=BottomLeft, radius=90, center=Point(90, 2318)}]}  mRoundedCornerFrame=Rect(0, 0 - 1080, 2408), mPrivacyIndicatorBounds=PrivacyIndicatorBounds {static bounds=Rect(956, 0 - 1080, 70) rotation=0}, mSources= { InsetsSource: {mType=ITYPE_STATUS_BAR, mFrame=[0,0][1080,70], mVisible=true, mInsetsRoundedCornerFrame=false}, InsetsSource: {mType=ITYPE_NAVIGATION_BAR, mFrame=[0,2273][1080,2408], mVisible=true, mInsetsRoundedCornerFrame=false}, InsetsSource: {mType=ITYPE_LEFT_GESTURES, mFrame=[0,0][0,2408], mVisible=true, mInsetsRoundedCornerFrame=false}, InsetsSource: {mType=ITYPE_RIGHT_GESTURES, mFrame=[1080,0][1080,2408], mVisible=true, mInsetsRoundedCornerFrame=false}, InsetsSource: {mType=ITYPE_TOP_MANDATORY_GESTURES, mFrame=[0,0][1080,99], mVisible=true, mInsetsRoundedCornerFrame=false}, InsetsSource: {mType=ITYPE_BOTTOM_MANDATORY_GESTURES, mFrame=[0,2273][1080,2408], mVisible=true, mInsetsRoundedCornerFrame=false}, InsetsSource: {mType=ITYPE_LEFT_DISPLAY_CUTOUT, mFrame=[0,0][-100000,2408], mVisible=true, mInsetsRoundedCornerFrame=false}, InsetsSource: {mType=ITYPE_TOP_DISPLAY_CUTOUT, mFrame=[0,0][1080,65], mVisible=true, mInsetsRoundedCornerFrame=false}, InsetsSource: {mType=ITYPE_RIGHT_DISPLAY_CUTOUT, mFrame=[100000,0][1080,2408], mVisible=true, mInsetsRoundedCornerFrame=false}, InsetsSource: {mType=ITYPE_BOTTOM_DISPLAY_CUTOUT, mFrame=[0,100000][1080,2408], mVisible=true, mInsetsRoundedCornerFrame=false}, InsetsSource: {mType=ITYPE_TOP_TAPPABLE_ELEMENT, mFrame=[0,0][1080,70], mVisible=true, mInsetsRoundedCornerFrame=false}, InsetsSource: {mType=ITYPE_BOTTOM_TAPPABLE_ELEMENT, mFrame=[0,2273][1080,2408], mVisible=true, mInsetsRoundedCornerFrame=false}, InsetsSource: {mType=ITYPE_IME, mFrame=[0,1400][1080,2408], mVisibleFrame=[0,1400][1080,2408], mVisible=false, mInsetsRoundedCornerFrame=false} } host=app.identifier/app.identifier.MainActivity from=android.view.ViewRootImpl$ViewRootHandler.handleMessageImpl:6727
07-13 08:41:39.210 4686-4686/? I/ViewRootImpl@9364ceb[InputMethod]: mThreadedRenderer.initialize() mSurface={isValid=true 0xb6a26800} hwInitialized=true
07-13 08:41:39.210 28966-28966/? I/ViewRootImpl@4df55f6[MainActivity]: handleResized, msg = 4 frames=ClientWindowFrames{frame=[0,0][1080,2408] display=[0,0][1080,2408] parentFrame=[0,0][0,0] parentClippedByDisplayCutout=false} forceNextWindowRelayout=false displayId=0 resizeMode=-1 frameChanged=false displayFrameChanged=false configChanged=false displayChanged=false
07-13 08:41:39.214 1212-4481/? V/ActivityManager: <<< DONE EXECUTING com.google.android.gms/.wallet.service.PaymentService
07-13 08:41:39.215 4686-4686/? I/ViewRootImpl@9364ceb[InputMethod]: reportNextDraw android.view.ViewRootImpl.performTraversals:4438 android.view.ViewRootImpl.doTraversal:3116 android.view.ViewRootImpl$TraversalRunnable.run:10885 android.view.Choreographer$CallbackRecord.run:1301 android.view.Choreographer$CallbackRecord.run:1309 
07-13 08:41:39.215 4686-4686/? I/ViewRootImpl@9364ceb[InputMethod]: Setup new sync id=23
07-13 08:41:39.215 4686-4686/? I/ViewRootImpl@9364ceb[InputMethod]: Setting syncFrameCallback
07-13 08:41:39.216 4686-4686/? I/ViewRootImpl@9364ceb[InputMethod]: registerCallbacksForSync syncBuffer=false
07-13 08:41:39.216 26496-26496/? D/BoundBrokerSvc: onBind: Intent { act=com.google.android.gms.wallet.service.BIND pkg=com.google.android.gms }
07-13 08:41:39.216 26496-26496/? D/BoundBrokerSvc: Loading bound service for intent: Intent { act=com.google.android.gms.wallet.service.BIND pkg=com.google.android.gms }
07-13 08:41:39.220 1212-4481/? V/ActivityManager: <<< DONE EXECUTING com.google.android.gms/.wallet.service.PaymentService
07-13 08:41:39.220 1212-4481/? V/ActivityManager: No more executingServices of com.google.android.gms/.wallet.service.PaymentService
07-13 08:41:39.223 2857-24964/? W/ubt: Infinite Data has no result for app.identifier [CONTEXT service_id=177 ]
07-13 08:41:39.223 1212-4391/? V/ActivityManager: >>> EXECUTING create of com.google.android.gms/.chimera.GmsApiService
07-13 08:41:39.224 1212-4391/? D/ActivityManager: schedule service timeout ProcessRecord{9c5331a 26496:com.google.android.gms/u0a179}
07-13 08:41:39.224 916-916/? D/SurfaceFlinger: Display 0 HWC layers:
07-13 08:41:39.224 916-916/? D/SurfaceFlinger:      DEVICE | 0xf3be5200 | 0102 | RGBA_8888    |    0.0    0.0 1080.0 2408.0 |    0    0 1080 2408 | app.identifier/app.identifier.MainActivity$_28966#992
07-13 08:41:39.224 916-916/? D/SurfaceFlinger:      DEVICE | 0xf3201280 | 0100 | RGBA_8888    |    0.0    0.0 1080.0   70.0 |    0    0 1080   70 | StatusBar$_1853#98
07-13 08:41:39.224 916-916/? D/SurfaceFlinger:      DEVICE | 0xf3200c80 | 0100 | RGBA_8888    |    0.0    0.0 1080.0  135.0 |    0 2273 1080 2408 | NavigationBar0$_1853#92
07-13 08:41:39.224 916-916/? D/SurfaceFlinger:      DEVICE | 0xf3200e00 | 0108 | RGBA_8888    |    0.0    0.0 1080.0 2408.0 |    0    0 1080 2408 | $_1853#94
07-13 08:41:39.226 4686-15852/? I/ViewRootImpl@9364ceb[InputMethod]: Received frameDrawingCallback syncResult=0 frameNum=1.
07-13 08:41:39.226 4686-15852/? I/ViewRootImpl@9364ceb[InputMethod]: Setting up sync and frameCommitCallback
07-13 08:41:39.226 1212-4391/? V/ActivityManager: >>> EXECUTING bind of com.google.android.gms/.chimera.GmsApiService
07-13 08:41:39.230 1212-4301/? V/ActivityManager: >>> EXECUTING bind of com.google.android.gms/.chimera.PersistentApiService
07-13 08:41:39.231 1212-4301/? D/ActivityManager: schedule service timeout ProcessRecord{750093c 2857:com.google.android.gms.persistent/u0a179}
07-13 08:41:39.236 4686-5850/? I/BLASTBufferQueue: [ViewRootImpl@9364ceb[InputMethod]#12](f:0,a:0) onFrameAvailable the first frame is available
07-13 08:41:39.237 26496-26496/? D/BoundBrokerSvc: onBind: Intent { act=com.google.android.gms.chromesync.service.zeroparty.START dat=chimera-action:/... cmp=com.google.android.gms/.chimera.GmsApiService }
07-13 08:41:39.237 26496-26496/? D/BoundBrokerSvc: Loading bound service for intent: Intent { act=com.google.android.gms.chromesync.service.zeroparty.START dat=chimera-action:/... cmp=com.google.android.gms/.chimera.GmsApiService }
07-13 08:41:39.238 4686-5850/? I/ViewRootImpl@9364ceb[InputMethod]: Received frameCommittedCallback lastAttemptedDrawFrameNum=1 didProduceBuffer=true
07-13 08:41:39.238 4686-4686/? I/ViewRootImpl@9364ceb[InputMethod]: onSyncComplete
07-13 08:41:39.238 1212-4301/? V/ActivityManager: <<< DONE EXECUTING com.google.android.gms/.chimera.GmsApiService
07-13 08:41:39.239 4686-4686/? I/ViewRootImpl@9364ceb[InputMethod]: setupSync seqId=0 mSyncId=23 fn=1 caller=android.view.ViewRootImpl$$ExternalSyntheticLambda11.accept:6 android.window.SurfaceSyncer.lambda$setupSync$1$android-window-SurfaceSyncer:128 android.window.SurfaceSyncer$$ExternalSyntheticLambda1.accept:8 android.window.SurfaceSyncer$SyncSet.checkIfSyncIsComplete:382 android.window.SurfaceSyncer$SyncSet.markSyncReady:359 android.window.SurfaceSyncer.markSyncReady:151 android.view.ViewRootImpl.performTraversals:4503 
07-13 08:41:39.239 4686-4686/? I/ViewRootImpl@9364ceb[InputMethod]: reportDrawFinished seqId=0 mSyncId=-1 fn=1 mSurfaceChangedTransaction=0xe5f34640
07-13 08:41:39.240 1212-4509/? D/WindowManager: finishDrawingWindow: Window{1846d23 u0 InputMethod} mDrawState=DRAW_PENDING seqId=0
07-13 08:41:39.241 1212-4509/? V/ActivityManager: <<< DONE EXECUTING com.google.android.gms/.chimera.GmsApiService
07-13 08:41:39.241 1212-4509/? V/ActivityManager: No more executingServices of com.google.android.gms/.chimera.GmsApiService
07-13 08:41:39.243 4686-4686/? I/ResourceType: [SWT] Success lookup value directly, data = 0x01060430
07-13 08:41:39.243 4686-4686/? I/ResourceType: [SWT] Success lookup value directly, data = 0x01060430
07-13 08:41:39.243 4686-4686/? I/ResourceType: [SWT] Success lookup value directly, data = 0x01060430
07-13 08:41:39.244 4686-4686/? I/ResourceType: [SWT] Success lookup value directly, data = 0x01060430
07-13 08:41:39.244 4686-4686/? I/ResourceType: [SWT] Success lookup value directly, data = 0x010605be
07-13 08:41:39.244 4686-4686/? I/ResourceType: [SWT] Success lookup value directly, data = 0x010605be
07-13 08:41:39.247 28966-28966/? D/InsetsController: show(ime(), fromIme=true)
07-13 08:41:39.247 4686-5881/? I/HBD: b [SKE_KPM] load kpm : /data/user/0/com.samsung.android.honeyboard/app_KeyPressModel/model_0_0_-969127122.im
07-13 08:41:39.250 1212-4509/? V/ActivityManager: >>> EXECUTING bind of com.google.android.gms/.chimera.GmsApiService
07-13 08:41:39.250 1212-4509/? D/ActivityManager: schedule service timeout ProcessRecord{9c5331a 26496:com.google.android.gms/u0a179}
07-13 08:41:39.251 26496-26496/? D/BoundBrokerSvc: onBind: Intent { act=com.google.android.gms.auth.api.phone.service.SmsRetrieverApiService.START dat=chimera-action:/... cmp=com.google.android.gms/.chimera.GmsApiService }
07-13 08:41:39.251 2857-2857/? D/BoundBrokerSvc: onBind: Intent { act=com.google.android.gms.tapandpay.service.BIND dat=chimera-action:/... cmp=com.google.android.gms/.chimera.PersistentApiService }
07-13 08:41:39.252 2857-2857/? D/BoundBrokerSvc: Loading bound service for intent: Intent { act=com.google.android.gms.tapandpay.service.BIND dat=chimera-action:/... cmp=com.google.android.gms/.chimera.PersistentApiService }
07-13 08:41:39.252 28966-28966/? D/InsetsController: controlAnimationUnchecked: Added types=8 animType=0 host=app.identifier/app.identifier.MainActivity from=android.view.InsetsController.applyAnimation:1576 android.view.InsetsController.applyAnimation:1557 android.view.InsetsController.show:1063 
07-13 08:41:39.253 26496-26496/? D/BoundBrokerSvc: Loading bound service for intent: Intent { act=com.google.android.gms.auth.api.phone.service.SmsRetrieverApiService.START dat=chimera-action:/... cmp=com.google.android.gms/.chimera.GmsApiService }
07-13 08:41:39.253 28966-28966/? D/InsetsSourceConsumer: setRequestedVisible: visible=true, type=19, host=app.identifier/app.identifier.MainActivity, from=android.view.InsetsSourceConsumer.show:250 android.view.ImeInsetsSourceConsumer.show:82 android.view.InsetsController.showDirectly:1609 android.view.InsetsController.controlAnimationUnchecked:1232 android.view.InsetsController.applyAnimation:1576 android.view.InsetsController.applyAnimation:1557 android.view.InsetsController.show:1063 android.view.ViewRootImpl$ViewRootHandler.handleMessageImpl:6761 android.view.ViewRootImpl$ViewRootHandler.handleMessage:6697 android.os.Handler.dispatchMessage:106 
07-13 08:41:39.254 4686-4686/? I/HBD: l0 EBD si t 0 
07-13 08:41:39.255 1212-4509/? D/InsetsSourceProvider: updateVisibility: serverVisible=true, clientVisible=true, source=InsetsSource: {mType=ITYPE_IME, mFrame=[0,1400][1080,2408], mVisibleFrame=[0,1400][1080,2408], mVisible=true, mInsetsRoundedCornerFrame=false}, controlTarget=Window{bab0a95 u0 app.identifier/app.identifier.MainActivity}, from=com.android.server.wm.ImeInsetsSourceProvider.updateVisibility:98 com.android.server.wm.InsetsSourceProvider.setClientVisible:536 com.android.server.wm.InsetsSourceProvider.updateClientVisibility:518 com.android.server.wm.ImeInsetsSourceProvider.updateClientVisibility:114 com.android.server.wm.InsetsStateController.onInsetsModified:250 com.android.server.wm.InsetsPolicy.onInsetsModified:556 com.android.server.wm.Session.updateRequestedVisibilities:752 android.view.IWindowSession$Stub.onTransact:1184 com.android.server.wm.Session.onTransact:188 android.os.Binder.execTransactInternal:1321 
07-13 08:41:39.256 1212-4391/? D/SecContentProvider: query(), uri = 15 selection = isClipboardAllowedAsUser
07-13 08:41:39.256 1212-4301/? V/ActivityManager: <<< DONE EXECUTING com.google.android.gms/.chimera.PersistentApiService
07-13 08:41:39.256 1212-4301/? V/ActivityManager: No more executingServices of com.google.android.gms/.chimera.PersistentApiService
07-13 08:41:39.256 1212-4509/? I/WindowManager: Cancelling animation restarting=false, leash=Surface(name=Surface(name=593fd37 NavigationBar0)/@0x2904048 - animation-leash of insets_animation)/@0x91d713
07-13 08:41:39.256 1212-4391/? D/SecContentProvider: called from android.uid.honeyboard:10155
07-13 08:41:39.256 1212-4509/? I/WindowManager: Reparenting to original parent: Surface(name=WindowToken{130565b type=2019 android.os.BinderProxy@5f5be0c})/@0xab17ee1, destroy=false, surface=Surface(name=593fd37 NavigationBar0)/@0x2904048
07-13 08:41:39.256 1212-4391/? D/RestrictionPolicy: isClipboardAllowed : true
07-13 08:41:39.256 1212-4391/? D/SecContentProvider: SemKnoxPolicyContract.RestrictionPolicy.CLIPBOARD_ALLOWED_AS_USER return = true
07-13 08:41:39.257 1212-4509/? D/WindowManager: updateSystemBarAttributes: displayId=0, win=Window{bab0a95 u0 app.identifier/app.identifier.MainActivity}, navColorWin=Window{1846d23 u0 InputMethod}, focusedCanBeNavColorWin=false, behavior=1, appearance=0, statusBarAppearanceRegions=[AppearanceRegion{ bounds=[0,0][1080,2408]}], requestedVisibilities=ITYPE_IME: visible, from=com.android.server.wm.InsetsStateController.onInsetsModified:256 com.android.server.wm.InsetsPolicy.onInsetsModified:556 com.android.server.wm.Session.updateRequestedVisibilities:752 
07-13 08:41:39.258 1212-1242/? V/WindowManager: performShowLocked: mDrawState=HAS_DRAWN in Window{1846d23 u0 InputMethod}
07-13 08:41:39.259 916-916/? D/SurfaceFlinger: Display 0 HWC layers:
07-13 08:41:39.259 916-916/? D/SurfaceFlinger:      DEVICE | 0xf3be5200 | 0102 | RGBA_8888    |    0.0    0.0 1080.0 2408.0 |    0    0 1080 2408 | app.identifier/app.identifier.MainActivity$_28966#992
07-13 08:41:39.259 916-916/? D/SurfaceFlinger:      DEVICE | 0xf3201280 | 0100 | RGBA_8888    |    0.0    0.0 1080.0   70.0 |    0    0 1080   70 | StatusBar$_1853#98
07-13 08:41:39.259 916-916/? D/SurfaceFlinger:      DEVICE | 0xf3200c80 | 0100 | RGBA_8888    |    0.0    0.0 1080.0  135.0 |    0 2273 1080 2408 | NavigationBar0$_1853#92
07-13 08:41:39.259 916-916/? D/SurfaceFlinger:      DEVICE | 0xf3200e00 | 0108 | RGBA_8888    |    0.0    0.0 1080.0 2408.0 |    0    0 1080 2408 | $_1853#94
07-13 08:41:39.261 4686-4686/? I/ResourceType: [SWT] Success lookup value directly, data = 0x01060430
07-13 08:41:39.264 1212-4509/? V/ActivityManager: <<< DONE EXECUTING com.google.android.gms/.chimera.GmsApiService
07-13 08:41:39.264 1212-4509/? V/ActivityManager: No more executingServices of com.google.android.gms/.chimera.GmsApiService
07-13 08:41:39.265 1853-6604/? I/ViewRootImpl@f05444[StatusBar]: Resizing android.view.ViewRootImpl@1c070b0: frame = [0,0][1080,70] reportDraw = false forceLayout = false syncSeqId = 0
07-13 08:41:39.266 1853-1853/? I/ViewRootImpl@f05444[StatusBar]: handleResized, msg = 4 frames=ClientWindowFrames{frame=[0,0][1080,70] display=[0,0][1080,2408] parentFrame=[0,0][0,0] parentClippedByDisplayCutout=false} forceNextWindowRelayout=false displayId=0 resizeMode=-1 frameChanged=false displayFrameChanged=false configChanged=false displayChanged=false
07-13 08:41:39.266 1853-4835/? I/ViewRootImpl@7952f28[NavigationBar0]: Resizing android.view.ViewRootImpl@1a2137d: frame = [0,2273][1080,2408] reportDraw = false forceLayout = false syncSeqId = 0
07-13 08:41:39.266 1853-3755/? I/ViewRootImpl@627b6bd[]: Resizing android.view.ViewRootImpl@c6349fe: frame = [0,0][1080,2408] reportDraw = false forceLayout = false syncSeqId = 0
07-13 08:41:39.267 28966-29155/? I/ViewRootImpl@4df55f6[MainActivity]: Resizing android.view.ViewRootImpl@8c54293: frame = [0,0][1080,2408] reportDraw = false forceLayout = false syncSeqId = 0
07-13 08:41:39.267 4686-4723/? I/ViewRootImpl@9364ceb[InputMethod]: Resizing android.view.ViewRootImpl@ddbeb19: frame = [0,70][1080,2408] reportDraw = false forceLayout = false syncSeqId = 0
07-13 08:41:39.267 1853-1853/? D/InsetsController: onStateChanged: InsetsState: {mDisplayFrame=Rect(0, 0 - 1080, 2408), mDisplayCutout=DisplayCutout{insets=Rect(0, 65 - 0, 0) waterfall=Insets{left=0, top=0, right=0, bottom=0} boundingRect={Bounds=[Rect(0, 0 - 0, 0), Rect(454, 0 - 626, 65), Rect(0, 0 - 0, 0), Rect(0, 0 - 0, 0)]} cutoutPathParserInfo={CutoutPathParserInfo{displayWidth=1080 displayHeight=2408 physicalDisplayWidth=1080 physicalDisplayHeight=2408 density={2.8125} cutoutSpec={M 0,0 H -30.57777777777778 V 23.11111111111111 H 30.57777777777778 V 0 H 0 Z @dp} rotation={0} scale={1.0} physicalPixelDisplaySizeRatio={1.0}}}}, mRoundedCorners=RoundedCorners{[RoundedCorner{position=TopLeft, radius=90, center=Point(90, 90)}, RoundedCorner{position=TopRight, radius=90, center=Point(990, 90)}, RoundedCorner{position=BottomRight, radius=90, center=Point(990, 2318)}, RoundedCorner{position=BottomLeft, radius=90, center=Point(90, 2318)}]}  mRoundedCornerFrame=Rect(0, 0 - 0, 0), mPrivacyIndicatorBounds=PrivacyIndicatorBounds {static bounds=Rect(956, 0 - 1080, 70) rotation=0}, mSources= { InsetsSource: {mType=ITYPE_LEFT_GESTURES, mFrame=[0,0][0,2408], mVisible=true, mInsetsRoundedCornerFrame=false}, InsetsSource: {mType=ITYPE_RIGHT_GESTURES, mFrame=[1080,0][1080,2408], mVisible=true, mInsetsRoundedCornerFrame=false}, InsetsSource: {mType=ITYPE_TOP_MANDATORY_GESTURES, mFrame=[0,0][1080,99], mVisible=true, mInsetsRoundedCornerFrame=false}, InsetsSource: {mType=ITYPE_BOTTOM_MANDATORY_GESTURES, mFrame=[0,2273][1080,2408], mVisible=true, mInsetsRoundedCornerFrame=false}, InsetsSource: {mType=ITYPE_LEFT_DISPLAY_CUTOUT, mFrame=[0,0][-100000,2408], mVisible=true, mInsetsRoundedCornerFrame=false}, InsetsSource: {mType=ITYPE_TOP_DISPLAY_CUTOUT, mFrame=[0,0][1080,65], mVisible=true, mInsetsRoundedCornerFrame=false}, InsetsSource: {mType=ITYPE_RIGHT_DISPLAY_CUTOUT, mFrame=[100000,0][1080,2408], mVisible=true, mInsetsRoundedCornerFrame=false}, InsetsSource: {mType=ITYPE_BOTTOM_DISPLAY_CUTOUT, mFrame=[0,100000][1080,2408], mVisible=true, mInsetsRoundedCornerFrame=false}, InsetsSource: {mType=ITYPE_TOP_TAPPABLE_ELEMENT, mFrame=[0,0][1080,70], mVisible=true, mInsetsRoundedCornerFrame=false}, InsetsSource: {mType=ITYPE_BOTTOM_TAPPABLE_ELEMENT, mFrame=[0,2273][1080,2408], mVisible=true, mInsetsRoundedCornerFrame=false}, InsetsSource: {mType=ITYPE_IME, mFrame=[0,1400][1080,2408], mVisibleFrame=[0,1400][1080,2408], mVisible=true, mInsetsRoundedCornerFrame=false} } host=NavigationBar0 from=android.view.ViewRootImpl$ViewRootHandler.handleMessageImpl:6727
07-13 08:41:39.268 1853-1853/? I/ViewRootImpl@7952f28[NavigationBar0]: handleResized, msg = 4 frames=ClientWindowFrames{frame=[0,2273][1080,2408] display=[0,0][1080,2408] parentFrame=[0,0][0,0] parentClippedByDisplayCutout=false} forceNextWindowRelayout=false displayId=0 resizeMode=-1 frameChanged=false displayFrameChanged=false configChanged=false displayChanged=false
07-13 08:41:39.268 1853-1853/? I/ViewRootImpl@627b6bd[]: handleResized, msg = 4 frames=ClientWindowFrames{frame=[0,0][1080,2408] display=[0,0][1080,2408] parentFrame=[0,0][0,0] parentClippedByDisplayCutout=false} forceNextWindowRelayout=false displayId=0 resizeMode=-1 frameChanged=false displayFrameChanged=false configChanged=false displayChanged=false
07-13 08:41:39.271 916-916/? I/Layer: id=994 removeFromCurrentState Surface(name=593fd37 NavigationBar0)/@0x2904048 - animation-leash of insets_animation#994 (103)
07-13 08:41:39.271 1212-4509/? V/ActivityManager: >>> EXECUTING start of com.google.android.gms/.chimera.GmsBoundBrokerService
07-13 08:41:39.271 916-916/? I/Layer: Layer [InputMethod$_4686#997] hidden!! flag(0)
07-13 08:41:39.271 1212-4509/? D/ActivityManager: schedule service timeout ProcessRecord{9c5331a 26496:com.google.android.gms/u0a179}
07-13 08:41:39.276 916-916/? D/SurfaceFlinger: Display 0 HWC layers:
07-13 08:41:39.276 916-916/? D/SurfaceFlinger:      DEVICE | 0xf3be5200 | 0102 | RGBA_8888    |    0.0    0.0 1080.0 2408.0 |    0    0 1080 2408 | app.identifier/app.identifier.MainActivity$_28966#992
07-13 08:41:39.276 916-916/? D/SurfaceFlinger:      DEVICE | 0xf3201280 | 0100 | RGBA_8888    |    0.0    0.0 1080.0   70.0 |    0    0 1080   70 | StatusBar$_1853#98
07-13 08:41:39.276 916-916/? D/SurfaceFlinger:      DEVICE | 0xf3200c80 | 0100 | RGBA_8888    |    0.0    0.0 1080.0  135.0 |    0 2273 1080 2408 | NavigationBar0$_1853#92
07-13 08:41:39.276 916-916/? D/SurfaceFlinger:      DEVICE | 0xf3200e00 | 0108 | RGBA_8888    |    0.0    0.0 1080.0 2408.0 |    0    0 1080 2408 | $_1853#94
07-13 08:41:39.278 4686-4686/? I/ViewRootImpl@9364ceb[InputMethod]: handleResized, msg = 4 frames=ClientWindowFrames{frame=[0,70][1080,2408] display=[0,70][1080,2408] parentFrame=[0,0][0,0] parentClippedByDisplayCutout=false} forceNextWindowRelayout=false displayId=0 resizeMode=-1 frameChanged=false displayFrameChanged=false configChanged=false displayChanged=false
07-13 08:41:39.279 4686-4686/? I/ResourceType: [SWT] Success lookup value directly, data = 0x01060430
07-13 08:41:39.280 1212-1906/? V/ActivityManager: <<< DONE EXECUTING com.google.android.gms/.chimera.GmsBoundBrokerService
07-13 08:41:39.280 1212-1906/? V/ActivityManager: No more executingServices of com.google.android.gms/.chimera.GmsBoundBrokerService
07-13 08:41:39.282 1212-1239/? I/GestureDetector: handleMessage TAP
07-13 08:41:39.282 1212-1906/? E/AppOps: User 0, OP 1 is restricted by 1000
07-13 08:41:39.284 916-916/? I/SurfaceFlinger: Setting desired display mode specs: {defaultModeId=0, allowGroupSwitching=false, primaryRange=[60.00 Hz, 120.00 Hz], appRequestRange=[60.00 Hz, 120.00 Hz]}
07-13 08:41:39.285 1212-1212/? I/GestureDetector: handleMessage TAP
07-13 08:41:39.286 1212-4509/? E/AppOps: User 0, OP 1 is restricted by 1000
07-13 08:41:39.288 28966-28966/? D/InsetsController: onStateChanged: InsetsState: {mDisplayFrame=Rect(0, 0 - 1080, 2408), mDisplayCutout=DisplayCutout{insets=Rect(0, 65 - 0, 0) waterfall=Insets{left=0, top=0, right=0, bottom=0} boundingRect={Bounds=[Rect(0, 0 - 0, 0), Rect(454, 0 - 626, 65), Rect(0, 0 - 0, 0), Rect(0, 0 - 0, 0)]} cutoutPathParserInfo={CutoutPathParserInfo{displayWidth=1080 displayHeight=2408 physicalDisplayWidth=1080 physicalDisplayHeight=2408 density={2.8125} cutoutSpec={M 0,0 H -30.57777777777778 V 23.11111111111111 H 30.57777777777778 V 0 H 0 Z @dp} rotation={0} scale={1.0} physicalPixelDisplaySizeRatio={1.0}}}}, mRoundedCorners=RoundedCorners{[RoundedCorner{position=TopLeft, radius=90, center=Point(90, 90)}, RoundedCorner{position=TopRight, radius=90, center=Point(990, 90)}, RoundedCorner{position=BottomRight, radius=90, center=Point(990, 2318)}, RoundedCorner{position=BottomLeft, radius=90, center=Point(90, 2318)}]}  mRoundedCornerFrame=Rect(0, 0 - 1080, 2408), mPrivacyIndicatorBounds=PrivacyIndicatorBounds {static bounds=Rect(956, 0 - 1080, 70) rotation=0}, mSources= { InsetsSource: {mType=ITYPE_STATUS_BAR, mFrame=[0,0][1080,70], mVisible=true, mInsetsRoundedCornerFrame=false}, InsetsSource: {mType=ITYPE_NAVIGATION_BAR, mFrame=[0,2273][1080,2408], mVisible=true, mInsetsRoundedCornerFrame=false}, InsetsSource: {mType=ITYPE_LEFT_GESTURES, mFrame=[0,0][0,2408], mVisible=true, mInsetsRoundedCornerFrame=false}, InsetsSource: {mType=ITYPE_RIGHT_GESTURES, mFrame=[1080,0][1080,2408], mVisible=true, mInsetsRoundedCornerFrame=false}, InsetsSource: {mType=ITYPE_TOP_MANDATORY_GESTURES, mFrame=[0,0][1080,99], mVisible=true, mInsetsRoundedCornerFrame=false}, InsetsSource: {mType=ITYPE_BOTTOM_MANDATORY_GESTURES, mFrame=[0,2273][1080,2408], mVisible=true, mInsetsRoundedCornerFrame=false}, InsetsSource: {mType=ITYPE_LEFT_DISPLAY_CUTOUT, mFrame=[0,0][-100000,2408], mVisible=true, mInsetsRoundedCornerFrame=false}, InsetsSource: {mType=ITYPE_TOP_DISPLAY_CUTOUT, mFrame=[0,0][1080,65], mVisible=true, mInsetsRoundedCornerFrame=false}, InsetsSource: {mType=ITYPE_RIGHT_DISPLAY_CUTOUT, mFrame=[100000,0][1080,2408], mVisible=true, mInsetsRoundedCornerFrame=false}, InsetsSource: {mType=ITYPE_BOTTOM_DISPLAY_CUTOUT, mFrame=[0,100000][1080,2408], mVisible=true, mInsetsRoundedCornerFrame=false}, InsetsSource: {mType=ITYPE_TOP_TAPPABLE_ELEMENT, mFrame=[0,0][1080,70], mVisible=true, mInsetsRoundedCornerFrame=false}, InsetsSource: {mType=ITYPE_BOTTOM_TAPPABLE_ELEMENT, mFrame=[0,2273][1080,2408], mVisible=true, mInsetsRoundedCornerFrame=false}, InsetsSource: {mType=ITYPE_IME, mFrame=[0,1400][1080,2408], mVisibleFrame=[0,1400][1080,2408], mVisible=true, mInsetsRoundedCornerFrame=false} } host=app.identifier/app.identifier.MainActivity from=android.view.ViewRootImpl$ViewRootHandler.handleMessageImpl:6740
07-13 08:41:39.289 916-938/? I/SurfaceFlinger: id=994 Removed Surface(name=593fd37 NavigationBar0)/@0x2904048 - animation-leash of insets_animation#994 (103)
07-13 08:41:39.290 28966-28966/? I/ViewRootImpl@4df55f6[MainActivity]: handleResized, msg = 4 frames=ClientWindowFrames{frame=[0,0][1080,2408] display=[0,0][1080,2408] parentFrame=[0,0][0,0] parentClippedByDisplayCutout=false} forceNextWindowRelayout=false displayId=0 resizeMode=-1 frameChanged=false displayFrameChanged=false configChanged=false displayChanged=false
07-13 08:41:39.290 1212-4509/? E/AppOps: User 0, OP 0 is restricted by 1000
07-13 08:41:39.292 1212-4391/? D/InputMethodManagerService: isImeSwitcherDisabledPackage : false
07-13 08:41:39.292 28966-28966/? D/InsetsController: cancelAnimation of types: 8, animType: 0, host: app.identifier/app.identifier.MainActivity, from:android.view.InsetsController.notifyFinished:1375 android.view.InsetsAnimationThreadControlRunner$1.lambda$notifyFinished$0$android-view-InsetsAnimationThreadControlRunner$1:84 android.view.InsetsAnimationThreadControlRunner$1$$ExternalSyntheticLambda1.run:4 
07-13 08:41:39.292 1212-4391/? D/InputMethodManagerService: shouldShowImeSwitcherLocked : checking vis : 3
07-13 08:41:39.293 28966-28966/? D/InsetsSourceConsumer: ensureControlPosition: Point(0, 70) for ITYPE_IME on app.identifier/app.identifier.MainActivity from android.view.InsetsSourceConsumer.notifyAnimationFinished:419
07-13 08:41:39.293 1212-4509/? E/AppOps: User 0, OP 0 is restricted by 1000
07-13 08:41:39.296 859-29161/? I/HYPER-HAL: [RequestManager.cpp]releaseLocked(): Released ID : 754622
07-13 08:41:39.301 2265-17628/? I/TouchInteractionService: onActiveNavBarRegionChanges, region : SkRegion((0,2273,388,2408)(389,2273,690,2408)(691,2273,961,2408))
07-13 08:41:39.304 1212-1906/? V/ActivityManager: >>> EXECUTING start of com.google.android.gms/.chimera.GmsApiService
07-13 08:41:39.304 1212-1906/? D/ActivityManager: schedule service timeout ProcessRecord{9c5331a 26496:com.google.android.gms/u0a179}
07-13 08:41:39.306 1853-1853/? V/Navbar.Store: ----handleEvent(0) OnUpdateRemoteViewContainer(leftContainer=android.widget.LinearLayout{264e30 I.E...... ......I. 0,0-118,135 #7f0b04f6 app:id/left_remoteview}, rightContainer=android.widget.LinearLayout{5421aa9 I.E...... ......I. 962,0-1080,135 #7f0b07aa app:id/right_remoteview}, contextualButtonVisible=true, darkIntensity=0.0) [Module] SamsungNavigationBarView
07-13 08:41:39.306 916-916/? D/SurfaceFlinger: Display 0 HWC layers:
07-13 08:41:39.306 916-916/? D/SurfaceFlinger:      DEVICE | 0xf3be5200 | 0102 | RGBA_8888    |    0.0    0.0 1080.0 2408.0 |    0    0 1080 2408 | app.identifier/app.identifier.MainActivity$_28966#992
07-13 08:41:39.306 916-916/? D/SurfaceFlinger:      DEVICE | 0xf3be4900 | 0100 | RGBA_8888    |    0.0    0.0 1080.0 2338.0 |    0   70 1080 2408 | InputMethod$_4686#997
07-13 08:41:39.306 916-916/? D/SurfaceFlinger:      CLIENT | 0xf3201280 | 0100 | RGBA_8888    |    0.0    0.0 1080.0   70.0 |    0    0 1080   70 | StatusBar$_1853#98
07-13 08:41:39.306 916-916/? D/SurfaceFlinger:      CLIENT | 0xf3200c80 | 0100 | RGBA_8888    |    0.0    0.0 1080.0  135.0 |    0 2273 1080 2408 | NavigationBar0$_1853#92
07-13 08:41:39.306 916-916/? D/SurfaceFlinger:      DEVICE | 0xf3200e00 | 0108 | RGBA_8888    |    0.0    0.0 1080.0 2408.0 |    0    0 1080 2408 | $_1853#94
07-13 08:41:39.306 1853-1853/? V/Navbar.Store: ------[Band]REMOTE_VIEW_PACK_SET_REMOTEVIEW_CONTAINER
07-13 08:41:39.306 1853-1853/? V/Navbar.Store: --------apply(0) UpdateRemoteViewContainer
07-13 08:41:39.307 1853-1853/? V/Navbar.Store: --------apply(0) UpdateRemoteViewDarkIntensity
07-13 08:41:39.307 916-916/? I/Layer: id=994 Destroyed Surface(name=593fd37 NavigationBar0)/@0x2904048 - animation-leash of insets_animation#994
07-13 08:41:39.308 1212-1212/? D/AutofillSession: clearPendingIntentLocked
07-13 08:41:39.309 1853-1853/? V/Navbar.Store: handleEvent(0) OnUpdateSysUiStateFlag(noArguments=true) [Module] SamsungNavigationBarView
07-13 08:41:39.309 1853-1853/? V/Navbar.Store: --[Band]GESTURE_PACK_UPDATE_SYSTEMUI_STATE_FLAG
07-13 08:41:39.309 1853-1853/? V/Navbar.Store: --[Band] (afterAction) GESTURE_PACK_UPDATE_SYSTEMUI_STATE_FLAG
07-13 08:41:39.309 1212-1212/? V/ActivityManager: >>> EXECUTING unbind of com.google.android.gms/.autofill.service.AutofillService
07-13 08:41:39.309 1212-1212/? D/ActivityManager: schedule service timeout ProcessRecord{750093c 2857:com.google.android.gms.persistent/u0a179}
07-13 08:41:39.309 916-1442/? D/NativeSemDvfsManager: acquire:: timeout = 2000 mIsAcquired = 1  mTagName : SurfaceFlinger 
07-13 08:41:39.309 1853-1853/? V/Navbar.Store: handleEvent(0) OnNavBarIconHintChanged(iconHint=7) [Module] NavigationBar
07-13 08:41:39.309 1853-1853/? V/Navbar.Store: --[Band]SETUPWIZARD_PACK_SET_NAVBAR_ICON_HINT
07-13 08:41:39.309 1853-1853/? V/Navbar.Store: --[Band]VIS_PACK_REEVAULATE_NAVBAR
07-13 08:41:39.310 1853-1853/? V/Navbar.Store: ----apply(0) ReevaluateNavBar
07-13 08:41:39.310 1212-1212/? V/ActivityManager: >>> EXECUTING destroy of com.google.android.gms/.autofill.service.AutofillService
07-13 08:41:39.310 26496-26625/? I/SyncManager: Executing sync [CONTEXT service_id=80 ]
07-13 08:41:39.312 1853-1853/? V/Navbar.Store: ----NavBarStates canUseNavBarBackgroundFrame: false
07-13 08:41:39.312 1212-4301/? V/ActivityManager: <<< DONE EXECUTING com.google.android.gms/.chimera.GmsApiService
07-13 08:41:39.313 1212-4301/? V/ActivityManager: No more executingServices of com.google.android.gms/.chimera.GmsApiService
07-13 08:41:39.314 859-918/? I/HYPER-HAL: [RequestManager.cpp]acquire(): Acquired ID : 1837486  [916 / 1000]    HINT : SF_GPU_MINLOCK    list : [TIMEOUT / 2000] 
07-13 08:41:39.314 916-1442/? E/NativeCustomFrequencyManager: [NativeCFMS] BpCustomFrequencyManager::acquire()
07-13 08:41:39.317 2460-2460/? V/InlineSuggestionRenderService: handleDestroySuggestionViews called for 0:1217519641
07-13 08:41:39.319 28966-29156/? I/ViewRootImpl@4df55f6[MainActivity]: mWNT: t=0xe5cf4e40 mBlastBufferQueue=0xe6599500 fn= 7 caller= android.view.SyncRtSurfaceTransactionApplier.applyTransaction:96 android.view.SyncRtSurfaceTransactionApplier.lambda$scheduleApply$0$android-view-SyncRtSurfaceTransactionApplier:69 android.view.SyncRtSurfaceTransactionApplier$$ExternalSyntheticLambda0.onFrameDraw:4 
07-13 08:41:39.320 1212-1906/? V/ActivityManager: <<< DONE EXECUTING com.google.android.gms/.autofill.service.AutofillService
07-13 08:41:39.320 2265-17628/? I/TouchInteractionService: onActiveNavBarRegionChanges, region : SkRegion((0,2273,388,2277)(389,2273,690,2277)(691,2273,961,2277)(0,2277,388,2408)(389,2277,690,2408)(691,2277,961,2408)(973,2277,1080,2408))
07-13 08:41:39.320 1212-3797/? V/ActivityManager: >>> EXECUTING start of com.google.android.gms/.chimera.GmsBoundBrokerService
07-13 08:41:39.321 1212-3797/? D/ActivityManager: schedule service timeout ProcessRecord{9c5331a 26496:com.google.android.gms/u0a179}
07-13 08:41:39.321 28966-28966/? D/UiControllerImpl: Injecting string: "abc"
07-13 08:41:39.324 916-916/? D/SurfaceFlinger: Display 0 HWC layers:
07-13 08:41:39.324 916-916/? D/SurfaceFlinger:      DEVICE | 0xf3be5200 | 0102 | RGBA_8888    |    0.0    0.0 1080.0 2408.0 |    0    0 1080 2408 | app.identifier/app.identifier.MainActivity$_28966#992
07-13 08:41:39.324 916-916/? D/SurfaceFlinger:      DEVICE | 0xf3a6e300 | 0100 | RGBA_8888    |    0.0    0.0 1080.0 2338.0 |    0   70 1080 2408 | InputMethod$_4686#997
07-13 08:41:39.324 916-916/? D/SurfaceFlinger:      CLIENT | 0xf3201280 | 0100 | RGBA_8888    |    0.0    0.0 1080.0   70.0 |    0    0 1080   70 | StatusBar$_1853#98
07-13 08:41:39.324 916-916/? D/SurfaceFlinger:      CLIENT | 0xf3200c80 | 0100 | RGBA_8888    |    0.0    0.0 1080.0  135.0 |    0 2273 1080 2408 | NavigationBar0$_1853#92
07-13 08:41:39.324 916-916/? D/SurfaceFlinger:      DEVICE | 0xf3200e00 | 0108 | RGBA_8888    |    0.0    0.0 1080.0 2408.0 |    0    0 1080 2408 | $_1853#94
07-13 08:41:39.324 2265-17628/? I/TouchInteractionService: onSystemUiStateChanged, stateFlags : 1441792 |allow_gesture|ime_visible|ime_switcher_showing|
07-13 08:41:39.325 2265-17628/? I/TouchInteractionService: onActiveNavBarRegionChanges, region : SkRegion((0,2273,388,2277)(389,2273,690,2277)(691,2273,961,2277)(0,2277,388,2408)(389,2277,690,2408)(691,2277,961,2408)(973,2277,1080,2408))
07-13 08:41:39.326 2265-2265/? I/RecentsAnimationDeviceState: setSystemUiFlags, stateFlags : 1441792
07-13 08:41:39.327 2265-2265/? I/TouchInteractionService: onSystemUiFlagsChanged, lastSysUIFlags : 131072
07-13 08:41:39.330 1212-3797/? V/ActivityManager: <<< DONE EXECUTING com.google.android.gms/.chimera.GmsBoundBrokerService
07-13 08:41:39.330 1212-3797/? V/ActivityManager: No more executingServices of com.google.android.gms/.chimera.GmsBoundBrokerService
07-13 08:41:39.334 1212-2003/? D/InputDispatcher: Inject key (28966/10450): action=0, f=0x8, d=-1, time=1632658000000
07-13 08:41:39.336 1212-2003/? D/SingleKeyGesture: reset counter=1 mActiveRule=KeyCode=KEYCODE_POWER, LongPress=true, MaxMultiPressCount=5 Callers(5)=com.android.server.policy.SingleKeyGestureDetector.interceptKeyDown:453 com.android.server.policy.SingleKeyGestureDetector.interceptKey:399 com.android.server.policy.PhoneWindowManager.handleKeyGesture:5020 com.android.server.policy.PhoneWindowManager.interceptKeyBeforeQueueing:4550 com.android.server.wm.InputManagerCallback.interceptKeyBeforeQueueing:156 
07-13 08:41:39.336 1212-2003/? D/WindowManager: interceptKeyTq interceptKeyResult=1
07-13 08:41:39.339 916-916/? D/SurfaceFlinger: Display 0 HWC layers:
07-13 08:41:39.339 916-916/? D/SurfaceFlinger:      DEVICE | 0xf3ff3280 | 0102 | RGBA_8888    |    0.0    0.0 1080.0 2408.0 |    0    0 1080 2408 | app.identifier/app.identifier.MainActivity$_28966#992
07-13 08:41:39.339 916-916/? D/SurfaceFlinger:      DEVICE | 0xf3a6e300 | 0100 | RGBA_8888    |    0.0    0.0 1080.0 2338.0 |    0   70 1080 2408 | InputMethod$_4686#997
07-13 08:41:39.339 916-916/? D/SurfaceFlinger:      DEVICE | 0xf3201280 | 0100 | RGBA_8888    |    0.0    0.0 1080.0   70.0 |    0    0 1080   70 | StatusBar$_1853#98
07-13 08:41:39.339 916-916/? D/SurfaceFlinger:      DEVICE | 0xf3200c80 | 0100 | RGBA_8888    |    0.0    0.0 1080.0  135.0 |    0 2273 1080 2408 | NavigationBar0$_1853#92
07-13 08:41:39.339 916-916/? D/SurfaceFlinger:      DEVICE | 0xf3200e00 | 0108 | RGBA_8888    |    0.0    0.0 1080.0 2408.0 |    0    0 1080 2408 | $_1853#94
07-13 08:41:39.340 26496-26625/? I/SyncManager: (REDACTED) Executing sync finished in %d ms
07-13 08:41:39.341 1212-1389/? I/InputDispatcher: Delivering key to (28966): action: 0x0 (0), f=0x8, m=0x0, d=0, 'bab0a95'
07-13 08:41:39.344 1212-4391/? V/ActivityManager: <<< DONE EXECUTING com.google.android.gms/.autofill.service.AutofillService
07-13 08:41:39.344 1212-4391/? V/ActivityManager: No more executingServices of com.google.android.gms/.autofill.service.AutofillService
07-13 08:41:39.345 4686-4686/? I/HBD: a skip onKeyDown as physical keyboard not connected 
07-13 08:41:39.346 4686-4686/? I/HBD: HoneyBoardService onKeyDown r:f959457d consumed:false 1 
07-13 08:41:39.354 28966-28966/? I/ViewRootImpl@4df55f6[MainActivity]: setInTouchMode(false), android.view.ViewRootImpl.checkForLeavingTouchModeAndConsume:9383 android.view.ViewRootImpl.-$$Nest$mcheckForLeavingTouchModeAndConsume:0 android.view.ViewRootImpl$EarlyPostImeInputStage.processKeyEvent:7707 android.view.ViewRootImpl$EarlyPostImeInputStage.onProcess:7691 android.view.ViewRootImpl$InputStage.deliver:7213 android.view.ViewRootImpl$InputStage.onDeliverToNext:7270 android.view.ViewRootImpl$InputStage.
07-13 08:41:39.354 28966-28966/? I/ViewRootImpl@4df55f6[MainActivity]: forward:7236 android.view.ViewRootImpl$AsyncInputStage.forward:7467 android.view.ViewRootImpl$ImeInputStage.onFinishedInputEvent:7676 android.view.inputmethod.InputMethodManager$PendingEvent.run:3900 
07-13 08:41:39.355 1212-4509/? D/InputDispatcher: Touch mode switch rejected, caller (pid=0, uid=10450) doesn't own the focused window nor none of the previously interacted window
07-13 08:41:39.358 28966-28966/? I/ViewRootImpl@4df55f6[MainActivity]: ViewPostIme key 0
07-13 08:41:39.358 916-916/? D/SurfaceFlinger: Display 0 HWC layers:
07-13 08:41:39.358 916-916/? D/SurfaceFlinger:      DEVICE | 0xf3ff3280 | 0102 | RGBA_8888    |    0.0    0.0 1080.0 2408.0 |    0    0 1080 2408 | app.identifier/app.identifier.MainActivity$_28966#992
07-13 08:41:39.358 916-916/? D/SurfaceFlinger:      DEVICE | 0xf3a6e300 | 0100 | RGBA_8888    |    0.0    0.0 1080.0 2338.0 |    0   70 1080 2408 | InputMethod$_4686#997
07-13 08:41:39.358 916-916/? D/SurfaceFlinger:      CLIENT | 0xf3201280 | 0100 | RGBA_8888    |    0.0    0.0 1080.0   70.0 |    0    0 1080   70 | StatusBar$_1853#98
07-13 08:41:39.358 916-916/? D/SurfaceFlinger:      CLIENT | 0xf31fff00 | 0100 | RGBA_8888    |    0.0    0.0 1080.0  135.0 |    0 2273 1080 2408 | NavigationBar0$_1853#92
07-13 08:41:39.358 916-916/? D/SurfaceFlinger:      DEVICE | 0xf3200e00 | 0108 | RGBA_8888    |    0.0    0.0 1080.0 2408.0 |    0    0 1080 2408 | $_1853#94
07-13 08:41:39.365 1212-4391/? I/GenerationRegistry: mBackingStore.isClosed() : false
07-13 08:41:39.373 916-916/? D/SurfaceFlinger: Display 0 HWC layers:
07-13 08:41:39.373 916-916/? D/SurfaceFlinger:      DEVICE | 0xf3ff3280 | 0102 | RGBA_8888    |    0.0    0.0 1080.0 2408.0 |    0    0 1080 2408 | app.identifier/app.identifier.MainActivity$_28966#992
07-13 08:41:39.373 916-916/? D/SurfaceFlinger:      DEVICE | 0xf3a6e300 | 0100 | RGBA_8888    |    0.0    0.0 1080.0 2338.0 |    0   70 1080 2408 | InputMethod$_4686#997
07-13 08:41:39.373 916-916/? D/SurfaceFlinger:      CLIENT | 0xf3201280 | 0100 | RGBA_8888    |    0.0    0.0 1080.0   70.0 |    0    0 1080   70 | StatusBar$_1853#98
07-13 08:41:39.373 916-916/? D/SurfaceFlinger:      CLIENT | 0xf3200200 | 0100 | RGBA_8888    |    0.0    0.0 1080.0  135.0 |    0 2273 1080 2408 | NavigationBar0$_1853#92
07-13 08:41:39.373 916-916/? D/SurfaceFlinger:      DEVICE | 0xf3200e00 | 0108 | RGBA_8888    |    0.0    0.0 1080.0 2408.0 |    0    0 1080 2408 | $_1853#94
07-13 08:41:39.400 4686-4686/? I/HBD: d1 ous -  0 ,  0 ,  1 ,  1 ,  -1 ,  -1
07-13 08:41:39.403 1212-1906/? D/InputDispatcher: Inject key (28966/10450): action=1, f=0x8, d=-1, time=1632737000000
07-13 08:41:39.404 1212-1906/? D/WindowManager: interceptKeyTq interceptKeyResult=1
07-13 08:41:39.405 1212-1389/? I/InputDispatcher: Delivering key to (28966): action: 0x1 (0), f=0x8, m=0x0, d=0, 'bab0a95'
07-13 08:41:39.415 916-916/? D/SurfaceFlinger: Display 0 HWC layers:
07-13 08:41:39.415 916-916/? D/SurfaceFlinger:      DEVICE | 0xf3be6100 | 0102 | RGBA_8888    |    0.0    0.0 1080.0 2408.0 |    0    0 1080 2408 | app.identifier/app.identifier.MainActivity$_28966#992
07-13 08:41:39.415 916-916/? D/SurfaceFlinger:      DEVICE | 0xf3a6e300 | 0100 | RGBA_8888    |    0.0    0.0 1080.0 2338.0 |    0   70 1080 2408 | InputMethod$_4686#997
07-13 08:41:39.415 916-916/? D/SurfaceFlinger:      DEVICE | 0xf3201280 | 0100 | RGBA_8888    |    0.0    0.0 1080.0   70.0 |    0    0 1080   70 | StatusBar$_1853#98
07-13 08:41:39.415 916-916/? D/SurfaceFlinger:      DEVICE | 0xf3200200 | 0100 | RGBA_8888    |    0.0    0.0 1080.0  135.0 |    0 2273 1080 2408 | NavigationBar0$_1853#92
07-13 08:41:39.415 916-916/? D/SurfaceFlinger:      DEVICE | 0xf3200e00 | 0108 | RGBA_8888    |    0.0    0.0 1080.0 2408.0 |    0    0 1080 2408 | $_1853#94
07-13 08:41:39.418 4686-5254/? I/HBD: b getET , flag: 1 , start: 1 , end: 1 , length: 1 , composingLength: 0 , isKCC: false
07-13 08:41:39.419 4686-15860/? I/HBD: l0 EBD tb start :1 
07-13 08:41:39.420 4686-15860/? I/HBD: l0 EBD tb end :1 
07-13 08:41:39.423 4686-4686/? I/HBD: e1 [SCV] (8) 2 5 4 5 5 2 2 3 
07-13 08:41:39.424 4686-4686/? I/HBD: l0 EBD cm f 1 
07-13 08:41:39.425 4686-4686/? I/HBD: HoneyBoardService onKeyUp r:69cf050a consumed:false 1 
07-13 08:41:39.426 28966-28966/? I/ViewRootImpl@4df55f6[MainActivity]: ViewPostIme key 1
07-13 08:41:39.430 1212-1906/? D/InputDispatcher: Inject key (28966/10450): action=0, f=0x8, d=-1, time=1632765000000
07-13 08:41:39.430 1212-1906/? D/WindowManager: interceptKeyTq interceptKeyResult=1
07-13 08:41:39.432 1212-1389/? I/InputDispatcher: Delivering key to (28966): action: 0x0 (0), f=0x8, m=0x0, d=0, 'bab0a95'
07-13 08:41:39.433 4686-4686/? I/HBD: a skip onKeyDown as physical keyboard not connected 
07-13 08:41:39.433 4686-4686/? I/HBD: HoneyBoardService onKeyDown r:0635946a consumed:false 0 
07-13 08:41:39.435 28966-28966/? I/ViewRootImpl@4df55f6[MainActivity]: ViewPostIme key 0
07-13 08:41:39.454 859-29167/? I/HYPER-HAL: [RequestManager.cpp]releaseLocked(): Released ID : 10986329
07-13 08:41:39.467 4686-4686/? I/HBD: d1 ous -  1 ,  1 ,  2 ,  2 ,  -1 ,  -1
07-13 08:41:39.469 1212-2003/? D/InputDispatcher: Inject key (28966/10450): action=1, f=0x8, d=-1, time=1632804000000
07-13 08:41:39.469 1212-2003/? D/WindowManager: interceptKeyTq interceptKeyResult=1
07-13 08:41:39.469 1212-1389/? I/InputDispatcher: Delivering key to (28966): action: 0x1 (0), f=0x8, m=0x0, d=0, 'bab0a95'
07-13 08:41:39.477 4686-15860/? I/HBD: l0 EBD tb start :1 
07-13 08:41:39.478 4686-15860/? I/HBD: l0 EBD tb end :1 
07-13 08:41:39.480 859-29068/? I/HYPER-HAL: [RequestManager.cpp]releaseLocked(): Released ID : 6988203
07-13 08:41:39.481 4686-4686/? I/HBD: e1 [SCV] (9) 6 6 7 7 5 4 6 4 4 
07-13 08:41:39.481 916-916/? D/SurfaceFlinger: Display 0 HWC layers:
07-13 08:41:39.481 916-916/? D/SurfaceFlinger:      DEVICE | 0xf3be5200 | 0102 | RGBA_8888    |    0.0    0.0 1080.0 2408.0 |    0    0 1080 2408 | app.identifier/app.identifier.MainActivity$_28966#992
07-13 08:41:39.481 916-916/? D/SurfaceFlinger:      DEVICE | 0xf3a6e300 | 0100 | RGBA_8888    |    0.0    0.0 1080.0 2338.0 |    0   70 1080 2408 | InputMethod$_4686#997
07-13 08:41:39.481 916-916/? D/SurfaceFlinger:      DEVICE | 0xf3201280 | 0100 | RGBA_8888    |    0.0    0.0 1080.0   70.0 |    0    0 1080   70 | StatusBar$_1853#98
07-13 08:41:39.481 916-916/? D/SurfaceFlinger:      DEVICE | 0xf3200200 | 0100 | RGBA_8888    |    0.0    0.0 1080.0  135.0 |    0 2273 1080 2408 | NavigationBar0$_1853#92
07-13 08:41:39.481 916-916/? D/SurfaceFlinger:      DEVICE | 0xf3200e00 | 0108 | RGBA_8888    |    0.0    0.0 1080.0 2408.0 |    0    0 1080 2408 | $_1853#94
07-13 08:41:39.482 4686-4686/? I/HBD: l0 EBD cm f 1 
07-13 08:41:39.482 4686-4686/? I/HBD: HoneyBoardService onKeyUp r:b408b1b4 consumed:false 0 
07-13 08:41:39.483 28966-28966/? I/ViewRootImpl@4df55f6[MainActivity]: ViewPostIme key 1
07-13 08:41:39.487 1212-2003/? D/InputDispatcher: Inject key (28966/10450): action=0, f=0x8, d=-1, time=1632822000000
07-13 08:41:39.487 1212-2003/? D/WindowManager: interceptKeyTq interceptKeyResult=1
07-13 08:41:39.488 1212-1389/? I/InputDispatcher: Delivering key to (28966): action: 0x0 (0), f=0x8, m=0x0, d=0, 'bab0a95'
07-13 08:41:39.500 404-404/? D/io_stats: !@ 179,0 r 367864 9888567 w 111020 1264996 d 35663 10419280 f 0 0 iot 178396 0 th 0 0 0 pt 0 inp 0 0 1632.837
07-13 08:41:39.518 4686-4686/? I/HBD: c displayAnimatedVectorDrawable bee animation started cnt=0 2131231896 
07-13 08:41:39.527 4686-4686/? I/HBD: a skip onKeyDown as physical keyboard not connected 
07-13 08:41:39.528 4686-4686/? I/HBD: HoneyBoardService onKeyDown r:213a14cb consumed:false 1 
07-13 08:41:39.529 28966-28966/? I/ViewRootImpl@4df55f6[MainActivity]: ViewPostIme key 0
07-13 08:41:39.550 4686-4686/? I/HBD: d1 ous -  2 ,  2 ,  3 ,  3 ,  -1 ,  -1
07-13 08:41:39.553 1212-2014/? D/InputDispatcher: Inject key (28966/10450): action=1, f=0x8, d=-1, time=1632887000000
07-13 08:41:39.553 1212-2014/? D/WindowManager: interceptKeyTq interceptKeyResult=1
07-13 08:41:39.554 1212-1389/? I/InputDispatcher: Delivering key to (28966): action: 0x1 (0), f=0x8, m=0x0, d=0, 'bab0a95'
07-13 08:41:39.559 4686-15860/? I/HBD: l0 EBD tb start :1 
07-13 08:41:39.560 4686-15860/? I/HBD: l0 EBD tb end :1 
07-13 08:41:39.563 4686-4686/? I/HBD: e1 [SCV] (9) 3 4 4 3 5 6 5 3 3 
07-13 08:41:39.565 4686-4686/? I/HBD: l0 EBD cm f 1 
07-13 08:41:39.565 916-916/? D/SurfaceFlinger: Display 0 HWC layers:
07-13 08:41:39.565 916-916/? D/SurfaceFlinger:      DEVICE | 0xf3ff3280 | 0102 | RGBA_8888    |    0.0    0.0 1080.0 2408.0 |    0    0 1080 2408 | app.identifier/app.identifier.MainActivity$_28966#992
07-13 08:41:39.565 916-916/? D/SurfaceFlinger:      DEVICE | 0xf3ff2b00 | 0100 | RGBA_8888    |    0.0    0.0 1080.0 2338.0 |    0   70 1080 2408 | InputMethod$_4686#997
07-13 08:41:39.565 916-916/? D/SurfaceFlinger:      DEVICE | 0xf3201280 | 0100 |
07-13 08:41:39.565 916-916/? D/SurfaceFlinger:  RGBA_8888    |    0.0    0.0 1080.0   70.0 |    0    0 1080   70 | StatusBar$_1853#98
07-13 08:41:39.565 916-916/? D/SurfaceFlinger:      DEVICE | 0xf3200200 | 0100 | RGBA_8888    |    0.0    0.0 1080.0  135.0 |    0 2273 1080 2408 | NavigationBar0$_1853#92
07-13 08:41:39.565 916-916/? D/SurfaceFlinger:      DEVICE | 0xf3200e00 | 0108 | RGBA_8888    |    0.0    0.0 1080.0 2408.0 |    0    0 1080 2408 | $_1853#94
07-13 08:41:39.566 4686-4686/? I/HBD: HoneyBoardService onKeyUp r:2c7a7ca8 consumed:false 0 
07-13 08:41:39.568 28966-28966/? I/ViewRootImpl@4df55f6[MainActivity]: ViewPostIme key 1
07-13 08:41:39.570 4686-4686/? I/HBD: c bee animation finished cnt=-1 2131231896 
07-13 08:41:39.575 28966-28966/? I/ViewInteraction: Performing 'close keyboard' action on view is a root view.
07-13 08:41:39.577 28966-28966/? I/IMM_LC: hsifw() - flag : 0
07-13 08:41:39.577 28966-28966/? I/IMM_LC: hsifw() - mService.hideSoftInput
07-13 08:41:39.578 1212-2014/? D/InputMethodManagerService: hideSoftInput
07-13 08:41:39.578 1212-2014/? V/InputMethodManagerService: Client requesting input be hidden
07-13 08:41:39.578 1212-2014/? I/InputMethodManagerService: Calling com.android.server.inputmethod.IInputMethodInvoker@9ca2e0e.hideSoftInput(0, android.os.Binder@963b2b3, android.os.ResultReceiver@957d070) for reason: HIDE_SOFT_INPUT
07-13 08:41:39.579 1212-2014/? I/InputMethodBindingController: setCurrentMethodNotVisible: mVisibleBound=true, mHasConnection=true, caller = com.android.server.inputmethod.InputMethodManagerService.hideCurrentInputLocked:4339 com.android.server.inputmethod.InputMethodManagerService.hideSoftInput:4277 com.android.internal.view.IInputMethodManager$Stub.onTransact:488 com.android.server.inputmethod.InputMethodManagerService.onTransact:2285 android.os.Binder.execTransactInternal:1316 android.os.Binder.execTransact:1280 <bottom of call stack> <bottom of call stack> <bottom of call stack> <bottom of call stack> 
07-13 08:41:39.579 1212-2014/? D/InputMethodBindingController: unbindVisibleConnection mVisibleConnection : com.android.server.inputmethod.InputMethodBindingController$1@caa57c2
07-13 08:41:39.579 4686-4686/? I/InputMethod: hideSoftInput(), flags : 0
07-13 08:41:39.579 4686-4686/? I/HBD: HoneyBoardService onFinishInputView finishingInput= false
07-13 08:41:39.580 4686-4686/? I/DecorView: notifyKeepScreenOnChanged: keepScreenOn=false
07-13 08:41:39.583 1212-2014/? I/ActivityManager: Changes in 10155 5 to 7, 15 to 0
07-13 08:41:39.584 1212-1906/? D/InputMethodManagerService: isImeSwitcherDisabledPackage : false
07-13 08:41:39.585 1212-1906/? I/InputMethodManagerService: setImeWindowStatus: vis=0, backDisposition=0
07-13 08:41:39.585 4686-4686/? I/HBD: a [UpdatePolicy] [post] a: 3 cl: 3276809 kit: [0/0] vt: 0 ir: 1 
07-13 08:41:39.585 4686-4686/? I/HBD: c processFinishInputView 
07-13 08:41:39.585 1212-1906/? I/InputMethodManagerService: applyImeVisibility: setVisible=false, IsClientNull=false
07-13 08:41:39.585 4686-4686/? I/HBD: d1 stopRunningTimers 
07-13 08:41:39.587 1212-1238/? W/Looper: Drained
07-13 08:41:39.588 4686-4686/? I/HBD: l0 EBD reset pbc:0 pdc:0 
07-13 08:41:39.590 2265-24579/? I/TouchInteractionService: onActiveNavBarRegionChanges, region : SkRegion((0,2273,388,2277)(389,2273,690,2277)(691,2273,961,2277)(0,2277,388,2408)(389,2277,690,2408)(691,2277,961,2408)(973,2277,1080,2408))
07-13 08:41:39.590 28966-28966/? D/InsetsController: controlAnimationUnchecked: Added types=8 animType=1 host=app.identifier/app.identifier.MainActivity from=android.view.InsetsController.applyAnimation:1576 android.view.InsetsController.applyAnimation:1557 android.view.InsetsController.hide:1093 
07-13 08:41:39.591 1853-1853/? V/Navbar.Store: ----handleEvent(0) OnUpdateRemoteViewContainer(leftContainer=android.widget.LinearLayout{264e30 I.E...... ......I. 0,0-118,135 #7f0b04f6 app:id/left_remoteview}, rightContainer=android.widget.LinearLayout{5421aa9 I.E...... ......I. 962,0-1080,135 #7f0b07aa app:id/right_remoteview}, contextualButtonVisible=false, darkIntensity=0.0) [Module] SamsungNavigationBarView
