07-13 08:41:58.940 916-916/? D/SurfaceFlinger:      DEVICE | 0xf3200e00 | 0108 | RGBA_8888    |    0.0    0.0 1080.0 2408.0 |    0    0 1080 2408 | $_1853#94
07-13 08:41:58.942 2265-2589/? I/AppIconSolution: load= live icon for com.samsung.android.calendar, from overlay = false
07-13 08:41:58.942 2265-2589/? I/LauncherActivityInfo: packageName: com.samsung.android.calendar, useThemeIcon: false, height: 385, width: 385, density: 640
07-13 08:41:58.946 1212-2149/? D/MdnieScenarioControlService:  packageName : com.sec.android.app.launcher    className : com.android.launcher3.uioverrides.QuickstepLauncher
07-13 08:41:58.947 1212-2149/? V/MdnieScenarioControlService: setUIMode from UI function(3)
07-13 08:41:58.947 29676-29697/? I/MonitoringInstr: waitForActivitiesToComplete() took: 0ms
07-13 08:41:58.948 1212-2724/? I/ActivityManager: Force stopping app.identifier appid=10450 user=0: finished inst
07-13 08:41:58.950 1212-2724/? I/ActivityManager: Killing 29676:app.identifier/u0a450 (adj 0): stop app.identifier due to finished inst
07-13 08:41:58.954 1212-2724/? D/ActivityManager: proc ProcessRecord{9aaa06e 29676:app.identifier/u0a450} already removed. so we skip next process.
07-13 08:41:58.963 29647-29647/? I/app_process: System.exit called, status: 0
07-13 08:41:58.963 29647-29647/? I/AndroidRuntime: VM exiting with result code 0.
07-13 08:41:58.969 2265-2279/? W/System: A resource failed to call release. 
07-13 08:41:58.969 2265-2279/? W/System: A resource failed to call release. 
07-13 08:41:58.969 916-937/? I/SurfaceFlinger: id=1118 Removed Surface(name=Task=1)/@0x79cd78a - animation-leash of app_transition#1118 (106)
07-13 08:41:58.970 916-937/? I/SurfaceFlinger: id=1117 Removed Surface(name=Task=213)/@0xb698bfc - animation-leash of app_transition#1117 (106)
07-13 08:41:58.970 2265-2279/? W/System: A resource failed to call release. 
07-13 08:41:58.971 916-937/? I/SurfaceFlinger: id=1119 Removed Surface(name=WallpaperWindowToken{87e9dc2 token=android.os.Binder@e6efa0d})/@0x3e32d85 - animation-leash of window_animation#1119 (106)
07-13 08:41:58.977 1212-1241/? D/SettingsProvider: isChangeAllowed() : name = window_animation_scale
07-13 08:41:58.978 1212-1241/? I/GenerationRegistry: mBackingStore.isClosed() : false
07-13 08:41:58.978 1212-1241/? D/SettingsProvider: isChangeAllowed() : name = transition_animation_scale
07-13 08:41:58.979 1212-1241/? I/GenerationRegistry: mBackingStore.isClosed() : false
07-13 08:41:58.980 1212-1241/? D/SettingsProvider: isChangeAllowed() : name = animator_duration_scale
07-13 08:41:58.980 1212-1241/? D/SettingsProvider: [ 07-13 08:4
07-13 08:41:58.980 1212-1241/? D/SettingsProvider: 1:58.980  1212: 1241 I/GenerationRegistry ]
07-13 08:41:58.980 1212-1241/? D/SettingsProvider: mBackingStore.isClosed() : false
07-13 08:41:58.981 1212-1241/? D/SettingsProvider: isChangeAllowed() : name = remove_animations
07-13 08:41:58.981 1212-1241/? I/GenerationRegistry: mBackingStore.isClosed() : false
07-13 08:41:58.984 1853-1853/? W/Settings: Setting transition_animation_scale has moved from android.provider.Settings.System to android.provider.Settings.Global, returning read-only value.
07-13 08:41:58.984 1212-1212/? D/SemExclusiveTaskManagerService: ExclusiveTaskObserver : key : global/remove_animations, user : 0
07-13 08:41:58.984 916-916/? I/Layer: id=1119 Destroyed Surface(name=WallpaperWindowToken{87e9dc2 token=android.os.Binder@e6efa0d})/@0x3e32d85 - animation-leash of window_animation#1119
07-13 08:41:58.984 916-916/? I/Layer: id=1118 Destroyed Surface(name=Task=1)/@0x79cd78a - animation-leash of app_transition#1118
07-13 08:41:58.984 1212-1212/? D/SemExclusiveTaskManagerService: proccessTurningOffTask() : remove_animation
07-13 08:41:58.984 916-916/? I/Layer: id=1117 Destroyed Surface(name=Task=213)/@0xb698bfc - animation-leash of app_transition#1117
07-13 08:41:58.985 2265-2265/? W/Settings: Setting remove_animations has moved from android.provider.Settings.System to android.provider.Settings.Global, returning read-only value.
07-13 08:41:58.986 2265-2265/? I/SettingsHelper: mKey=remove_animations, mIntValue=0, mStringValue=null, mFloatValue=0.0
07-13 08:41:58.986 1853-1853/? D/SettingsHelper: onChange() COMPLETED elapsed= 3
07-13 08:41:58.986 1853-1853/? V/SettingsHelper: *** broadcastChange for content://settings/global/transition_animation_scale
07-13 08:41:58.988 1853-1853/? E/SettingsHelper: Exception occurred
07-13 08:41:58.988 1853-1853/? E/SettingsHelper: java.lang.NoSuchMethodException: android.provider.Settings$Global.getIntForUser [class android.content.ContentResolver, class java.lang.String, int, int]
07-13 08:41:58.988 1853-1853/? E/SettingsHelper: 	at java.lang.Class.getMethod(Class.java:2103)
07-13 08:41:58.988 1853-1853/? E/SettingsHelper: 	at java.lang.Class.getDeclaredMethod(Class.java:2081)
07-13 08:41:58.988 1853-1853/? E/SettingsHelper: 	at com.android.systemui.util.SettingsHelper$Item.read(SettingsHelper.java:1607)
07-13 08:41:58.988 1853-1853/? E/SettingsHelper: 	at com.android.systemui.util.SettingsHelper$ItemMap.updateMapForUri(SettingsHelper.java:1740)
07-13 08:41:58.988 1853-1853/? E/SettingsHelper: 	at com.android.systemui.util.SettingsHelper$1.onChange(SettingsHelper.java:468)
07-13 08:41:58.988 1853-1853/? E/SettingsHelper: 	at android.database.ContentObserver.onChange(ContentObserver.java:170)
07-13 08:41:58.988 1853-1853/? E/SettingsHelper: 	at android.database.ContentObserver.onChange(ContentObserver.java:188)
07-13 08:41:58.988 1853-1853/? E/SettingsHelper: 	at android.database.ContentObserver.onChange(ContentObserver.java:224)
07-13 08:41:58.988 1853-1853/? E/SettingsHelper: 	at android.database.ContentObserver.lambda$dispatchChange$0$android-database-ContentObserver(ContentObserver.java:304)
07-13 08:41:58.988 1853-1853/? E/SettingsHelper: 	at android.database.ContentObserver$$ExternalSyntheticLambda0.run(Unknown Source:10)
07-13 08:41:58.988 1853-1853/? E/SettingsHelper: 	at android.os.Handler.handleCallback(Handler.java:942)
07-13 08:41:58.988 1853-1853/? E/SettingsHelper: 	at android.os.Handler.dispatchMessage(Handler.java:99)
07-13 08:41:58.988 1853-1853/? E/SettingsHelper: 	at android.os.Looper.loopOnce(Looper.java:226)
07-13 08:41:58.988 1853-1853/? E/SettingsHelper: 	at android.os.Looper.loop(Looper.java:313)
07-13 08:41:58.988 1853-1853/? E/SettingsHelper: 	at android.app.ActivityThread.main(ActivityThread.java:8757)
07-13 08:41:58.988 1853-1853/? E/SettingsHelper: 	at java.lang.reflect.Method.invoke(Native Method)
07-13 08:41:58.988 1853-1853/? E/SettingsHelper: 	at com.android.internal.os.RuntimeInit$MethodAndArgsCaller.run(RuntimeInit.java:571)
07-13 08:41:58.988 1853-1853/? E/SettingsHelper: 	at com.android.internal.os.ZygoteInit.main(ZygoteInit.java:1067)
07-13 08:41:58.988 1853-1853/? D/SettingsHelper: onChange() COMPLETED elapsed= 1
07-13 08:41:58.988 1853-1853/? V/SettingsHelper: *** broadcastChange for content://settings/global/animator_duration_scale
07-13 08:41:58.988 1853-1853/? V/SecQsTransitionAnimator: mAnimationRemoved = false
07-13 08:41:58.988 1853-1853/? I/AODSettingsHelper: content://settings/global/animator_duration_scale changed
07-13 08:41:58.989 916-916/? D/SurfaceFlinger: Display 0 HWC layers:
07-13 08:41:58.989 916-916/? D/SurfaceFlinger:      DEVICE | 0xf3be4600 | 0100 | RGBx_8888    |  662.0    0.0 1738.0 2400.0 |    0    0 1080 2408 | Wallpaper BBQ wrapper#90
07-13 08:41:58.989 916-916/? D/SurfaceFlinger:      DEVICE | 0xf3a70700 | 0100 | RGBA_8888    |    0.0    0.0 1080.0 2408.0 |    0    0 1080 2408 | com.sec.android.app.launcher/com.sec[...]tivities.LauncherActivity$_2265#1114
07-13 08:41:58.989 916-916/? D/SurfaceFlinger:      DEVICE | 0xf3201280 | 0100 | RGBA_8888    |    0.0    0.0 1080.0   70.0 |    0    0 1080   70 | StatusBar$_1853#98
07-13 08:41:58.989 916-916/? D/SurfaceFlinger:      DEVICE | 0xf3200200 | 0100 | RGBA_8888    |    0.0    0.0 1080.0  135.0 |    0 2273 1080 2408 | NavigationBar0$_1853#92
07-13 08:41:58.989 916-916/? D/SurfaceFlinger:      DEVICE | 0xf3200e00 | 0108 | RGBA_8888    |    0.0    0.0 1080.0 2408.0 |    0    0 1080 2408 | $_1853#94
07-13 08:41:58.990 1853-1853/? I/AODSettingsHelper: mKey=animator_duration_scale, mIntValue=0, mStringValue=1.0
07-13 08:41:58.990 1853-1853/? I/AODSettingsHelper: onChange() COMPLETED elapsed= 2
07-13 08:41:58.990 1853-1853/? I/AODSettingsHelper: *** onSettingsValueChanged for content://settings/global/animator_duration_scale
07-13 08:41:58.990 1853-1853/? I/AODSettingsHelper: *** onSettingsValueChanged callbackList == null
07-13 08:41:58.991 1853-1853/? I/AODSettingsHelper: content://settings/global/animator_duration_scale changed
07-13 08:41:58.992 1853-1853/? I/AODSettingsHelper: mKey=animator_duration_scale, mIntValue=0, mStringValue=1.0
07-13 08:41:58.992 1853-1853/? I/AODSettingsHelper: onChange() COMPLETED elapsed= 2
07-13 08:41:58.992 1853-1853/? I/AODSettingsHelper: *** onSettingsValueChanged for content://settings/global/animator_duration_scale
07-13 08:41:58.992 1853-1853/? I/AODSettingsHelper: *** onSettingsValueChanged callbackList == null
07-13 08:41:59.003 1212-2014/? D/InputMethodManagerService: removeClient
07-13 08:41:59.004 832-832/? I/Zygote: Process 29676 exited due to signal 9 (Killed)
07-13 08:41:59.004 1212-4472/? V/ActivityManager: Got obituary of 29676:app.identifier
07-13 08:41:59.004 1212-1241/? W/ActivityManager: setHasOverlayUi called on unknown pid: 29676
07-13 08:41:59.004 1212-2014/? D/InputTransport: Input channel destroyed: 'ClientS', fd=731
07-13 08:41:59.008 1212-1251/? I/libprocessgroup: Successfully killed process cgroup uid 10450 pid 29676 in 52ms
07-13 08:41:59.047 1212-2149/? V/MdnieScenarioControlService: mAclOffEnabled : false mAclPreviewState : false mAclCompensationState : false
07-13 08:41:59.150 859-29777/? I/HYPER-HAL: [RequestManager.cpp]releaseLocked(): Released ID : 768207
07-13 08:41:59.499 29701-29735/? I/MPEG4Writer: setStartTimestampUs: 1649711109 from Metadata track
07-13 08:41:59.500 1008-29723/? I/EXYNOS_BASE_COMP: [0xf4d33600][Exynos_OMX_ComponentStateSet] current:(OMX_StateExecuting) dest:(OMX_StateIdle)
07-13 08:41:59.500 29701-29721/? I/ACodec: [OMX.Exynos.AVC.Encoder] Now Executing->Idle
07-13 08:41:59.501 1008-29726/? W/libexynosv4l2: failed to ioctl: VIDIOC_DQBUF (22 - Invalid argument)
07-13 08:41:59.501 1008-29725/? W/libexynosv4l2: failed to ioctl: VIDIOC_DQBUF (22 - Invalid argument)
07-13 08:41:59.501 1008-29723/? I/EXYNOS_BASE_COMP: [0xf4d
07-13 08:41:59.501 1008-29723/? I/EXYNOS_BASE_COMP: 33600][Exynos_OMX_ComponentStateSet] OMX_EventCmdComplete(OMX_StateIdle)
07-13 08:41:59.502 1008-29723/? I/EXYNOS_BASE_COMP: [0xf4d33600][Exynos_OMX_ComponentStateSet] current:(OMX_StateIdle) dest:(OMX_StateLoaded)
07-13 08:41:59.505 404-404/? D/io_stats: !@ 179,0 r 368313 9890771 w 111998 1276420 d 36003 10429544 f 0 0 iot 179244 0 th 0 0 0 pt 0 inp 0 0 1652.841
07-13 08:41:59.505 916-916/? D/SurfaceFlinger: Display 0 HWC layers:
07-13 08:41:59.505 916-916/? D/SurfaceFlinger:      DEVICE | 0xf3be4600 | 0100 | RGBx_8888    |  662.0    0.0 1738.0 2400.0 |    0    0 1080 2408 | Wallpaper BBQ wrapper#90
07-13 08:41:59.505 916-916/? D/SurfaceFlinger:      DEVICE | 0xf3a70700 | 0100 | RGBA_8888    |    0.0    0.0 1080.0 2408.0 |    0    0 1080 2408 | com.sec.android.app.launcher/com.sec[...]tivities.LauncherActivity$_2265#1114
07-13 08:41:59.505 916-916/? D/SurfaceFlinger:      DEVICE | 0xf3201280 | 0100 | RGBA_8888    |    0.0    0.0 1080.0   70.0 |    0    0 1080   70 | StatusBar$_1853#98
07-13 08:41:59.505 916-916/? D/SurfaceFlinger:      DEVICE | 0xf3200200 | 0100 | RGBA_8888    |    0.0    0.0 1080.0  135.0 |    0 2273 1080 2408 | NavigationBar0$_1853#92
07-13 08:41:59.505 916-916/? D/SurfaceFlinger:      DEVICE | 0xf3200e00 | 0108 | RGBA_8888    |    0.0    0.0 1080.0 2408.0 |    0    0 1080 2408 | $_1853#94
07-13 08:41:59.506 1008-18260/? W/GraphicBufferSource: released unpopulated slots: [1, 2, 3, 4, 5, 6, 7, 8, 9, 10, 11, 12, 13, 14, 15, 16, 17, 18, 19, 20, 21, 22, 23, 24, 25, 26, 27, 28, 29, 30, 31, 32, 33, 34, 35, 36, 37, 38, 39, 40, 41, 42, 43, 44, 45, 46, 47, 48, 49, 50, 51, 52, 53, 54, 55, 56, 57, 58, 59, 60, 61, 62, 63]
07-13 08:41:59.507 29701-29721/? I/ACodec: [OMX.Exynos.AVC.Encoder] Now Idle->Loaded
07-13 08:41:59.507 1008-29723/? I/EXYNOS_BASE_COMP: [0xf4d33600][Exynos_OMX_EventHandler] OMX_EventCmdComplete(OMX_StateLoaded)
07-13 08:41:59.508 29701-29721/? I/ACodec: [OMX.Exynos.AVC.Encoder] Now Loaded
07-13 08:41:59.508 29701-29721/? I/ACodec:  [OMX.Exynos.AVC.Encoder] Now kWhatShutdownCompleted event : 8034
07-13 08:41:59.508 29701-29701/? D/MPEG4Writer: reset()
07-13 08:41:59.508 29701-29701/? D/MPEG4Writer: Video track stopping. Stop source
07-13 08:41:59.508 29701-29701/? D/MPEG4Writer: Video track source stopping
07-13 08:41:59.508 29701-29701/? D/MPEG4Writer: Video track source stopped
07-13 08:41:59.508 846-881/? I/virtualdisplay: [VirtualDisplay] getWFDMode:: mode(0)
07-13 08:41:59.508 29701-29735/? V/MediaWriter: Track event err/info msg:101, trackId:2, type:1000,val:-1011
07-13 08:41:59.508 29701-29734/? V/MediaWriter: Track event err/info msg:101, trackId:1, type:1000,val:-1011
07-13 08:41:59.508 29701-29734/? I/MPEG4Writer: Received total/0-length (70/0) buffers and encoded 70 frames. - Video
07-13 08:41:59.508 916-916/? I/VirtualDisplaySurface: VirtualDisplaySurface is deleted,WFDMode 0
07-13 08:41:59.509 846-881/? I/virtualdisplay: [VirtualDisplay] setWFDOutputResolution:: width(0), height(0)
07-13 08:41:59.509 29701-29701/? D/MPEG4Writer: Video track stopped. Status:0. Stop source
07-13 08:41:59.510 29701-29735/? W/MPEG4Writer: 0-duration samples found: 1
07-13 08:41:59.510 29701-29701/? D/MPEG4Writer: Metadata track stopping. Stop source
07-13 08:41:59.510 29701-29701/? D/MPEG4Writer: Metadata track source stopping
07-13 08:41:59.510 29701-29701/? D/MPEG4Writer: Metadata track source stopped
07-13 08:41:59.511 29701-29735/? I/MPEG4Writer: Received total/0-length (1/0) buffers and encoded 1 frames. - Metadata
07-13 08:41:59.511 29701-29701/? D/MPEG4Writer: Metadata track stopped. Status:0. Stop source
07-13 08:41:59.511 29701-29701/? I/MPEG4Writer: Duration from tracks range is [0, 2660909] us
07-13 08:41:59.511 29701-29732/? D/MPEG4Writer: 0 chunks are written in the last batch
07-13 08:41:59.511 29701-29701/? D/MPEG4Writer: WriterThread stopped. Status:0
07-13 08:41:59.512 29701-29701/? I/MPEG4Writer: Adjust the moov start time from 1649711109 us -> 1649711109 us
07-13 08:41:59.514 29701-29701/? I/MPEG4Writer: The mp4 file will not be streamable.
07-13 08:41:59.514 29701-29701/? I/MPEG4Writer: MOOV atom was written to the file
07-13 08:41:59.514 29701-29701/? D/MPEG4Writer: release()
07-13 08:41:59.514 29701-29701/? D/MPEG4Writer: ftruncate mPreAllocateFileEndOffset:146789 mOffset:143174 mMdatEndOffset:141057 diff:3615
07-13 08:41:59.515 29701-29701/? D/MPEG4Writer: MP4WtrCtrlHlpLooper stopped
07-13 08:41:59.515 29701-29701/? I/MPEG4Writer: Top 5 write durations(microseconds): #1:102 #2:514 #3:608 #4:908 #5:1106
07-13 08:41:59.516 29701-29721/? I/ACodec:  [OMX.Exynos.AVC.Encoder] Now uninitialized
07-13 08:41:59.517 29701-29721/? I/ACodec:  [] Now kWhatShutdownCompleted event : 8034
07-13 08:41:59.517 29701-29719/? I/MediaCodec: Codec shutdown complete
07-13 08:41:59.518 995-24804/? I/ResourceManagerService: removeResourceInfo pid 29701, removed 921600 (width 720 height 1280), isLowPriority 0, remained hw codec count 0
07-13 08:41:59.518 1212-4472/? V/ResourceManagerHelper-JNI: JNIMediaResourceHelper::notify eventType : 2, ext1 : 0, ext2 : 0
07-13 08:41:59.518 1212-4472/? V/ResourceManagerHelper-JNI: notify eventType : 2, ext1 : 0, ext2 : 0
07-13 08:41:59.519 1212-1379/? I/SemMediaResourceHelper: onRemove
07-13 08:41:59.519 12346-12374/? V/ResourceManagerHelper-JNI: JNIMediaResourceHelper::notify eventType : 2, ext1 : 0, ext2 : 0
07-13 08:41:59.519 3726-3726/? I/SemMediaResourceHelper: onRemove
07-13 08:41:59.519 12346-12374/? V/ResourceManagerHelper-JNI: notify eventType : 2, ext1 : 0, ext2 : 0
07-13 08:41:59.519 12346-12392/? I/SemMediaResourceHelper: onRemove
07-13 08:41:59.519 29701-29701/? D/MediaCodec: flushMediametrics
07-13 08:41:59.573 1212-2724/? V/ActivityManager: >>> EXECUTING create of com.google.android.providers.media.module/com.android.providers.media.MediaService
07-13 08:41:59.573 1212-2724/? D/ActivityManager: schedule service timeout ProcessRecord{d80d3d2 3658:com.google.android.providers.media.module/u0a215}
07-13 08:41:59.573 1212-2724/? V/ActivityManager: >>> EXECUTING bind of com.google.android.providers.media.module/com.android.providers.media.MediaService
07-13 08:41:59.578 1212-2014/? V/ActivityManager: <<< DONE EXECUTING com.google.android.providers.media.module/com.android.providers.media.MediaService
07-13 08:41:59.578 1212-4472/? V/ActivityManager: <<< DONE EXECUTING com.google.android.providers.media.module/com.android.providers.media.MediaService
07-13 08:41:59.578 1212-4472/? V/ActivityManager: No more executingServices of com.google.android.providers.media.module/com.android.providers.media.MediaService
07-13 08:41:59.580 3658-4662/? I/MediaProvider: Begin Intent { act=android.intent.action.MEDIA_SCANNER_SCAN_FILE dat=file:///... flg=0x1400010 cmp=com.google.android.providers.media.module/com.android.providers.media.MediaService }
07-13 08:41:59.580 29701-29701/? D/ScreenRecord: success
07-13 08:41:59.581 29701-29701/? I/BpBinder: onLastStrongRef automatically unlinking death recipients: <uncached descriptor>
07-13 08:41:59.584 29701-29701/? I/BpBinder: onLastStrongRef automatically unlinking death recipients: <uncached descriptor>
07-13 08:41:59.584 3658-4662/? V/MediaMetadataRetriever: constructor
07-13 08:41:59.584 995-24804/? V/MetadataRetrieverClient: MetadataRetrieverClient constructor pid(3658)
07-13 08:41:59.584 995-24804/? V/MediaPlayerService: Create new media retriever from pid 3658
07-13 08:41:59.585 3658-4662/? V/MediaMetadataRetriever: setDataSource(110, 0, 576460752303423487)
07-13 08:41:59.585 995-24804/? V/MetadataRetrieverClient: setDataSource fd=8, offset=0, length=576460752303423487
07-13 08:41:59.585 995-24804/? V/MetadataRetrieverClient: [ 07-13 08:41:59.585   995:24804 V/Me
07-13 08:41:59.585 995-24804/? V/MetadataRetrieverClient: tadataRetrieverClient ]
07-13 08:41:59.585 995-24804/? V/MetadataRetrieverClient: st_dev  = 64812
07-13 08:41:59.585 995-24804/? V/MetadataRetrieverClient: st_mode = 33200
07-13 08:41:59.585 995-24804/? V/MetadataRetrieverClient: st_uid  = 10215
07-13 08:41:59.585 995-24804/? V/MetadataRetrieverClient: st_gid  = 1023
07-13 08:41:59.585 995-24804/? V/MetadataRetrieverClient: st_size = 143174
07-13 08:41:59.585 995-24804/? V/MetadataRetrieverClient: calculated length = 143174
07-13 08:41:59.585 995-24804/? V/MetadataRetrieverClient: player type = 4
07-13 08:41:59.585 943-943/? I/DrmManagerService(Native): value of perm = 2 return true from DRM FW
07-13 08:41:59.586 943-943/? E/SEC_DRM_PLUGIN_Omafl: OmaPlugin::onOpenDecryptSession(fd)::Drm2IsDrmFileByExtFd::file is NOT DRM by extension
07-13 08:41:59.586 29701-29701/? I/hw-BpHwBinder: onLastStrongRef automatically unlinking death recipients
07-13 08:41:59.586 995-24804/? D/StagefrightMetadataRetriever: FileSource remote
07-13 08:41:59.593 990-25632/? I/MediaExtractorFactory: Created an extractor 'SECMPEG4Extractor' with confidence 0.41
07-13 08:41:59.595 995-24804/? V/MetadataRetrieverClient: setDataSource(fd) return(0)
07-13 08:41:59.595 3658-4662/? V/MediaMetadataRetriever: setDataSource(fd) return(0)
07-13 08:41:59.595 3658-4662/? V/MediaMetadataRetriever: extractMetadata(12)
07-13 08:41:59.596 995-23221/? V/MetadataRetrieverClient: extractMetadata
07-13 08:41:59.597 3658-4662/? V/MediaMetadataRetriever: destructor
07-13 08:41:59.597 3658-4662/? V/MediaMetadataRetriever: disconnect
07-13 08:41:59.598 995-24804/? V/MetadataRetrieverClient: disconnect from pid 3658
07-13 08:41:59.598 995-24804/? V/MetadataRetrieverClient: MetadataRetrieverClient destructor
07-13 08:41:59.598 995-24804/? V/MetadataRetrieverClient: disconnect from pid 3658
07-13 08:41:59.599 3658-4662/? V/MediaMetadataRetriever: constructor
07-13 08:41:59.599 995-24804/? V/MetadataRetrieverClient: MetadataRetrieverClient constructor pid(3658)
07-13 08:41:59.599 995-24804/? V/MediaPlayerService: Create new media retriever from pid 3658
07-13 08:41:59.599 3658-4662/? V/MediaMetadataRetriever: setDataSource(110, 0, 576460752303423487)
07-13 08:41:59.600 995-23221/? V/MetadataRetrieverClient: setDataSource fd=8, offset=0, length=576460752303423487
07-13 08:41:59.600 995-23221/? V/MetadataRetrieverClient: st_dev  = 64812
07-13 08:41:59.600 995-23221/? V/MetadataRetrieverClient: st_mode = 33200
07-13 08:41:59.600 995-23221/? V/MetadataRetrieverClient: st_uid  = 10215
07-13 08:41:59.600 995-23221/? V/MetadataRetrieverClient: st_gid  = 1023
07-13 08:41:59.600 995-23221/? V/MetadataRetrieverClient: st_size = 143174
07-13 08:41:59.600 995-23221/? V/MetadataRetrieverClient: calculated length = 143174
07-13 08:41:59.600 995-23221/? V/MetadataRetrieverClient: player type = 4
07-13 08:41:59.600 943-943/? I/DrmManagerService(Native): value of perm = 2 return true from DRM FW
07-13 08:41:59.600 943-943/? E/SEC_DRM_PLUGIN_Omafl: OmaPlugin::onOpenDecryptSession(fd)::Drm2IsDrmFileByExtFd::file is NOT DRM by extension
07-13 08:41:59.601 995-23221/? D/StagefrightMetadataRetriever: FileSource remote
07-13 08:41:59.608 990-19577/? I/MediaExtractorFactory: Created an extractor 'SECMPEG4Extractor' with confidence 0.41
07-13 08:41:59.609 995-23221/? V/MetadataRetrieverClient: setDataSource(fd) return(0)
07-13 08:41:59.609 3658-4662/? V/MediaMetadataRetriever: setDataSource(fd) return(0)
07-13 08:41:59.610 3658-4662/? V/MediaMetadataRetriever: extractMetadata(12)
07-13 08:41:59.610 995-23221/? V/MetadataRetrieverClient: extractMetadata
07-13 08:41:59.612 3658-4662/? V/MediaMetadataRetriever: extractMetadata(5)
07-13 08:41:59.612 995-24804/? V/MetadataRetrieverClient: extractMetadata
07-13 08:41:59.613 3658-4662/? V/MediaMetadataRetriever: extractMetadata(0)
07-13 08:41:59.613 995-24804/? V/MetadataRetrieverClient: extractMetadata
07-13 08:41:59.614 3658-4662/? V/MediaMetadataRetriever: extractMetadata(1)
07-13 08:41:59.614 995-24804/? V/MetadataRetrieverClient: extractMetadata
07-13 08:41:59.615 3658-4662/? V/MediaMetadataRetriever: extractMetadata(2)
07-13 08:41:59.615 995-24804/? V/MetadataRetrieverClient: extractMetadata
07-13 08:41:59.616 3658-4662/? V/MediaMetadataRetriever: extractMetadata(13)
07-13 08:41:59.616 995-24804/? V/MetadataRetrieverClient: extractMetadata
07-13 08:41:59.617 3658-4662/? V/MediaMetadataRetriever: extractMetadata(3)
07-13 08:41:59.617 995-24804/? V/MetadataRetrieverClient: extractMetadata
07-13 08:41:59.618 3658-4662/? V/MediaMetadataRetriever: extractMetadata(4)
07-13 08:41:59.618 995-23221/? V/MetadataRetrieverClient: extractMetadata
07-13 08:41:59.618 3658-4662/? V/MediaMetadataRetriever: extractMetadata(6)
07-13 08:41:59.619 995-24804/? V/MetadataRetrieverClient: extractMetadata
07-13 08:41:59.620 3658-4662/? V/MediaMetadataRetriever: extractMetadata(7)
07-13 08:41:59.620 995-24804/? V/MetadataRetrieverClient: extractMetadata
07-13 08:41:59.620 3658-4662/? V/MediaMetadataRetriever: extractMetadata(8)
07-13 08:41:59.621 995-24804/? V/MetadataRetrieverClient: extractMetadata
07-13 08:41:59.622 3658-4662/? V/MediaMetadataRetriever: extractMetadata(9)
07-13 08:41:59.622 995-24804/? V/MetadataRetrieverClient: extractMetadata
07-13 08:41:59.622 3658-4662/? V/MediaMetadataRetriever: extractMetadata(10)
07-13 08:41:59.623 995-24804/? V/MetadataRetrieverClient: extractMetadata
07-13 08:41:59.624 3658-4662/? V/MediaMetadataRetriever: extractMetadata(11)
07-13 08:41:59.624 995-24804/? V/MetadataRetrieverClient: extractMetadata
07-13 08:41:59.624 3658-4662/? V/MediaMetadataRetriever: extractMetadata(13)
07-13 08:41:59.625 995-24804/? V/MetadataRetrieverClient: extractMetadata
07-13 08:41:59.626 3658-4662/? V/MediaMetadataRetriever: extractMetadata(14)
07-13 08:41:59.626 995-24804/? V/MetadataRetrieverClient: extractMetadata
07-13 08:41:59.626 3658-4662/? V/MediaMetadataRetriever: extractMetadata(15)
07-13 08:41:59.627 995-24804/? V/MetadataRetrieverClient: extractMetadata
07-13 08:41:59.628 3658-4662/? V/MediaMetadataRetriever: extractMetadata(20)
07-13 08:41:59.628 995-23221/? V/MetadataRetrieverClient: extractMetadata
07-13 08:41:59.628 3658-4662/? V/MediaMetadataRetriever: extractMetadata(25)
07-13 08:41:59.629 995-24804/? V/MetadataRetrieverClient: extractMetadata
07-13 08:41:59.629 3658-4662/? V/MediaMetadataRetriever: extractMetadata(18)
07-13 08:41:59.630 995-24804/? V/MetadataRetrieverClient: extractMetadata
07-13 08:41:59.630 3658-4662/? V/MediaMetadataRetriever: extractMetadata(19)
07-13 08:41:59.631 995-24804/? V/MetadataRetrieverClient: extractMetadata
07-13 08:41:59.631 3658-4662/? V/MediaMetadataRetriever: extractMetadata(18)
07-13 08:41:59.631 995-24804/? V/MetadataRetrieverClient: extractMetadata
07-13 08:41:59.632 3658-4662/? V/MediaMetadataRetriever: extractMetadata(19)
07-13 08:41:59.632 995-24804/? V/MetadataRetrieverClient: extractMetadata
07-13 08:41:59.633 3658-4662/? V/MediaMetadataRetriever: extractMetadata(24)
07-13 08:41:59.633 995-24804/? V/MetadataRetrieverClient: extractMetadata
07-13 08:41:59.633 3658-4662/? V/MediaMetadataRetriever: extractMetadata(35)
07-13 08:41:59.634 995-24804/? V/MetadataRetrieverClient: extractMetadata
07-13 08:41:59.634 3658-4662/? V/MediaMetadataRetriever: extractMetadata(36)
07-13 08:41:59.634 995-23221/? V/MetadataRetrieverClient: extractMetadata
07-13 08:41:59.635 3658-4662/? V/MediaMetadataRetriever: extractMetadata(37)
07-13 08:41:59.635 995-24804/? V/MetadataRetrieverClient: extractMetadata
07-13 08:41:59.636 3658-4662/? V/MediaMetadataRetriever: extractMetadata(40)
07-13 08:41:59.636 995-24804/? V/MetadataRetrieverClient: extractMetadata
07-13 08:41:59.636 3658-4662/? V/MediaMetadataRetriever: destructor
07-13 08:41:59.636 3658-4662/? V/MediaMetadataRetriever: disconnect
07-13 08:41:59.637 995-24804/? V/MetadataRetrieverClient: disconnect from pid 3658
07-13 08:41:59.637 995-24804/? V/MetadataRetrieverClient: [ 07-13 08:41:59.637   995:24804 V/Metadat
07-13 08:41:59.637 995-24804/? V/MetadataRetrieverClient: aRetrieverClient ]
07-13 08:41:59.637 995-24804/? V/MetadataRetrieverClient: MetadataRetrieverClient destructor
07-13 08:41:59.637 995-24804/? V/MetadataRetrieverClient: disconnect from pid 3658
07-13 08:41:59.652 3658-4662/? I/MediaProvider: End Intent { act=android.intent.action.MEDIA_SCANNER_SCAN_FILE dat=file:///... flg=0x1400010 cmp=com.google.android.providers.media.module/com.android.providers.media.MediaService }
07-13 08:41:59.653 1212-2724/? V/ActivityManager: >>> EXECUTING unbind of com.google.android.providers.media.module/com.android.providers.media.MediaService
07-13 08:41:59.654 1212-2724/? D/ActivityManager: schedule service timeout ProcessRecord{d80d3d2 3658:com.google.android.providers.media.module/u0a215}
07-13 08:41:59.654 1212-2724/? V/ActivityManager: >>> EXECUTING destroy of com.google.android.providers.media.module/com.android.providers.media.MediaService
07-13 08:41:59.656 1212-4416/? V/ActivityManager: <<< DONE EXECUTING com.google.android.providers.media.module/com.android.providers.media.MediaService
07-13 08:41:59.657 1212-4416/? V/ActivityManager: <<< DONE EXECUTING com.google.android.providers.media.module/com.android.providers.media.MediaService
07-13 08:41:59.657 1212-4416/? V/ActivityManager: No more executingServices of com.google.android.providers.media.module/com.android.providers.media.MediaService
07-13 08:41:59.667 5252-16383/? V/MediaMetadataRetriever: constructor
07-13 08:41:59.667 995-24804/? V/MetadataRetrieverClient: MetadataRetrieverClient constructor pid(5252)
07-13 08:41:59.667 995-24804/? V/MediaPlayerService: Create new media retriever from pid 5252
07-13 08:41:59.668 5252-16383/? V/MediaMetadataRetriever: setDataSource(105, 0, 576460752303423487)
07-13 08:41:59.668 995-23221/? V/MetadataRetrieverClient: setDataSource fd=8, offset=0, length=576460752303423487
07-13 08:41:59.668 995-23221/? V/MetadataRetrieverClient: st_dev  = 147
07-13 08:41:59.668 995-23221/? V/MetadataRetrieverClient: st_mode = 33200
07-13 08:41:59.668 995-23221/? V/MetadataRetrieverClient: st_uid  = 10215
07-13 08:41:59.668 995-23221/? V/MetadataRetrieverClient: st_gid  = 1023
07-13 08:41:59.668 995-23221/? V/MetadataRetrieverClient: st_size = 143174
07-13 08:41:59.668 995-23221/? V/MetadataRetrieverClient: calculated length = 143174
07-13 08:41:59.668 995-23221/? V/MetadataRetrieverClient: player type = 4
07-13 08:41:59.669 7499-7582/? I/BaseThreadPoolExecutor: [#CMH#] Task e0.e@7104ec3 is submitted
07-13 08:41:59.669 943-943/? I/DrmManagerService(Native): value of perm = 2 return true from DRM FW
07-13 08:41:59.670 943-943/? E/SEC_DRM_PLUGIN_Omafl: OmaPlugin::onOpenDecryptSession(fd)::Drm2IsDrmFileByExtFd::file is NOT DRM by extension
07-13 08:41:59.671 995-23221/? D/StagefrightMetadataRetriever: FileSource remote
07-13 08:41:59.680 990-19577/? I/MediaExtractorFactory: Created an extractor 'SECMPEG4Extractor' with confidence 0.41
07-13 08:41:59.681 995-23221/? V/MetadataRetrieverClient: setDataSource(fd) return(0)
07-13 08:41:59.681 1212-5678/? D/SGM:GameManager: identifyGamePackage. com.sec.android.app.launcher, mCurrentUserId: 0, callerUserId: 0, callingMethodInfo: com.android.server.ssrm.SortingMachine.isGame(SortingMachine.java:162)
07-13 08:41:59.681 7499-29118/? I/MediaContentSyncTask: [#CMH#] No of Row (SEC MP :  42, Max Id : 2147484875) (CMH : 41, Max Id : 2147484811) - Time :2
07-13 08:41:59.681 1212-5678/? D/SGM:PkgDataHelper: getGamePkgData(). com.sec.android.app.launcher
07-13 08:41:59.681 1212-5678/? D/SGM:PkgDataHelper: [ 07-13 08:41:59.682  5
07-13 08:41:59.681 1212-5678/? D/SGM:PkgDataHelper: 252:16383 V/MediaMetadataRetriever ]
07-13 08:41:59.681 1212-5678/? D/SGM:PkgDataHelper: setDataSource(fd) return(0)
07-13 08:41:59.682 5252-16383/? V/MediaMetadataRetriever: extractMetadata(23)
07-13 08:41:59.682 995-24804/? V/MetadataRetrieverClient: extractMetadata
07-13 08:41:59.682 5252-5451/? D/MediaSync: loaded: 32ms, 1
07-13 08:41:59.684 5252-16383/? V/MediaMetadataRetriever: extractMetadata(1021)
07-13 08:41:59.684 995-995/? V/MetadataRetrieverClient: extractMetadata
07-13 08:41:59.684 5252-16383/? V/MediaMetadataRetriever: extractMetadata(1015)
07-13 08:41:59.685 995-24804/? V/MetadataRetrieverClient: extractMetadata
07-13 08:41:59.685 5252-16383/? V/MediaMetadataRetriever: extractMetadata(1022)
07-13 08:41:59.685 995-23221/? V/MetadataRetrieverClient: extractMetadata
07-13 08:41:59.685 5252-16383/? V/MediaMetadataRetriever: extractMetadata(1027)
07-13 08:41:59.686 995-24804/? V/MetadataRetrieverClient: extractMetadata
07-13 08:41:59.686 5252-16383/? V/MediaMetadataRetriever: extractMetadata(1024)
07-13 08:41:59.686 995-995/? V/MetadataRetrieverClient: extractMetadata
07-13 08:41:59.687 5252-16383/? V/MediaMetadataRetriever: extractMetadata(1025)
07-13 08:41:59.687 995-19315/? V/MetadataRetrieverClient: extractMetadata
07-13 08:41:59.687 5252-16383/? V/MediaMetadataRetriever: extractMetadata(35)
07-13 08:41:59.688 995-24804/? V/MetadataRetrieverClient: extractMetadata
07-13 08:41:59.688 5252-16383/? V/MediaMetadataRetriever: extractMetadata(36)
07-13 08:41:59.688 995-24804/? V/MetadataRetrieverClient: extractMetadata
07-13 08:41:59.689 5252-16383/? V/MediaMetadataRetriever: destructor
07-13 08:41:59.689 5252-16383/? V/MediaMetadataRetriever: disconnect
07-13 08:41:59.689 995-24804/? V/MetadataRetrieverClient: disconnect from pid 5252
07-13 08:41:59.690 995-24804/? V/MetadataRetrieverClient: MetadataRetrieverClient destructor
07-13 08:41:59.690 995-24804/? V/MetadataRetrieverClient: disconnect from pid 5252
07-13 08:41:59.699 7499-29118/? I/MediaContentSyncTask: [#CMH#] Rebuilding contents count 1
07-13 08:41:59.700 5252-16383/? D/MediaParser: scanItem: 1
07-13 08:41:59.700 7499-29118/? I/ImageFeatures: [#CMH#] Not support file type 
07-13 08:41:59.702 1212-4509/? V/ActivityManager: >>> EXECUTING create of com.google.android.gms/.ipa.base.IpaGcmTaskService
07-13 08:41:59.702 1212-4509/? D/ActivityManager: schedule service timeout ProcessRecord{9c5331a 26496:com.google.android.gms/u0a179}
07-13 08:41:59.704 1212-4509/? V/ActivityManager: >>> EXECUTING bind of com.google.android.gms/.ipa.base.IpaGcmTaskService
07-13 08:41:59.705 7499-29118/? I/MediaContentSyncTask: [#CMH#] Insert ITEM :  1
07-13 08:41:59.707 1212-2724/? V/ActivityManager: >>> EXECUTING create of com.samsung.android.providers.media/.LocationService
07-13 08:41:59.707 1212-2724/? D/ActivityManager: schedule service timeout ProcessRecord{a157db8 5252:android.process.media/u0a42}
07-13 08:41:59.710 1212-2965/? D/SemWifiUsabilityStatsMonitor: onWifiUsabilityStats - seqNum 232, isSameBssidAndFreq true
07-13 08:41:59.713 1212-1751/? I/SemWifiLinkQualityMonitor: Link Qos Query: 0,018 ms / 433,000 Mbps (433 / 0,000 / 1,000)
07-13 08:41:59.714 7499-29118/? I/MediaContentSyncLocation: [#CMH#] Location Count MP :  0, CMH : 0
07-13 08:41:59.714 7499-29118/? I/BaseThreadPoolExecutor: [#CMH#] afterExecute FutureTask
07-13 08:41:59.715 1212-2724/? V/ActivityManager: >>> EXECUTING bind of com.samsung.android.providers.media/.LocationService
07-13 08:41:59.715 7499-29118/? I/ControllerEventHandler: [#CMH#] New Task for wait content sync job 
07-13 08:41:59.715 7499-29118/? I/BaseThreadPoolExecutor: [#CMH#] Task e0.e@7104
07-13 08:41:59.715 7499-29118/? I/BaseThreadPoolExecutor: ec3 is submitted
07-13 08:41:59.716 1212-4509/? V/ActivityManager: <<< DONE EXECUTING com.google.android.gms/.ipa.base.IpaGcmTaskService
07-13 08:41:59.717 1212-2014/? V/ActivityManager: <<< DONE EXECUTING com.google.android.gms/.ipa.base.IpaGcmTaskService
07-13 08:41:59.717 1212-2014/? V/ActivityManager: No more executingServices of com.google.android.gms/.ipa.base.IpaGcmTaskService
07-13 08:41:59.720 2857-28871/? I/NetworkScheduler.Stats: (REDACTED) Task %s/%s started execution. cause:%s exec_start_elapsed_seconds: %s
07-13 08:41:59.721 1212-2014/? V/ActivityManager: <<< DONE EXECUTING com.samsung.android.providers.media/.LocationService
07-13 08:41:59.721 1212-4472/? V/ActivityManager: <<< DONE EXECUTING com.samsung.android.providers.media/.LocationService
07-13 08:41:59.722 1212-4472/? V/ActivityManager: No more executingServices of com.samsung.android.providers.media/.LocationService
07-13 08:41:59.727 5252-29804/? D/LocationService: Begin: com.samsung.intent.action.UPDATE_LOCATION
07-13 08:41:59.728 5252-29804/? D/LocationManager: delete null addr: 0
07-13 08:41:59.729 7499-29118/? I/MediaContentSyncTask: [#CMH#] No of Row (SEC MP :  42, Max Id : 2147484875) (CMH : 42, Max Id : 2147484875) - Time :3
07-13 08:41:59.730 5252-29804/? D/ModernSamsungCoreService: applyPending()
07-13 08:41:59.730 5252-29804/? D/LocationManager: LocationTask: 3ms
07-13 08:41:59.730 5252-29804/? D/LocationService: End: com.samsung.intent.action.UPDATE_LOCATION
07-13 08:41:59.731 1212-2014/? V/ActivityManager: >>> EXECUTING unbind of com.google.android.gms/.ipa.base.IpaGcmTaskService
07-13 08:41:59.731 1212-2014/? D/ActivityManager: schedule service timeout ProcessRecord{9c5331a 26496:com.google.android.gms/u0a179}
07-13 08:41:59.732 1212-2014/? V/ActivityManager: >>> EXECUTING destroy of com.google.android.gms/.ipa.base.IpaGcmTaskService
07-13 08:41:59.732 2857-28870/? I/NetworkScheduler.Stats: (REDACTED) Task %s/%s finished executing. cause:%s result: %s elapsed_millis: %s uptime_millis: %s exec_start_elapsed_seconds: %s
07-13 08:41:59.733 1212-4416/? V/ActivityManager: >>> EXECUTING unbind of com.samsung.android.providers.media/.LocationService
07-13 08:41:59.733 1212-4416/? D/ActivityManager: schedule service timeout ProcessRecord{a157db8 5252:android.process.media/u0a42}
07-13 08:41:59.733 1212-4416/? V/ActivityManager: >>> EXECUTING destroy of com.samsung.android.providers.media/.LocationService
07-13 08:41:59.736 1212-4472/? V/ActivityManager: <<< DONE EXECUTING com.google.android.gms/.ipa.base.IpaGcmTaskService
07-13 08:41:59.736 1212-4472/? V/ActivityManager: <<< DONE EXECUTING com.google.android.gms/.ipa.base.IpaGcmTaskService
07-13 08:41:59.736 1212-4472/? V/ActivityManager: No more executingServices of com.google.android.gms/.ipa.base.IpaGcmTaskService
07-13 08:41:59.737 1212-4472/? V/ActivityManager: <<< DONE EXECUTING com.samsung.android.providers.media/.LocationService
07-13 08:41:59.738 1212-4472/? V/ActivityManager: <<< DONE EXECUTING com.samsung.android.providers.media/.LocationService
07-13 08:41:59.738 1212-4472/? V/ActivityManager: No more executingServices of com.samsung.android.providers.media/.LocationService
07-13 08:41:59.744 7499-29118/? I/MediaContentSyncTask: [#CMH#] MP time stamp :  1689252119697, CMH time stamp : 1689118469249
07-13 08:41:59.749 7499-29118/? I/MediaContentSyncTask: [#CMH#] Update ITEM  :  1
07-13 08:41:59.755 7499-29118/? I/MediaContentSyncTask: [#CMH#] Update Cursor Count (1=>1), Time: 5 
07-13 08:41:59.756 859-29772/? I/HYPER-HAL: [RequestManager.cpp]releaseLocked(): Released ID : 6988203
07-13 08:41:59.757 7499-29118/? I/MediaContentSyncTask: [#CMH#] Update ITEM :  1
07-13 08:41:59.766 7499-29118/? I/MediaContentSyncLocation: [#CMH#] Location Count MP :  0, CMH : 0
07-13 08:41:59.766 7499-29118/? I/BaseThreadPoolExecutor: [#CMH#] afterExecute FutureTask
07-13 08:41:59.766 7499-29118/? I/ControllerEventHandler: [#CMH#] Alive Privacy Ignored Policy Called:  false
07-13 08:41:59.766 7499-7577/? I/ControllerEventHandler: [#CMH#] POI Feature is False 
07-13 08:41:59.907 1212-1836/? I/Pageboost: Launcher App Execution
07-13 08:41:59.907 1212-1836/? E/Pageboost: ioinfo read failed
07-13 08:42:00.001 1853-1853/? D/KeyguardUpdateMonitor: received broadcast android.intent.action.TIME_TICK
07-13 08:42:00.002 1853-1853/? D/KeyguardUpdateMonitor: handleTimeUpdate
07-13 08:42:00.003 1853-2345/? D/QSClockBellTower: onReceive(android.intent.action.TIME_TICK) mTimeZoneString:null
07-13 08:42:00.003 1853-1853/? D/FaceWidgetPagesController: onTimeChanged()
07-13 08:42:00.006 1853-1853/? D/QSClockBellTower: He is ready to ring the bell. (((QSClockBellSound - TimeText:08:42, TimeContentDescription:08:42, DateText:qui., 13 de julho, ShortDateText:qui., 13 de jul., Demo:false, QuickStar-Second(false|12:34:56))))
07-13 08:42:00.008 1853-1853/? D/QSClockIndicatorView: Home Indicator status_bar_clock 08:42 notifyTimeChanged(QSClockBellSound - TimeText:08:42, TimeContentDescription:08:42, DateText:qui., 13 de julho, ShortDateText:qui., 13 de jul., Demo:false, QuickStar-Second(false|12:34:56)) ClockVisibleByPolicy:true, ClockVisibleByUser:true, visible?true, parent:android.widget.LinearLayout{97bda6a V.E...... ......ID 0,0-97,70 #7f0b04f0
07-13 08:42:00.008 1853-1853/? D/QSClockIndicatorView:  app:id/left_clock_container}
07-13 08:42:00.008 1853-1853/? D/QSClockBellTower: Everyone heard the bell. run(currentTime:1689252120005,   getTime():Thu Jul 13 08:42:00 GMT-04:00 2023,   getTimeZone():libcore.util.ZoneInfo[mDstSavings=0,mUseDst=false,mDelegate=[id="America/Manaus",mRawOffset=-14400000,mEarliestRawOffset=-14404000,transitions=32]])
07-13 08:42:00.019 2265-2265/? W/NavigableAppWidgetHostView: setResizeScaleResult() 1002/ 350 scaleToResize = 1.0(widget id = 5) 191c8d3 0,356-1002,706
07-13 08:42:00.035 1853-1853/? I/FaceWidgetPositionAlgorithm: getClockContainerHeight() supplier = 290, bottom margin = 0, real height = 839
07-13 08:42:00.036 1853-1853/? I/FaceWidgetPositionAlgorithm: getClockContainerHeight() supplier = 290, bottom margin = 68, real height = 839
07-13 08:42:00.036 1853-1853/? I/FaceWidgetPositionAlgorithm: getMediaContainerHeight() height = 0 container Visibility = 8, isValid = false, mIsDozing = false, fraction = 1.0, source = 0, target = 0
07-13 08:42:00.036 1853-1853/? I/FaceWidgetPositionAlgorithm: getMediaContainerHeight() supplier = 0
07-13 08:42:00.039 1853-1853/? V/QsExpandAnimator: setQsExpansionPosition 0.0
07-13 08:42:00.041 859-29731/? I/HYPER-HAL: [RequestManager.cpp]releaseLocked(): Released ID : 1837486
07-13 08:42:00.048 1853-1853/? V/QsExpandAnimator: updateAnimators
07-13 08:42:00.048 1853-1853/? V/QsExpandAnimator: clearAnimationState 
07-13 08:42:00.048 1853-1853/? V/QsExpandAnimator: updateViews
07-13 08:42:00.050 1853-1853/? V/QsExpandAnimator: updateTileAnimator
07-13 08:42:00.052 1853-1853/? V/QsExpandAnimator: updateHeaderAnimator
07-13 08:42:00.053 1853-1853/? V/QsExpandAnimator: updateBarAnimator
07-13 08:42:00.053 1853-1853/? V/QsExpandAnimator: setQsExpansionPosition 0.0
07-13 08:42:00.053 1853-1853/? V/QsExpandAnimator: onAnimationAtStart
07-13 08:42:00.151 859-29778/? I/HYPER-HAL: [RequestManager.cpp]releaseLocked(): Released ID : 6991943
07-13 08:42:00.291 3658-4074/? I/MediaProvider: Deleted 0 0 0 1 0 0 0 items on external_primary due to com.android.shell
