07-13 08:41:56.759 916-1071/? E/HWComposer: getSupportedContentTypes: getSupportedContentTypes failed for display 0: Unsupported (8)
07-13 08:41:56.760 29676-29709/? D/OpenGLRenderer: eglCreateWindowSurface
07-13 08:41:56.764 368-1360/? I/servicemanager: Could not find android.hardware.graphics.allocator.IAllocator/default in the VINTF manifest.
07-13 08:41:56.768 916-916/? D/SurfaceFlinger: Display 0 HWC layers:
07-13 08:41:56.768 916-916/? D/SurfaceFlinger:      DEVICE | 0xf359f500 | 0100 | RGBA_8888    |    0.0    0.0 1080.0 2408.0 |    0    0 1080 2408 | Splash Screen app.identifier.test$_1853#1090
07-13 08:41:56.768 916-916/? D/SurfaceFlinger:      DEVICE | 0xf3201280 | 0100 | RGBA_8888    |    0.0    0.0 1080.0   70.0 |    0    0 1080   70 | StatusBar$_1853#98
07-13 08:41:56.768 916-916/? D/SurfaceFlinger:      DEVICE | 0xf31fff00 | 0100 | RGBA_8888    |    0.0    0.0 1080.0  135.0 |    0 2273 1080 2408 | NavigationBar0$_1853#92
07-13 08:41:56.768 916-916/? D/SurfaceFlinger:      DEVICE | 0xf3200e00 | 0108 | RGBA_8888    |    0.0    0.0 1080.0 2408.0 |    0    0 1080 2408 | $_1853#94
07-13 08:41:56.771 29676-29676/? I/ViewRootImpl@f436291[MainActivity]: reportNextDraw android.view.ViewRootImpl.performTraversals:4438 android.view.ViewRootImpl.doTraversal:3116 android.view.ViewRootImpl$TraversalRunnable.run:10885 android.view.Choreographer$CallbackRecord.run:1301 android.view.Choreographer$CallbackRecord.run:1309 
07-13 08:41:56.773 29676-29676/? I/ViewRootImpl@f436291[MainActivity]: Setup new sync id=0
07-13 08:41:56.773 29676-29676/? I/ViewRootImpl@f436291[MainActivity]: Setting syncFrameCallback
07-13 08:41:56.774 29676-29676/? I/ViewRootImpl@f436291[MainActivity]: registerCallbacksForSync syncBuffer=false
07-13 08:41:56.781 916-916/? I/Layer: id=1079 removeFromCurrentState Surface(name=593fd37 NavigationBar0)/@0x2904048 - animation-leash of insets_animation#1079 (111)
07-13 08:41:56.781 916-916/? I/Layer: id=76 removeFromCurrentState 593fd37 NavigationBar0#76 (111)
07-13 08:41:56.781 916-916/? I/Layer: id=92 removeFromCurrentState NavigationBar0$_1853#92 (111)
07-13 08:41:56.781 916-916/? I/Layer: id=1078 removeFromCurrentState Surface(name=f0b3b0b StatusBar)/@0x2f140cf - animation-leash of insets_animation#1078 (111)
07-13 08:41:56.781 916-916/? I/Layer: id=76 addToCurrentState 593fd37 NavigationBar0#76 (111)
07-13 08:41:56.781 916-916/? I/Layer: id=92 addToCurrentState NavigationBar0$_1853#92 (111)
07-13 08:41:56.781 916-916/? D/SurfaceFlinger: [input] inputWindowCommands.focusRequests size is 1
07-13 08:41:56.781 916-916/? I/SurfaceFlinger: id=1079 Removed Surface(name=593fd37 NavigationBar0)/@0x2904048 - animation-leash of insets_animation#1079 (111)
07-13 08:41:56.781 916-916/? I/SurfaceFlinger: id=1078 Removed Surface(name=f0b3b0b StatusBar)/@0x2f140cf - animation-leash of insets_animation#1078 (111)
07-13 08:41:56.782 916-916/? I/Layer: id=1078 Destroyed Surface(name=f0b3b0b StatusBar)/@0x2f140cf - animation-leash of insets_animation#1078
07-13 08:41:56.782 916-916/? I/Layer: id=1079 Destroyed Surface(name=593fd37 NavigationBar0)/@0x2904048 - animation-leash of insets_animation#1079
07-13 08:41:56.783 916-1034/? D/SurfaceFlinger: [input] setFocusedWindow: 8db0f90 app.identifier/app.identifier.MainActivity
07-13 08:41:56.783 1212-2144/? D/InputDispatcher: F
07-13 08:41:56.783 1212-2144/? D/InputDispatcher: ocus request (0): 8db0f90 app.identifier/app.identifier.MainActivity but waiting because NO_WINDOW
07-13 08:41:56.784 29676-29739/? I/ViewRootImpl@f436291[MainActivity]: Received frameDrawingCallback syncResult=0 frameNum=1.
07-13 08:41:56.784 29676-29739/? I/ViewRootImpl@f436291[MainActivity]: Setting up sync and frameCommitCallback
07-13 08:41:56.789 916-916/? D/SurfaceFlinger: Display 0 HWC layers:
07-13 08:41:56.789 916-916/? D/SurfaceFlinger:      DEVICE | 0xf359f500 | 0100 | RGBA_8888    |    0.0    0.0 1080.0 2408.0 |    0    0 1080 2408 | Splash Screen app.identifier.test$_1853#1090
07-13 08:41:56.789 916-916/? D/SurfaceFlinger:      DEVICE | 0xf3201280 | 0100 | RGBA_8888    |    0.0    0.0 1080.0   70.0 |    0    0 1080   70 | StatusBar$_1853#98
07-13 08:41:56.789 916-916/? D/SurfaceFlinger:      DEVICE | 0xf3200200 | 0100 | RGBA_8888    |    0.0    0.0 1080.0  135.0 |    0 2273 1080 2408 | NavigationBar0$_1853#92
07-13 08:41:56.789 916-916/? D/SurfaceFlinger:      DEVICE | 0xf3200e00 | 0108 | RGBA_8888    |    0.0    0.0 1080.0 2408.0 |    0    0 1080 2408 | $_1853#94
07-13 08:41:56.888 29676-29709/? I/BLASTBufferQueue: [ViewRootImpl@f436291[MainActivity]#0](f:0,a:0) onFrameAvailable the first frame is available
07-13 08:41:56.890 29676-29709/? I/ViewRootImpl@f436291[MainActivity]: Received frameCommittedCallback lastAttemptedDrawFrameNum=1 didProduceBuffer=true
07-13 08:41:56.891 29676-29709/? D/OpenGLRenderer: CFMS:: SetUp Pid : 29676    Tid : 29709
07-13 08:41:56.895 29676-29676/? I/ViewRootImpl@f436291[MainActivity]: onSyncComplete
07-13 08:41:56.896 29676-29676/? I/ViewRootImpl@f436291[MainActivity]: setupSync seqId=0 mSyncId=0 fn=1 caller=android.view.ViewRootImpl$$ExternalSyntheticLambda11.accept:6 android.window.SurfaceSyncer.lambda$setupSync$1$android-window-SurfaceSyncer:128 android.window.SurfaceSyncer$$ExternalSyntheticLambda1.accept:8 android.window.SurfaceSyncer$SyncSet.checkIfSyncIsComplete:382 android.window.SurfaceSyncer$SyncSet.markSyncReady:359 android.window.SurfaceSyncer.markSyncReady:151 android.view.ViewRootImpl.performTraversals:4503 
07-13 08:41:56.897 29676-29676/? I/ViewRootImpl@f436291[MainActivity]: reportDrawFinished seqId=0 mSyncId=-1 fn=1 mSurfaceChangedTransaction=0xe8c35ec0
07-13 08:41:56.897 1212-2014/? D/WindowManager: finishDrawingWindow: Window{8db0f90 u0 app.identifier/app.identifier.MainActivity} mDrawState=DRAW_PENDING seqId=0
07-13 08:41:56.901 916-916/? D/SurfaceFlinger: Display 0 HWC layers:
07-13 08:41:56.901 916-916/? D/SurfaceFlinger:      DEVICE | 0xf359f500 | 0100 | RGBA_8888    |    0.0    0.0 1080.0 2408.0 |    0    0 1080 2408 | Splash Screen app.identifier.test$_1853#1090
07-13 08:41:56.901 916-916/? D/SurfaceFlinger:      DEVICE | 0xf3201280 | 0100 | RGBA_8888    |    0.0    0.0 1080.0   70.0 |    0    0 1080   70 | StatusBar$_1853#98
07-13 08:41:56.901 916-916/? D/SurfaceFlinger:      DEVICE | 0xf3200200 | 0100 | RGBA_8888    |    0.0    0.0 1080.0  135.0 |    0 2273 1080 2408 | NavigationBar0$_1853#92
07-13 08:41:56.901 916-916/? D/SurfaceFlinger:      DEVICE | 0xf3200e00 | 0108 | RGBA_8888    |    0.0    0.0 1080.0 2408.0 |    0    0 1080 2408 | $_1853#94
07-13 08:41:56.901 1212-1242/? V/WindowManager: Finish starting ActivityRecord{b028d3d u0 app.identifier/.MainActivity} t213}: first real window is shown, no animation
07-13 08:41:56.902 1212-1242/? V/WindowManager: Schedule remove starting ActivityRecord{b028d3d u0 app.identifier/.MainActivity} t213} startingWindow=null startingView=null Callers=com.android.server.wm.ActivityRecord.removeStartingWindow:3227 com.android.server.wm.ActivityRecord.onFirstWindowDrawn:7454 com.android.server.wm.WindowState.performShowLocked:5472 com.android.server.wm.WindowStateAnimator.commitFinishDrawingLocked:351 com.android.server.wm.DisplayContent.lambda$new$8:1189 
07-13 08:41:56.902 1212-1242/? I/SemDvfsHyPerManager: acquire hyper - AMS_RESUME_TAIL/1212@16, type = -999
07-13 08:41:56.903 1212-1242/? I/SemDvfsHyPerManager: acquire hyper - AMS_ACT_LAZY/1212@17, type = -999
07-13 08:41:56.903 859-918/? I/HYPER-HAL: [RequestManager.cpp]acquire(): Acquired ID : 754622  [1212 / 16]    HINT : AMS_RESUME_TAIL    list : 
07-13 08:41:56.903 1212-1242/? D/ActivityManagerPerformance: AMP_acquire() TAIL
07-13 08:41:56.903 1212-1238/? W/ziparchive: Unable to open '/data/app/~~Qu9geFihnf9oROCNArr4VQ==/app.identifier-vu71HKY-ma9pBQzUxOg9Pw==/base.dm': No such file or directory
07-13 08:41:56.904 1212-1242/? D/ActivityManagerPerformance: AMP_release() APP_SWITCH
07-13 08:41:56.904 1212-1242/? V/WindowManager: performShowLocked: mDrawState=HAS_DRAWN in Window{8db0f90 u0 app.identifier/app.identifier.MainActivity}
07-13 08:41:56.904 859-918/? I/HYPER-HAL: [RequestManager.cpp]releaseLocked(): Released ID : 759548
07-13 08:41:56.905 1212-1238/? D/[secipm]: mSecIpmManager report to nap
07-13 08:41:56.905 1212-1238/? I/PkgPredictorService-SecIpmManagerServiceImpl: reportToNAP uid:10450 app.identifier/app.identifier.MainActivity thisTime:912
07-13 08:41:56.906 1212-1238/? I/ActivityTaskManager: Displayed app.identifier/.MainActivity: +912ms
07-13 08:41:56.906 1212-1238/? I/Pageboost: Launch time gathered : pid 29676 app.identifier 912
07-13 08:41:56.907 2692-2692/? E/pageboostd: Received HALT command code 2
07-13 08:41:56.907 1212-1242/? V/WindowManager: Removing startingView=com.android.server.wm.StartingSurfaceController$StartingSurface@62afa15
07-13 08:41:56.908 1212-1242/? D/TaskOrganizerController: applyStartingWindowAnimation, window=Window{8db0f90 u0 app.identifier/app.identifier.MainActivity}, caller=com.android.server.wm.TaskOrganizerController.removeStartingWindow:573 com.android.server.wm.StartingSurfaceController$StartingSurface.remove:280 com.android.server.wm.ActivityRecord.lambda$removeStartingWindowAnimation$6:3289 
07-13 08:41:56.908 1212-1242/? I/WindowManager: Reparenting to leash, surface=Surface(name=8db0f90 app.identifier/app.identifier.MainActivity)/@0x22817f2, leashParent=Surface(name=ActivityRecord{
07-13 08:41:56.908 1212-1242/? I/WindowManager: b028d3d u0 app.identifier/.MainActivity} t213})/@0x98a1e43
07-13 08:41:56.908 916-1071/? I/SurfaceFlinger: id=1100 createSurf flag=24000, Surface(name=8db0f90 app.identifier/app.identifier.MainActivity)/@0x22817f2 - animation-leash of starting_reveal#1100
07-13 08:41:56.909 1212-1242/? D/WindowManager: makeSurface duration=1 leash=Surface(name=Surface(name=8db0f90 app.identifier/app.identifier.MainActivity)/@0x22817f2 - animation-leash of starting_reveal)/@0xfd97cc0
07-13 08:41:56.914 916-916/? I/Layer: Layer [app.identifier/app.identifier.MainActivity$_29676#1097] hidden!! flag(0)
07-13 08:41:56.915 1212-1242/? D/ActivityTaskManager: mStartingWindow and mStartingData is null for token=ActivityRecord{b028d3d u0 app.identifier/.MainActivity} t213}
07-13 08:41:56.916 1212-2014/? I/AppOps: updateUidProcState uid: 10041 procState: 0 capability:15
07-13 08:41:56.916 1212-2144/? D/InputDispatcher: Focus entered window (0): 8db0f90 app.identifier/app.identifier.MainActivity
07-13 08:41:56.917 1853-1919/? D/OpenGLRenderer: setSurface called with nullptr
07-13 08:41:56.917 959-959/? I/CameraService: onUidStateChanged: uid=10041, procState is changed. (1 -> 0)
07-13 08:41:56.918 1853-1919/? D/OpenGLRenderer: setSurface() destroyed EGLSurface
07-13 08:41:56.918 1853-1919/? D/OpenGLRenderer: destroyEglSurface
07-13 08:41:56.924 1853-1912/? I/ViewRootImpl@7aea436[test]: performTraversals params={(0,0)(fillxfill) sim={adjust=pan} ty=APPLICATION_STARTING fmt=TRANSLUCENT wanim=0x1030001 alpha=0.0
07-13 08:41:56.924 1853-1912/? I/ViewRootImpl@7aea436[test]:   fl=81030118
07-13 08:41:56.924 1853-1912/? I/ViewRootImpl@7aea436[test]:   pfl=16000010
07-13 08:41:56.924 1853-1912/? I/ViewRootImpl@7aea436[test]:   bhv=DEFAULT
07-13 08:41:56.924 1853-1912/? I/ViewRootImpl@7aea436[test]:   fitSides= naviIconColor=0}
07-13 08:41:56.926 1853-1912/? I/ViewRootImpl@7aea436[test]: performTraversals mFirst=false windowShouldResize=false viewVisibilityChanged=true mForceNextWindowRelayout=false params={(0,0)(fillxfill) sim={adjust=pan} ty=APPLICATION_STARTING fmt=TRANSLUCENT wanim=0x1030001 alpha=0.0
07-13 08:41:56.926 1853-1912/? I/ViewRootImpl@7aea436[test]:   fl=81030118
07-13 08:41:56.926 1853-1912/? I/ViewRootImpl@7aea436[test]:   pfl=16000010
07-13 08:41:56.926 1853-1912/? I/ViewRootImpl@7aea436[test]:   bhv=DEFAULT
07-13 08:41:56.926 1853-1912/? I/ViewRootImpl@7aea436[test]:   fitSides= naviIconColor=0}
07-13 08:41:56.927 1212-2014/? V/WindowManager: Relayout Window{1374b1b u0 Splash Screen app.identifier.test}: viewVisibility=8 req=1080x2408 d0
07-13 08:41:56.932 916-916/? D/SurfaceFlinger: Display 0 HWC layers:
07-13 08:41:56.932 916-916/? D/SurfaceFlinger:      DEVICE | 0xf3a70400 | 0102 | RGBA_8888    |    0.0    0.0 1080.0 2408.0 |    0    0 1080 2408 | app.identifier/app.identifier.MainActivity$_29676#1097
07-13 08:41:56.932 916-916/? D/SurfaceFlinger:      DEVICE | 0xf359f500 | 0100 | RGBA_8888    |    0.0    0.0 1080.0 2408.0 |    0    0 1080 2408 | Splash Screen app.identifier.test$_1853#1090
07-13 08:41:56.932 916-916/? D/SurfaceFlinger:      CLIENT | 0xf3201280 | 0100 | RGBA_8888    |    0.0    0.0 1080.0   70.0 |    0    0 1080   70 | StatusBar$_1853#98
07-13 08:41:56.932 916-916/? D/SurfaceFlinger:      CLIENT | 0xf3200200 | 0100 | RGBA_8888    |    0.0    0.0 1080.0  135.0 |    0 2273 1080 2408 | NavigationBar0$_1853#92
07-13 08:41:56.932 916-916/? D/SurfaceFlinger:      DEVICE | 0xf3200e00 | 0108 | RGBA_8888    |    0.0    0.0 1080.0 2408.0 |    0    0 1080 2408 | $_1853#94
07-13 08:41:56.932 916-916/? I/Layer: Layer [Splash Screen app.identifier.test$_1853#1090] hidden!! flag(1)
07-13 08:41:56.934 1212-2014/? V/WindowManager: Relayout hash=1374b1b, pid=1853, syncId=-1: mAttrs={(0,0)(fillxfill) sim={adjust=pan} ty=APPLICATION_STARTING fmt=TRANSLUCENT wanim=0x1030001 alpha=0.0
07-13 08:41:56.934 1212-2014/? V/WindowManager:   fl=81030118
07-13 08:41:56.934 1212-2014/? V/WindowManager:   pfl=16000010
07-13 08:41:56.934 1212-2014/? V/WindowManager:   bhv=DEFAULT
07-13 08:41:56.934 1212-2014/? V/WindowManager:   fitSides= naviIconColor=0}
07-13 08:41:56.936 1853-1912/? D/InsetsController: onStateChanged: InsetsState: {mDisplayFrame=Rect(0, 0 - 1080, 2408), mDisplayCutout=DisplayCutout{insets=Rect(0, 65 - 0, 0) waterfall=Insets{left=0, top=0, right=0, bottom=0} boundingRect={Bounds=[Rect(0, 0 - 0, 0), Rect(454, 0 - 626, 65), Rect(0, 0 - 0, 0), Rect(0, 0 - 0, 0)]} cutoutPathParserInfo={CutoutPathParserInfo{displayWidth=1080 displayHeight=2408 physicalDisplayWidth=1080 physicalDisplayHeight=2408 density={2.8125} cutoutSpec={M 0,0 H -30.57777777777778 V 23.11111111111111 H 30.57777777777778 V 0 H 0 Z @dp} rotation={0} scale={1.0} physicalPixelDisplaySizeRatio={1.0}}}}, mRoundedCorners=RoundedCorners{[RoundedCorner{position=TopLeft, radius=90, center=Point(90, 90)}, RoundedCorner{position=TopRight, radius=90, center=Point(990, 90)}, RoundedCorner{position=BottomRight, radius=90, center=Point(990, 2318)}, RoundedCorner{position=BottomLeft, radius=90, center=Point(90, 2318)}]}  mRoundedCornerFrame=Rect(0, 0 - 1080, 2408), mPrivacyIndicatorBounds=P
07-13 08:41:56.936 1853-1912/? D/InsetsController: rivacyIndicatorBounds {static bounds=Rect(956, 0 - 1080, 70) rotation=0}, mSources= { InsetsSource: {mType=ITYPE_STATUS_BAR, mFrame=[0,0][1080,70], mVisible=true, mInsetsRoundedCornerFrame=false}, InsetsSource: {mType=ITYPE_NAVIGATION_BAR, mFrame=[0,2273][1080,2408], mVisible=true, mInsetsRoundedCornerFrame=false}, InsetsSource: {mType=ITYPE_LEFT_GESTURES, mFrame=[0,0][0,2408], mVisible=true, mInsetsRoundedCornerFrame=false}, InsetsSource: {mType=ITYPE_RIGHT_GESTURES, mFrame=[1080,0][1080,2408], mVisible=true, mInsetsRoundedCornerFrame=false}, InsetsSource: {mType=ITYPE_TOP_MANDATORY_GESTURES, mFrame=[0,0][1080,99], mVisible=true, mInsetsRoundedCornerFrame=false}, InsetsSource: {mType=ITYPE_BOTTOM_MANDATORY_GESTURES, mFrame=[0,2273][1080,2408], mVisible=true, mInsetsRoundedCornerFrame=false}, InsetsSource: {mType=ITYPE_LEFT_DISPLAY_CUTOUT, mFrame=[0,0][-100000,2408], mVisible=true, mInsetsRoundedCornerFrame=false}, InsetsSource: {mType=ITYPE_TOP_DISPLAY_CUTOUT, mFrame=[0,0][1080,65], mVisible=true, mInsetsRoundedCornerFrame=false}, InsetsSource: {mType=ITYPE_RIGHT_DISPLAY_CUTOUT, mFrame=[100000,0][1080,2408], mVisible=true, mInsetsRoundedCornerFrame=false}, InsetsSource: {mType=ITYPE_BOTTOM_DISPLAY_CUTOUT, mFrame=[0,100000][1080,2408], mVisible=true, mInsetsRoundedCornerFrame=false}, InsetsSource: {mType=ITYPE_TOP_TAPPABLE_ELEMENT, mFrame=[0,0][1080,70], mVisible=true, mInsetsRoundedCornerFrame=false}, InsetsSource: {mType=ITYPE_BOTTOM_TAPPABLE_ELEMENT, mFrame=[0,2273][1080,2408], mVisible=true, mInsetsRoundedCornerFrame=false} } host=Splash Screen app.identifier.test from=android.view.ViewRootImpl.relayoutWindow:9802
07-13 08:41:56.940 1853-1912/? I/ViewRootImpl@7aea436[test]: Relayout returned: old=(0,0,1080,2408) new=(0,0,1080,2408) req=(1080,2408)8 dur=12 res=0x2 s={false 0x0} ch=true seqId=0
07-13 08:41:56.940 916-916/? D/SurfaceFlinger: Display 0 HWC layers:
07-13 08:41:56.940 916-916/? D/SurfaceFlinger:      DEVICE | 0xf3a70400 | 0102 | RGBA_8888    |    0.0    0.0 1080.0 2408.0 |    0    0 1080 2408 | app.identifier/app.identifier.MainActivity$_29676#1097
07-13 08:41:56.940 916-916/? D/SurfaceFlinger:      DEVICE | 0xf3201280 | 0100 | RGBA_8888    |    0.0    0.0 1080.0   70.0 |    0    0 1080   70 | StatusBar$_1853#98
07-13 08:41:56.940 916-916/? D/SurfaceFlinger:      DEVICE | 0xf3200200 | 0100 | RGBA_8888    |    0.0    0.0 1080.0  135.0 |    0 2273 1080 2408 | NavigationBar0$_1853#92
07-13 08:41:56.940 916-916/? D/SurfaceFlinger:      DEVICE | 0xf3200e00 | 0108 | RGBA_8888    |    0.0    0.0 1080.0 2408.0 |    0    0 1080 2408 | $_1853#94
07-13 08:41:56.941 1212-4509/? D/CoreBackPreview: Window{1374b1b u0 Splash Screen app.identifier.test}: Setting back callback null
07-13 08:41:56.941 1853-1912/? I/ViewRootImpl@7aea436[test]: dispatchDetachedFromWindow
07-13 08:41:56.942 1212-4509/? D/WindowManager: Starting window removed Window{1374b1b u0 Splash Screen app.identifier.test}
07-13 08:41:56.942 1212-4509/? I/WindowManager: Cancelling animation restarting=false, leash=Surface(name=Surface(name=8db0f90 app.identifier/app.identifier.MainActivity)/@0x22817f2 - animation-leash of starting_reveal)/@0xfd97cc0
07-13 08:41:56.942 1212-4509/? I/WindowManager: Reparenting to original parent: Surface(name=ActivityRecord{b028d3d u0 app.identifier/.MainActivity} t213})/@0x98a1e43, destroy=false, surface=Surface(name=8db0f90 app.identifier/app.identifier.MainActivity)/@0x22817f2
07-13 08:41:56.943 1212-4509/? D/InputTransport: Input channel destroyed: '1374b1b', fd=731
07-13 08:41:56.943 1212-4509/? W/InputManager-JNI: Input channel object '1374b1b Splash Screen app.identifier.test (client)' was disposed without first being removed with the input manager!
07-13 08:41:56.943 1212-4509/? D/InputTransport: Input channel destroyed: '1374b1b', fd=894
07-13 08:41:56.944 1212-4509/? V/WindowManager: Remove Window{1374b1b u0 Splash Screen app.identifier.test}: mSurfaceController=Surface(name=Splash Screen app.identifier.test$_1853)/@0xa9bc13e mAnimatingExit=false mRemoveOnExit=false mHasSurface=true surfaceShowing=false animating=false app-animation=false mWillReplaceWindow=false mDisplayFrozen=false callers=com.android.server.wm.WindowState.removeIfPossible:3041 com.android.server.wm.WindowManagerService.removeWindow:2282 com.android.server.wm.Session.remove:236 android.view.IWindowSession$Stub.onTransact:743 com.android.server.wm.Session.onTransact:188 android.os.Binder.execTransactInternal:1321 
07-13 08:41:56.944 1212-4509/? I/WindowManager: Destroying surface Surface(name=Splash Screen app.identifier.test$_1853)/@0xa9bc13e called by com.android.server.wm.WindowStateAnimator.destroySurface:942 com.android.server.wm.WindowStateAnimator.destroySurfaceLocked:536 com.android.server.wm.WindowState.removeImmediately:2969 com.android.server.wm.WindowState.removeIfPossible:3228 com.android.server.wm.WindowState.removeIfPossible:3041 com.android.server.wm.WindowManagerService.removeWindow:2282 com.android.server.wm.Session.remove:236 android.view.IWindowSession$Stub.onTransact:743 
07-13 08:41:56.948 916-916/? I/Layer: id=1089 removeFromCurrentState 1374b1b Splash Screen app.identifier.test#1089 (110)
07-13 08:41:56.948 916-916/? I/Layer: id=1090 removeFromCurrentState Splash Screen app.identifier.test$_1853#1090 (110)
07-13 08:41:56.948 916-916/? I/Layer: id=1100 removeFromCurrentState Surface(name=8db0f90 app.identifier/app.identifier.MainActivity)/@0x22817f2 - animation-leash of starting_reveal#1100 (110)
07-13 08:41:56.948 916-916/? I/Layer: id=1090 removeFromCurrentState Splash Screen app.identifier.test$_1853#1090 (110)
07-13 08:41:56.948 916-916/? I/SurfaceFlinger: id=1089 Removed 1374b1b Splash Screen app.identifier.test#1089 (110)
07-13 08:41:56.948 916-916/? I/SurfaceFlinger: id=1090 Removed Splash Screen app.identifier.test$_1853#1090 (110)
07-13 08:41:56.948 1853-1912/? D/InputTransport: Input channel destroyed: '1374b1b', fd=229
07-13 08:41:56.948 916-916/? I/Layer: id=1089 Destroyed 1374b1b Splash Screen app.identifier.test#1089
07-13 08:41:56.949 916-916/? I/Layer: id=1090 Destroyed Splash Screen app.identifier.test$_1853#1090
07-13 08:41:56.953 916-916/? D/SurfaceFlinger: Display 0 HWC layers:
07-13 08:41:56.953 916-916/? D/SurfaceFlinger:      DEVICE | 0xf3a70400 | 0102 | RGBA_8888    |    0.0    0.0 1080.0 2408.0 |    0    0 1080 2408 | app.identifier/app.identifier.MainActivity$_29676#1097
07-13 08:41:56.953 916-916/? D/SurfaceFlinger:      DEVICE | 0xf3201280 | 0100 | RGBA_8888    |    0.0    0.0 1080.0   70.0 |    0    0 1080   70 | StatusBar$_1853#98
07-13 08:41:56.953 916-916/? D/SurfaceFlinger:      DEVICE | 0xf3200200 | 0100 | RGBA_8888    |    0.0    0.0 1080.0  135.0 |    0 2273 1080 2408 | NavigationBar0$_1853#92
07-13 08:41:56.953 916-916/? D/SurfaceFlinger:      DEVICE | 0xf3200e00 | 0108 | RGBA_8888    |    0.0    0.0 1080.0 2408.0 |    0    0 1080 2408 | $_1853#94
07-13 08:41:56.966 29676-29676/? I/ViewRootImpl@f436291[MainActivity]: MSG_WINDOW_FOCUS_CHANGED 1 0
07-13 08:41:56.967 29676-29676/? I/ViewRootImpl@f436291[MainActivity]: mThreadedRenderer.initializeIfNeeded()#2 mSurface={isValid=true 0xea254400}
07-13 08:41:56.969 29676-29676/? D/InputMethodManager: startInputInner - Id : 0
07-13 08:41:56.970 29676-29676/? I/InputMethodManager: startInputInner - mService.startInputOrWindowGainedFocus
07-13 08:41:56.972 1212-2144/? D/CompatibilityChangeReporter: Compat change id reported: 214016041; UID 10450; state: DISABLED
07-13 08:41:56.972 1212-2144/? V/InputMethodManagerService: Unspecified window will hide input
07-13 08:41:56.972 1212-2144/? V/InputMethodManagerService: hideCurrentInputLocked : canceled, shouldHideSoftInput=false, mInputShown=false, mImeWindowVis=0
07-13 08:41:56.973 1212-2144/? I/InputMethodBindingController: setCurrentMethodNotVisible: mVisibleBound=false, mHasConnection=true, caller = com.android.server.inputmethod.InputMethodManagerService.hideCurrentInputLocked:4339 com.android.server.inputmethod.InputMethodManagerService.startInputOrWindowGainedFocusInternalLocked:4645 com.android.server.inputmethod.InputMethodManagerService.startInputOrWindowGainedFocusInternal:4423 com.android.server.inputmethod.InputMethodManagerService.startInputOrWindowGainedFocus:4362 com.android.internal.view.IInputMethodManager$Stub.onTransact:518 com.android.server.inputmethod.InputMet
07-13 08:41:56.973 1212-2144/? I/InputMethodBindingController: hodManagerService.onTransact:2285 android.os.Binder.execTransactInternal:1316 android.os.Binder.execTransact:1280 <bottom of call stack> <bottom of call stack> 
07-13 08:41:56.973 1212-2144/? D/InputMethodManagerService: mDesktopModeManager null!
07-13 08:41:56.973 1212-2144/? V/InputMethodManagerService: getDisplayIdOfInputMethodWindowToBeAdded: displayId=0
07-13 08:41:56.974 1212-2144/? V/InputMethodManagerService: Creating new session for client ClientState{d265b9f uid=10450 pid=29676 displayId=0}
07-13 08:41:56.974 1212-2144/? D/InputTransport: Input channel constructed: 'ClientS', fd=731
07-13 08:41:56.975 1212-2144/? D/InputTransport: Input channel constructed: 'ClientS', fd=894
07-13 08:41:56.976 1212-2144/? D/InputTransport: Input channel destroyed: 'ClientS', fd=894
07-13 08:41:56.977 1212-2144/? D/InputMethodManagerService: isImeSwitcherDisabledPackage : false
07-13 08:41:56.978 1212-2144/? D/InputMethodManagerService: shouldShowImeSwitcherLocked : checking vis : 3
07-13 08:41:56.979 1212-2144/? D/InputMethodManagerService: checkDisplayOfStartInputAndUpdateKeyboard: displayId=0, mFocusedDisplayId=0
07-13 08:41:56.979 1212-2144/? D/InputTransport: Input channel constructed: 'ClientS', fd=894
07-13 08:41:56.980 4686-4686/? I/HBD: HoneyBoardService onFinishInput 
07-13 08:41:56.980 1212-2144/? D/InputTransport: Input channel destroyed: 'ClientS', fd=894
07-13 08:41:56.980 4686-4686/? I/HBD: a IC have been unbinding,  RemoteInputConnection{idHash=#621374b}
07-13 08:41:56.980 4686-4686/? I/HBD: HoneyBoardService [PF_CL][onFinishInput]  0 ms 
07-13 08:41:56.980 1212-2014/? D/RestrictionPolicy: isScreenCaptureEnabled : ret=true userId=0
07-13 08:41:56.980 4686-4686/? I/HBD: HoneyBoardService [IMI] onStartInput - caller pid : 29676 , caller uid : 10450 
07-13 08:41:56.980 4686-4686/? I/HBD: j updateConfigs 
07-13 08:41:56.981 4686-4686/? I/HBD: j isEnabledNightMode : true 
07-13 08:41:56.981 4686-4686/? I/HBD: a IC have been binding, RemoteInputConnection{idHash=#9ff9528} 
07-13 08:41:56.981 29676-29676/? D/InputMethodManager: startInputInner - Id : 0
07-13 08:41:56.981 4686-4686/? I/HBD: h [EditorInputType]setPrivateImeOptionsToTable privateImeOptions ( null )
07-13 08:41:56.981 4686-4686/? I/HBD: b incognitoMode : false 
07-13 08:41:56.981 4686-4686/? I/HBD: a needOff = true , isForceOff = false, isNullInputClass : true 
07-13 08:41:56.981 1212-2014/? I/WindowManager: Cancelling animation restarting=true, leash=Surface(name=Surface(name=1846d23 InputMethod)/@0x3e2059e - animation-leash of insets_animation)/@0x79a0268
07-13 08:41:56.981 4686-4686/? I/HBD: h getDefaultInputRange : UNKNOWN 
07-13 08:41:56.981 4686-4686/? I/HBD: h getDefaultInputRange : UNKNOWN 
07-13 08:41:56.981 4686-4686/? I/HBD: h getDefaultInputRange : UNKNOWN 
07-13 08:41:56.981 1212-2014/? I/WindowManager: Reparenting to original parent: Surface(name=WindowToken{78f8ed0 type=2011 android.os.Binder@483ee93})/@0xb26b87f, destroy=false, surface=Surface(name=1846d23 InputMethod)/@0x3e2059e
07-13 08:41:56.981 1212-2014/? I/WindowManager: Reparenting to leash, surface=Surface(name=1846d23 InputMethod)/@0x3e2059e, leashParent=Surface(name=WindowToken{78f8ed0 type=2011 android.os.Binder@483ee93})/@0xb26b87f
07-13 08:41:56.981 1212-1249/? I/AppOps: commitUidPendingStateLocked() :: UID - 10450, 200 > 200, 15 > 15
07-13 08:41:56.982 916-1071/? I/SurfaceFlinger: id=1101 createSurf flag=24004, Surface(name=1846d23 InputMethod)/@0x3e2059e - animation-leash of insets_animation#1101
07-13 08:41:56.982 1212-2014/? D/WindowManager: makeSurface duration=1 leash=Surface(name=Surface(name=1846d23 InputMethod)/@0x3e2059e - animation-leash of insets_animation)/@0xb0eb34a
07-13 08:41:56.983 4686-4686/? I/HBD: a needOff = true , isForceOff = false, isNullInputClass : true 
07-13 08:41:56.983 4686-4686/? I/HBD: a update cached prediction status : false 
07-13 08:41:56.983 4686-4686/? I/HBD: h getDefaultInputRange : UNKNOWN 
07-13 08:41:56.983 4686-4686/? I/HBD: a currentState : 0 
07-13 08:41:56.984 4686-4686/? I/HBD: a [UpdatePolicy] [post] a: 0 cl: 3276809 kit: [0/0] vt: 0 ir: 1 
07-13 08:41:56.985 4686-4686/? I/HBD: a [NRIC] resetNoResponseState 
07-13 08:41:56.985 4686-4686/? I/HBD: a needOff = true , isForceOff = false, isNullInputClass : true 
07-13 08:41:56.985 4686-4686/? I/HBD: a update cached prediction status : false 
07-13 08:41:56.986 4686-4686/? I/HBD: HoneyBoardService [PF_OP][onStartInput]  6 ms 
07-13 08:41:56.992 916-916/? D/SurfaceFlinger: Display 0 HWC layers:
07-13 08:41:56.992 916-916/? D/SurfaceFlinger:      DEVICE | 0xf3201b80 | 0102 | RGBA_8888    |    0.0    0.0 1080.0 2408.0 |    0    0 1080 2408 | app.identifier/app.identifier.MainActivity$_29676#1097
07-13 08:41:56.992 916-916/? D/SurfaceFlinger:      DEVICE | 0xf3201280 | 0100 | RGBA_8888    |    0.0    0.0 1080.0   70.0 |    0    0 1080   70 | StatusBar$_1853#98
07-13 08:41:56.992 916-916/? D/SurfaceFlinger:      DEVICE | 0xf3200200 | 0100 | RGBA_8888    |    0.0    0.0 1080.0  135.0 |    0 2273 1080 2408 | NavigationBar0$_1853#92
07-13 08:41:56.992 916-916/? D/SurfaceFlinger:      DEVICE | 0xf3200e00 | 0108 | RGBA_8888    |    0.0    0.0 1080.0 2408.0 |    0    0 1080 2408 | $_1853#94
07-13 08:41:56.992 29676-29676/? D/InsetsController: onStateChanged: InsetsState: {mDisplayFrame=Rect(0, 0 - 1080, 2408), mDisplayCutout=DisplayCutout{insets=Rect(0, 65 - 0, 0) waterfall=Insets{left=0, top=0, right=0, bottom=0} boundingRect={Bounds=[Rect(0, 0 - 0, 0), Rect(454, 0 - 626, 65), Rect(0, 0 - 0, 0), Rect(0, 0 - 0, 0)]} cutoutPathParserInfo={CutoutPathParserInfo{displayWidth=1080 displayHeight=2408 physicalDisplayWidth=1080 physicalDisplayHeight=2408 density={2.8125} cutoutSpec={M 0,0 H -30.57777777777778 V 23.11111111111111 H 30.57777777777778 V 0 H 0 Z @dp} rotation={0} scale={1.0} physicalPixelDisplaySizeRatio={1.0}}}}, mRoundedCorners=RoundedCorners{[RoundedCorner{position=TopLeft, radius=90, center=Point(90, 90)}, RoundedCorner{position=TopRight, radius=90, center=Point(990, 90)}, RoundedCorner{position=BottomRight, radius=90, center=Point(990, 2318)}, RoundedCorner{position=BottomLeft, radius=90, center=Point(90, 2318)}]}  mRoundedCornerFrame=Rect(0, 0 - 1080, 2408), mPrivacyIndicatorBounds=PrivacyIndicatorBounds {static bounds=Rect(956, 0 - 1080, 70) rotation=0}, mSources= { InsetsSource: {mType=ITYPE_STATUS_BAR, mFrame=[0,0][1080,70], mVisible=true, mInsetsRoundedCornerFrame=false}, InsetsSource: {mType=ITYPE_NAVIGATION_BAR, mFrame=[0,2273][1080,2408], mVisible=true, mInsetsRoundedCornerFrame=false}, InsetsSource: {mType=ITYPE_LEFT_GESTURES, mFrame=[0,0][0,2408], mVisible=true, mInsetsRoundedCornerFrame=false}, InsetsSource: {mType=ITYPE_RIGHT_GESTURES, mFrame=[1080,0][1080,2408], mVisible=true, mInsetsRoundedCornerFrame=false}, InsetsSource: {mType=ITYPE_TOP_MANDATORY_GESTURES, mFrame=[0,0][1080,99], mVisible=true, mInsetsRoundedCornerFrame=false}, InsetsSource: {mType=ITYPE_BOTTOM_MANDATORY_GESTURES, mFrame=[0,2273][1080,2408], mVisible=true, mInsetsRoundedCornerFrame=false}, InsetsSource: {mType=ITYPE_LEFT_DISPLAY_CUTOUT, mFrame=[0,0][-100000,2408], mVisible=true, mInsetsRoundedCornerFrame=false}, InsetsSource: {mType=ITYPE_TOP_DISPLAY_CUTOUT, mFrame=[0,0][1080,65], mVisible=true, mInsetsRoundedCornerFrame=false}, InsetsSource: {mType=ITYPE_RIGHT_DISPLAY_CUTOUT, mFrame=[100000,0][1080,2408], mVisible=true, mInsetsRoundedCornerFrame=false}, InsetsSource: {mType=ITYPE_BOTTOM_DISPLAY_CUTOUT, mFrame=[0,100000][1080,2408], mVisible=true, mInsetsRoundedCornerFrame=false}, InsetsSource: {mType=ITYPE_TOP_TAPPABLE_ELEMENT, mFrame=[0,0][1080,70], mVisible=true, mInsetsRoundedCornerFrame=false}, InsetsSource: {mType=ITYPE_BOTTOM_TAPPABLE_ELEMENT, mFrame=[0,2273][1080,2408], mVisible=true, mInsetsRoundedCornerFrame=false}, InsetsSource: {mType=ITYPE_IME, mFrame=[0,0][0,0], mVisibleFrame=[0,1400][1080,2408], mVisible=false, mInsetsRoundedCornerFrame=false} } host=app.identifier/app.identifier.MainActivity from=android.view.ViewRootImpl$ViewRootHandler.handleMessageImpl:6740
07-13 08:41:56.995 1212-2144/? D/InputMethodManagerService: isImeSwitcherDisabledPackage : false
07-13 08:41:56.997 4686-4686/? I/InputMethodService: removeImeSurface
07-13 08:41:56.997 4686-4686/? I/MSHandlerLifeCycle: check: return. pkg=com.samsung.android.honeyboard isActivity=false callers=com.android.internal.policy.DecorView.setVisibility:4412 android.app.Dialog.hide:767 android.inputmethodservice.InputMethodService.removeImeSurface:1290 android.inputmethodservice.InputMethodService.scheduleImeSurfaceRemoval:1279 android.inputmethodservice.InputMethodService.-$$Nest$mscheduleImeSurfaceRemoval:0 
07-13 08:41:56.997 4686-4686/? I/MSHandlerLifeCycle: removeMultiSplitHandler: no exist. decor=DecorView@a14294a[InputMethod]
07-13 08:41:56.998 916-916/? I/Layer: id=1085 removeFromCurrentState Surface(name=1846d23 InputMethod)/@0x3e2059e - animation-leash of insets_animation#1085 (109)
07-13 08:41:56.998 916-916/? I/SurfaceFlinger: id=1085 Removed Surface(name=1846d23 InputMethod)/@0x3e2059e - animation-leash of insets_animation#1085 (109)
07-13 08:41:56.999 916-916/? I/Layer: id=1085 Destroyed Surface(name=1846d23 InputMethod)/@0x3e2059e - animation-leash of insets_animation#1085
07-13 08:41:57.006 916-916/? D/SurfaceFlinger: Display 0 HWC layers:
07-13 08:41:57.006 916-916/? D/SurfaceFlinger:      DEVICE | 0xf359f200 | 0102 | RGBA_8888    |    0.0    0.0 1080.0 2408.0 |    0    0 1080 2408 | app.identifier/app.identifier.MainActivity$_29676#1097
07-13 08:41:57.006 916-916/? D/SurfaceFlinger:      DEVICE | 0xf3201280 | 0100 | RGBA_8888    |    0.0    0.0 1080.0   70.0 |    0    0 1080   70 | StatusBar$_1853#98
07-13 08:41:57.006 916-916/? D/SurfaceFlinger:      DEVICE | 0xf3200200 | 0100 | RGBA_8888    |    0.0    0.0 1080.0  135.0 |    0 2273 1080 2408 | NavigationBar0$_1853#92
07-13 08:41:57.006 916-916/? D/SurfaceFlinger:      DEVICE | 0xf3200e00 | 0108 | RGBA_8888    |    0.0    0.0 1080.0 2408.0 |    0    0 1080 2408 | $_1853#94
07-13 08:41:57.008 29676-29676/? W/app.identifier: Accessing hidden method Landroid/os/MessageQueue;->next()Landroid/os/Message; (unsupported, reflection, allowed)
07-13 08:41:57.008 29676-29676/? W/app.identifier: Accessing hidden field Landroid/os/MessageQueue;->mMessages:Landroid/os/Message; (unsupported, reflection, allowed)
07-13 08:41:57.008 29676-29676/? W/app.identifier: Accessing hidden method Landroid/os/Message;->recycleUnchecked()V (unsupported, reflection, allowed)
07-13 08:41:57.015 29676-29676/? W/app.identifier: Accessing hidden method Landroid/view/WindowManagerGlobal;->getInstance()Landroid/view/WindowManagerGlobal; (unsupported, reflection, allowed)
07-13 08:41:57.015 29676-29676/? W/app.identifier: Accessing hidden field Landroid/view/WindowManagerGlobal;->mViews:Ljava/util/ArrayList; (unsupported, reflection, allowed)
07-13 08:41:57.015 29676-29676/? W/app.identifier: Accessing hidden field Landroid/view/WindowManagerGlobal;->mParams:Ljava/util/ArrayList; (unsupported, reflection, allowed)
07-13 08:41:57.023 29676-29676/? I/ViewInteraction: Performing 'type text( abc)' action on view with id: app.identifier:id/input
07-13 08:41:57.030 29676-29676/? W/app.identifier: Accessing hidden method Landroid/view/ViewConfiguration;->getDoubleTapMinTime()I (unsupported, reflection, allowed)
07-13 08:41:57.030 25059-29246/? I/BaseThreadPoolExecutor: [StoryService] Task h0.c@ed85464 is submitted
07-13 08:41:57.030 25059-29246/? I/ServiceController: [StoryService] Sending response for  32 with status 0
07-13 08:41:57.030 25059-29747/? I/DataSyncTask: [StoryService] id list to delete is ::  [2147484873]
07-13 08:41:57.030 25059-29747/? I/DataSyncTask: [StoryService] Event update, Notification to Gallery  
07-13 08:41:57.033 25059-29747/? I/BaseThreadPoolExecutor: [StoryService] Task k0.j@8c54293 is submitted
07-13 08:41:57.037 1212-4509/? D/InputDispatcher: Inject motion (29676/10450): action=0x0, time=1650371000000, f=0x0, d=0 dsdx=1.000000 dtdx=0.000000
07-13 08:41:57.037 1212-1389/? I/InputDispatcher: Delivering touch to (1853): action: 0x4, f=0x0, d=0, '593fd37', t=0 
07-13 08:41:57.037 1212-1389/? I/InputDispatcher: Delivering touch to (29676): action: 0x0, f=0x0, d=0, '8db0f90', t=0 
07-13 08:41:57.038 25059-29747/? I/BaseThreadPoolExecutor: [StoryService] afterExecute FutureTask
07-13 08:41:57.038 1212-1239/? I/GestureDetector: obtain mCurrentDownEvent. id: -856059108 caller: com.android.ser
07-13 08:41:57.038 1212-1239/? I/GestureDetector: ver.wm.SystemGesturesPointerEventListener.onPointerEvent:203 com.android.server.wm.PointerEventDispatcher.onInputEvent:53 android.view.InputEventReceiver.dispatchInputEvent:285 
07-13 08:41:57.038 29676-29676/? I/ViewRootImpl@f436291[MainActivity]: ViewPostIme pointer 0
07-13 08:41:57.038 1212-1389/? D/PowerManagerService: UserActivityStateListenerState: 1
07-13 08:41:57.038 25059-29747/? I/StoryHideRuleHelper: [StoryService]  In updateInvalidPeopleHideRuleInfo begin ...  
07-13 08:41:57.038 25059-29747/? I/StoryHideRuleHelper: [StoryService]  updateInvalidPeopleHideRuleInfo is already completed , ignore ...  
07-13 08:41:57.038 1212-1239/? I/GestureDetector: obtain mCurrentDownEvent. id: -856059108 caller: com.android.server.wm.SystemPerformancePointerEventListener.onPointerEvent:89 com.android.server.wm.PointerEventDispatcher.onInputEvent:53 android.view.InputEventReceiver.dispatchInputEvent:285 
07-13 08:41:57.040 1212-2144/? I/InputMethodManagerService: isInputMethodShown: isShown=false
07-13 08:41:57.042 25059-29747/? I/StoryHideRuleEngine: [StoryService] No hide rules available to process by Story Hide Rule Engine 
07-13 08:41:57.043 25059-29747/? I/BaseThreadPoolExecutor: [StoryService] Task k0.c@dd6d2c9 is submitted
07-13 08:41:57.043 25059-29749/? I/AutoAlbumRuleHelper: [StoryService]  In updateInvalidAlbumRuleInfo begin  ...  
07-13 08:41:57.043 25059-29749/? I/AutoAlbumRuleHelper: [StoryService]  isAlbumRuleUpdateNeeded is already completed , ignore ...  
07-13 08:41:57.043 25059-29749/? I/AutoAlbumRuleEngine: [StoryService]  Before processing for Auto Albums ...  
07-13 08:41:57.043 25059-29749/? I/AutoAlbumRuleHelper: [StoryService]  Before fetching rule info from CMH processing for Auto Albums ...  
07-13 08:41:57.044 25059-29749/? I/CMHDatabaseManagerHelper: [StoryService] Final_Query select ruleId,auto_album.album_id as album_id,auto_album.title,is_deleted, GROUP_CONCAT(DISTINCT sec_media_id) as sec_media_ids , GROUP_CONCAT(DISTINCT CASE WHEN recommended_id > 0 THEN recommended_id ELSE NULL END) as rids ,  user_update_type  from auto_album left outer join auto_album_rule on auto_album_rule.album_id = auto_album.album_id left outer join auto_album_map on fk_album_id = auto_album.album_id left outer join f
07-13 08:41:57.044 25059-29749/? I/CMHDatabaseManagerHelper: iles on files._id=auto_album_map.fk_file_id where is_deleted= 0 AND update_status= 0 GROUP BY auto_album.album_id 
07-13 08:41:57.044 25059-29747/? I/BaseThreadPoolExecutor: [StoryService] afterExecute FutureTask
07-13 08:41:57.049 25059-29749/? I/AutoAlbumRuleEngine: [StoryService]  There is no Auto albums RuleInfo to process , return without processing 
07-13 08:41:57.051 25059-29749/? I/BaseThreadPoolExecutor: [StoryService] Task h0.b@ed7cbfc is submitted
07-13 08:41:57.051 25059-29749/? I/BaseThreadPoolExecutor: [StoryService] afterExecute FutureTask
07-13 08:41:57.051 25059-29749/? I/EventChannelGenerator: [StoryService] deleteLiveChannels() In 
07-13 08:41:57.052 25059-29749/? I/DatabaseManager: [StoryService]  start getMFCScoreFromFiles() where =  _id IN ()
07-13 08:41:57.057 25059-29749/? I/BaseThreadPoolExecutor: [StoryService] afterExecute FutureTask
07-13 08:41:57.057 25059-29749/? I/ServiceController: [StoryService] Sending response for  34 with status 35
07-13 08:41:57.071 916-916/? D/SurfaceFlinger: Display 0 HWC layers:
07-13 08:41:57.071 916-916/? D/SurfaceFlinger:      DEVICE | 0xf3a70400 | 0102 | RGBA_8888    |    0.0    0.0 1080.0 2408.0 |    0    0 1080 2408 | app.identifier/app.identifier.MainActivity$_29676#1097
07-13 08:41:57.071 916-916/? D/SurfaceFlinger:      DEVICE | 0xf3201280 | 0100 | RGBA_8888    |    0.0    0.0 1080.0   70.0 |    0    0 1080   70 | StatusBar$_1853#98
07-13 08:41:57.071 916-916/? D/SurfaceFlinger:      DEVICE | 0xf3200200 | 0100 | RGBA_8888    |    0.0    0.0 1080.0  135.0 |    0 2273 1080 2408 | NavigationBar0$_1853#92
07-13 08:41:57.071 916-916/? D/SurfaceFlinger:      DEVICE | 0xf3200e00 | 0108 | RGBA_8888    |    0.0    0.0 1080.0 2408.0 |    0    0 1080 2408 | $_1853#94
07-13 08:41:57.077 1212-4509/? D/InputDispatcher: Inject motion (29676/10450): action=0x1, time=1650412000000, f=0x0, d=0 dsdx=1.000000 dtdx=0.000000
07-13 08:41:57.077 1212-1389/? I/InputDispatcher: Delivering touch to (29676): action: 0x1, f=0x0, d=0, '8db0f90', t=1 
07-13 08:41:57.077 1212-1239/? I/GestureDetector: obtain mCurrentMotionEventRaw. action: 1 id: -555117728
07-13 08:41:57.078 29676-29676/? I/ViewRootImpl@f436291[MainActivity]: ViewPostIme pointer 1
07-13 08:41:57.078 1212-1239/? I/GestureDetector: obtain mCurrentMotionEventRaw. action: 1 id: -555117728
07-13 08:41:57.088 29676-29676/? D/InputMethodManager: startInputInner - Id : 0
07-13 08:41:57.089 29676-29676/? I/InputMethodManager: startInputInner - mService.startInputOrWindowGainedFocus
07-13 08:41:57.090 1212-2144/? V/InputMethodManagerService: startInputOrWindowGainedFocusInternalLocked: reason=CHECK_FOCUS clientState=d265b9f attribute=android.view.inputmethod.EditorInfo@f354331 startInputFlags=VIEW_HAS_FOCUS|IS_TEXT_EDITOR|INITIAL_CONNECTION softInputMode=STATE_UNSPECIFIED|ADJUST_PAN windowFlags=#81810100 sameWindowFocused=true
07-13 08:41:57.091 1212-2144/? D/InputMethodManagerService: mDesktopModeManager null!
07-13 08:41:57.091 1212-2144/? V/InputMethodManagerService: getDisplayIdOfInputMethodWindowToBeAdded: displayId=0
07-13 08:41:57.091 1212-2144/? D/InputMethodManagerService: isImeSwitcherDisabledPackage : false
07-13 08:41:57.091 1212-2144/? D/InputMethodManagerService: shouldShowImeSwitcherLocked : checking vis : 3
07-13 08:41:57.092 1212-2144/? D/InputMethodManagerService: checkDisplayOfStartInputAndUpdateKeyboard: displayId=0, mFocusedDisplayId=0
07-13 08:41:57.092 1212-2144/? D/InputTransport: Input channel constructed: 'ClientS', fd=894
07-13 08:41:57.092 1212-2144/? D/InputTransport: Input channel destroyed: 'ClientS', fd=894
07-13 08:41:57.093 4686-4686/? I/HBD: HoneyBoardService onFinishInput 
07-13 08:41:57.093 4686-4686/? I/HBD: a IC have been unbinding,  RemoteInputConnection{idHash=#9ff9528}
07-13 08:41:57.093 4686-4686/? I/HBD: HoneyBoardService [PF_CL][onFinishInput]  0 ms 
07-13 08:41:57.093 4686-4686/? I/HBD: HoneyBoardService onInlineSuggestionsResponse 
07-13 08:41:57.093 4686-4686/? I/HBD: HoneyBoardService onCreateInlineSuggestionsRequest 
07-13 08:41:57.093 4686-4686/? I/ResourceType: [SWT] Success lookup value directly, data = 0x01060430
07-13 08:41:57.093 4686-4686/? I/ResourceType: [SWT] Success lookup value directly, data = 0x01060439
07-13 08:41:57.094 4686-4686/? I/ResourceType: [SWT] Success lookup value directly, data = 0x01060430
07-13 08:41:57.094 29676-29676/? D/CompatibilityChangeReporter: Compat change id reported: 163400105; UID 10450; state: DISABLED
07-13 08:41:57.094 29676-29676/? I/IMM_LC: showSoftInput(View,I)
07-13 08:41:57.094 29676-29676/? I/IMM_LC: ssi() - flag : 0 view : app.identifier reason = SHOW_SOFT_INPUT
07-13 08:41:57.095 4686-4686/? I/HBD: HoneyBoardService [IMI] onStartInput - caller pid : 29676 , caller uid : 10450 
07-13 08:41:57.095 4686-4686/? I/HBD: j updateConfigs 
07-13 08:41:57.095 4686-4686/? I/HBD: j isEnabledNightMode : true 
07-13 08:41:57.095 1212-2144/? V/InputMethodManagerService: Client requesting input be shown, flags : 0
07-13 08:41:57.095 1212-2144/? D/InputMethodManagerService: ACCESS_CONTROL_ENABLED = false, ACCESS_CONTROL_KEYBOARD_BLOCK = true
07-13 08:41:57.095 4686-4686/? I/HBD: a IC have been binding, RemoteInputConnection{idHash=#634e241} 
07-13 08:41:57.096 4686-4686/? I/HBD: h [EditorInputType]setPrivateImeOptionsToTable privateImeOptions ( null )
07-13 08:41:57.096 4686-4686/? I/HBD: b incognitoMode : false 
07-13 08:41:57.096 4686-4686/? I/HBD: a [CPS]isPredictionOnByLanguage :false, isForceOff : false, isPredictionOn : true , isOnPref : true 
07-13 08:41:57.096 1212-2144/? D/InputMethodBindingController: bindCurrentInputMethodService: caller=com.android.server.inputmethod.InputMethodBindingController.bindCurrentInputMethodServiceVisibleConnection:505 com.android.server.inputmethod.InputMethodBindingController.setCurrentMethodVisible:535 com.android.server.inputmethod.InputMethodManagerService.showCurrentInputLocked:4207 com.android.server.inputmethod.InputMethodManagerService.showSoftInput:4086 com.android.internal.view.IInputMethodManager$Stub.onTransact:470 com.android.server.inputmethod.InputMethodManagerService.onTransact:2285 android.os.Binder.execTransactInternal:1316 android.os.Binder.execTransact:1280 <bottom of call stack> <bottom of call stack> 
07-13 08:41:57.096 4686-4686/? I/HBD: h getDefaultInputRange : UNKNOWN 
07-13 08:41:57.096 4686-4686/? I/HBD: h getDefaultInputRange : UNKNOWN 
07-13 08:41:57.096 4686-4686/? I/HBD: h getDefaultInputRange : UNKNOWN 
07-13 08:41:57.097 4686-4686/? I/HBD: a update cached prediction status : true 
07-13 08:41:57.098 4686-4686/? I/HBD: h getDefaultInputRange : UNKNOWN 
07-13 08:41:57.098 4686-4686/? I/HBD: a currentState : 0 
07-13 08:41:57.098 4686-4686/? I/HBD: a [UpdatePolicy] [post] a: 0 cl: 3276809 kit: [0/0] vt: 0 ir: 1 
07-13 08:41:57.098 4686-4686/? I/HBD: a [NRIC] resetNoResponseState 
07-13 08:41:57.098 4686-4686/? I/HBD: a update cached prediction status : true 
07-13 08:41:57.099 1212-2144/? I/ActivityManager: Changes in 10155 7 to 5, 0 to 15
07-13 08:41:57.099 1212-2144/? I/AppOps: updateUidProcState uid: 10155 procState: 5 capability:15
07-13 08:41:57.099 1212-2144/? I/AppOps: commitUidPendingStateLocked() :: UID - 10155, 600 > 500, 0 > 15
07-13 08:41:57.099 1212-2144/? D/InputMethodBindingController: bindCurrentInputMethodServiceVisibleConnection mVisibleBound : true, mVisibleConnection : com.android.server.inputmethod.InputMethodBindingController$1@caa57c2
07-13 08:41:57.099 4686-4686/? I/HBD: HoneyBoardService [PF_OP][onStartInput]  4 ms 
07-13 08:41:57.099 1212-2144/? I/InputMethodManagerService: Calling com.android.server.inputmethod.IInputMethodInvoker@9ca2e0e.showSoftInput(android.os.Binder@669e16d, 1, null) for reason: SHOW_SOFT_INPUT
07-13 08:41:57.100 4686-4686/? I/HBD: HoneyBoardService onViewClicked 
07-13 08:41:57.100 4686-4686/? I/HBD: HoneyBoardService [PF_OP][onViewClicked]  0 ms 
07-13 08:41:57.100 4686-4686/? I/InputMethod: showSoftInput(), flags : 1
07-13 08:41:57.100 4686-4686/? I/InputMethod: [ 07-13 08:41:57.101  12
07-13 08:41:57.100 4686-4686/? I/InputMethod: 12: 2144 I/InputMethodManagerService ]
07-13 08:41:57.100 4686-4686/? I/InputMethod: isAccessoryKeyboard 0
07-13 08:41:57.101 4686-4686/? I/HBD: HoneyBoardService onEvaluateInputViewShown: true 
07-13 08:41:57.102 4686-4686/? I/DecorView: notifyKeepScreenOnChanged: keepScreenOn=false
07-13 08:41:57.103 1212-2144/? I/InputMethodManagerService: isAccessoryKeyboard 0
07-13 08:41:57.103 1212-2014/? I/InputMethodManagerService: isInputMethodShown: isShown=false
07-13 08:41:57.103 4686-4686/? I/HBD: HoneyBoardService onEvaluateInputViewShown: true 
07-13 08:41:57.104 4686-4686/? I/HBD: HoneyBoardService onStartInputView : restarting=false, client=app.identifier, pid=29676 
07-13 08:41:57.104 4686-5354/? I/SemDvfsHyPerManager: acquire hyper - SKBD_RE_ENTER_SHOW/4686@1, type = -999
07-13 08:41:57.104 859-918/? I/HYPER-HAL: [RequestManager.cpp]acquire(): Acquired ID : 10986329  [4686 / 1]    HINT : KBD_APP_RE_ENTER_VIEW    list : [TIMEOUT / 400] 
07-13 08:41:57.105 4686-4686/? I/HBD: h [EditorInputType]setPrivateImeOptionsToTable privateImeOptions ( null )
07-13 08:41:57.105 4686-4686/? I/HBD: b incognitoMode : false 
07-13 08:41:57.105 4686-4686/? I/HBD: h getDefaultInputRange : UNKNOWN 
07-13 08:41:57.105 4686-4686/? I/HBD: h getDefaultInputRange : UNKNOWN 
07-13 08:41:57.105 4686-4686/? I/HBD: h getDefaultInputRange : UNKNOWN 
07-13 08:41:57.105 4686-4686/? I/HBD: HoneyBoardService onStartInputViewInternal: inputType=0x61, imeOptions=0x6, initialSelStart=0, initialSelEnd=0 
07-13 08:41:57.105 4686-4686/? I/HBD: f applyThemesPolicy 
07-13 08:41:57.106 4686-4686/? I/HBD: e mUsedOpenTheme = false mIsDexDesktopDisplay : false IsRequiredDarkTypeTheme = true night mode : true mIsEnabledHighContrast = false mIsOpenThemeForHoneyBoardInstalled = true mIsWallpaperThemeInstalled = true mIsThemeParkTheme = false
07-13 08:41:57.106 4686-4686/? I/HBD: a theme : HomeThemeLastUsed 
07-13 08:41:57.106 4686-4686/? I/HBD: f update KeyboardTheme themeIndex : 0x 80000000  theme :  Home Theme <open theme>
07-13 08:41:57.106 4686-4686/? I/HBD: a set Theme convertedIndex : 1 
07-13 08:41:57.106 4686-4686/? I/HBD: a onThemeChanged: currTheme = 1, nextTheme = 1 
07-13 08:41:57.106 4686-4686/? I/HBD: d onUpdate: mThemeStyle = 1 
07-13 08:41:57.106 4686-4686/? I/HBD: a updatePredictionStatus : 1, editorOpt 
07-13 08:41:57.106 4686-4686/? I/HBD: a updateForEditorClass isPredictionOn = true 
07-13 08:41:57.106 4686-15860/? I/HBD: l0 EBD tb start :1 
07-13 08:41:57.113 29676-29676/? I/AssistStructure: Flattened final assist data: 1564 bytes, containing 1 windows, 10 views
07-13 08:41:57.114 1212-4509/? D/AutofillSession: createPendingIntent for request 16
07-13 08:41:57.114 4686-15860/? I/HBD: l0 EBD tb end :1 
07-13 08:41:57.116 1212-1212/? V/ActivityManager: >>> EXECUTING create of com.google.android.gms/.autofill.service.AutofillService
07-13 08:41:57.116 1212-1212/? D/ActivityManager: schedule service timeout ProcessRecord{750093c 2857:com.google.android.gms.persistent/u0a179}
07-13 08:41:57.118 1212-1212/? V/ActivityManager: >>> EXECUTING bind of com.google.android.gms/.autofill.service.AutofillService
07-13 08:41:57.121 1212-4509/? V/ActivityManager: <<< DONE EXECUTING com.google.android.gms/.autofill.service.AutofillService
07-13 08:41:57.122 916-916/? D/SurfaceFlinger: Display 0 HWC layers:
07-13 08:41:57.122 916-916/? D/SurfaceFlinger:      DEVICE | 0xf3201b80 | 0102 | RGBA_8888    |    0.0    0.0 1080.0 2408.0 |    0    0 1080 2408 | app.identifier/app.identifier.MainActivity$_29676#1097
07-13 08:41:57.122 916-916/? D/SurfaceFlinger:      DEVICE | 0xf3201280 | 0100 | RGBA_8888    |    0.0    0.0 1080.0   70.0 |    0    0 1080   70 | StatusBar$_1853#98
07-13 08:41:57.122 916-916/? D/SurfaceFlinger:      DEVICE | 0xf3200200 | 0100 | RGBA_8888    |    0.0    0.0 1080.0  135.0 |    0 2273 1080 2408 | NavigationBar0$_1853#92
07-13 08:41:57.122 916-916/? D/SurfaceFlinger:      DEVICE | 0xf3200e00 | 0108 | RGBA_8888    |    0.0    0.0 1080.0 2408.0 |    0    0 1080 2408 | $_1853#94
