07-13 08:41:52.600 1212-1212/? D/SemExclusiveTaskManagerService: proccessTurningOffTask() : remove_animation
07-13 08:41:52.601 1853-1853/? I/AODSettingsHelper: mKey=animator_duration_scale, mIntValue=0, mStringValue=1.0
07-13 08:41:52.603 1853-1853/? I/AODSettingsHelper: onChange() COMPLETED elapsed= 5
07-13 08:41:52.603 1853-1853/? I/AODSettingsHelper: *** onSettingsValueChanged for content://settings/global/animator_duration_scale
07-13 08:41:52.603 1853-1853/? I/AODSettingsHelper: *** onSettingsValueChanged callbackList == null
07-13 08:41:52.603 1853-1853/? I/AODSettingsHelper: content://settings/global/animator_duration_scale changed
07-13 08:41:52.604 1853-1853/? I/AODSettingsHelper: mKey=animator_duration_scale, mIntValue=0, mStringValue=1.0
07-13 08:41:52.604 1853-1853/? I/AODSettingsHelper: onChange() COMPLETED elapsed= 1
07-13 08:41:52.604 2265-2265/? I/SettingsHelper: mKey=remove_animations, mIntValue=0, mStringValue=null, mFloatValue=0.0
07-13 08:41:52.604 1853-1853/? I/AODSettingsHelper: *** onSettingsValueChanged for content://settings/global/animator_duration_scale
07-13 08:41:52.604 1853-1853/? I/AODSettingsHelper: *** onSettingsValueChanged callbackList == null
07-13 08:41:52.606 1853-1853/? E/SettingsHelper: Exception occurred
07-13 08:41:52.606 1853-1853/? E/SettingsHelper: java.lang.NoSuchMethodException: android.provider.Settings$Global.getIntForUser [class android.content.ContentResolver, class java.lang.String, int, int]
07-13 08:41:52.606 1853-1853/? E/SettingsHelper: 	at java.lang.Class.getMethod(Class.java:2103)
07-13 08:41:52.606 1853-1853/? E/SettingsHelper: 	at java.lang.Class.getDeclaredMethod(Class.java:2081)
07-13 08:41:52.606 1853-1853/? E/SettingsHelper: 	at com.android.systemui.util.SettingsHelper$Item.read(SettingsHelper.java:1607)
07-13 08:41:52.606 1853-1853/? E/SettingsHelper: 	at com.android.systemui.util.SettingsHelper$ItemMap.updateMapForUri(SettingsHelper.java:1740)
07-13 08:41:52.606 1853-1853/? E/SettingsHelper: 	at com.android.systemui.util.SettingsHelper$1.onChange(SettingsHelper.java:468)
07-13 08:41:52.606 1853-1853/? E/SettingsHelper: 	at android.database.ContentObserver.onChange(ContentObserver.java:170)
07-13 08:41:52.606 1853-1853/? E/SettingsHelper: 	at android.database.ContentObserver.onChange(ContentObserver.java:188)
07-13 08:41:52.606 1853-1853/? E/SettingsHelper: 	at android.database.ContentObserver.onChange(ContentObserver.java:224)
07-13 08:41:52.606 1853-1853/? E/SettingsHelper: 	at android.database.ContentObserver.lambda$dispatchChange$0$android-database-ContentObserver(ContentObserver.java:304)
07-13 08:41:52.606 1853-1853/? E/SettingsHelper: 	at android.database.ContentObserver$$ExternalSyntheticLambda0.run(Unknown Source:10)
07-13 08:41:52.606 1853-1853/? E/SettingsHelper: 	at android.os.Handler.handleCallback(Handler.java:942)
07-13 08:41:52.606 1853-1853/? E/SettingsHelper: 	at android.os.Handler.dispatchMessage(Handler.java:99)
07-13 08:41:52.606 1853-1853/? E/SettingsHelper: 	at a
07-13 08:41:52.606 1853-1853/? E/SettingsHelper: ndroid.os.Looper.loopOnce(Looper.java:226)
07-13 08:41:52.606 1853-1853/? E/SettingsHelper: 	at android.os.Looper.loop(Looper.java:313)
07-13 08:41:52.606 1853-1853/? E/SettingsHelper: 	at android.app.ActivityThread.main(ActivityThread.java:8757)
07-13 08:41:52.606 1853-1853/? E/SettingsHelper: 	at java.lang.reflect.Method.invoke(Native Method)
07-13 08:41:52.606 1853-1853/? E/SettingsHelper: 	at com.android.internal.os.RuntimeInit$MethodAndArgsCaller.run(RuntimeInit.java:571)
07-13 08:41:52.606 1853-1853/? E/SettingsHelper: 	at com.android.internal.os.ZygoteInit.main(ZygoteInit.java:1067)
07-13 08:41:52.606 1853-1853/? D/SettingsHelper: onChange() COMPLETED elapsed= 2
07-13 08:41:52.606 1853-1853/? V/SettingsHelper: *** broadcastChange for content://settings/global/animator_duration_scale
07-13 08:41:52.606 1853-1853/? V/SecQsTransitionAnimator: mAnimationRemoved = false
07-13 08:41:52.616 1212-4286/? D/InputMethodManagerService: removeClient
07-13 08:41:52.616 1212-4286/? D/InputTransport: Input channel destroyed: 'ClientS', fd=629
07-13 08:41:52.617 1212-2003/? V/ActivityManager: Got obituary of 29469:app.identifier
07-13 08:41:52.618 832-832/? I/Zygote: Process 29469 exited due to signal 9 (Killed)
07-13 08:41:52.618 1212-1241/? W/ActivityManager: setHasOverlayUi called on unknown pid: 29469
07-13 08:41:52.689 1212-2149/? V/MdnieScenarioControlService: mAclOffEnabled : false mAclPreviewState : false mAclCompensationState : false
07-13 08:41:52.756 859-29578/? I/HYPER-HAL: [RequestManager.cpp]releaseLocked(): Released ID : 768207
07-13 08:41:52.915 1212-2144/? V/ActivityManager: >>> EXECUTING unbind of com.google.android.gms/.chimera.PersistentApiService
07-13 08:41:52.916 1212-2144/? D/ActivityManager: schedule service timeout ProcessRecord{750093c 2857:com.google.android.gms.persistent/u0a179}
07-13 08:41:52.917 2857-2857/? D/BoundBrokerSvc: onUnbind: Intent { act=com.google.android.gms.presencemanager.service.START dat=chimera-action:/... cmp=com.google.android.gms/.chimera.PersistentApiService }
07-13 08:41:52.918 1212-4472/? V/ActivityManager: <<< DONE EXECUTING com.google.android.gms/.chimera.PersistentApiService
07-13 08:41:52.918 1212-4472/? V/ActivityManager: No more executingServices of com.google.android.gms/.chimera.PersistentApiService
07-13 08:41:52.919 1212-2144/? V/ActivityManager: >>> EXECUTING unbind of com.google.android.gms/.chimera.PersistentApiService
07-13 08:41:52.919 1212-2144/? D/ActivityManager: schedule service timeout ProcessRecord{750093c 2857:com.google.android.gms.persistent/u0a179}
07-13 08:41:52.920 2857-2857/? D/BoundBrokerSvc: onUnbind: Intent { act=com.google.android.gms.presencemanager.service.INTERNAL_IDENTITY dat=chimera-action:/... cmp=com.google.android.gms/.chimera.PersistentApiService }
07-13 08:41:52.921 1212-4472/? V/ActivityManager: <<< DONE EXECUTING com.google.android.gms/.chimera.PersistentApiService
07-13 08:41:52.921 1212-4472/? V/ActivityManager: No more executingServices of com.google.android.gms/.chimera.PersistentApiService
07-13 08:41:52.964 1212-4472/? V/ActivityManager: >>> EXECUTING unbind of com.google.android.gms/.chimera.PersistentApiService
07-13 08:41:52.964 1212-4472/? D/ActivityManager: schedule service timeout ProcessRecord{750093c 2857:com.google.android.gms.persistent/u0a179}
07-13 08:41:52.966 2857-2857/? D/BoundBrokerSvc: onUnbind: Intent { act=com.google.android.gms.auth.account.workaccount.START dat=chimera-action:/... cmp=com.google.android.gms/.chimera.PersistentApiService }
07-13 08:41:52.967 1212-4472/? V/ActivityManager: <<< DONE EXECUTING com.google.android.gms/.chimera.PersistentApiService
07-13 08:41:52.967 1212-4472/? V/ActivityManager: No more executingServices of com.google.android.gms/.chimera.PersistentApiService
07-13 08:41:53.079 29504-29541/? I/MPEG4Writer: setStartTimestampUs: 1643570002 from Metadata track
07-13 08:41:53.080 1008-29529/? I/EXYNOS_BASE_COMP: [0xf4d33600][Exynos_OMX_ComponentStateSet] current:(OMX_StateExecuting) dest:(OMX_StateIdle)
07-13 08:41:53.080 29504-29527/? I/ACodec: [OMX.Exynos.AVC.Encoder] Now Executing->Idle
07-13 08:41:53.081 1008-29533/? W/libexynosv4l2: failed to ioctl: VIDIOC_DQBUF (22 - Invalid argument)
07-13 08:41:53.081 1008-29532/? W/libexynosv4l2: failed to ioctl: VIDIOC_DQBUF (22 - Invalid argument)
07-13 08:41:53.081 1008-29529/? I/EXYNOS_BASE_COMP: [0xf4d33600][Exynos_OMX_ComponentStateSet] OMX_EventCmdComplete(OMX_StateIdle)
07-13 08:41:53.082 1008-29529/? I/EXYNOS_BASE_COMP: [0xf4d33600][Exynos_OMX_ComponentStateSet] current:(OMX_StateIdle) dest:(OMX_StateLoaded)
07-13 08:41:53.085 1008-29529/? I/EXYNOS_BASE_COMP: [0xf4d33600][Exynos_OMX_EventHandler] OMX_EventCmdComplete(OMX_StateLoaded)
07-13 08:41:53.085 29504-29527/? I/ACodec: [OMX.Exynos.AVC.Encoder] Now Idle->Loaded
07-13 08:41:53.085 29504-29527/? I/ACodec: [OMX.Exynos.AVC.Encoder] Now Loaded
07-13 08:41:53.085 29504-29527/? I/ACodec:  [OMX.Exynos.AVC.Encoder] Now kWhatShutdownCompleted event : 8034
07-13 08:41:53.086 29504-29504/? D/MPEG4Writer: reset()
07-13 08:41:53.086 29504-29504/? D/MPEG4Writer: [ 07-13 08:41:53.086 29504:29540 V/Med
07-13 08:41:53.086 29504-29504/? D/MPEG4Writer: iaWriter ]
07-13 08:41:53.086 29504-29504/? D/MPEG4Writer: Track event err/info msg:101, trackId:1, type:1000,val:-1011
07-13 08:41:53.086 29504-29504/? D/MPEG4Writer: Video track stopping. Stop source
07-13 08:41:53.086 29504-29504/? D/MPEG4Writer: Video track source stopping
07-13 08:41:53.086 29504-29504/? D/MPEG4Writer: Video track source stopped
07-13 08:41:53.086 29504-29541/? V/MediaWriter: Track event err/info msg:101, trackId:2, type:1000,val:-1011
07-13 08:41:53.086 29504-29540/? I/MPEG4Writer: Received total/0-length (60/0) buffers and encoded 60 frames. - Video
07-13 08:41:53.086 29504-29504/? D/MPEG4Writer: Video track stopped. Status:0. Stop source
07-13 08:41:53.087 29504-29541/? W/MPEG4Writer: 0-duration samples found: 1
07-13 08:41:53.087 29504-29504/? D/MPEG4Writer: Metadata track stopping. Stop source
07-13 08:41:53.087 29504-29504/? D/MPEG4Writer: Metadata track source stopping
07-13 08:41:53.087 29504-29504/? D/MPEG4Writer: Metadata track source stopped
07-13 08:41:53.088 29504-29541/? I/MPEG4Writer: Received total/0-length (1/0) buffers and encoded 1 frames. - Metadata
07-13 08:41:53.088 29504-29504/? D/MPEG4Writer: Metadata track stopped. Status:0. Stop source
07-13 08:41:53.088 29504-29504/? I/MPEG4Writer: Duration from tracks range is [0, 2342608] us
07-13 08:41:53.088 29504-29538/? D/MPEG4Writer: 0 chunks are written in the last batch
07-13 08:41:53.088 29504-29504/? D/MPEG4Writer: WriterThread stopped. Status:0
07-13 08:41:53.089 29504-29504/? I/MPEG4Writer: Adjust the moov start time from 1643570002 us -> 1643570002 us
07-13 08:41:53.090 29504-29504/? I/MPEG4Writer: The mp4 file will not be streamable.
07-13 08:41:53.090 29504-29504/? I/MPEG4Writer: MOOV atom was written to the file
07-13 08:41:53.091 29504-29504/? D/MPEG4Writer: release()
07-13 08:41:53.091 29504-29504/? D/MPEG4Writer: ftruncate mPreAllocateFileEndOffset:139342 mOffset:135727 mMdatEndOffset:133742 diff:3615
07-13 08:41:53.092 916-916/? I/SurfaceFlinger: SFWD update time=1646428751668
07-13 08:41:53.092 29504-29504/? D/MPEG4Writer: MP4WtrCtrlHlpLooper stopped
07-13 08:41:53.092 29504-29504/? I/MPEG4Writer: Top 5 write durations(microseconds): #1:105 #2:332 #3:336 #4:568 #5:790
07-13 08:41:53.093 29504-29527/? I/ACodec:  [OMX.Exynos.AVC.Encoder] Now uninitialized
07-13 08:41:53.093 29504-29527/? I/ACodec:  [] Now kWhatShutdownCompleted event : 8034
07-13 08:41:53.094 29504-29526/? I/MediaCodec: Codec shutdown complete
07-13 08:41:53.095 995-24804/? I/ResourceManagerService: removeResourceInfo pid 29504, removed 921600 (width 720 height 1280), isLowPriority 0, remained hw codec count 0
07-13 08:41:53.095 916-916/? D/SurfaceFlinger: Display 0 HWC layers:
07-13 08:41:53.095 916-916/? D/SurfaceFlinger:      DEVICE | 0xf3be4600 | 0100 | RGBx_8888    |  662.0    0.0 1738.0 2400.0 |    0    0 1080 2408 | Wallpaper BBQ wrapper#90
07-13 08:41:53.095 916-916/? D/SurfaceFlinger:      DEVICE | 0xf3ff2e00 | 0100 | RGBA_8888    |    0.0    0.0 1080.0 2408.0 |    0    0 1080 2408 | com.sec.android.app.launcher/com.sec[...]tivities.LauncherActivity$_2265#1077
07-13 08:41:53.095 916-916/? D/SurfaceFlinger:      DEVICE | 0xf3201280 | 0100 | RGBA_8888    |    0.0    0.0 1080.0   70.0 |    0    0 1080   70 | StatusBar$_1853#98
07-13 08:41:53.095 916-916/? D/SurfaceFlinger:      DEVICE | 0xf3200c80 | 0100 | RGBA_8888    |    0.0    0.0 1080.0  135.0 |    0 2273 1080 2408 | NavigationBar0$_1853#92
07-13 08:41:53.095 916-916/? D/SurfaceFlinger:      DEVICE | 0xf3200e00 | 0108 | RGBA_8888    |    0.0    0.0 1080.0 2408.0 |    0    0 1080 2408 | $_1853#94
07-13 08:41:53.095 1212-2144/? V/ResourceManagerHelper-JNI: JNIMediaResourceHelper::notify eventType : 2, ext1 : 0, ext2 : 0
07-13 08:41:53.095 1212-2144/? V/ResourceManagerHelper-JNI: notify eventType : 2, ext1 : 0, ext2 : 0
07-13 08:41:53.096 1212-1379/? I/SemMediaResourceHelper: onRemove
07-13 08:41:53.096 29504-29504/? D/MediaCodec: flushMediametrics
07-13 08:41:53.096 12346-12377/? V/ResourceManagerHelper-JNI: JNIMediaResourceHelper::notify eventType : 2, ext1 : 0, ext2 : 0
07-13 08:41:53.096 3726-3726/? I/SemMediaResourceHelper: onRemove
07-13 08:41:53.096 12346-12377/? V/ResourceManagerHelper-JNI: notify eventType : 2, ext1 : 0, ext2 : 0
07-13 08:41:53.096 12346-12392/? I/SemMediaResourceHelper: onRemove
07-13 08:41:53.099 846-881/? I/virtualdisplay: [VirtualDisplay] getWFDMode:: mode(0)
07-13 08:41:53.100 916-916/? I/VirtualDisplaySurface: VirtualDisplaySurface is deleted,WFDMode 0
07-13 08:41:53.100 846-881/? I/virtualdisplay: [VirtualDisplay] setWFDOutputResolution:: width(0), height(0)
07-13 08:41:53.150 1212-2144/? V/ActivityManager: >>> EXECUTING create of com.google.android.providers.media.module/com.android.providers.media.MediaService
07-13 08:41:53.150 1212-2144/? D/ActivityManager: schedule service timeout ProcessRecord{d80d3d2 3658:com.google.android.providers.media.module/u0a215}
07-13 08:41:53.151 1212-2144/? V/ActivityManager: >>> EXECUTING bind of com.google.android.providers.media.module/com.android.providers.media.MediaService
07-13 08:41:53.156 1212-1229/? V/ActivityManager: <<< DONE EXECUTING com.google.android.providers.media.module/com.android.providers.media.MediaService
07-13 08:41:53.156 1212-4509/? V/ActivityManager: <<< DONE EXECUTING com.google.android.providers.media.module/com.android.providers.media.MediaService
07-13 08:41:53.156 1212-4509/? V/ActivityManager: No more executingServices of com.google.android.providers.media.module/com.android.providers.media.MediaService
07-13 08:41:53.157 3658-4662/? I/MediaProvider: Begin Intent { act=android.intent.action.MEDIA_SCANNER_SCAN_FILE dat=file:///... flg=0x1400010 cmp=com.google.android.providers.media.module/com.android.providers.media.MediaService }
07-13 08:41:53.159 29504-29504/? D/ScreenRecord: success
07-13 08:41:53.159 29504-29504/? I/BpBinder: onLastStrongRef automatically unlinking death recipients: <uncached descriptor>
07-13 08:41:53.162 3658-4662/? V/MediaMetadataRetriever: constructor
07-13 08:41:53.163 29504-29504/? I/BpBinder: onLastStrongRef automatically unlinking death recipients: <uncached descriptor>
07-13 08:41:53.163 995-24804/? V/MetadataRetrieverClient: MetadataRetrieverClient constructor pid(3658)
07-13 08:41:53.163 995-24804/? V/MediaPlayerService: Create new media retriever from pid 3658
07-13 08:41:53.163 3658-4662/? V/MediaMetadataRetriever: setDataSource(110, 0, 576460752303423487)
07-13 08:41:53.163 995-24804/? V/MetadataRetrieverClient: setDataSource fd=8, offset=0, length=576460752303423487
07-13 08:41:53.164 995-24804/? V/MetadataRetrieverClient: st_dev  = 64812
07-13 08:41:53.164 995-24804/? V/MetadataRetrieverClient: st_mode = 33200
07-13 08:41:53.164 995-24804/? V/MetadataRetrieverClient: [ 07-
07-13 08:41:53.164 995-24804/? V/MetadataRetrieverClient: 13 08:41:53.164   995:24804 V/MetadataRetrieverClient ]
07-13 08:41:53.164 995-24804/? V/MetadataRetrieverClient: st_uid  = 10215
07-13 08:41:53.164 995-24804/? V/MetadataRetrieverClient: st_gid  = 1023
07-13 08:41:53.164 995-24804/? V/MetadataRetrieverClient: st_size = 135727
07-13 08:41:53.164 995-24804/? V/MetadataRetrieverClient: calculated length = 135727
07-13 08:41:53.164 995-24804/? V/MetadataRetrieverClient: player type = 4
07-13 08:41:53.164 29504-29504/? I/hw-BpHwBinder: onLastStrongRef automatically unlinking death recipients
07-13 08:41:53.164 943-943/? I/DrmManagerService(Native): value of perm = 2 return true from DRM FW
07-13 08:41:53.165 943-943/? E/SEC_DRM_PLUGIN_Omafl: OmaPlugin::onOpenDecryptSession(fd)::Drm2IsDrmFileByExtFd::file is NOT DRM by extension
07-13 08:41:53.165 995-24804/? D/StagefrightMetadataRetriever: FileSource remote
07-13 08:41:53.172 990-23220/? I/MediaExtractorFactory: Created an extractor 'SECMPEG4Extractor' with confidence 0.41
07-13 08:41:53.173 995-24804/? V/MetadataRetrieverClient: setDataSource(fd) return(0)
07-13 08:41:53.174 3658-4662/? V/MediaMetadataRetriever: setDataSource(fd) return(0)
07-13 08:41:53.174 3658-4662/? V/MediaMetadataRetriever: extractMetadata(12)
07-13 08:41:53.174 995-24804/? V/MetadataRetrieverClient: extractMetadata
07-13 08:41:53.177 3658-4662/? V/MediaMetadataRetriever: destructor
07-13 08:41:53.177 3658-4662/? V/MediaMetadataRetriever: disconnect
07-13 08:41:53.177 995-995/? V/MetadataRetrieverClient: disconnect from pid 3658
07-13 08:41:53.178 995-995/? V/MetadataRetrieverClient: MetadataRetrieverClient destructor
07-13 08:41:53.178 995-995/? V/MetadataRetrieverClient: disconnect from pid 3658
07-13 08:41:53.178 3658-4662/? V/MediaMetadataRetriever: constructor
07-13 08:41:53.178 995-995/? V/MetadataRetrieverClient: MetadataRetrieverClient constructor pid(3658)
07-13 08:41:53.178 995-995/? V/MediaPlayerService: Cre
07-13 08:41:53.178 995-995/? V/MediaPlayerService: ate new media retriever from pid 3658
07-13 08:41:53.178 3658-4662/? V/MediaMetadataRetriever: setDataSource(110, 0, 576460752303423487)
07-13 08:41:53.179 995-995/? V/MetadataRetrieverClient: setDataSource fd=8, offset=0, length=576460752303423487
07-13 08:41:53.179 995-995/? V/MetadataRetrieverClient: st_dev  = 64812
07-13 08:41:53.179 995-995/? V/MetadataRetrieverClient: st_mode = 33200
07-13 08:41:53.179 995-995/? V/MetadataRetrieverClient: st_uid  = 10215
07-13 08:41:53.179 995-995/? V/MetadataRetrieverClient: st_gid  = 1023
07-13 08:41:53.179 995-995/? V/MetadataRetrieverClient: st_size = 135727
07-13 08:41:53.179 995-995/? V/MetadataRetrieverClient: calculated length = 135727
07-13 08:41:53.179 995-995/? V/MetadataRetrieverClient: player type = 4
07-13 08:41:53.179 943-943/? I/DrmManagerService(Native): value of perm = 2 return true from DRM FW
07-13 08:41:53.179 943-943/? E/SEC_DRM_PLUGIN_Omafl: OmaPlugin::onOpenDecryptSession(fd)::Drm2IsDrmFileByExtFd::file is NOT DRM by extension
07-13 08:41:53.180 995-995/? D/StagefrightMetadataRetriever: FileSource remote
07-13 08:41:53.186 990-19577/? I/MediaExtractorFactory: Created an extractor 'SECMPEG4Extractor' with confidence 0.41
07-13 08:41:53.187 995-995/? V/MetadataRetrieverClient: setDataSource(fd) return(0)
07-13 08:41:53.188 3658-4662/? V/MediaMetadataRetriever: setDataSource(fd) return(0)
07-13 08:41:53.188 3658-4662/? V/MediaMetadataRetriever: extractMetadata(12)
07-13 08:41:53.188 995-24804/? V/MetadataRetrieverClient: extractMetadata
07-13 08:41:53.190 3658-4662/? V/MediaMetadataRetriever: extractMetadata(5)
07-13 08:41:53.190 995-995/? V/MetadataRetrieverClient: extractMetadata
07-13 08:41:53.190 3658-4662/? V/MediaMetadataRetriever: extractMetadata(0)
07-13 08:41:53.191 995-24804/? V/MetadataRetrieverClient: extractMetadata
07-13 08:41:53.191 3658-4662/? V/MediaMetadataRetriever: extractMetadata(1)
07-13 08:41:53.192 995-995/? V/MetadataRetrieverClient: extractMetadata
07-13 08:41:53.192 3658-4662/? V/MediaMetadataRetriever: extractMetadata(2)
07-13 08:41:53.192 995-995/? V/MetadataRetrieverClient: extractMetadata
07-13 08:41:53.192 3658-4662/? V/MediaMetadataRetriever: extractMetadata(13)
07-13 08:41:53.192 995-995/? V/MetadataRetrieverClient: extractMetadata
07-13 08:41:53.192 3658-4662/? V/MediaMetadataRetriever: extractMetadata(3)
07-13 08:41:53.193 995-995/? V/MetadataRetrieverClient: extractMetadata
07-13 08:41:53.193 3658-4662/? V/MediaMetadataRetriever: extractMetadata(4)
07-13 08:41:53.193 995-995/? V/MetadataRetrieverClient: extractMetadata
07-13 08:41:53.193 3658-4662/? V/MediaMetadataRetriever: extractMetadata(6)
07-13 08:41:53.193 995-995/? V/MetadataRetrieverClient: extractMetadata
07-13 08:41:53.193 3658-4662/? V/MediaMetadataRetriever: extractMetadata(7)
07-13 08:41:53.193 995-995/? V/MetadataRetrieverClient: extractMetadata
07-13 08:41:53.194 3658-4662/? V/MediaMetadataRetriever: extractMetadata(8)
07-13 08:41:53.194 995-995/? V/MetadataRetrieverClient: extractMetadata
07-13 08:41:53.194 3658-4662/? V/MediaMetadataRetriever: extractMetadata(9)
07-13 08:41:53.194 995-995/? V/MetadataRetrieverClient: extractMetadata
07-13 08:41:53.194 3658-4662/? V/MediaMetadataRetriever: extractMetadata(10)
07-13 08:41:53.194 995-995/? V/MetadataRetrieverClient: extractMetadata
07-13 08:41:53.194 3658-4662/? V/MediaMetadataRetriever: extractMetadata(11)
07-13 08:41:53.195 995-995/? V/MetadataRetrieverClient: extractMetadata
07-13 08:41:53.195 3658-4662/? V/MediaMetadataRetriever: extractMetadata(13)
07-13 08:41:53.195 995-995/? V/MetadataRetrieverClient: extractMetadata
07-13 08:41:53.195 3658-4662/? V/MediaMetadataRetriever: extractMetadata(14)
07-13 08:41:53.195 995-995/? V/MetadataRetrieverClient: extractMetadata
07-13 08:41:53.195 3658-4662/? V/MediaMetadataRetriever: extractMetadata(15)
07-13 08:41:53.195 995-995/? V/MetadataRetrieverClient: extractMetadata
07-13 08:41:53.196 3658-4662/? V/MediaMetadataRetriever: extractMetadata(20)
07-13 08:41:53.196 995-995/? V/MetadataRetrieverClient: extractMetadata
07-13 08:41:53.196 3658-4662/? V/MediaMetadataRetriever: extractMetadata(25)
07-13 08:41:53.196 995-995/? V/MetadataRetrieverClient: extractMetadata
07-13 08:41:53.196 3658-4662/? V/MediaMetadataRetriever: extractMetadata(18)
07-13 08:41:53.196 995-995/? V/MetadataRetrieverClient: extractMetadata
07-13 08:41:53.196 3658-4662/? V/MediaMetadataRetriever: extractMetadata(19)
07-13 08:41:53.197 995-995/? V/MetadataRetrieverClient: extractMetadata
07-13 08:41:53.197 3658-4662/? V/MediaMetadataRetriever: extractMetadata(18)
07-13 08:41:53.197 995-995/? V/MetadataRetrieverClient: extractMetadata
07-13 08:41:53.197 3658-4662/? V/MediaMetadataRetriever: extractMetadata(19)
07-13 08:41:53.197 995-995/? V/MetadataRetrieverClient: extractMetadata
07-13 08:41:53.197 3658-4662/? V/MediaMetadataRetriever: extractMetadata(24)
07-13 08:41:53.198 995-995/? V/MetadataRetrieverClient: extractMetadata
07-13 08:41:53.198 3658-4662/? V/MediaMetadataRetriever: extractMetadata(35)
07-13 08:41:53.198 995-995/? V/MetadataRetrieverClient: extractMetadata
07-13 08:41:53.198 3658-4662/? V/MediaMetadataRetriever: extractMetadata(36)
07-13 08:41:53.198 995-995/? V/MetadataRetrieverClient: extractMetadata
07-13 08:41:53.198 3658-4662/? V/MediaMetadataRetriever: extractMetadata(37)
07-13 08:41:53.198 995-995/? V/MetadataRetrieverClient: extractMetadata
07-13 08:41:53.199 3658-4662/? V/MediaMetadataRetriever: extractMetadata(40)
07-13 08:41:53.199 995-995/? V/MetadataRetrieverClient: extractMetadata
07-13 08:41:53.199 3658-4662/? V/MediaMetadataRetriever: destructor
07-13 08:41:53.199 3658-4662/? V/MediaMetadataRetriever: disconnect
07-13 08:41:53.199 995-995/? V/MetadataRetrieverClient: disconnect from pid 3658
07-13 08:41:53.200 995-995/? V/MetadataRetrieverClient: MetadataRetrieverClient destructor
07-13 08:41:53.200 995-995/? V/MetadataRetrieverClient: disconnect from pid 3658
07-13 08:41:53.213 3658-4662/? I/MediaProvider: End Intent { act=android.intent.action.MEDIA_SCANNER_SCAN_FILE dat=file:///... flg=0x1400010 cmp=com.google.android.providers.media.module/com.android.providers.media.MediaService }
07-13 08:41:53.215 1212-1229/? V/ActivityManager: >>> EXECUTING unbind of com.google.android.providers.media.module/com.android.providers.media.MediaService
07-13 08:41:53.215 1212-1229/? D/ActivityManager: schedule service timeout ProcessRecord{d80d3d2 3658:com.google.android.providers.media.module/u0a215}
07-13 08:41:53.216 1212-1229/? V/ActivityManager: >>> EXECUTING destroy of com.google.android.providers.media.module/com.android.providers.media.MediaService
07-13 08:41:53.217 1212-4472/? V/ActivityManager: <<< DONE EXECUTING com.google.android.providers.media.module/com.android.providers.media.MediaService
07-13 08:41:53.218 1212-4472/? V/ActivityManager: <<< DONE EXECUTING com.google.android.providers.media.module/com.android.providers.media.MediaService
07-13 08:41:53.218 1212-4472/? V/ActivityManager: No more executingServices of com.google.android.providers.media.module/com.android.providers.media.MediaService
07-13 08:41:53.228 5252-16187/? V/MediaMetadataRetriever: constructor
07-13 08:41:53.228 995-995/? V/MetadataRetrieverClient: MetadataRetrieverClient constructor pid(5252)
07-13 08:41:53.228 995-995/? V/MediaPlayerService: Create new media retriever from pid 5252
07-13 08:41:53.229 5252-16187/? V/MediaMetadataRetriever: setDataSource(105, 0, 576460752303423487)
07-13 08:41:53.229 995-24804/? V/MetadataRetrieverClient: setDataSource fd=8, offset=0, length=576460752303423487
07-13 08:41:53.229 995-24804/? V/MetadataRetrieverClient: st_dev  
07-13 08:41:53.229 995-24804/? V/MetadataRetrieverClient: = 147
07-13 08:41:53.229 995-24804/? V/MetadataRetrieverClient: st_mode = 33200
07-13 08:41:53.229 995-24804/? V/MetadataRetrieverClient: st_uid  = 10215
07-13 08:41:53.229 995-24804/? V/MetadataRetrieverClient: st_gid  = 1023
07-13 08:41:53.229 995-24804/? V/MetadataRetrieverClient: st_size = 135727
07-13 08:41:53.229 995-24804/? V/MetadataRetrieverClient: calculated length = 135727
07-13 08:41:53.229 995-24804/? V/MetadataRetrieverClient: player type = 4
07-13 08:41:53.230 943-943/? I/DrmManagerService(Native): value of perm = 2 return true from DRM FW
07-13 08:41:53.230 943-943/? E/SEC_DRM_PLUGIN_Omafl: OmaPlugin::onOpenDecryptSession(fd)::Drm2IsDrmFileByExtFd::file is NOT DRM by extension
07-13 08:41:53.232 995-24804/? D/StagefrightMetadataRetriever: FileSource remote
07-13 08:41:53.235 7499-7582/? I/BaseThreadPoolExecutor: [#CMH#] Task e0.e@7104ec3 is submitted
07-13 08:41:53.240 990-23220/? I/MediaExtractorFactory: Created an extractor 'SECMPEG4Extractor' with confidence 0.41
07-13 08:41:53.241 995-24804/? V/MetadataRetrieverClient: setDataSource(fd) return(0)
07-13 08:41:53.242 5252-16187/? V/MediaMetadataRetriever: setDataSource(fd) return(0)
07-13 08:41:53.242 5252-16187/? V/MediaMetadataRetriever: extractMetadata(23)
07-13 08:41:53.242 995-24804/? V/MetadataRetrieverClient: extractMetadata
07-13 08:41:53.244 5252-16187/? V/MediaMetadataRetriever: extractMetadata(1021)
07-13 08:41:53.245 995-24804/? V/MetadataRetrieverClient: extractMetadata
07-13 08:41:53.245 5252-16187/? V/MediaMetadataRetriever: extractMetadata(1015)
07-13 08:41:53.247 995-24804/? V/MetadataRetrieverClient: extractMetadata
07-13 08:41:53.247 5252-16187/? V/MediaMetadataRetriever: extractMetadata(1022)
07-13 08:41:53.247 5252-16187/? V/MediaMetadataRetriever: [ 07-13 08:41:53.248   995:24
07-13 08:41:53.247 5252-16187/? V/MediaMetadataRetriever: 804 V/MetadataRetrieverClient ]
07-13 08:41:53.247 5252-16187/? V/MediaMetadataRetriever: extractMetadata
07-13 08:41:53.248 5252-16187/? V/MediaMetadataRetriever: extractMetadata(1027)
07-13 08:41:53.249 995-24804/? V/MetadataRetrieverClient: extractMetadata
07-13 08:41:53.250 5252-16187/? V/MediaMetadataRetriever: extractMetadata(1024)
07-13 08:41:53.250 5252-5451/? D/MediaSync: loaded: 39ms, 1
07-13 08:41:53.250 995-24804/? V/MetadataRetrieverClient: extractMetadata
07-13 08:41:53.251 5252-16187/? V/MediaMetadataRetriever: extractMetadata(1025)
07-13 08:41:53.251 995-24804/? V/MetadataRetrieverClient: extractMetadata
07-13 08:41:53.251 5252-16187/? V/MediaMetadataRetriever: extractMetadata(35)
07-13 08:41:53.251 995-24804/? V/MetadataRetrieverClient: extractMetadata
07-13 08:41:53.252 7499-29118/? I/MediaContentSyncTask: [#CMH#] No of Row (SEC MP :  42, Max Id : 2147484873) (CMH : 41, Max Id : 2147484811) - Time :5
07-13 08:41:53.252 5252-16187/? V/MediaMetadataRetriever: extractMetadata(36)
07-13 08:41:53.252 995-995/? V/MetadataRetrieverClient: extractMetadata
07-13 08:41:53.253 5252-16187/? V/MediaMetadataRetriever: destructor
07-13 08:41:53.253 5252-16187/? V/MediaMetadataRetriever: disconnect
07-13 08:41:53.253 995-23221/? V/MetadataRetrieverClient: disconnect from pid 5252
07-13 08:41:53.254 995-23221/? V/MetadataRetrieverClient: MetadataRetrieverClient destructor
07-13 08:41:53.254 995-23221/? V/MetadataRetrieverClient: disconnect from pid 5252
07-13 08:41:53.263 1212-4472/? V/ActivityManager: >>> EXECUTING create of com.google.android.gms/.ipa.base.IpaGcmTaskService
07-13 08:41:53.263 1212-4472/? D/ActivityManager: schedule service timeout ProcessRecord{9c5331a 26496:com.google.android.gms/u0a179}
07-13 08:41:53.265 1212-4472/? V/ActivityManager: >>> EXECUTING bind of com.google.android.gms/.ipa.base.IpaGcmTaskService
07-13 08:41:53.268 1212-1229/? V/ActivityManager: <<< DONE EXECUTING com.google.android.gms/.ipa.base.IpaGcmTaskService
07-13 08:41:53.268 5252-16187/? D/MediaParser: scanItem: 1
07-13 08:41:53.270 1212-4509/? V/ActivityManager: <<< DONE EXECUTING com.google.android.gms/.ipa.base.IpaGcmTaskService
07-13 08:41:53.270 1212-4509/? V/ActivityManager: No more executingServices of com.google.android.gms/.ipa.base.IpaGcmTaskService
07-13 08:41:53.271 7499-29118/? I/MediaContentSyncTask: [#CMH#] Rebuilding contents count 1
07-13 08:41:53.272 7499-29118/? I/ImageFeatures: [#CMH#] Not support file type 
07-13 08:41:53.274 1212-4472/? V/ActivityManager: >>> EXECUTING create of com.samsung.android.providers.media/.LocationService
07-13 08:41:53.274 1212-4472/? D/ActivityManager: schedule service timeout ProcessRecord{a157db8 5252:android.process.media/u0a42}
07-13 08:41:53.276 2857-28870/? I/NetworkScheduler.Stats: (REDACTED) Task %s/%s started execution. cause:%s exec_start_elapsed_seconds: %s
07-13 08:41:53.277 1212-4472/? V/ActivityManager: >>> EXECUTING bind of com.samsung.android.providers.media/.LocationService
07-13 08:41:53.281 1212-5678/? D/SGM:GameManager: identifyGamePackage. com.sec.android.app.launcher, mCurrentUserId: 0, callerUserId: 0, callingMethodInfo: com.android.server.ssrm.SortingMachine.isGame(SortingMachine.java:162)
07-13 08:41:53.282 7499-29118/? I/MediaContentSyncTask: [#CMH#] Insert ITEM :  1
07-13 08:41:53.288 2857-28871/? I/NetworkScheduler.Stats: (REDACTED) Task %s/%s finished executing. cause:%s result: %s elapsed_millis: %s uptime_millis: %s exec_start_elapsed_seconds: %s
07-13 08:41:53.289 1212-5678/? D/SGM:PkgDataHelper: getGamePkgData(). com.sec.android.app.launcher
07-13 08:41:53.290 3726-3726/? I/SDHMS:LOAD: type: LoadsFreqs, value: 0:0:0:0:0:0:0:0:0:0:0:0
07-13 08:41:53.291 7499-29118/? I/MediaContentSyncLocation: [#CMH#] Location Count MP :  0, CMH : 0
07-13 08:41:53.292 7499-29118/? I/BaseThreadPoolExecutor: [#CMH#] afterExecute FutureTask
07-13 08:41:53.292 1212-2724/? V/ActivityManager: >>> EXECUTING unbind of com.google.android.gms/.ipa.base.IpaGcmTaskService
07-13 08:41:53.292 1212-2724/? D/ActivityManager: sche
07-13 08:41:53.292 1212-2724/? D/ActivityManager: dule service timeout ProcessRecord{9c5331a 26496:com.google.android.gms/u0a179}
07-13 08:41:53.292 7499-29118/? I/ControllerEventHandler: [#CMH#] New Task for wait content sync job 
07-13 08:41:53.292 7499-29118/? I/BaseThreadPoolExecutor: [#CMH#] Task e0.e@7104ec3 is submitted
07-13 08:41:53.292 1212-2724/? V/ActivityManager: >>> EXECUTING destroy of com.google.android.gms/.ipa.base.IpaGcmTaskService
07-13 08:41:53.293 1212-4472/? V/ActivityManager: <<< DONE EXECUTING com.samsung.android.providers.media/.LocationService
07-13 08:41:53.296 1212-4509/? V/ActivityManager: <<< DONE EXECUTING com.samsung.android.providers.media/.LocationService
07-13 08:41:53.297 1212-4509/? V/ActivityManager: No more executingServices of com.samsung.android.providers.media/.LocationService
07-13 08:41:53.300 1212-1229/? V/ActivityManager: <<< DONE EXECUTING com.google.android.gms/.ipa.base.IpaGcmTaskService
07-13 08:41:53.301 1212-1229/? V/ActivityManager: <<< DONE EXECUTING com.google.android.gms/.ipa.base.IpaGcmTaskService
07-13 08:41:53.301 1212-1229/? V/ActivityManager: No more executingServices of com.google.android.gms/.ipa.base.IpaGcmTaskService
07-13 08:41:53.307 5252-29612/? D/LocationService: Begin: com.samsung.intent.action.UPDATE_LOCATION
07-13 08:41:53.308 5252-29612/? D/LocationManager: delete null addr: 0
07-13 08:41:53.311 5252-29612/? D/ModernSamsungCoreService: applyPending()
07-13 08:41:53.311 5252-29612/? D/LocationManager: LocationTask: 3ms
07-13 08:41:53.311 5252-29612/? D/LocationService: End: com.samsung.intent.action.UPDATE_LOCATION
07-13 08:41:53.312 7499-29118/? I/MediaContentSyncTask: [#CMH#] No of Row (SEC MP :  42, Max Id : 2147484873) (CMH : 42, Max Id : 2147484873) - Time :3
07-13 08:41:53.313 1212-1229/? V/ActivityManager: >>> EXECUTING unbind of com.samsung.android.providers.media/.LocationService
07-13 08:41:53.313 1212-1229/? D/ActivityManager: schedule service timeout ProcessRecord{a157db8 5252:android.process.media/u0a42}
07-13 08:41:53.313 1212-1229/? V/ActivityManager: >>> EXECUTING destroy of com.samsung.android.providers.media/.LocationService
07-13 08:41:53.315 1212-2144/? V/ActivityManager: <<< DONE EXECUTING com.samsung.android.provid
07-13 08:41:53.315 1212-2144/? V/ActivityManager: ers.media/.LocationService
07-13 08:41:53.316 1212-1229/? V/ActivityManager: <<< DONE EXECUTING com.samsung.android.providers.media/.LocationService
07-13 08:41:53.316 1212-1229/? V/ActivityManager: No more executingServices of com.samsung.android.providers.media/.LocationService
07-13 08:41:53.318 1212-1353/? I/UMR: B|Compact android.process.media(5252)
07-13 08:41:53.324 7499-29118/? I/MediaContentSyncTask: [#CMH#] MP time stamp :  1689252113261, CMH time stamp : 1689118469249
07-13 08:41:53.330 1212-1353/? I/UMR: E|Compact d_rss=-1276KB
07-13 08:41:53.331 7499-29118/? I/MediaContentSyncTask: [#CMH#] Update ITEM  :  1
07-13 08:41:53.335 7499-29118/? I/MediaContentSyncTask: [#CMH#] Update Cursor Count (1=>1), Time: 4 
07-13 08:41:53.337 7499-29118/? I/MediaContentSyncTask: [#CMH#] Update ITEM :  1
07-13 08:41:53.347 7499-29118/? I/MediaContentSyncLocation: [#CMH#] Location Count MP :  0, CMH : 0
07-13 08:41:53.347 7499-29118/? I/BaseThreadPoolExecutor: [#CMH#] afterExecute FutureTask
07-13 08:41:53.347 7499-29118/? I/ControllerEventHandler: [#CMH#] Alive Privacy Ignored Policy Called:  false
07-13 08:41:53.348 7499-7577/? I/ControllerEventHandler: [#CMH#] POI Feature is False 
07-13 08:41:53.399 859-29575/? I/HYPER-HAL: [RequestManager.cpp]releaseLocked(): Released ID : 6988203
07-13 08:41:53.503 404-404/? D/io_stats: !@ 179,0 r 368237 9890303 w 111784 1274380 d 35941 10428200 f 0 0 iot 179108 0 th 0 0 0 pt 0 inp 0 0 1646.840
07-13 08:41:53.695 1212-2965/? D/SemWifiUsabilityStatsMonitor: onWifiUsabilityStats - seqNum 230, isSameBssidAndFreq true
07-13 08:41:53.696 1212-1751/? I/SemWifiLinkQualityMonitor: Link Qos Query: 0,018 ms / 433,000 Mbps (433 / 0,000 / 1,000)
07-13 08:41:53.739 1212-1836/? I/Pageboost: Launcher App Execution
07-13 08:41:53.739 1212-1836/? E/Pageboost: ioinfo read failed
07-13 08:41:53.747 859-29537/? I/HYPER-HAL: [RequestManager.cpp]releaseLocked(): Released ID : 1837486
07-13 08:41:53.757 859-29579/? I/HYPER-HAL: [RequestManager.cpp]releaseLocked(): Released ID : 6991943
07-13 08:41:53.975 3658-4089/? I/MediaProvider: Deleted 0 0 0 1 0 0 0 items on external_primary due to com.android.shell
