07-13 08:41:52.364 1212-1242/? I/WindowManager: ntent.category.HOME] flg=0x10000100 cmp=com.sec.android.app.launcher/.activities.LauncherActivity } baseActivity=ComponentInfo{com.sec.android.app.launcher/com.sec.android.app.launcher.activities.LauncherActivity} topActivity=ComponentInfo{com.sec.android.app.launcher/com.android.launcher3.uioverrides.QuickstepLauncher} origActivity=ComponentInfo{com.sec.android.app.launcher/com.sec.android.app.launcher.activities.LauncherActivity} realActivity=ComponentInfo{com.sec.android.app.launcher/com.android.launcher3.uioverrides.QuickstepLauncher} numActivities=1 lastActiveTime=6188405 supportsSplitScreenMultiWindow=true supportsMultiWindow=true resizeMode=2 isResizeable=true minWidth=-1 minHeight=-1 defaultMinSize=220 token=WCT{RemoteToken{70c832 Task{f08ec52 #190 type=home A=10103:com.sec.android.app.launcher.activities.LauncherActivity U=0 rootTaskId=1 visible=true visibleRequested=true mode=fullscreen translucent=false sz=1}}} topActivityType=2 pictureInPictureParams=null shouldDockBigOverlays=false launchIntoPipHostTaskId=0 displayCutoutSafeInsets=null topActivityInfo=ActivityInfo{5b0a983 com.sec.android.app.launcher.activities.LauncherActivity} launchCookies=[] positionInParent=Point(0, 0) parentTaskId=-1 isFocused=true isVisible=true isSleeping=false topActivityInSizeCompat=false topActivityEligibleForLetterboxEducation= false locusId=LocusId[17_chars] displayAreaFeatureId=1 cameraCompatControlState=hidden originallySupportedSplitScreen=true hasWallpaper=true isTopTransparentActivity=true topActivityInFixedAspectRatio=false topActivityInDisplayCompat=false topActivityInBoundsCompat=false topActivityBounds=null}
07-13 08:41:52.364 1212-1242/? I/WindowManager:   allowEnterPip=true
07-13 08:41:52.364 1212-1242/? I/WindowManager:   windowType=-1  hasAnimatingParent=false  backgroundColor=0container=Task{ca8dd57 #212 type=standard A=10451:app.identifier.test U=0 visible=false visibleRequested=false mode=fullscreen translucent=true sz=2}
07-13 08:41:52.364 1212-1242/? I/WindowManager: Target:
07-13 08:41:52.364 1212-1242/? I/WindowManager:   mode=1 taskId=212 isTranslucent=false clipRect=[0,0][0,0] contentInsets=[0,70][0,135] prefixOrderIndex=20 position=[0,0] sourceContainerBounds=[0,0][1080,2408] screenSpaceBounds=[0,0][1080,2408] localBounds=[0,0][1080,2408]
07-13 08:41:52.364 1212-1242/? I/WindowManager:   windowConfiguration={ mBounds=Rect(0, 0 - 1080, 2408) mAppBounds=Rect(0, 65 - 1080, 2273) mMaxBounds=Rect(0, 0 - 1080, 2408) mDisplayRotation=ROTATION_0 mWindowingMode=fullscreen mDisplayWindowingMode=fullscreen mActivityType=standard mAlwaysOnTop=undefined mRotation=ROTATION_0 mPopOver=undefined mStageConfig=undefined mFreeformTaskPinningState=unpinned mFreeformStashState=undefined}
07-13 08:41:52.364 1212-1242/? I/WindowManager:   leash=Surface(name=Surface(name=Task=212)/@0x40e6310 - animation-leash of app_transition)/@0xd7d5b38
07-13 08:41:52.364 1212-1242/? I/WindowManager:   taskInfo=TaskInfo{userId=0 taskId=212 displayId=0 isRunning=false baseIntent=Intent { act=android.intent.action.MAIN cat=[android.intent.category.LAUNCHER] flg=0x10008000 cmp=app.identifier.test/androidx.test.core.app.InstrumentationActivityInvoker$BootstrapActivity } baseActivity=null topActivity=null origActivity=null realActivity=ComponentInfo{app.identifier.test/androidx.test.core.app.InstrumentationActivityInvoker$BootstrapActivity} numActivities=0 lastActiveTime=6188310 supportsSplitScreenMultiWindow=true supportsMultiWindow=true resizeMode=1 isResizeable=true minWidth=-1 minHeight=-1 defaultMinSize=220 token=WCT{RemoteToken{f48f2e4 Task{ca8dd57 #212 type=standard A=10451:app.identifier.test U=0 visible=false visibleRequested=false mode=fullscreen translucent=true sz=2}}} topActivityType=1 pictureInPictureParams=null shouldDockBigOverlays=false launchIntoPipHostTaskId=0 displayCutoutSafeInsets=Rect(0, 65 - 0, 0) topActivityInfo=null launchCookies=[] positionInParent=Point(0, 0) parentTaskId=-1 isFocused=false isVisible=false isSleeping=false topActivityInSizeCompat=false topActivityEligibleForLetterboxEducation= false locusId=null displayAreaFeatureId=1 cameraCompatControlState=hidden originallySupportedSplitScreen=true hasWallpaper=false isTopTransparentActivity=false topActivityInFixedAspectRatio=false topActivityInDisplayCompat=false topActivityInBoundsCompat=false topActivityBounds=null}
07-13 08:41:52.364 1212-1242/? I/WindowManager:   allowEnterPip=true
07-13 08:41:52.364 1212-1242/? I/WindowManager:   windowType=-1  hasAnimatingParent=false  backgroundColor=0
07-13 08:41:52.365 1212-2632/? V/WindowManager: Relayout Window{786e858 u0 com.android.systemui.ImageWallpaper}: viewVisibility=0 req=2400x2400 d0
07-13 08:41:52.365 2265-2284/? I/LauncherAnimationRunner: onAnimationStart, appTargets : [Lcom.android.systemui.shared.system.RemoteAnimationTargetCompat;@e9edeae mStartAtFrontOfQueue : false
07-13 08:41:52.365 1853-1898/? D/Bubbles: onLocusVisibilityChanged: LocusId[17_chars] visible=true
07-13 08:41:52.368 2265-2265/? I/Launcher: getFirstMatch : no matching view
07-13 08:41:52.368 2265-2265/? W/AppTransitionAnimatorImpl: closing animation without floating view
07-13 08:41:52.369 2265-2265/? I/AppTransitionAnimatorImpl: window bounds: Rect(0, 0 - 1080, 2408), target bounds: RectF(0.0, 0.0, 1080.0, 2408.0)
07-13 08:41:52.370 2265-2265/? I/AnimationResult: setAnimation : null
07-13 08:41:52.371 2265-2265/? W/AppTransitionAnimatorImpl: onAnimationStart - APP OUT
07-13 08:41:52.372 1212-2632/? V/WindowManager: Relayout hash=786e858, pid=1853, syncId=-1: mAttrs={(0,0)(2408x2408) gr=TOP START CENTER layoutInDisplayCutoutMode=always ty=WALLPAPER fmt=RGBX_8888 wanim=0x103031a
07-13 08:41:52.372 1212-2632/? V/WindowManager:   fl=14318
07-13 08:41:52.372 1212-2632/? V/WindowManager:   pfl=2000014
07-13 08:41:52.372 1212-2632/? V/WindowManager:   bhv=DEFAULT naviIconColor=0
07-13 08:41:52.372 1212-2632/? V/WindowManager:   sfl=8}
07-13 08:41:52.372 2265-2265/? W/AppTransitionAnimatorImpl: onAnimationEnd - APP OUT, Execution time for each frame : Start-(2)-0-(1)-0-End
07-13 08:41:52.373 1212-1241/? D/WindowManager: cancelAnimation(RemoteAnimationController@e963076): reason=timeoutRunnable
07-13 08:41:52.373 1853-1853/? I/BLASTBufferQueue: update, w= 2400 h= 2400 mName = Wallpaper mNativeObject= 0xdcc60700 sc.mNativeObject= 0xe47bbd00 format= 2 caller= android.service.wallpaper.WallpaperService$Engine.getOrCreateBLASTSurface:2575 android.service.wallpaper.WallpaperService$Engine.updateSurface:1527 android.service.wallpaper.WallpaperService$Engine.reportVisibility:1902 android.service.wallpaper.WallpaperService$Engine.doVisibilityChanged:1872 android.service.wallpaper.WallpaperService$IWallpaperEngineWrapper.executeMessage:2842 com.android.internal.os.HandlerCaller$MyHandler.handleMessage:44 
07-13 08:41:52.374 1853-1853/? D/WallpaperService: reportVisibility onVisibilityChanged visible: true
07-13 08:41:52.374 916-916/? I/Layer: Layer [com.sec.android.app.launcher/com.sec.android.app.launcher.activities.LauncherActivity$_2265#1077] hidden!! flag(0)
07-13 08:41:52.374 2265-2265/? I/AppTransitionAnimatorImpl: resetContentView
07-13 08:41:52.374 1212-1242/? D/ActivityTaskManager: mStartingWindow and mStartingData is null for token=ActivityRecord{6b6f3a1 u0 com.sec.android.app.launcher/.activities.LauncherActivity} t190}
07-13 08:41:52.374 1853-2015/? I/ImageWallpaper[GLEngine]:  onVisibilityChanged true , 0
07-13 08:41:52.374 2265-2265/? I/AnimationResult: AnimationResult finish : onAnimationEnd
07-13 08:41:52.374 2265-2265/? I/AnimationResult: finish : false, null
07-13 08:41:52.375 1853-1853/? D/NavigationBar: onSystemBarAttributesChanged() -  displayId:0, appearance:16, packageName: com.sec.android.app.launcher (APPEARANCE_LIGHT_NAVIGATION_BARS ), navbarColorManagedByIme:false
07-13 08:41:52.376 1853-1853/? D/SamsungLightBarControlHelper: updateNavigation(Black button) isLightBar:false, hasLightBarNavigationBarFlag:true, packageName:com.sec.android.app.launcher, DirectReplying:false, NavBarColorManagerdByIme:false, ForceDarkForScrim:false, QsCustomizing:false, PanelHasWhiteBg:false
07-13 08:41:52.376 1212-2144/? D/WALLPAPER_SVC:WallpaperManagerService: getWallpaperSafeLocked, userId = 0, which = 1, caller = com.android.server.wallpaper.WallpaperManagerService.semGetWallpaperType:6816 
07-13 08:41:52.376 1212-2144/? D/WallpaperManagerService: which : 1, return type : 0 (called by userId= 0)
07-13 08:41:52.376 1212-1241/? D/WindowManager: onAnimationFinished(RemoteAnimationController@e963076): mPendingAnimations=2, caller=
07-13 08:41:52.377 1853-2015/? I/ImageWallpaperRenderer: updateWallpaperOffset 0 lastCropOffset 0 , wp Type 0 , rotation 0 , allowed true Do not change Display offset 0
07-13 08:41:52.378 2265-4205/? I/ViewRootImpl@7e0c621[LauncherActivity]: mWNT: t=0xe5396bc0 mBlastBufferQueue=0xdce76e80 fn= 3 caller= com.android.systemui.shared.launcher.ViewRootImplCompat.mergeWithNextTransaction:2 com.android.quickstep.util.SurfaceTransactionApplier.lambda$scheduleApply$0:2 com.android.quickstep.util.SurfaceTransactionApplier.b:0 
07-13 08:41:52.378 2265-4205/? I/ViewRootImpl@7e0c621[LauncherActivity]: mWNT: t=0xa36ac460 mBlastBufferQueue=0xdce76e80 fn= 3 caller= com.android.systemui.shared.launcher.ViewRootImplCompat.mergeWithNextTransaction:2 com.android.quickstep.util.SurfaceTransactionApplier.lambda$scheduleApply$0:2 com.android.quickstep.util.SurfaceTransactionApplier.b:0 
07-13 08:41:52.379 916-916/? D/SurfaceFlinger: Display 0 HWC layers:
07-13 08:41:52.379 916-916/? D/SurfaceFlinger:      DEVICE | 0xf3ff2980 | 0102 | RGBA_8888    |    0.0    0.0 1080.0 2408.0 |    0    0 1080 2408 | app.identifier/app.identifier.MainActivity$_29469#1060
07-13 08:41:52.379 916-916/? D/SurfaceFlinger:      DEVICE | 0xf3201280 | 0100 | RGBA_8888    |    0.0    0.0 1080.0   70.0 |    0    0 1080   70 | StatusBar$_1853#98
07-13 08:41:52.379 916-916/? D/SurfaceFlinger:      DEVICE | 0xf3200200 | 0100 | RGBA_8888    |    0.0    0.0 1080.0  135.0 |    0 2273 1080 2408 | NavigationBar0$_1853#92
07-13 08:41:52.379 916-916/? D/SurfaceFlinger:      DEVICE | 0xf3200e00 | 0108 | RGBA_8888    |    0.0    0.0 1080.0 2408.0 |    0    0 1080 2408 | $_1853#94
07-13 08:41:52.379 2265-2588/? I/AnimationResult: finish callback : null
07-13 08:41:52.380 1212-4491/? D/WindowManager: app-onAnimationFinished(): mOuter=RemoteAnimationController@e963076
07-13 08:41:52.380 1212-4491/? D/WindowManager: onAnimationFinished(RemoteAnimationController@e963076): mPendingAnimations=2, caller=
07-13 08:41:52.380 1212-4491/? D/WindowManager: app-release(): mOuter=RemoteAnimationController@e963076
07-13 08:41:52.380 1212-4491/? D/WindowManager: onAnimationFinished(): Notify animation finished:
07-13 08:41:52.380 1212-4491/? I/WindowManager: Reparenting to original parent: Surface(name=DefaultTaskDisplayArea)/@0x63001fb, destroy=true, surface=Surface(name=Task=1)/@0x79cd78a
07-13 08:41:52.381 2265-2265/? W/Launcher: onEnterAnimationComplete
07-13 08:41:52.381 1212-4491/? D/WindowManager: 	container=Task{839a1c2 #1 type=home ?? U=0 visible=true visibleRequested=true mode=fullscreen translucent=false sz=1}
07-13 08:41:52.382 1212-4491/? I/WindowManager: Reparenting to original parent: Surface(name=DefaultTaskDisplayArea)/@0x63001fb, destroy=true, surface=Surface(name=Task=212)/@0x40e6310
07-13 08:41:52.383 1212-4491/? V/WindowManager: Setting visibility of Window{1cce8fc u0 app.identifier/app.identifier.MainActivity}: false, caller=com.android.server.wm.WindowContainer.sendAppVisibilityToClients:1246 com.android.server.wm.WindowToken.setClientVisible:431 com.android.server.wm.ActivityRecord.setClientVisible:7685 com.android.server.wm.ActivityRecord.onAnimationFinished:8584 com.android.server.wm.WindowContainer.doAnimationFinished:3483 
07-13 08:41:52.383 1212-4491/? D/WindowManager: 	container=Task{ca8dd57 #212 type=standard A=10451:app.identifier.test U=0 visible=false visibleRequested=false mode=fullscreen translucent=true sz=2}
07-13 08:41:52.384 1212-4491/? I/WindowManager: Reparenting to original parent: Surface(name=Leaf:0:1)/@0x97717da, destroy=true, surface=Surface(name=WallpaperWindowToken{87e9dc2 token=android.os.Binder@e6efa0d})/@0x3e32d85
07-13 08:41:52.384 29469-29469/? I/ViewRootImpl@f436291[MainActivity]: handleAppVisibility mAppVisible = true visible = false
07-13 08:41:52.384 1212-4491/? D/WindowManager: 	wallpaper=WallpaperWindowToken{87e9dc2 token=android.os.Binder@e6efa0d}
07-13 08:41:52.385 1212-4491/? I/WindowManager: Finishing remote animation
07-13 08:41:52.386 1212-1241/? D/WindowManager: onAnimationFinished(): Notify animation finished:
07-13 08:41:52.386 1212-1241/? I/WindowManager: Finishing remote animation
07-13 08:41:52.387 1212-1241/? D/WindowManager: cancelAnimation(): reason=timeoutRunnable
07-13 08:41:52.388 2265-2286/? I/RecentModel: onTaskStackChangedBackground
07-13 08:41:52.390 1212-2149/? D/MdnieScenarioControlService:  packageName : com.sec.android.app.launcher    className : com.android.launcher3.uioverrides.QuickstepLauncher
07-13 08:41:52.390 1212-1241/? I/ActivityManager: Changes in 10451 2 to 18, 15 to 0
07-13 08:41:52.392 1212-2144/? D/InputDispatcher: Focus entered window (0): 8058bf5 com.sec.android.app.launcher/com.sec.android.app.launcher.activities.LauncherActivity
07-13 08:41:52.394 2265-2284/? I/LauncherAnimationRunner: onAnimationCancelled
07-13 08:41:52.395 2265-2265/? I/ViewRootImpl@7e0c621[LauncherActivity]: MSG_WINDOW_FOCUS_CHANGED 1 0
07-13 08:41:52.396 2265-2265/? I/ViewRootImpl@7e0c621[LauncherActivity]: mThreadedRenderer.initializeIfNeeded()#2 mSurface={isValid=true 0xdc862000}
07-13 08:41:52.396 2265-2265/? I/BaseActivity: addActivityFlags, flags : 8
07-13 08:41:52.401 29469-29508/? D/OpenGLRenderer: setSurface called with nullptr
07-13 08:41:52.401 29469-29508/? D/OpenGLRenderer: setSurface() destroyed EGLSurface
07-13 08:41:52.401 29469-29508/? D/OpenGLRenderer: destroyEglSurface
07-13 08:41:52.401 2265-2265/? I/InputMethodManager: startInputInner - mService.startInputOrWindowGainedFocus
07-13 08:41:52.403 29469-29469/? I/ViewRootImpl@f436291[MainActivity]: perfo
07-13 08:41:52.403 29469-29469/? I/ViewRootImpl@f436291[MainActivity]: rmTraversals mFirst=false windowShouldResize=false viewVisibilityChanged=true mForceNextWindowRelayout=false params=null
07-13 08:41:52.404 1212-2149/? V/MdnieScenarioControlService: setUIMode from UI function(3)
07-13 08:41:52.408 1212-2144/? V/WindowManager: Relayout Window{1cce8fc u0 app.identifier/app.identifier.MainActivity}: viewVisibility=8 req=1080x2408 d0
07-13 08:41:52.408 29070-29070/? I/ViewRootImpl@53ddf18[InstrumentationActivityInvoker$EmptyActivity]: stopped(true) old = false
07-13 08:41:52.408 29070-29070/? I/ViewRootImpl@53ddf18[InstrumentationActivityInvoker$EmptyActivity]: WindowStopped on app.identifier.test/androidx.test.core.app.InstrumentationActivityInvoker$EmptyActivity set to true
07-13 08:41:52.412 916-916/? D/SurfaceFlinger: Display 0 HWC layers:
07-13 08:41:52.412 916-916/? D/SurfaceFlinger:      DEVICE | 0xf3be4600 | 0100 | RGBx_8888    |  662.0    0.0 1738.0 2400.0 |    0    0 1080 2408 | Wallpaper BBQ wrapper#90
07-13 08:41:52.412 916-916/? D/SurfaceFlinger:      DEVICE | 0xf3be5080 | 0100 | RGBA_8888    |    0.0    0.0 1080.0 2408.0 |    0    0 1080 2408 | com.sec.android.app.launcher/com.sec[...]tivities.LauncherActivity$_2265#1077
07-13 08:41:52.412 916-916/? D/SurfaceFlinger:      CLIENT | 0xf3201280 | 0100 | RGBA_8888    |    0.0    0.0 1080.0   70.0 |    0    0 1080   70 | StatusBar$_1853#98
07-13 08:41:52.412 916-916/? D/SurfaceFlinger:      CLIENT | 0xf3200200 | 0100 | RGBA_8888    |    0.0    0.0 1080.0  135.0 |    0 2273 1080 2408 | NavigationBar0$_1853#92
07-13 08:41:52.412 916-916/? D/SurfaceFlinger:      DEVICE | 0xf3200e00 | 0108 | RGBA_8888    |    0.0    0.0 1080.0 2408.0 |    0    0 1080 2408 | $_1853#94
07-13 08:41:52.413 916-916/? I/Layer: id=1081 removeFromCurrentState Surface(name=Task=1)/@0x79cd78a - animation-leash of app_transition#1081 (115)
07-13 08:41:52.413 916-916/? I/Layer: id=1080 removeFromCurrentState Surface(name=Task=212)/@0x40e6310 - animation-leash of app_transition#1080 (115)
07-13 08:41:52.413 916-916/? I/Layer: id=1082 removeFromCurrentState Surface(name=WallpaperWindowToken{87e9dc2 token=android.os.Binder@e6efa0d})/@0x3e32d85 - animation-leash of window_animation#1082 (115)
07-13 08:41:52.413 916-916/? I/Layer: Layer [app.identifier/app.identifier.MainActivity$_29469#1060] hidden!! flag(1)
07-13 08:41:52.414 1212-2632/? V/InputMethodManagerService: Unspecified window will hide input
07-13 08:41:52.415 1212-2632/? V/InputMethodManagerService: hideCurrentInputLocked : canceled, shouldHideSoftInput=false, mInputShown=false, mImeWindowVis=0
07-13 08:41:52.415 1212-2632/? I/InputMethodBindingController: setCurrentMethodNotVisible: mVisibleBound=false, mHasConnection=true, caller = com.android.server.inputmethod.InputMethodManagerService.hideCurrentInputLocked:4339 com.android.server.inputmethod.InputMethodManagerService.startInputOrWindowGainedFocusInternalLocked:4645 com.android.server.inputmethod.InputMethodManagerService.startInputOrWindowGainedFocusInternal:4423 com.android.server.inputmethod.InputMethodManagerService.startInputOrWindowGainedFocus:4362 com.android.internal.view.IInputMethodManager$Stub.onTransact:518 com.android.server.inputmethod.InputMethodManagerService.onTransact:2285 android.os.Binder.execTransactInternal:1316 android.os.Binder.execTransact:1280 <bottom of call stack> <bottom of call stack> 
07-13 08:41:52.415 1212-2632/? D/InputMethodManagerService: mDesktopModeManager null!
07-13 08:41:52.415 1212-2632/? V/InputMethodManagerService: getDisplayIdOfInputMethodWindowToBeAdded: displayId=0
07-13 08:41:52.416 1212-2144/? V/WindowManager: Relayout hash=1cce8fc, pid=29469, syncId=-1: mAttrs={(0,0)(fillxfill) sim={adjust=pan forwardNavigation} ty=BASE_APPLICATION wanim=0x1030309
07-13 08:41:52.416 1212-2144/? V/WindowManager:   fl=81810100
07-13 08:41:52.416 1212-2144/? V/WindowManager:   pfl=12020040
07-13 08:41:52.416 1212-2144/? V/WindowManager:   bhv=DEFAULT
07-13 08:41:52.416 1212-2144/? V/WindowManager:   fitSides= naviIconColor=0}
07-13 08:41:52.418 29070-29070/? I/MSHandlerLifeCycle: removeMultiSplitHandler: no exist. decor=DecorView@e9cac8a[InstrumentationActivityInvoker$EmptyActivity]
07-13 08:41:52.422 1212-2632/? D/InputMethodManagerService: isImeSwitcherDisabledPackage : false
07-13 08:41:52.422 2265-2588/? I/RecentTasksList: loadTasksInBackground : groupTask = GroupTask{task1=[id=191 windowingMode=1 user=0 lastActiveTime=344000] null, task2=null, task3=null, mStagedSplitBounds=null}
07-13 08:41:52.422 2265-2588/? I/RecentTasksList: loadTasksInBackground : groupTask = GroupTask{task1=[id=212 windowingMode=1 user=0 lastActiveTime=6188310] null, task2=null, task3=null, mStagedSplitBounds=null}
07-13 08:41:52.422 1212-2632/? D/InputMethodManagerService: shouldShowImeSwitcherLocked : checking vis : 3
07-13 08:41:52.426 1212-2632/? D/InputMethodManagerService: checkDisplayOfStartInputAndUpdateKeyboard: displayId=0, mFocusedDisplayId=0
07-13 08:41:52.426 1212-2632/? D/InputTransport: Input channel constructed: 'ClientS', fd=898
07-13 08:41:52.426 1212-2632/? D/InputTransport: Input channel destroyed: 'ClientS', fd=898
07-13 08:41:52.428 4686-4686/? I/HBD: HoneyBoardService onFinishInput 
07-13 08:41:52.430 4686-4686/? I/HBD: a IC have been unbinding,  RemoteInputConnection{idHash=#ade1a8e}
07-13 08:41:52.430 4686-4686/? I/HBD: HoneyBoardService [PF_CL][onFinishInput]  2 ms 
07-13 08:41:52.431 4686-4686/? I/HBD: HoneyBoardService [IMI] onStartInput - caller pid : 2265 , caller uid : 10103 
07-13 08:41:52.432 4686-4686/? I/HBD: j updateConfigs 
07-13 08:41:52.432 29469-29469/? I/ViewRootImpl@f436291[MainActivity]: Relayout returned: old=(
07-13 08:41:52.432 29469-29469/? I/ViewRootImpl@f436291[MainActivity]: 0,0,1080,2408) new=(0,0,1080,2408) req=(1080,2408)8 dur=22 res=0x2 s={false 0x0} ch=true seqId=0
07-13 08:41:52.434 29070-29070/? I/MSHandlerLifeCycle: removeMultiSplitHandler: no exist. decor=DecorView@e9cac8a[InstrumentationActivityInvoker$EmptyActivity]
07-13 08:41:52.436 916-916/? D/SurfaceFlinger: Display 0 HWC layers:
07-13 08:41:52.436 916-916/? D/SurfaceFlinger:      DEVICE | 0xf3be4600 | 0100 | RGBx_8888    |  662.0    0.0 1738.0 2400.0 |    0    0 1080 2408 | Wallpaper BBQ wrapper#90
07-13 08:41:52.436 916-916/? D/SurfaceFlinger:      DEVICE | 0xf3be5080 | 0100 | RGBA_8888    |    0.0    0.0 1080.0 2408.0 |    0    0 1080 2408 | com.sec.android.app.launcher/com.sec[...]tivities.LauncherActivity$_2265#1077
07-13 08:41:52.436 916-916/? D/SurfaceFlinger:      CLIENT | 0xf3201280 | 0100 | RGBA_8888    |    0.0    0.0 1080.0   70.0 |    0    0 1080   70 | StatusBar$_1853#98
07-13 08:41:52.436 916-916/? D/SurfaceFlinger:      CLIENT | 0xf3200c80 | 0100 | RGBA_8888    |    0.0    0.0 1080.0  135.0 |    0 2273 1080 2408 | NavigationBar0$_1853#92
07-13 08:41:52.436 916-916/? D/SurfaceFlinger:      DEVICE | 0xf3200e00 | 0108 | RGBA_8888    |    0.0    0.0 1080.0 2408.0 |    0    0 1080 2408 | $_1853#94
07-13 08:41:52.437 29469-29469/? I/ViewRootImpl@f436291[MainActivity]: stopped(true) old = false
07-13 08:41:52.437 29469-29469/? I/ViewRootImpl@f436291[MainActivity]: WindowStopped on app.identifier/app.identifier.MainActivity set to true
07-13 08:41:52.438 1212-2632/? D/CoreBackPreview: Window{43b9b8f u0 app.identifier.test/androidx.test.core.app.InstrumentationActivityInvoker$EmptyActivity}: Setting back callback null
07-13 08:41:52.440 4686-4686/? I/HBD: j isEnabledNightMode : true 
07-13 08:41:52.440 4686-4686/? I/HBD: a IC have been binding, RemoteInputConnection{idHash=#621374b} 
07-13 08:41:52.441 4686-4686/? I/HBD: h [EditorInputType]setPrivateImeOptionsToTable privateImeOptions ( null )
07-13 08:41:52.441 4686-4686/? I/HBD: b incognitoMode : false 
07-13 08:41:52.441 4686-4686/? I/HBD: a needOff = true , isForceOff = false, isNullInputClass : true 
07-13 08:41:52.441 4686-4686/? I/HBD: h getDefaultInputRange : UNKNOWN 
07-13 08:41:52.441 4686-4686/? I/HBD: h getDefaultInputRange : UNKNOWN 
07-13 08:41:52.441 4686-4686/? I/HBD: h getDefaultInputRange : UNKNOWN 
07-13 08:41:52.442 29469-29469/? D/LifecycleMonitor: Lifecycle status change: app.identifier.MainActivity@79e2f4f in: STOPPED
07-13 08:41:52.442 29469-29469/? D/LifecycleMonitor: running callback: androidx.test.core.app.ActivityScenario$1@6de66dc
07-13 08:41:52.443 29469-29469/? D/LifecycleMonitor: callback completes: androidx.test.core.app.ActivityScenario$1@6de66dc
07-13 08:41:52.444 29070-29125/? D/OpenGLRenderer: setSurface called with nullptr
07-13 08:41:52.444 29070-29125/? D/OpenGLRenderer: setSurface() destroyed EGLSurface
07-13 08:41:52.444 29070-29125/? D/OpenGLRenderer: destroyEglSurface
07-13 08:41:52.446 916-916/? D/SurfaceFlinger: Display 0 HWC layers:
07-13 08:41:52.446 916-916/? D/SurfaceFlinger:      DEVICE | 0xf3be4600 | 0100 | RGBx_8888    |  662.0    0.0 1738.0 2400.0 |    0    0 1080 2408 | Wallpaper BBQ wrapper#90
07-13 08:41:52.446 916-916/? D/SurfaceFlinger:      DEVICE | 0xf3be5080 | 0100 | RGBA_8888    |    0.0    0.0 1080.0 2408.0 |    0    0 1080 2408 | com.sec.android.app.launcher/com.sec[...]tivities.LauncherActivity$_2265#1077
07-13 08:41:52.446 916-916/? D/SurfaceFlinger:      DEVICE | 0xf3201280 | 0100 | RGBA_8888    |    0.0    0.0 1080.0   70.0 |    0    0 1080   70 | StatusBar$_1853#98
07-13 08:41:52.446 916-916/? D/SurfaceFlinger:      DEVICE | 0xf3200c80 | 0100 | RGBA_8888    |    0.0    0.0 1080.0  135.0 |    0 2273 1080 2408 | NavigationBar0$_1853#92
07-13 08:41:52.446 916-916/? D/SurfaceFlinger:      DEVICE | 0xf3200e00 | 0108 | RGBA_8888    |    0.0    0.0 1080.0 2408.0 |    0    0 1080 2408 | $_1853#94
07-13 08:41:52.450 29469-29469/? I/MSHandlerLifeCycle: removeMultiSplitHandler: no exist. decor=DecorView@d08065e[MainActivity]
07-13 08:41:52.452 2265-2265/? I/TaskThumbnailCache: handleResult: taskId = 212, taskThumbnail = android.graphics.Bitmap@bb7c79d
07-13 08:41:52.456 29070-29070/? I/ViewRootImpl@53ddf18[InstrumentationActivityInvoker$EmptyActivity]: dispatchDetachedFromWindow
07-13 08:41:52.457 29469-29469/? D/LifecycleMonitor: Lifecycle status change: app.identifier.MainActivity@79e2f4f in: DESTROYED
07-13 08:41:52.457 29469-29469/? D/LifecycleMonitor: running callback: androidx.test.core.app.ActivityScenario$1@6de66dc
07-13 08:41:52.457 1212-4491/? D/InputTransport: Input channel destroyed: '43b9b8f', fd=899
07-13 08:41:52.457 1212-4491/? W/InputManager-JNI: Input channel object '43b9b8f app.identifier.test/androidx.test.core.app.InstrumentationActivityInvoker$EmptyActivity (client)' was disposed without first being removed with the input manager!
07-13 08:41:52.457 1212-4491/? D/InputTransport: Input channel destroyed: '43b9b8f', fd=904
07-13 08:41:52.458 1212-4491/? V/WindowManager: Remove Window{43b9b8f u0 app.identifier.test/androidx.test.core.app.InstrumentationActivityInvoker$EmptyActivity}: mSurfaceController=Surface(name=app.identifier.test/androidx.test.core.app.InstrumentationActivityInvoker$EmptyActivity$_29070)/@0x28ed84e mAnimatingExit=false mRemoveOnExit=false mHasSurface=true surfaceShowing=false animating=false app-animation=false mWillReplaceWindow=false mDisplayFrozen=false callers=com.android.server.wm.WindowState.removeIfPossible:3041 com.android.server.wm.WindowManagerService.removeWindow:2282 com.android.server.wm.Session.remove:236 android.view.IWindowSession$Stub.onTransact:743 com.android.server.wm.Session.onTransact:188 android.os.Binder.execTransactInternal:1316 
07-13 08:41:52.459 1212-4491/? I/WindowManager: Destroying surface Surface(name=app.identifier.test/androidx.test.core.app.InstrumentationActivityInvoker$EmptyActivity$_29070)/@0x28ed84e called by com.android.server.wm.WindowStateAnimator.destroySurface:942 com.android.server.wm.WindowStateAnimator.destroySurfaceLocked:536 com.android.server.wm.WindowState.removeImmediately:2969 com.android.server.wm.WindowState.removeIfPossible:3228 com.android.server.wm.WindowState.removeIfPossible:3041 com.android.server.wm.WindowManagerService.removeWindow:2282 com.android.server.wm.Session.remove:236 android.view.IWindowSession$Stub.onTransact:743 
07-13 08:41:52.460 1212-4491/? D/RestrictionPolicy: isScreenCaptureEnabled : ret=true userId=0
07-13 08:41:52.460 29469-29469/? D/LifecycleMonitor: callback completes: androidx.test.core.app.ActivityScenario$1@6de66dc
07-13 08:41:52.460 1212-4491/? V/WindowManager: Nulling last startingData
07-13 08:41:52.461 29469-29499/? I/TestRunner: finished: test03(app.identifier.IdentifierUITest)
07-13 08:41:52.468 29070-29070/? D/InputTransport: Input channel destroyed: '43b9b8f', fd=110
07-13 08:41:52.468 1212-4286/? D/CoreBackPreview: Window{1cce8fc u0 app.identifier/app.identifier.MainActivity}: Setting back callback null
07-13 08:41:52.469 29469-29469/? I/MSHandlerLifeCycle: removeMultiSplitHandler: no exist. decor=DecorView@d08065e[MainActivity]
07-13 08:41:52.469 916-916/? D/SurfaceFlinger: Display 0 HWC layers:
07-13 08:41:52.469 916-916/? D/SurfaceFlinger:      DEVICE | 0xf3be4600 | 0100 | RGBx_8888    |  662.0    0.0 1738.0 2400.0 |    0    0 1080 2408 | Wallpaper BBQ wrapper#90
07-13 08:41:52.469 916-916/? D/SurfaceFlinger:      DEVICE | 0xf3ff2e00 | 0100 | RGBA_8888    |    0.0    0.0 1080.0 2408.0 |    0    0 1080 2408 | com.sec.android.app.launcher/com.sec[...]tivities.LauncherActivity$_2265#1077
07-13 08:41:52.469 916-916/? D/SurfaceFlinger:      DEVICE | 0xf3201280 | 0100 | RGBA_8888    |    0.0    0.0 1080.0   70.0 |    0    0 1080   70
07-13 08:41:52.469 916-916/? D/SurfaceFlinger:  | StatusBar$_1853#98
07-13 08:41:52.469 916-916/? D/SurfaceFlinger:      DEVICE | 0xf3200c80 | 0100 | RGBA_8888    |    0.0    0.0 1080.0  135.0 |    0 2273 1080 2408 | NavigationBar0$_1853#92
07-13 08:41:52.469 916-916/? D/SurfaceFlinger:      DEVICE | 0xf3200e00 | 0108 | RGBA_8888    |    0.0    0.0 1080.0 2408.0 |    0    0 1080 2408 | $_1853#94
07-13 08:41:52.471 916-1440/? I/SurfaceFlinger: id=1084 Removed 8ca2066 ActivityRecordInputSink app.identifier.test/androidx.test.core.app.InstrumentationActivityInvoker$EmptyActivity#1084 (115)
07-13 08:41:52.474 916-916/? I/Layer: id=1076 removeFromCurrentState app.identifier.test/androidx.test.core.app.InstrumentationActivityInvoker$EmptyActivity$_29070#1076 (115)
07-13 08:41:52.475 916-916/? I/Layer: id=1075 removeFromCurrentState 43b9b8f app.identifier.test/androidx.test.core.app.InstrumentationActivityInvoker$EmptyActivity#1075 (115)
07-13 08:41:52.475 916-916/? I/SurfaceFlinger: id=1076 Removed app.identifier.test/androidx.test.core.app.InstrumentationActivityInvoker$EmptyActivity$_29070#1076 (115)
07-13 08:41:52.475 916-916/? I/SurfaceFlinger: id=1075 Removed 43b9b8f app.identifier.test/androidx.test.core.app.InstrumentationActivityInvoker$EmptyActivity#1075 (115)
07-13 08:41:52.475 4686-4686/? I/HBD: a needOff = true , isForceOff = false, isNullInputClass : true 
07-13 08:41:52.475 916-916/? I/Layer: id=1075 Destroyed 43b9b8f app.identifier.test/androidx.test.core.app.InstrumentationActivityInvoker$EmptyActivity#1075
07-13 08:41:52.475 4686-4686/? I/HBD: a update cached prediction status : false 
07-13 08:41:52.475 916-916/? I/Layer: id=1076 Destroyed app.identifier.test/androidx.test.core.app.InstrumentationActivityInvoker$EmptyActivity$_29070#1076
07-13 08:41:52.475 4686-4686/? I/HBD: h getDefaultInputRange : UNKNOWN 
07-13 08:41:52.476 4686-4686/? I/HBD: a currentState : 0 
07-13 08:41:52.478 4686-4686/? I/HBD: a [UpdatePolicy] [post] a: 0 cl: 3276809 kit: [0/0] vt: 0 ir: 1 
07-13 08:41:52.480 4686-4686/? I/HBD: a [NRIC] resetNoResponseState 
07-13 08:41:52.480 4686-4686/? I/HBD: a needOff = true , isForceOff = false, isNullInputClass : true 
07-13 08:41:52.480 4686-4686/? I/HBD: a update cached prediction status : false 
07-13 08:41:52.481 916-916/? D/SurfaceFlinger: Display 0 HWC layers:
07-13 08:41:52.481 916-916/? D/SurfaceFlinger:      DEVICE | 0xf3be4600 | 0100 | RGBx_8888    |  662.0    0.0 1738.0 2400.0 |    0    0 1080 2408 | Wallpaper BBQ wrapper#90
07-13 08:41:52.481 916-916/? D/SurfaceFlinger:      DEVICE | 0xf3ff2e00 | 0100 | RGBA_8888    |    0.0    0.0 1080.0 2408.0 |    0    0 1080 2408 | com.sec.android.app.launcher/com.sec[...]tivities.LauncherActivity$_2265#1077
07-13 08:41:52.481 916-916/? D/SurfaceFlinger:      DEVICE | 0xf3201280 | 0100 | RGBA_8888    |    0.0    0.0 1080.0   70.0 |    0    0 1080   70 | StatusBar$_1853#98
07-13 08:41:52.481 916-916/? D/SurfaceFlinger:      DEVICE | 0xf3200c80 | 0100 | RGBA_8888    |    0.0    0.0 1080.0  135.0 |    0 2273 1080 2408 | NavigationBar0$_1853#92
07-13 08:41:52.481 916-916/? D/SurfaceFlinger:      DEVICE | 0xf3200e00 | 0108 | RGBA_8888    |    0.0    0.0 1080.0 2408.0 |    0    0 1080 2408 | $_1853#94
07-13 08:41:52.481 4686-4686/? I/HBD: HoneyBoardService [PF_OP][onStartInput]  50 ms 
07-13 08:41:52.484 2265-2589/? I/AppIconSolution: load= live icon for com.sec.android.app.clockpackage, from overlay = false
07-13 08:41:52.484 2265-2589/? I/LauncherActivityInfo: packageName: com.sec.android.app.clockpackage, useThemeIcon: false, height: 288, width: 288, density: 640
07-13 08:41:52.485 1212-4350/? D/RestrictionPolicy: isScreenCaptureEnabled : ret=true userId=0
07-13 08:41:52.486 1212-4350/? I/WindowManager: Cancelling animation restarting=true, leash=Surface(name=Surface(name=1846d23 InputMethod)/@0x3e2059e - animation-leash of insets_animation)/@0x7bd0c18
07-13 08:41:52.486 1212-4350/? I/WindowManager: Reparenting to original parent: Surface(name=WindowToken{78f8ed0 type=2011 android.os.Binder@483ee93})/@0xb26b87f, destroy=false, surface=Surface(name=1846d23 InputMethod)/@0x3e2059e
07-13 08:41:52.487 1212-4350/? I/WindowManager: Reparenting to leash, surface=Surface(name=1846d23 InputMethod)/@0x3e2059e, leashParent=Surface(name=WindowToken{78f8ed0 type=2011 android.os.Binder@483ee93})/@0xb26b87f
07-13 08:41:52.487 916-937/? I/SurfaceFlinger: id=1085 createSurf flag=24004, Surface(name=1846d23 InputMethod)/@0x3e2059e - animation-leash of insets_animation#1085
07-13 08:41:52.489 1212-4350/? D/WindowManager: makeSurface duration=2 leash=Surface(name=Surface(name=1846d23 InputMethod)/@0x3e2059e - animation-leash of insets_animation)/@0x79a0268
07-13 08:41:52.491 916-916/? I/Layer: id=1069 removeFromCurrentState ActivityRecord{8d30fa7 u0 app.identifier.test/androidx.test.core.app.InstrumentationActivityInvoker$EmptyActivity} t212}#1069 (114)
07-13 08:41:52.491 916-916/? I/Layer: id=1084 removeFromCurrentState 8ca2066 ActivityRecordInputSink app.identifier.test/androidx.test.core.app.InstrumentationActivityInvoker$EmptyActivity#1084 (114)
07-13 08:41:52.491 916-916/? I/SurfaceFlinger: id=1069 Removed ActivityRecord{8d30fa7 u0 app.identifier.test/androidx.test.core.app.InstrumentationActivityInvoker$EmptyActivity} t212}#1069 (114)
07-13 08:41:52.491 916-916/? I/Layer: id=1069 Destroyed ActivityRecord{8d30fa7 u0 app.identifier.test/androidx.test.core.app.InstrumentationActivityInvoker$EmptyActivity} t212}#1069
07-13 08:41:52.492 916-916/? I/Layer: id=1084 Destroyed 8ca2066 ActivityRecordInputSink app.identifier.test/androidx.test.core.app.InstrumentationActivityInvoker$EmptyActivity#1084
07-13 08:41:52.496 916-916/? D/SurfaceFlinger: Display 0 HWC layers:
07-13 08:41:52.496 916-916/? D/SurfaceFlinger:      DEVICE | 0xf3be4600 | 0100 | RGBx_8888    |  662.0    0.0 1738.0 2400.0 |    0    0 1080 2408 | Wallpaper BBQ wrapper#90
07-13 08:41:52.496 916-916/? D/SurfaceFlinger:      DEVICE | 0xf3ff2e00 | 0100 | RGBA_8888    |    0.0    0.0 1080.0 2408.0 |    0    0 1080 2408 | com.sec.android.app.launcher/com.sec[...]tivities.LauncherActivity$_2265#1077
07-13 08:41:52.496 916-916/? D/SurfaceFlinger:      DEVICE | 0xf3201280 | 0100 | RGBA_8888    |    0.0    0.0 1080.0   70.0 |    0    0 1080   70 | StatusBar$_1853#98
07-13 08:41:52.496 916-916/? D/SurfaceFlinger:      DEVICE | 0xf3200c80 | 0100 | RGBA_8888    |    0.0    0.0 1080.0  135.0 |    0 2273 1080 2408 | NavigationBar0$_1853#92
07-13 08:41:52.496 916-916/? D/SurfaceFlinger:      DEVICE | 0xf3200e00 | 0108 | RGBA_8888    |    0.0    0.0 1080.0 2408.0 |    0    0 1080 2408 | $_1853#94
07-13 08:41:52.498 1212-4350/? D/InputMethodManagerService: isImeSwitcherDisabledPackage : false
07-13 08:41:52.504 4686-4686/? I/InputMethodService: removeImeSurface
07-13 08:41:52.504 4686-4686/? I/MSHandlerLifeCycle: check: return. pkg=com.samsung.android.honeyboard isActivity=false callers=com.android.internal.policy.DecorView.setVisibility:4412 android.app.Dialog.hide:767 android.inputmethodservice.InputMethodService.removeImeSurface:1290 android.inputmethodservice.InputMethodService.scheduleImeSurfaceRemoval:1279 android.inputmethodservice.InputMethodService.-$$Nest$mscheduleImeSurfaceRemoval:0 
07-13 08:41:52.504 4686-4686/? I/MSHandlerLifeCycle: removeMultiSplitHandler: no exist. decor=DecorView@a14294a[InputMethod]
07-13 08:41:52.505 1212-2149/? V/MdnieScenarioControlService: mAclOffEnabled : false mAclPreviewState : false mAclCompensationState : false
07-13 08:41:52.505 29469-29508/? D/OpenGLRenderer: setSurface called with nullptr
07-13 08:41:52.505 29469-29469/? I/ViewRootImpl@f436291[MainActivity]: dispatchDetachedFromWindow
07-13 08:41:52.508 916-916/? I/Layer: id=1064 removeFromCurrentState Surface(name=1846d23 InputMethod)/@0x3e2059e - animation-leash of insets_animation#1064 (112)
07-13 08:41:52.508 1212-2144/? D/InputTransport: Input channel destroyed: '1cce8fc', fd=895
07-13 08:41:52.508 2265-2589/? I/LauncherActivityInfo: Trying to load live icon for com.samsung.android.calendar
07-13 08:41:52.508 1212-2144/? W/InputManager-JNI: Input channel object '1cce8fc app.identifier/app.identifier.MainActivity (client)' was disposed without first being removed with the input manager!
07-13 08:41:52.508 1212-2144/? D/InputTransport: Input channel destroyed: '1cce8fc', fd=896
07-13 08:41:52.509 1212-2144/? V/WindowManager: Remove Window{1cce8fc u0 app.identifier/app.identifier.MainActivity}: mSurfaceController=Surface(name=app.identifier/app.identifier.MainActivity$_29469)/@0xdbee681 mAnimatingExit=false mRemoveOnExit=false mHasSurface=true surfaceShowing=false animating=false app-animation=false mWillReplaceWindow=false mDisplayFrozen=false callers=com.android.server.wm.WindowState.removeIfPossible:3041 com.android.server.wm.WindowManagerService.removeWindow:2282 com.android.server.wm.Session.remove:236 android.view.IWindowSession$Stub.onTransact:743 com.android.server.wm.Session.onTransact:188 android.os.Binder.execTransactInternal:1316 
07-13 08:41:52.510 1212-2144/? I/WindowManager: Destroying surface Surface(name=app.identifier/app.identifier.MainActivity$_29469)/@0xdbee681 called by com.android.server.wm.WindowStateAnimator.destroySurface:942 com.android.server.wm.WindowStateAnimator.destroySurfaceLocked:536 com.android.server.wm.WindowState.removeImmediately:2969 com.android.server.wm.WindowState.removeIfPossible:3228 com.android.server.wm.WindowState.removeIfPossible:3041 com.android.server.wm.WindowManagerService.removeWindow:2282 com.android.server.wm.Session.remove:236 android.view.IWindowSession$Stub.onTransact:743 
07-13 08:41:52.510 1212-2144/? D/RestrictionPolicy: isScreenCaptureEnabled : ret=true userId=0
07-13 08:41:52.511 1212-2144/? V/WindowManager: Nulling last startingData
07-13 08:41:52.512 916-916/? D/SurfaceFlinger: Display 0 HWC layers:
07-13 08:41:52.512 916-916/? D/SurfaceFlinger:      DEVICE | 0xf3be4600 | 0100 | RGBx_8888    |  662.0    0.0 1738.0 2400.0 |    0    0 1080 2408 | Wallpaper BBQ wrapper#90
07-13 08:41:52.512 916-916/? D/SurfaceFlinger:      DEVICE | 0xf3ff2e00 | 0100 | RGBA_8888    |    0.0    0.0 1080.0 2408.0 |    0    0 1080 2408 | com.sec.android.app.launcher/com.sec[...]tivities.LauncherActivity$_2265#1077
07-13 08:41:52.512 916-916/? D/SurfaceFlinger:      DEVICE | 0xf3201280 | 0100 | RGBA_8888    |    0.0    0.0 1080.0   70.0 |    0    0 1080   70 | StatusBar$_1853#98
07-13 08:41:52.512 916-916/? D/SurfaceFlinger:      DEVICE | 0xf3200c80 | 0100 | RGBA_8888    |    0.0    0.0 1080.0  135.0 |    0 2273 1080 2408 | NavigationBar0$_1853#92
07-13 08:41:52.512 916-916/? D/SurfaceFlinger:      DEVICE | 0xf3200e00 | 0108 | RGBA_8888    |    0.0    0.0 1080.0 2408.0 |    0    0 1080 2408 | $_1853#94
07-13 08:41:52.520 29469-29469/? D/InputTransport: Input channel destroyed: '1cce8fc', fd=100
07-13 08:41:52.522 916-937/? I/SurfaceFlinger: id=1064 Removed Surface(name=1846d23 InputMethod)/@0x3e2059e - animation-leash of insets_animation#1064 (112)
07-13 08:41:52.523 29469-29469/? D/InputTransport: Input channel destroyed: 'ClientS', fd=118
07-13 08:41:52.523 916-1440/? I/SurfaceFlinger: id=1058 Removed f63824b ActivityRecordInputSink app.identifier/.MainActivity#1058 (112)
07-13 08:41:52.524 916-1440/? I/SurfaceFlinger: id=1086 createSurf flag=24004, Task=212#1086
07-13 08:41:52.524 916-916/? I/Layer: id=1060 removeFromCurrentState app.identifier/app.identifier.MainActivity$_29469#1060 (113)
07-13 08:41:52.525 916-916/? I/Layer: id=1059 removeFromCurrentState 1cce8fc app.identifier/app.identifier.MainActivity#1059 (113)
07-13 08:41:52.525 916-916/? I/SurfaceFlinger: id=1060 Removed app.identifier/app.identifier.MainActivity$_29469#1060 (113)
07-13 08:41:52.525 916-916/? I/SurfaceFlinger: id=1059 Removed 1cce8fc app.identifier/app.identifier.MainActivity#1059 (113)
07-13 08:41:52.525 916-916/? I/Layer: id=1064 Destroyed Surface(name=1846d23 InputMethod)/@0x3e2059e - animation-leash of insets_animation#1064
07-13 08:41:52.525 916-916/? I/Layer: id=1059 Destroyed 1cce8fc app.identifier/app.identifier.MainActivity#1059
07-13 08:41:52.525 916-916/? I/Layer: id=1060 Destroyed app.identifier/app.identifier.MainActivity$_29469#1060
07-13 08:41:52.532 916-916/? D/SurfaceFlinger: Display 0 HWC layers:
07-13 08:41:52.532 916-916/? D/SurfaceFlinger:      DEVICE | 0xf3be4600 | 0100 | RGBx_8888    |  662.0    0.0 1738.0 2400.0 |    0    0 1080 2408 | Wallpaper BBQ wrapper#90
07-13 08:41:52.532 916-916/? D/SurfaceFlinger:      DEVICE | 0xf3ff2e00 | 0100 | RGBA_8888    |    0.0    0.0 1080.0 2408.0 |    0    0 1080 2408 | com.sec.android.app.launcher/com.sec[...]tivities.LauncherActivity$_2265#1077
07-13 08:41:52.532 916-916/? D/SurfaceFlinger:      DEVICE | 0xf3201280 | 0100 | RGBA_8888    |    0.0    0.0 1080.0   70.0 |    0    0 1080   70 | StatusBar$_1853#98
07-13 08:41:52.532 916-916/? D/SurfaceFlinger:      DEVICE | 0xf3200c80 | 0100 | RGBA_8888    |    0.0    0.0 1080.0  135.0 |    0 2273 1080 2408 | NavigationBar0$_1853#92
07-13 08:41:52.532 916-916/? D/SurfaceFlinger:      DEVICE | 0xf3200e00 | 0108 | RGBA_8888    |    0.0    0.0 1080.0 2408.0 |    0    0 1080 2408 | $_1853#94
07-13 08:41:52.536 2265-2265/? I/RecentsView: onTaskRemoved() taskId : 212
07-13 08:41:52.536 2265-2589/? I/LiveIconLoader: [Calendar] LiveIcon - stdIconSize : 135 , targetIconSize : 163
07-13 08:41:52.536 2265-2589/? I/LiveIconLoader: [Calendar] LiveIcon - sIconDpi : 640 , targetIconDpi : 450
07-13 08:41:52.536 2265-2265/? I/TopTaskTracker: onTaskRemoved : taskId = 212
07-13 08:41:52.536 2265-2265/? I/RecentsView: onTaskRemoved() taskId : 212
07-13 08:41:52.537 2265-2265/? I/TopTaskTracker: onTaskRemoved : taskId = 212
07-13 08:41:52.535 29469-29499/? I/TestRunner: run finished: 1 tests, 0 failed, 0 ignored
07-13 08:41:52.541 916-916/? I/Layer: id=1057 removeFromCurrentState ActivityRecord{138428 u0 app.identifier/.MainActivity} t212}#1057 (110)
07-13 08:41:52.541 916-916/? I/Layer: id=1058 removeFromCurrentState f63824b ActivityRecordInputSink app.identifier/.MainActivity#1058 (110)
07-13 08:41:52.541 916-916/? I/Layer: id=1050 removeFromCurrentState Task=212#1050 (110)
07-13 08:41:52.541 916-916/? I/Layer: id=1086 removeFromCurrentState Task=212#1086 (110)
07-13 08:41:52.541 916-916/? I/SurfaceFlinger: id=1057 Removed ActivityRecord{138428 u0 app.identifier/.MainActivity} t212}#1057 (110)
07-13 08:41:52.541 916-916/? I/SurfaceFlinger: id=1086 Removed Task=212#1086 (110)
07-13 08:41:52.542 916-916/? I/Layer: id=1086 Destroyed Task=212#1086
07-13 08:41:52.542 916-916/? I/Layer: id=1057 Destroyed ActivityRecord{138428 u0 app.identifier/.MainActivity} t212}#1057
07-13 08:41:52.542 916-916/? I/Layer: id=1058 Destroyed f63824b ActivityRecordInputSink app.identifier/.MainActivity#1058
07-13 08:41:52.546 2265-2589/? W/LiveIconLoader: System font not found, reverting to Roboto.
07-13 08:41:52.547 916-916/? D/SurfaceFlinger: Display 0 HWC layers:
07-13 08:41:52.547 916-916/? D/SurfaceFlinger:      DEVICE | 0xf3be4600 | 0100 | RGBx_8888    |  662.0    0.0 1738.0 2400.0 |    0    0 1080 2408 | Wallpaper BBQ wrapper#90
07-13 08:41:52.547 916-916/? D/SurfaceFlinger:      DEVICE | 0xf3ff2e00 | 0100 | RGBA_8888    |    0.0    0.0 1080.0 2408.0 |    0    0 1080 2408 | com.sec.android.app.launcher/com.sec[...]tivities.LauncherActivity$_2265#1077
07-13 08:41:52.547 916-916/? D/SurfaceFlinger:      DEVICE | 0xf3201280 | 0100 | RGBA_8888    |    0.0    0.0 1080.0   70.0 |    0    0 1080   70 | StatusBar$_1853#98
07-13 08:41:52.547 916-916/? D/SurfaceFlinger:      DEVICE | 0xf3200c80 | 0100 | RGBA_8888    |    0.0    0.0 1080.0  135.0 |    0 2273 1080 2408 | NavigationBar0$_1853#92
07-13 08:41:52.547 916-916/? D/SurfaceFlinger:      DEVICE | 0xf3200e00 | 0108 | RGBA_8888    |    0.0    0.0 1080.0 2408.0 |    0    0 1080 2408 | $_1853#94
07-13 08:41:52.552 2265-2279/? W/System: A resource failed to call release. 
07-13 08:41:52.552 2265-2279/? W/System: A resource failed to call release. 
07-13 08:41:52.552 2265-2279/? W/System: A resource failed to call release. 
07-13 08:41:52.552 916-938/? I/SurfaceFlinger: id=1044 Removed Surface(name=Task=1)/@0x79cd78a - animation-leash of app_transition#1044 (107)
07-13 08:41:52.552 916-938/? I/SurfaceFlinger: id=1043 Removed Surface(name=Task=211)/@0x8c09a76 - animation-leash of app_transition#1043 (107)
07-13 08:41:52.552 916-938/? I/SurfaceFlinger: id=1045 Removed Surface(name=WallpaperWindowToken{87e9dc2 token=android.os.Binder@e6efa0d})/@0x3e32d85 - animation-leash of window_animation#1045 (107)
07-13 08:41:52.552 2265-2279/? W/System: A resource failed to call release. 
07-13 08:41:52.553 2265-2279/? W/System: A resource failed to call release. 
07-13 08:41:52.553 2265-2279/? W/System: A resource failed to call release. 
07-13 08:41:52.553 916-1440/? I/SurfaceFlinger: id=1081 Removed Surface(name=Task=1)/@0x79cd78a - animation-leash of app_transition#1081 (107)
07-13 08:41:52.553 916-1440/? I/SurfaceFlinger: id=1080 Removed Surface(name=Task=212)/@0x40e6310 - animation-leash of app_transition#1080 (107)
07-13 08:41:52.553 916-1440/? I/SurfaceFlinger: id=1082 Removed Surface(name=WallpaperWindowToken{87e9dc2 token=android.os.Binder@e6efa0d})/@0x3e32d85 - animation-leash of window_animation#1082 (107)
07-13 08:41:52.552 1212-4509/? D/CustomizedBinderCallsStatsInternal: reportCpuUsage() : 7%
07-13 08:41:52.558 916-916/? I/Layer: id=1082 Destroyed Surface(name=WallpaperWindowToken{87e9dc2 token=android.os.Binder@e6efa0d})/@0x3e32d85 - animation-leash of window_animation#1082
07-13 08:41:52.558 916-916/? I/Layer: id=1081 Destroyed Surface(name=Task=1)/@0x79cd78a - animation-leash of app_transition#1081
07-13 08:41:52.558 916-916/? I/Layer: id=1080 Destroyed Surface(name=Task=212)/@0x40e6310 - animation-leash of app_transition#1080
07-13 08:41:52.558 916-916/? I/Layer: id=1045 Destroyed Surface(name=WallpaperWindowToken{87e9dc2 token=android.os.Binder@e6efa0d})/@0x3e32d85 - animation-leash of window_animation#1045
07-13 08:41:52.558 916-916/? I/Layer: id=1044 Destroyed Surface(name=Task=1)/@0x79cd78a - animation-leash of app_transition#1044
07-13 08:41:52.558 916-916/? I/Layer: id=1043 Destroyed Surface(name=Task=211)/@0x8c09a76 - animation-leash of app_transition#1043
07-13 08:41:52.562 916-916/? D/SurfaceFlinger: Display 0 HWC layers:
07-13 08:41:52.562 916-916/? D/SurfaceFlinger:      DEVICE | 0xf3be4600 | 0100 | RGBx_8888    |  662.0    0.0 1738.0 2400.0 |    0    0 1080 2408 | Wallpaper BBQ wrapper#90
07-13 08:41:52.562 916-916/? D/SurfaceFlinger:      DEVICE | 0xf3ff2e00 | 0100 | RGBA_8888    |    0.0    0.0 1080.0 2408.0 |    0    0 1080 2408 | com.sec.android.app.launcher/com.sec[...]tivities.LauncherActivity$_2265#1077
07-13 08:41:52.562 916-916/? D/SurfaceFlinger:      DEVICE | 0xf3201280 | 0100 | RGBA_8888    |    0.0    0.0 1080.0   70.0 |    0    0 1080   70 | StatusBar$_1853#98
07-13 08:41:52.562 916-916/? D/SurfaceFlinger:      DEVICE | 0xf3200c80 | 0100 | RGBA_8888    |    0.0    0.0 1080.0  135.0 |    0 2273 1080 2408 | NavigationBar0$_1853#92
07-13 08:41:52.562 916-916/? D/SurfaceFlinger:      DEVICE | 0xf3200e00 | 0108 | RGBA_8888    |    0.0    0.0 1080.0 2408.0 |    0    0 1080 2408 | $_1853#94
07-13 08:41:52.566 29469-29499/? I/MonitoringInstr: waitForActivitiesToComplete() took: 0ms
07-13 08:41:52.567 1212-2632/? I/ActivityManager: Force stopping app.identifier appid=10450 user=0: finished inst
07-13 08:41:52.569 1212-2632/? I/ActivityManager: Killing 29469:app.identifier/u0a450 (adj 0): stop app.identifier due to finished inst
07-13 08:41:52.570 1212-2632/? D/ActivityManager: proc ProcessRecord{e5d505a 29469:app.identifier/u0a450} already removed. so we skip next process.
07-13 08:41:52.574 2265-2589/? I/LiveIconLoader: [Calendar] getLiveIcon - Date: 13
07-13 08:41:52.575 1212-1241/? D/SettingsProvider: isChangeAllowed() : name = window_animation_scale
07-13 08:41:52.576 1212-1241/? I/GenerationRegistry: mBackingStore.isClosed() : false
07-13 08:41:52.577 1212-1241/? D/SettingsProvider: isChangeAllowed() : name = transition_animation_scale
07-13 08:41:52.577 1212-1241/? I/GenerationRegistry: mBackingStore.isClosed() : false
07-13 08:41:52.578 1212-1241/? D/SettingsProvider: isChangeAllowed() : name = animator_duration_scale
07-13 08:41:52.579 1212-1241/? I/GenerationRegistry: mBackingStore.isClosed() : false
07-13 08:41:52.579 1212-1241/? D/SettingsProvider: isChangeAllowed() : name = remove_animations
07-13 08:41:52.579 2265-2589/? I/AppIconSolution: load= live icon for com.samsung.android.calendar, from overlay = false
07-13 08:41:52.580 1212-1241/? I/GenerationRegistry: mBackingStore.isClosed() : false
07-13 08:41:52.580 1212-2149/? D/MdnieScenarioControlService:  packageName : com.sec.android.app.launche
07-13 08:41:52.580 1212-2149/? D/MdnieScenarioControlService: r    className : com.android.launcher3.uioverrides.QuickstepLauncher
07-13 08:41:52.583 29452-29452/? I/app_process: System.exit called, status: 0
07-13 08:41:52.583 29452-29452/? I/AndroidRuntime: VM exiting with result code 0.
07-13 08:41:52.588 1212-2149/? V/MdnieScenarioControlService: setUIMode from UI function(3)
07-13 08:41:52.593 2265-2589/? I/LauncherActivityInfo: packageName: com.samsung.android.calendar, useThemeIcon: false, height: 385, width: 385, density: 640
07-13 08:41:52.594 1853-1853/? W/Settings: Setting transition_animation_scale has moved from android.provider.Settings.System to android.provider.Settings.Global, returning read-only value.
07-13 08:41:52.597 1212-1251/? I/libprocessgroup: Successfully killed process cgroup uid 10450 pid 29469 in 19ms
07-13 08:41:52.597 1853-1853/? D/SettingsHelper: onChange() COMPLETED elapsed= 4
07-13 08:41:52.597 1853-1853/? V/SettingsHelper: *** broadcastChange for content://settings/global/transition_animation_scale
07-13 08:41:52.597 1853-1853/? I/AODSettingsHelper: content://settings/global/animator_duration_scale changed
07-13 08:41:52.600 2265-2265/? W/Settings: Setting remove_animations has moved from android.provider.Settings.System to android.provider.Settings.Global, returning read-only value.
07-13 08:41:52.600 1212-1212/? D/SemExclusiveTaskManagerService: ExclusiveTaskObserver : key : global/remove_animations, user : 0
