07-13 08:41:40.673 29070-29070/? D/InsetsController: onStateChanged: InsetsState: {mDisplayFrame=Rect(0, 0 - 1080, 2408), mDisplayCutout=DisplayCutout{insets=Rect(0, 65 - 0, 0) waterfall=Insets{left=0, top=0, right=0, bottom=0} boundingRect={Bounds=[Rect(0, 0 - 0, 0), Rect(454, 0 - 626, 65), Rect(0, 0 - 0, 0), Rect(0, 0 - 0, 0)]} cutoutPathParserInfo={CutoutPathParserInfo{displayWidth=1080 displayHeight=2408 physicalDisplayWidth=1080 physicalDisplayHeight=2408 density={2.8125} cutoutSpec={M 0,0 H -30.57777777777778 V 23.11111111111111 H 30.57777777777778 V 0 H 0 Z @dp} rotation={0} scale={1.0} physicalPixelDisplaySizeRatio={1.0}}}}, mRoundedCorners=RoundedCorners{[RoundedCorner{position=TopLeft, radius=90, center=Point(90, 90)}, RoundedCorner{position=TopRight, radius=90, center=Point(990, 90)}, RoundedCorner{position=BottomRight, radius=90, center=Point(990, 2318)}, RoundedCorner{position=BottomLeft, radius=90, center=Point(90, 2318)}]}  mRoundedCornerFrame=Rect(0, 0 - 1080, 2408), mPrivacyIndicatorBounds=PrivacyIndicatorBounds {static bounds=Rect(956, 0 - 1080, 70) rotation=0}, mSources= { InsetsSource: {mType=ITYPE_STATUS_BAR, mFrame=[0,0][1080,70], mVisible=true, mInsetsRoundedCornerFrame=false}, InsetsSource: {mType=ITYPE_NAVIGATION_BAR, mFrame=[0,2273][1080,2408], mVisible=true, mInsetsRoundedCornerFrame=false}, InsetsSource: {mType=ITYPE_LEFT_GESTURES, mFrame=[0,0][0,2408], mVisible=true, mInsetsRoundedCornerFrame=false}, InsetsSource: {mType=ITYPE_RIGHT_GESTURES, mFrame=[1080,0][1080,2408], mVisible=true, mInsetsRoundedCornerFrame=false}, InsetsSource: {mType=ITYPE_TOP_MANDATORY_GESTURES, mFrame=[0,0][1080,99], mVisible=true, mInsetsRoundedCornerFrame=false}, InsetsSource: {mType=ITYPE_BOTTOM_MANDATORY_GESTURES, mFrame=[0,2273][1080,2408], mVisible=true, mInsetsRoundedCornerFrame=false}, InsetsSource: {mType=ITYPE_LEFT_DISPLAY_CUTOUT, mFrame=[0,0][-100000,2408], mVisible=true, mInsetsRoundedCornerFrame=false}, InsetsSource: {mType=ITYP
07-13 08:41:40.673 29070-29070/? D/InsetsController: E_TOP_DISPLAY_CUTOUT, mFrame=[0,0][1080,65], mVisible=true, mInsetsRoundedCornerFrame=false}, InsetsSource: {mType=ITYPE_RIGHT_DISPLAY_CUTOUT, mFrame=[100000,0][1080,2408], mVisible=true, mInsetsRoundedCornerFrame=false}, InsetsSource: {mType=ITYPE_BOTTOM_DISPLAY_CUTOUT, mFrame=[0,100000][1080,2408], mVisible=true, mInsetsRoundedCornerFrame=false}, InsetsSource: {mType=ITYPE_TOP_TAPPABLE_ELEMENT, mFrame=[0,0][1080,70], mVisible=true, mInsetsRoundedCornerFrame=false}, InsetsSource: {mType=ITYPE_BOTTOM_TAPPABLE_ELEMENT, mFrame=[0,2273][1080,2408], mVisible=true, mInsetsRoundedCornerFrame=false} } host=app.identifier.test/androidx.test.core.app.InstrumentationActivityInvoker$EmptyActivity from=android.view.ViewRootImpl.setView:1732
07-13 08:41:40.674 916-916/? D/SurfaceFlinger: Display 0 HWC layers:
07-13 08:41:40.674 916-916/? D/SurfaceFlinger:      DEVICE | 0xf3be6100 | 0102 | RGBA_8888    |    0.0    0.0 1080.0 2408.0 |    0    0 1080 2408 | app.identifier/app.identifier.MainActivity$_28966#992
07-13 08:41:40.674 916-916/? D/SurfaceFlinger:      DEVICE | 0xf3201280 | 0100 | RGBA_8888    |    0.0    0.0 1080.0   70.0 |    0    0 1080   70 | StatusBar$_1853#98
07-13 08:41:40.674 916-916/? D/SurfaceFlinger:      DEVICE | 0xf3200c80 | 0100 | RGBA_8888    |    0.0    0.0 1080.0  135.0 |    0 2273 1080 2408 | NavigationBar0$_1853#92
07-13 08:41:40.674 916-916/? D/SurfaceFlinger:      DEVICE | 0xf3200e00 | 0108 | RGBA_8888    |    0.0    0.0 1080.0 2408.0 |    0    0 1080 2408 | $_1853#94
07-13 08:41:40.676 1212-3797/? D/CoreBackPreview: Window{cd3c972 u0 app.identifier.test/androidx.test.core.app.InstrumentationActivityInvoker$EmptyActivity}: Setting back callback OnBackInvokedCallbackInfo{mCallback=android.window.IOnBackInvokedCallback$Stub$Proxy@d5b4d79, mPriority=0}
07-13 08:41:40.678 29070-29070/? I/ViewRootImpl@bb44b12[InstrumentationActivityInvoker$EmptyActivity]: setView = com.android.internal.policy.DecorView@b4eb574 TM=true
07-13 08:41:40.680 29070-29070/? I/MSHandlerLifeCycle: removeMultiSplitHandler: no exist. decor=DecorView@b4eb574[InstrumentationActivityInvoker$EmptyActivity]
07-13 08:41:40.681 29070-29070/? I/ViewRootImpl@4d2705f[InstrumentationActivityInvoker$EmptyActivity]: stopped(true) old = false
07-13 08:41:40.681 29070-29070/? I/ViewRootImpl@4d2705f[InstrumentationActivityInvoker$EmptyActivity]: WindowStopped on app.identifier.test/androidx.test.core.app.InstrumentationActivityInvoker$EmptyActivity set to true
07-13 08:41:40.684 29070-29070/? I/MSHandlerLifeCycle: removeMultiSplitHandler: no exist. decor=DecorView@a0e24b9[InstrumentationActivityInvoker$EmptyActivity]
07-13 08:41:40.686 1212-3797/? W/WindowManager: Execute app transition: mNextAppTransitionRequests=[TRANSIT_OPEN, TRANSIT_OPEN, TRANSIT_OPEN, TRANSIT_OPEN], mNextAppTransitionFlags=, displayId: 0 Callers=com.android.server.wm.Task.executeAppTransition:7868 com.android.server.wm.RootWindowContainer.lambda$resumeFocusedTasksTopActivities$20:2750 com.android.server.wm.RootWindowContainer.$r8$lambda$T5O2b-2Pin2YrxYnsz1zP_DLpiQ:0 com.android.server.wm.RootWindowContainer$$ExternalSyntheticLambda17.accept:13 com.android.server.wm.Task.forAllRootTasks:4095 
07-13 08:41:40.687 1212-3797/? W/WindowManager: Execute app transition: mNextAppTransitionRequests=[TRANSIT_OPEN, TRANSIT_OPEN, TRANSIT_OPEN, TRANSIT_OPEN], mNextAppTransitionFlags=, displayId: 0 Callers=com.android.server.wm.Task.executeAppTransition:7868 com.android.server.wm.TaskFragment.resumeTopActivity:1354 com.android.server.wm.TaskFragment.resumeTopActivity:1307 com.android.server.wm.Task.resumeTopActivityInnerLocked:6449 com.android.server.wm.Task.resumeTopActivityUncheckedLocked:6350 
07-13 08:41:40.692 916-916/? D/SurfaceFlinger: Display 0 HWC layers:
07-13 08:41:40.692 916-916/? D/SurfaceFlinger:      DEVICE | 0xf3be6100 | 0102 | RGBA_8888    |    0.0    0.0 1080.0 2408.0 |    0    0 1080 2408 | app.identifier/app.identifier.MainActivity$_28966#992
07-13 08:41:40.692 916-916/? D/SurfaceFlinger:      DEVICE | 0xf3201280 | 0100 | RGBA_8888    |    0.0    0.0 1080.0   70.0 |    0    0 1080   70 | StatusBar$_1853#98
07-13 08:41:40.692 916-916/? D/SurfaceFlinger:      DEVICE | 0xf3200c80 | 0100 | RGBA_8888    |    0.0    0.0 1080.0  135.0 |    0 2273 1080 2408 | NavigationBar0$_1853#92
07-13 08:41:40.692 916-916/? D/SurfaceFlinger:      DEVICE | 0xf3200e00 | 0108 | RGBA_8888    |    0.0    0.0 1080.0 2408.0 |    0    0 1080 2408 | $_1853#94
07-13 08:41:40.693 1212-2014/? D/ActivityTaskManager: scheduleTopResumedActivityChanged, onTop=false r=ActivityRecord{db4e236 u0 app.identifier.test/androidx.test.core.app.InstrumentationActivityInvoker$EmptyActivity} t210 f}} caller=com.android.server.wm.ActivityTaskSupervisor.updateTopResumedActivityIfNeeded:2508 com.android.server.wm.TaskDisplayArea.positionChildTaskAt:602 com.android.server.wm.TaskDisplayArea.positionChildAt:537 com.android.server.wm.WindowContainer.positionChildAt:970 com.android.server.wm.Task.positionChildAt:3352 com.android.server.wm.Task.moveToFrontInner:6051 
07-13 08:41:40.694 1212-2014/? D/InputDispatcher: Focused application(0): ActivityRecord{6b6f3a1 u0 com.sec.android.app.launcher/.activities.LauncherActivity} t190}
07-13 08:41:40.694 1212-2014/? D/SGM:FgCheckThread: TaskStackListener.onTaskFocusChanged(), taskId=210, focused=false
07-13 08:41:40.694 1212-2014/? D/SGM:FgCheckThread: TaskStackListener.onTaskFocusChanged(), taskId=190, focused=true
07-13 08:41:40.695 1212-2014/? D/SGM:FgCheckThread:   sendRunningComponentFocus(), pkgName: com.sec.android.app.launcher, userId: 0
07-13 08:41:40.696 1212-1407/? D/SGM:FgCheckThread: onLooperPrepared(), msg: MSG_TASK_FOCUSED, pkgName: com.sec.android.app.launcher, userId: 0
07-13 08:41:40.696 1212-1407/? D/SGM:FgCheckThread: handleTaskFocused().
07-13 08:41:40.696 1212-1407/? D/SGM:FgCheckThread: sendFocusOutConditionally() - mPrevNotiPkg: (unknown), userId: 0
07-13 08:41:40.696 1212-1407/? D/SGM:FgCheckThread:   handleTaskFocused(), pkgName: com.sec.android.app.launcher, userID:0 mResumedPkgMap does not containsKey.
07-13 08:41:40.697 1212-2014/? W/WindowManager: Prepare app transition: mNextAppTransitionRequests=[TRANSIT_OPEN, TRANSIT_OPEN, TRANSIT_OPEN, TRANSIT_OPEN, TRANSIT_CLOSE], mNextAppTransitionFlags=, displayId: 0 Callers=com.android.server.wm.DisplayContent.prepareAppTransition:6487 com.android.server.wm.DisplayContent.prepareAppTransition:6478 com.android.server.wm.ActivityRecord.finishIfPossible:4145 com.android.server.wm.ActivityClientController.finishActivity:522 android.app.IActivityClientController$Stub.onTransact:711 
07-13 08:41:40.704 2265-2265/? I/TopTaskTracker: onTaskMovedToFront : taskId = 190
07-13 08:41:40.709 916-916/? D/SurfaceFlinger: Display 0 HWC layers:
07-13 08:41:40.709 916-916/? D/SurfaceFlinger:      DEVICE | 0xf3be6100 | 0102 | RGBA_8888    |    0.0    0.0 1080.0 2408.0 |    0    0 1080 2408 | app.identifier/app.identifier.MainActivity$_28966#992
07-13 08:41:40.709 916-916/? D/SurfaceFlinger:      DEVICE | 0xf3201280 | 0100 | RGBA_8888    |    0.0    0.0 1080.0   70.0 |    0    0 1080   70 | StatusBar$_1853#98
07-13 08:41:40.709 916-916/? D/SurfaceFlinger:      DEVICE | 0xf3200c80 | 0100 | RGBA_8888    |    0.0    0.0 1080.0  135.0 |    0 2273 1080 2408 | NavigationBar0$_1853#92
07-13 08:41:40.709 916-916/? D/SurfaceFlinger:      DEVICE | 0xf3200e00 | 0108 | RGBA_8888    |    0.0    0.0 1080.0 2408.0 |    0    0 1080 2408 | $_1853#94
07-13 08:41:40.717 29070-29070/? I/ViewRootImpl@bb44b12[InstrumentationActivityInvoker$EmptyActivity]: performTraversals params={(0,0)(fillxfill) sim={adjust=pan forwardNavigation} ty=BASE_APPLICATION wanim=0x1030001
07-13 08:41:40.717 29070-29070/? I/ViewRootImpl@bb44b12[InstrumentationActivityInvoker$EmptyActivity]:   fl=1810100
07-13 08:41:40.717 29070-29070/? I/ViewRootImpl@bb44b12[InstrumentationActivityInvoker$EmptyActivity]:   pfl=12020040
07-13 08:41:40.717 29070-29070/? I/ViewRootImpl@bb44b12[InstrumentationActivityInvoker$EmptyActivity]:   bhv=DEFAULT
07-13 08:41:40.717 29070-29070/? I/ViewRootImpl@bb44b12[InstrumentationActivityInvoker$EmptyActivity]:   fitSides= naviIconColor=0}
07-13 08:41:40.723 29070-29070/? I/ViewRootImpl@bb44b12[InstrumentationActivityInvoker$EmptyActivity]: performTraversals mFirst=true windowShouldResize=true viewVisibilityChanged=false mForceNextWindowRelayout=false params={(0,0)(fillxfill) sim={adjust=pan forwardNavigation} ty=BASE_APPLICATION wanim=0x1030001
07-13 08:41:40.723 29070-29070/? I/ViewRootImpl@bb44b12[InstrumentationActivityInvoker$EmptyActivity]:   fl=1810100
07-13 08:41:40.723 29070-29070/? I/ViewRootImpl@bb44b12[InstrumentationActivityInvoker$EmptyActivity]:   pfl=12020040
07-13 08:41:40.723 29070-29070/? I/ViewRootImpl@bb44b12[InstrumentationActivityInvoker$EmptyActivity]:   bhv=DEFAULT
07-13 08:41:40.723 29070-29070/? I/ViewRootImpl@bb44b12[InstrumentationActivityInvoker$EmptyActivity]:   fitSides= naviIconColor=0}
07-13 08:41:40.724 1212-2014/? V/WindowManager: Relayout Window{cd3c972 u0 app.identifier.test/androidx.test.core.app.InstrumentationActivityInvoker$EmptyActivity}: viewVisibility=0 req=1080x2408 d0
07-13 08:41:40.724 1212-2014/? D/RestrictionPolicy: isScreenCaptureEnabled : ret=true userId=0
07-13 08:41:40.724 916-937/? I/SurfaceFlinger: id=1004 createSurf flag=40004, app.identifier.test/androidx.test.core.app.InstrumentationActivityInvoker$EmptyActivity$_29070#1004
07-13 08:41:40.725 1212-2014/? D/WindowManager: makeSurface duration=2 name=app.identifier.test/androidx.test.core.app.InstrumentationActivityInvoker$EmptyActivity$_29070
07-13 08:41:40.729 1212-2014/? V/WindowManager: Relayout hash=cd3c972, pid=29070, syncId=-1: mAttrs={(0,0)(fillxfill) sim={adjust=pan forwardNavigation} ty=BASE_APPLICATION wanim=0x1030001
07-13 08:41:40.729 1212-2014/? V/WindowManager:   fl=1810100
07-13 08:41:40.729 1212-2014/? V/WindowManager:   pfl=12020040
07-13 08:41:40.729 1212-2014/? V/WindowManager:   bhv=DEFAULT
07-13 08:41:40.729 1212-2014/? V/WindowManager:   fitSides= naviIconColor=0}
07-13 08:41:40.733 29070-29070/? I/ViewRootImpl@bb44b12[InstrumentationActivityInvoker$EmptyActivity]: updateBlastSurfaceIfNeeded mBlastBufferQueue=null isSameSurfaceControl=false
07-13 08:41:40.734 29070-29070/? I/BLASTBufferQueue: new BLASTBufferQueue, mName= ViewRootImpl@bb44b12[InstrumentationActivityInvoker$EmptyActivity] mNativeObject= 0xe92c4680 sc.mNativeObject= 0xe615d590 caller= android.view.ViewRootImpl.updateBlastSurfaceIfNeeded:2909 android.view.ViewRootImpl.relayoutWindow:9847 android.view.ViewRootImpl.performTraversals:3884 android.view.ViewRootImpl.doTraversal:3116 android.view.ViewRootImpl$TraversalRunnable.run:10885 android.view.Choreographer$CallbackRecord.run:1301 android.view.Choreographer$CallbackRecord.run:1309 android.view.Choreographer.doCallbacks:923 android.view.Choreographer.doFrame:852 android.view.Choreographer$FrameDisplayEventReceiver.run:1283 
07-13 08:41:40.734 29070-29070/? I/BLASTBufferQueue: update, w= 1080 h= 2408 mName = ViewRootImpl@bb44b12[InstrumentationActivityInvoker$EmptyActivity] mNativeObject= 0xe92c4680 sc.mNativeObject= 0xe615d590 format= -1 caller= android.graphics.BLASTBufferQueue.<init>:84 android.view.ViewRootImpl.updateBlastSurfaceIfNeeded:2909 android.view.ViewRootImpl.relayoutWindow:9847 android.view.ViewRootImpl.performTraversals:3884 android.view.ViewRootImpl.doTraversal:3116 android.view.ViewRootImpl$TraversalRunnable.run:10885 
07-13 08:41:40.735 29070-29070/? I/ViewRootImpl@bb44b12[InstrumentationActivityInvoker$EmptyActivity]: Relayout returned: old=(0,0,1080,2408) new=(0,0,1080,2408) req=(1080,2408)0 dur=10 res=0x3 s={true 0xe50e2800} ch=true seqId=0
07-13 08:41:40.737 29070-29125/? D/OpenGLRenderer: eglCreateWindowSurface
07-13 08:41:40.737 29070-29070/? I/ViewRootImpl@bb44b12[InstrumentationActivityInvoker$EmptyActivity]: mThreadedRenderer.initialize() mSurface={isValid=true 0xe50e2800} hwInitialized=true
07-13 08:41:40.741 29070-29070/? I/ViewRootImpl@bb44b12[InstrumentationActivityInvoker$EmptyActivity]: reportNextDraw android.view.ViewRootImpl.performTraversals:4438 android.view.ViewRootImpl.doTraversal:3116 android.view.ViewRootImpl$TraversalRunnable.run:10885 android.view.Choreographer$CallbackRecord.run:1301 android.view.Choreographer$CallbackRecord.run:1309 
07-13 08:41:40.742 29070-29070/? I/ViewRootImpl@bb44b12[InstrumentationActivityInvoker$EmptyActivity]: Setup new sync id=0
07-13 08:41:40.742 29070-29070/? I/ViewRootImpl@bb44b12[InstrumentationActivityInvoker$EmptyActivity]: Setting syncFrameCallback
07-13 08:41:40.742 29070-29070/? I/ViewRootImpl@bb44b12[InstrumentationActivityInvoker$EmptyActivity]: registerCallbacksForSync syncBuffer=false
07-13 08:41:40.743 916-916/? D/SurfaceFlinger: Display 0 HWC layers:
07-13 08:41:40.743 916-916/? D/SurfaceFlinger:      DEVICE | 0xf3be6100 | 0102 | RGBA_8888    |    0.0    0.0 1080.0 2408.0 |    0    0 1080 2408 | app.identifier/app.identifier.MainActivity$_28966#992
07-13 08:41:40.743 916-916/? D/SurfaceFlinger:      DEVICE | 0xf3201280 | 0100 | RGBA_8888    |    0.0    0.0 1080.0   70.0 |    0    0 1080   70 | StatusBar$_1853#98
07-13 08:41:40.743 916-916/? D/SurfaceFlinger:      DEVICE | 0xf3200c80 | 0100 | RGBA_8888    |    0.0    0.0 1080.0  135.0 |    0 2273 1080 2408 | NavigationBar0$_1853#92
07-13 08:41:40.743 916-916/? D/SurfaceFlinger:      DEVICE | 0xf3200e00 | 0108 | RGBA_8888    |    0.0    0.0 1080.0 2408.0 |    0    0 1080 2408 | $_1853#94
07-13 08:41:40.746 29070-29201/? I/ViewRootImpl@bb44b12[InstrumentationActivityInvoker$EmptyActivity]: Received frameDrawingCallback syncResult=0 frameNum=1.
07-13 08:41:40.746 29070-29201/? I/ViewRootImpl@bb44b12[InstrumentationActivityInvoker$EmptyActivity]: Setting up sync and frameCommitCallback
07-13 08:41:40.750 29070-29125/? I/BLASTBufferQueue: [ViewRootImpl@bb44b12[InstrumentationActivityInvoker$EmptyActivity]#1](f:0,a:0) onFrameAvailable the first frame is available
07-13 08:41:40.751 29070-29125/? I/ViewRootImpl@bb44b12[InstrumentationActivityInvoker$EmptyActivity]: Received frameCommittedCallback lastAttemptedDrawFrameNum=1 didProduceBuffer=true
07-13 08:41:40.753 29070-29125/? D/OpenGLRenderer: CFMS:: SetUp Pid : 29070    Tid : 29125
07-13 08:41:40.756 29070-29070/? I/ViewRootImpl@bb44b12[InstrumentationActivityInvoker$EmptyActivity]: onSyncComplete
07-13 08:41:40.756 29070-29070/? I/ViewRootImpl@bb44b12[InstrumentationActivityInvoker$EmptyActivity]: setupSync seqId=0 mSyncId=0 fn=1 caller=android.view.ViewRootImpl$$ExternalSyntheticLambda11.accept:6 android.window.SurfaceSyncer.lambda$setupSync$1$android-window-SurfaceSyncer:128 android.window.SurfaceSyncer$$ExternalSyntheticLambda1.accept:8 android.window.SurfaceSyncer$SyncSet.checkIfSyncIsComplete:382 android.window.SurfaceSyncer$SyncSet.markSyncReady:359 android.window.SurfaceSyncer.markSyncReady:151 android.view.ViewRootImpl.performTraversals:4503 
07-13 08:41:40.757 29070-29125/? D/OpenGLRenderer: setSurface called with nullptr
07-13 08:41:40.757 29070-29125/? D/OpenGLRenderer: setSurface() destroyed EGLSurface
07-13 08:41:40.757 29070-29125/? D/OpenGLRenderer: destroyEglSurface
07-13 08:41:40.760 916-916/? D/SurfaceFlinger: Display 0 HWC layers:
07-13 08:41:40.760 916-916/? D/SurfaceFlinger:      DEVICE | 0xf3be6100 | 0102 | RGBA_8888    |    0.0    0.0 1080.0 2408.0 |    0    0 1080 2408 | app.identifier/app.identifier.MainActivity$_28966#992
07-13 08:41:40.760 916-916/? D/SurfaceFlinger:      DEVICE | 0xf3201280 | 0100 | RGBA_8888    |    0.0    0.0 1080.0   70.0 |    0    0 1080   70 | StatusBar$_1853#98
07-13 08:41:40.760 916-916/? D/SurfaceFlinger:      DEVICE | 0xf3200c80 | 0100 | RGBA_8888    |    0.0    0.0 1080.0  135.0 |    0 2273 1080 2408 | NavigationBar0$_1853#92
07-13 08:41:40.760 916-916/? D/SurfaceFlinger:      DEVICE | 0xf3200e00 | 0108 | RGBA
07-13 08:41:40.760 916-916/? D/SurfaceFlinger: _8888    |    0.0    0.0 1080.0 2408.0 |    0    0 1080 2408 | $_1853#94
07-13 08:41:40.761 29070-29070/? I/ViewRootImpl@4d2705f[InstrumentationActivityInvoker$EmptyActivity]: performTraversals mFirst=false windowShouldResize=false viewVisibilityChanged=true mForceNextWindowRelayout=false params=null
07-13 08:41:40.763 1212-3797/? V/WindowManager: Relayout Window{ce4ebc2 u0 app.identifier.test/androidx.test.core.app.InstrumentationActivityInvoker$EmptyActivity}: viewVisibility=4 req=1080x2408 d0
07-13 08:41:40.767 1212-3797/? V/WindowManager: Relayout hash=ce4ebc2, pid=29070, syncId=-1: mAttrs={(0,0)(fillxfill) sim={adjust=pan forwardNavigation} ty=BASE_APPLICATION wanim=0x1030001
07-13 08:41:40.767 1212-3797/? V/WindowManager:   fl=1810100
07-13 08:41:40.767 1212-3797/? V/WindowManager:   pfl=12020040
07-13 08:41:40.767 1212-3797/? V/WindowManager:   bhv=DEFAULT
07-13 08:41:40.767 1212-3797/? V/WindowManager:   fitSides= naviIconColor=0}
07-13 08:41:40.771 29070-29070/? I/ViewRootImpl@4d2705f[InstrumentationActivityInvoker$EmptyActivity]: Relayout returned: old=(0,0,1080,2408) new=(0,0,1080,2408) req=(1080,2408)4 dur=9 res=0x2 s={false 0x0} ch=false seqId=0
07-13 08:41:40.771 29070-29070/? I/ViewRootImpl@bb44b12[InstrumentationActivityInvoker$EmptyActivity]: reportDrawFinished seqId=0 mSyncId=-1 fn=1 mSurfaceChangedTransaction=0xe8c33080
07-13 08:41:40.772 1212-3797/? D/WindowManager: finishDrawingWindow: Window{cd3c972 u0 app.identifier.test/androidx.test.core.app.InstrumentationActivityInvoker$EmptyActivity} mDrawState=DRAW_PENDING seqId=0
07-13 08:41:40.775 29070-29070/? I/MSHandlerLifeCycle: removeMultiSplitHandler: no exist. decor=DecorView@a0e24b9[InstrumentationActivityInvoker$EmptyActivity]
07-13 08:41:40.775 1212-2014/? I/ActivityTaskManager: Activity reported stop, but no longer stopping: ActivityRecord{36008a u0 app.identifier.test/androidx.test.core.app.InstrumentationActivityInvoker$EmptyActivity} t210 f}} DESTROYING
07-13 08:41:40.777 1212-3797/? D/CoreBackPreview: Window{ce4ebc2 u0 app.identifier.test/androidx.test.core.app.InstrumentationActivityInvoker$EmptyActivity}: Setting back callback null
07-13 08:41:40.778 1212-2014/? I/ActivityManager: Changes in 10103 5 to 2, 8 to 15
07-13 08:41:40.778 1212-2014/? I/AppOps: updateUidProcState uid: 10103 procState: 2 capability:15
07-13 08:41:40.779 29070-29125/? D/OpenGLRenderer: setSurface called with nullptr
07-13 08:41:40.780 29070-29070/? I/ViewRootImpl@4d2705f[InstrumentationActivityInvoker$EmptyActivity]: dispatchDetachedFromWindow
07-13 08:41:40.781 1212-2632/? D/InputTransport: Input channel destroyed: 'ce4ebc2', fd=875
07-13 08:41:40.781 1212-2632/? W/InputManager-JNI: Input channel object 'ce4ebc2 app.identifier.test/androidx.test.core.app.InstrumentationActivityInvoker$EmptyActivity (client)' was disposed without first being removed with the input manager!
07-13 08:41:40.781 1212-2632/? D/InputTransport: Input channel destroyed: 'ce4ebc2', fd=880
07-13 08:41:40.781 1212-2632/? V/WindowManager: Remove Window{ce4ebc2 u0 app.identifier.test/androidx.test.core.app.InstrumentationActivityInvoker$EmptyActivity}: mSurfaceController=Surface(name=app.identifier.test/androidx.test.core.app.InstrumentationActivityInvoker$EmptyActivity$_29070)/@0x64f14ca mAnimatingExit=false mRemoveOnExit=false mHasSurface=true surfaceShowing=false animating=false app-animation=false mWillReplaceWindow=false mDisplayFrozen=false callers=com.android.server.wm.WindowState.removeIfPossible:3041 com.android.server.wm.WindowManagerService.removeWindo
07-13 08:41:40.781 1212-2632/? V/WindowManager: w:2282 com.android.server.wm.Session.remove:236 android.view.IWindowSession$Stub.onTransact:743 com.android.server.wm.Session.onTransact:188 android.os.Binder.execTransactInternal:1316 
07-13 08:41:40.782 1212-2632/? I/WindowManager: Destroying surface Surface(name=app.identifier.test/androidx.test.core.app.InstrumentationActivityInvoker$EmptyActivity$_29070)/@0x64f14ca called by com.android.server.wm.WindowStateAnimator.destroySurface:942 com.android.server.wm.WindowStateAnimator.destroySurfaceLocked:536 com.android.server.wm.WindowState.removeImmediately:2969 com.android.server.wm.WindowState.removeIfPossible:3228 com.android.server.wm.WindowState.removeIfPossible:3041 com.android.server.wm.WindowManagerService.removeWindow:2282 com.android.server.wm.Session.remove:236 android.view.IWindowSession$Stub.onTransact:743 
07-13 08:41:40.782 1212-2632/? D/RestrictionPolicy: isScreenCaptureEnabled : ret=true userId=0
07-13 08:41:40.782 1212-2632/? V/WindowManager: Nulling last startingData
07-13 08:41:40.785 29070-29070/? D/InputTransport: Input channel destroyed: 'ce4ebc2', fd=96
07-13 08:41:40.789 916-916/? I/Layer: id=1002 removeFromCurrentState app.identifier.test/androidx.test.core.app.InstrumentationActivityInvoker$EmptyActivity$_29070#1002 (106)
07-13 08:41:40.790 916-916/? I/Layer: id=1001 removeFromCurrentState ce4ebc2 app.identifier.test/androidx.test.core.app.InstrumentationActivityInvoker$EmptyActivity#1001 (106)
07-13 08:41:40.790 916-916/? I/SurfaceFlinger: id=1002 Removed app.identifier.test/androidx.test.core.app.InstrumentationActivityInvoker$EmptyActivity$_29070#1002 (106)
07-13 08:41:40.790 916-916/? I/SurfaceFlinger: id=1001 Removed ce4ebc2 app.identifier.test/androidx.test.core.app.InstrumentationActivityInvoker$EmptyActivity#1001 (106)
07-13 08:41:40.790 916-916/? I/Layer: id=1001 Destroyed ce4ebc2 app.identifier.test/androidx.test.core.app.InstrumentationActivityInvoker$EmptyActivity#1001
07-13 08:41:40.790 916-916/? I/Layer: id=1002 Destroyed app.identifier.test/androidx.test.core.app.InstrumentationActivityInvoker$EmptyActivity$_29070#1002
07-13 08:41:40.791 1212-2014/? V/MARsPolicyManager: Current Home Package com.sec.android.app.launcher Resumed
07-13 08:41:40.791 1212-2014/? D/MARsPolicyManager: onPackageResumedFG pkgName = com.sec.android.app.launcher, userId = 0
07-13 08:41:40.791 1212-2014/? I/SemDvfsHyPerManager: acquire hyper - AMS_APP_HOME/1212@27, type = -999
07-13 08:41:40.791 1212-1241/? D/SGM:FgCheckThread: notePauseComponent(), received pkgName: app.identifier.test, userId: 0
07-13 08:41:40.792 1212-2014/? D/ActivityManagerPerformance: AMP_acquire() HOME
07-13 08:41:40.792 859-918/? I/HYPER-HAL: [RequestManager.cpp]acquire(): Acquired ID : 768207  [1212 / 27]    HINT : AMS_APP_HOME    list : 
07-13 08:41:40.792 3726-3726/? I/SemDvfsHyPerManager: acquire hyper - APP_START_HOME/3726@13, type = -999
07-13 08:41:40.792 1212-2014/? W/WindowManager: Prepare app transition: mNextAppTransitionRequests=[TRANSIT_OPEN, TRANSIT_OPEN, TRANSIT_OPEN, TRANSIT_OPEN, TRANSIT_CLOSE, TRANSIT_CLOSE], mNextAppTransitionFlags=, displayId: 0 Callers=com.android.server.wm.DisplayContent.prepareAppTransition:6487 com.android.server.wm.DisplayContent.prepareAppTransition:6478 com.android.server.wm.TaskFragment.resumeTopActivity:1562 com.android.server.wm.TaskFragment.resumeTopActivity:1307 com.android.server.wm.Task.resumeTopActivityInnerLocked:6449 
07-13 08:41:40.793 859-918/? I/HYPER-HAL: [RequestManager.cpp]acquire(): Acquired ID : 6991943  [3726 / 13]    HINT : APP_START    list : [KERNEL_APP_START_NOTIFY / 0] [TIMEOUT / 1500] 
07-13 08:41:40.793 1212-2014/? V/WindowManager: Setting visibility of Window{8058bf5 u0 com.sec.android.app.launcher/com.sec.android.app.launcher.activities.LauncherActivity}: true, caller=com.android.server.wm.WindowContainer.sendAppVisibilityToClients:1246 com.android.server.wm.WindowToken.setClientVisible:431 com.android.server.wm.ActivityRecord.setClientVisible:7685 com.android.server.wm.ActivityRecord.setVisibility:6085 com.android.server.wm.ActivityRecord.setVisibility:5978 
07-13 08:41:40.794 2265-2265/? I/ViewRootImpl@7e0c621[LauncherActivity]: handleAppVisibility mAppVisible = false visible = true
07-13 08:41:40.794 1212-2014/? D/ActivityTaskManager: scheduleTopResumedActivityChanged, onTop=true r=ActivityRecord{6b6f3a1 u0 com.sec.android.app.launcher/.activities.LauncherActivity} t190} caller=com.android.server.wm.ActivityTaskSupervisor.scheduleTopResumedActivityStateIfNeeded:2533 com.android.server.wm.ActivityTaskSupervisor.updateTopResumedActivityIfNeeded:2525 com.android.server.wm.TaskFragment.setResumedActivity:493 com.android.server.wm.TaskFragment.onActivityStateChanged:805 com.android.server.wm.ActivityRecord.setState:6400 com.android.server.wm.TaskFragment.resumeTopActivity:1629 
07-13 08:41:40.794 916-916/? D/SurfaceFlinger: Display 0 HWC layers:
07-13 08:41:40.794 916-916/? D/SurfaceFlinger:      DEVICE | 0xf3be6100 | 0102 | RGBA_8888    |    0.0    0.0 1080.0 2408.0 |    0    0 1080 2408 | app.identifier/app.identifier.MainActivity$_28966#992
07-13 08:41:40.794 916-916/? D/SurfaceFlinger:      DEVICE | 0xf3201280 | 0100 | RGBA_8888    |    0.0    0.0 1080.0   70.0 |    0    0 1080   70 | StatusBar$_1853#98
07-13 08:41:40.794 916-916/? D/SurfaceFlinger:      DEVICE | 0xf3200c80 | 0100 | RGBA_8888    |    0.0    0.0 1080.0  135.0 |    0 2273 1080 2408 | NavigationBar0$_1853#92
07-13 08:41:40.794 916-916/? D/SurfaceFlinger:      DEVICE | 0xf3200e00 | 0108 | RGBA_8888    |    0.0    0.0 1080.0 2408.0 |    0    0 1080 2408 | $_1853#94
07-13 08:41:40.795 1212-2014/? D/WindowManagerServiceExt: notifyOccludeChangeNotice: reset caller=com.android.server.wm.WindowManagerServiceExt.updateOccludeTargetIfNeeded:1402 com.android.server.wm.DisplayContent.ensureActivitiesVisible:7526 com.android.server.wm.RootWindowContainer.ensureActivitiesVisible:2248 com.android.server.wm.RootWindowContainer.ensureVisibilityAndConfig:2126 com.android.server.wm.TaskFragment.resumeTopActivity:1652 
07-13 08:41:40.796 1212-2014/? V/WindowManager: rotationForOrientation(orient=SCREEN_ORIENTATION_NOSENSOR (5), last=ROTATION_0 (0)); user=ROTATION_0 (0) USER_ROTATION_LOCKED
07-13 08:41:40.796 1212-2014/? D/WindowManager: rotationForOrientation, orientationSource=ActivityRecord{6b6f3a1 u0 com.sec.android.app.launcher/.activities.LauncherActivity} t190}
07-13 08:41:40.796 1212-2014/? V/WindowManager: Computed rotation=ROTATION_0 (0) for display id=0 based on lastOrientation=SCREEN_ORIENTATION_NOSENSOR (5) and oldRotation=ROTATION_0 (0), caller=com.android.server.wm.DisplayRotation.updateOrientation:414 com.android.server.wm.DisplayContent.updateOrientation:1990 com.android.server.wm.DisplayContent.updateOrientation:1891 com.android.server.wm.RootWindowContainer.ensureVisibilityAndConfig:2139 com.android.server.wm.TaskFragment.resumeTopActivity:1652 com.android.server.wm.TaskFragment.resumeTopActivity:1307 
07-13 08:41:40.797 1212-2014/? D/TspStateManager: updateCustomValue customSetting=
07-13 08:41:40.798 1212-2014/? D/TspStateManager: updateCustomValue customSetting=
07-13 08:41:40.800 2265-2265/? I/ViewRootImpl@7e0c621[LauncherActivity]: stopped(false) old = true
07-13 08:41:40.800 2265-2265/? I/ViewRootImpl@7e0c621[LauncherActivity]: WindowStopped on com.sec.android.app.launcher/com.sec.android.app.launcher.activities.LauncherActivity set to false
07-13 08:41:40.800 1212-2014/? W/WindowManager: Execute app transition: mNextAppTransitionRequests=[TRANSIT_OPEN, TRANSIT_OPEN, TRANSIT_OPEN, TRANSIT_OPEN, TRANSIT_CLOSE, TRANSIT_CLOSE], mNextAppTransitionFlags=, displayId: 0 Callers=com.android.server.wm.RootWindowContainer.executeAppTransitionForAllDisplay:2580 com.android.server.wm.ActivityTaskSupervisor.reportResumedActivityLocked:2285 com.android.server.wm.ActivityRecord.completeResumeLocked:6981 com.android.server.wm.TaskFragment.resumeTopActivity:1743 com.android.server.wm.TaskFragment.resumeTopActivity:1307 
07-13 08:41:40.801 2265-2265/? I/Launcher: !@Boot_DEBUG: Launcher.onStart()
07-13 08:41:40.801 2265-2265/? I/Launcher: !@Boot_EBS_D: Launcher.onStart()
07-13 08:41:40.801 2265-2265/? I/BaseActivity: addActivityFlags, flags : 1
07-13 08:41:40.802 2265-2265/? W/LauncherAppWidgetHost: setShouldListenFlag, mFlags:2 flag:start on:true isFront:false
07-13 08:41:40.802 2265-2265/? W/Launcher: onStart isListening : false isLoading false
07-13 08:41:40.806 2265-2265/? I/MSHandlerLifeCycle: removeMultiSplitHandler: no exist. decor=DecorView@6dcf786[LauncherActivity]
07-13 08:41:40.806 2265-2265/? I/ViewRootImpl@7e0c621[LauncherActivity]: stopped(false) old = false
07-13 08:41:40.806 2265-2265/? I/Launcher: !@Boot_DEBUG: Launcher.onResume()
07-13 08:41:40.806 916-916/? I/Layer: id=999 removeFromCurrentState ActivityRecord{36008a u0 app.identifier.test/androidx.test.core.app.InstrumentationActivityInvoker$EmptyActivity} t210}#999 (104)
07-13 08:41:40.806 2265-2265/? I/Launcher: !@Boot_EBS_D: Launcher.onResume()
07-13 08:41:40.806 916-916/? I/SurfaceFlinger: id=999 Removed ActivityRecord{36008a u0 app.identifier.test/androidx.test.core.app.InstrumentationActivityInvoker$EmptyActivity} t210}#999 (104)
07-13 08:41:40.806 2265-2265/? I/BaseActivity: addActivityFlags, flags : 18
07-13 08:41:40.806 2265-2265/? I/BaseActivity: removeActivityFlags, flags : 32
07-13 08:41:40.806 916-916/? I/Layer: id=999 Destroyed ActivityRecord{36008a u0 app.identifier.test/androidx.test.core.app.InstrumentationActivityInvoker$EmptyActivity} t210}#999
07-13 08:41:40.807 2265-2588/? I/IMM_LC: hsifw() - flag : 0
07-13 08:41:40.807 2265-2588/? I/IMM_LC: hsifw() - mService.hideSoftInput
07-13 08:41:40.809 2265-2265/? I/AppsSearchBar: restoreCurrentCellLayoutAlpha: null
07-13 08:41:40.809 1212-3797/? D/InputMethodManagerService: hideSoftInput
07-13 08:41:40.810 2265-2265/? W/SearchLauncherServiceMover: isMoving : false
07-13 08:41:40.810 916-916/? D/SurfaceFlinger: Display 0 HWC layers:
07-13 08:41:40.810 916-916/? D/SurfaceFlinger:      DEVICE | 0xf3be6100 | 0102 | RGBA_8888    |    0.0    0.0 1080.0 2408.0 |    0    0 1080 2408 | app.identifier/app.identifier.MainActivity$_28966#992
07-13 08:41:40.810 916-916/? D/SurfaceFlinger:      DEVICE | 0xf3201280 | 0100 | RGBA_8888    |    0.0    0.0 1080.0   70.0 |    0    0 1080   70 | StatusBar$_1853#98
07-13 08:41:40.810 916-916/? D/SurfaceFlinger:      DEVICE | 0xf3200c80 | 0100 | RGBA_8888    |    0.0    0.0 1080.0  135.0 |    0 2273 1080 2408 | NavigationBar0$_1853#92
07-13 08:41:40.810 916-916/? D/SurfaceFlinger:      DEVICE | 0xf3200e00
07-13 08:41:40.810 916-916/? D/SurfaceFlinger:  | 0108 | RGBA_8888    |    0.0    0.0 1080.0 2408.0 |    0    0 1080 2408 | $_1853#94
07-13 08:41:40.810 1212-3797/? W/InputMethodManagerService: Ignoring hideSoftInput of uid 10103: com.android.internal.view.IInputMethodClient$Stub$Proxy@6da91b3
07-13 08:41:40.810 2265-2265/? I/DecorView: notifyKeepScreenOnChanged: keepScreenOn=false
07-13 08:41:40.811 2265-4299/? I/Launcher: DisplayMetrics from Resources : DisplayMetrics{density=2.8125, width=1080, height=2208, scaledDensity=2.8125, xdpi=403.411, ydpi=399.759}
07-13 08:41:40.812 2265-4299/? I/Launcher: realMetrics from Wm : DisplayMetrics{density=2.8125, width=1080, height=2408, scaledDensity=2.8125, xdpi=403.411, ydpi=399.759}
07-13 08:41:40.812 2265-4299/? I/Launcher: Launcher DeviceProfile onResume availSize: 1080x2273 windowSize: 1080x2408 isLandscape: false
07-13 08:41:40.812 1212-1241/? D/SGM:GameManager: identifyGamePackage. com.sec.android.app.launcher, mCurrentUserId: 0, callerUserId: 0, callingMethodInfo: com.samsung.android.game.SemGameManager.isGamePackage(SemGameManager.java:104)
07-13 08:41:40.812 1212-1241/? D/SGM:PkgDataHelper: getGamePkgData(). com.sec.android.app.launcher
07-13 08:41:40.812 1212-1241/? D/SGM:SemGameManager: isGamePackage(), pkgName=com.sec.android.app.launcher, ret=false
07-13 08:41:40.813 2265-2265/? I/Launcher: setWallpaperOffsets
07-13 08:41:40.814 2265-2265/? I/DecorView: notifyKeepScreenOnChanged: keepScreenOn=false
07-13 08:41:40.815 2265-2265/? I/MSHandlerLifeCycle: removeMultiSplitHandler: no exist. decor=DecorView@6dcf786[LauncherActivity]
07-13 08:41:40.816 1212-2632/? I/AppOps: updateUidProcState uid: 10180 procState: 3 capability:15
07-13 08:41:40.816 1212-2632/? I/AppOps: updateUidProcState uid: 10179 procState: 3 capability:15
07-13 08:41:40.816 1212-2632/? I/ActivityManager: updateOomAdj start time is before than pendingPid added, don't delete it
07-13 08:41:40.818 2265-2265/? W/NavigableAppWidgetHostView: setResizeScaleResult() 1002/ 350 scaleToResize = 1.0(widget id = 5) 191c8d3 0,356-1002,706
07-13 08:41:40.818 1212-1212/? I/Pageboost: package null
07-13 08:41:40.820 2692-2692/? E/pageboostd: Received HALT command code 2
07-13 08:41:40.821 2265-2590/? I/LiveIconUpdateEventHandler: cancelMinuteChangeAlarm
07-13 08:41:40.821 4185-4185/? I/A: onStart
07-13 08:41:40.823 2265-2590/? I/LiveIconUpdateEventHandler: setMinuteChangeAlarm Thu Jul 13 08:42:00 GMT-04:00 2023
07-13 08:41:40.823 1212-1241/? D/SGM:FgCheckThread: noteResumeComponent(), received pkgName: com.sec.android.app.launcher, userId: 0
07-13 08:41:40.823 1212-1241/? I/GameSDK@LifeCycle: noteResumeComponent(): package name  : com.sec.android.app.launcher
07-13 08:41:40.823 1212-2635/? I/MediaSessionMonitor: Media session stopped : controllerList empty
07-13 08:41:40.823 1212-1407/? D/SGM:FgCheckThread: onLooperPrepared(), msg: MSG_APP_RESUME, pkgName: com.sec.android.app.launcher, userid: 0
07-13 08:41:40.823 1212-1407/? D/SGM:FgCheckThread: handleResume().
07-13 08:41:40.823 2265-2265/? I/ViewRootImpl@7e0c621[LauncherActivity]: performTraversals params={(0,0)(fillxfill) sim={adjust=nothing forwardNavigation} layoutInDisplayCutoutMode=shortEdges ty=BASE_APPLICATION fmt=TRANSPARENT wanim=0x10302f4
07-13 08:41:40.823 2265-2265/? I/ViewRootImpl@7e0c621[LauncherActivity]:   fl=81910100
07-13 08:41:40.823 2265-2265/? I/ViewRootImpl@7e0c621[LauncherActivity]:   pfl=1e020040
07-13 08:41:40.823 2265-2265/? I/ViewRootImpl@7e0c621[LauncherActivity]:   vsysui=1700
07-13 08:41:40.823 2265-2265/? I/ViewRootImpl@7e0c621[LauncherActivity]:   apr=LIGHT_NAVIGATION_BARS
07-13 08:41:40.823 2265-2265/? I/ViewRootImpl@7e0c621[LauncherActivity]:   bhv=SHOW_TRANSIENT_BARS_BY_SWIPE
07-13 08:41:40.823 2265-2265/? I/ViewRootImpl@7e0c621[LauncherActivity]:   fitSides= screenDimDuration=100000 naviIconColor=0}
07-13 08:41:40.824 1212-1407/? D/SGM:FgCheckThread: sendFocusOutConditionally() - mPrevNotiPkg: (unknown), userId: 0
07-13 08:41:40.824 1212-1407/? D/SGM:FgCheckThread:   handleResume(). pkgName: com.sec.android.app.launcher, userId: 0, isTunableApp: null
07-13 08:41:40.824 1212-1407/? D/SGM:FgCheckThread: notifyFocusInOut(). of pkg: com.sec.android.app.launcher, type: 4, isTunableApp: false, userId: 0
07-13 08:41:40.824 1212-1407/? D/SGM:FgCheckThread:   notifyFocusInOut(). unexpected mPrevNotiType: -1
07-13 08:41:40.824 1212-1407/? D/SGM:SystemHelper: callReleaseBlock needReleaseBlock:false
07-13 08:41:40.825 2265-2590/? I/LiveIconViewUpdater: onUpdateLiveIcon - id : 72, itemType : 0
07-13 08:41:40.825 2265-2265/? I/ViewRootImpl@7e0c621[LauncherActivity]: performTraversals mFirst=false windowShouldResize=false viewVisibilityChanged=true mForceNextWindowRelayout=false params={(0,0)(fillxfill) sim={adjust=nothing forwardNavigation} layoutInDisplayCutoutMode=shortEdges ty=BASE_APPLICATION fmt=TRANSPARENT wanim=0x10302f4
07-13 08:41:40.825 2265-2265/? I/ViewRootImpl@7e0c621[LauncherActivity]:   fl=81910100
07-13 08:41:40.825 2265-2265/? I/ViewRootImpl@7e0c621[LauncherActivity]:   pfl=1e020040
07-13 08:41:40.825 2265-2265/? I/ViewRootImpl@7e0c621[LauncherActivity]:   vsysui=1700
07-13 08:41:40.825 2265-2265/? I/ViewRootImpl@7e0c621[LauncherActivity]:   apr=LIGHT_NAVIGATION_BARS
07-13 08:41:40.825 2265-2265/? I/ViewRootImpl@7e0c621[LauncherActivity]:   bhv=SHOW_TRANSIENT_BARS_BY_SWIPE
07-13 08:41:40.825 2265-2265/? I/ViewRootImpl@7e0c621[LauncherActivity]:   fitSides= screenDimDuration=100000 naviIconColor=0}
07-13 08:41:40.826 1212-1906/? V/WindowManager: Relayout Window{8058bf5 u0 com.sec.android.app.launcher/com.sec.android.app.launcher.activities.LauncherActivity}: viewVisibility=0 req=1080x2408 d0
07-13 08:41:40.826 1212-2014/? D/SGM:GameManager: identifyForegroundApp. com.sec.android.app.launcher, mCurrentUserId: 0, callerUserId: 0
07-13 08:41:40.826 2265-2590/? I/LiveIconUpdateEventHandler: cancelDateChangeAlarm
07-13 08:41:40.826 1212-2014/? D/SGM:PkgDataHelper: getGamePkgData(). com.sec.android.app.launcher
07-13 08:41:40.826 7499-7578/? I/PolicyManager: [#CMH#] Is foreground game app: false
07-13 08:41:40.827 2265-2590/? I/LiveIconUpdateEventHandler: setDateChangeAlarm Fri Jul 14 00:00:00 GMT-04:00 2023
07-13 08:41:40.828 1212-1906/? D/RestrictionPolicy: isScreenCaptureEnabled : ret=true userId=0
07-13 08:41:40.828 2265-2590/? I/LiveIconViewUpdater: onUpdateLiveIcon - id : 75, itemType : 0
07-13 08:41:40.828 916-937/? I/SurfaceFlinger: id=1005 createSurf flag=40004, com.sec.android.app.launcher/com.sec.android.app.launcher.activities.LauncherActivity$_2265#1005
07-13 08:41:40.829 1212-1906/? D/WindowManager: makeSurface duration=1 name=com.sec.android.app.launcher/com.sec.android.app.launcher.activities.LauncherActivity$_2265
07-13 08:41:40.829 2265-2590/? I/SPayUpdater: updateSpayHandler, show = true, defaultPage = true
07-13 08:41:40.829 4185-4185/? I/A: onResume
07-13 08:41:40.832 1212-1241/? D/PowerManagerService: [api] setScreenDimDurationOverrideFromWindowManagerInternal: timeoutMillis: 100000
07-13 08:41:40.833 1212-1906/? V/WindowManager: Changing focus from null to Window{8058bf5 u0 com.sec.android.app.launcher/com.sec.android.app.launcher.activities.LauncherActivity} displayId=0 Callers=com.android.server.wm.RootWindowContainer.updateFocusedWindowLocked:595 com.android.server.wm.WindowManagerService.updateFocusedWindowLocked:6803 com.android.server.wm.WindowManagerService.relayoutWindow:2813 com.android.server.wm.Session.relayout:274 
07-13 08:41:40.833 1212-1906/? I/WindowManager: Cancelling animation restarting=true, leash=Surface(name=Surface(name=f0b3b0b StatusBar)/@0x2f140cf - animation-leash of insets_animation)/@0x54be6e4
07-13 08:41:40.833 1212-1906/? I/WindowManager: Reparenting to original parent: Surface(name=WindowToken{c0ada type=2000 android.os.BinderProxy@4afadfc})/@0x191da5c, destroy=false, surface=Surface(name=f0b3b0b StatusBar)/@0x2f140cf
07-13 08:41:40.833 1212-1906/? I/WindowManager: Reparenting to leash, surface=Surface(name=f0b3b0b StatusBar)/@0x2f140cf, leashParent=Surface(name=WindowToken{c0ada type=2000 android.os.BinderProxy@4afadfc})/@0x191da5c
07-13 08:41:40.834 916-937/? I/SurfaceFlinger: id=1006 createSurf flag=24000, Surface(name=f0b3b0b StatusBar)/@0x2f140cf - animation-leash of insets_animation#1006
07-13 08:41:40.834 1212-1906/? D/WindowManager: makeSurface duration=1 leash=Surface(name=Surface(name=f0b3b0b StatusBar)/@0x2f140cf - animation-leash of insets_animation)/@0x6f39f6e
07-13 08:41:40.834 1212-1906/? D/WindowManager: [ 07-1
07-13 08:41:40.834 1212-1906/? D/WindowManager: 3 08:41:40.834  1212: 1906 I/WindowManager ]
07-13 08:41:40.834 1212-1906/? D/WindowManager: Cancelling animation restarting=true, leash=Surface(name=Surface(name=593fd37 NavigationBar0)/@0x2904048 - animation-leash of insets_animation)/@0x5dcc70f
07-13 08:41:40.834 1212-1906/? I/WindowManager: Reparenting to original parent: Surface(name=WindowToken{130565b type=2019 android.os.BinderProxy@5f5be0c})/@0xab17ee1, destroy=false, surface=Surface(name=593fd37 NavigationBar0)/@0x2904048
07-13 08:41:40.834 1212-1906/? I/WindowManager: Reparenting to leash, surface=Surface(name=593fd37 NavigationBar0)/@0x2904048, leashParent=Surface(name=WindowToken{130565b type=2019 android.os.BinderProxy@5f5be0c})/@0xab17ee1
07-13 08:41:40.835 916-1072/? I/SurfaceFlinger: id=1007 createSurf flag=24000, Surface(name=593fd37 NavigationBar0)/@0x2904048 - animation-leash of insets_animation#1007
07-13 08:41:40.835 1212-1906/? D/WindowManager: makeSurface duration=1 leash=Surface(name=Surface(name=593fd37 NavigationBar0)/@0x2904048 - animation-leash of insets_animation)/@0xb4ca69c
07-13 08:41:40.837 1212-1906/? D/WindowManager: updateSystemBarAttributes: displayId=0, win=Window{8058bf5 u0 com.sec.android.app.launcher/com.sec.android.app.launcher.activities.LauncherActivity}, navColorWin=Window{bab0a95 u0 app.identifier/app.identifier.MainActivity}, focusedCanBeNavColorWin=false, behavior=2, appearance=0, statusBarAppearanceRegions=[AppearanceRegion{ bounds=[0,0][1080,2408]}], requestedVisibilities=, from=com.android.server.wm.DisplayPolicy.focusChangedLw:3245 com.android.server.wm.DisplayContent.updateFocusedWindowLocked:4632 com.android.server.wm.RootWindowContainer.updateFocusedWindowLocked:595 
07-13 08:41:40.837 1212-1906/? D/StatusBarManagerService: notifyRequestedSystemKey recent=false home=false
07-13 08:41:40.837 2265-17628/? I/TouchInteractionService: onSystemUiStateChanged, stateFlags : 0 |
07-13 08:41:40.840 1212-1906/? V/WindowManager: Relayout hash=8058bf5, pid=2265, syncId=-1: mAttrs={(0,0)(fillxfill) sim={adjust=nothing forwardNavigation} layoutInDisplayCutoutMode=shortEdges ty=BASE_APPLICATION fmt=TRANSPARENT wanim=0x10302f4
07-13 08:41:40.840 1212-1906/? V/WindowManager:   fl=81910100
07-13 08:41:40.840 1212-1906/? V/WindowManager:   pfl=1e020040
07-13 08:41:40.840 1212-1906/? V/WindowManager:   vsysui=1700
07-13 08:41:40.840 1212-1906/? V/WindowManager:   apr=LIGHT_NAVIGATION_BARS
07-13 08:41:40.840 1212-1906/? V/WindowManager:   bhv=SHOW_TRANSIENT_BARS_BY_SWIPE
07-13 08:41:40.840 1212-1906/? V/WindowManager:   fitSides= screenDimDuration=100000 naviIconColor=0}
07-13 08:41:40.843 2265-2265/? I/ViewRootImpl@7e0c621[LauncherActivity]: updateBlastSurfaceIfNeeded mBlastBufferQueue=null isSameSurfaceControl=false
07-13 08:41:40.843 916-916/? D/SurfaceFlinger: Display 0 HWC layers:
07-13 08:41:40.843 916-916/? D/SurfaceFlinger:      DEVICE | 0xf3be6100 | 0102 | RGBA_8888    |    0.0    0.0 1080.0 2408.0 |    0    0 1080 2408 | app.identifier/app.identifier.MainActivity$_28966#992
07-13 08:41:40.843 916-916/? D/SurfaceFlinger:      DEVICE | 0xf3201280 | 0100 | RGBA_8888    |    0.0    0.0 1080.0   70.0 |    0    0 1080   70 | StatusBar$_1853#98
07-13 08:41:40.843 916-916/? D/SurfaceFlinger:      DEVICE | 0xf3200c80 | 0100 | RGBA_8888    |    0.0    0.0 1080.0  135.0 |    0 2273 1080 2408 | NavigationBar0$_1853#92
07-13 08:41:40.843 916-916/? D/SurfaceFlinger:      DEVICE | 0xf3200e00 | 0108 | RGBA_8888    |    0.0    0.0 1080.0 2408.0 |    0    0 1080 2408 | $_1853#94
07-13 08:41:40.844 2265-2265/? I/BLASTBufferQueue: new BLASTBufferQueue, mName= ViewRootImpl@7e0c621[LauncherActivity] mNativeObject= 0xdce76e80 sc.mNativeObject= 0xa3b5f6f0 caller= android.view.ViewRootImpl.updateBlastSurfaceIfNeeded:2909 android.view.ViewRootImpl.relayoutWindow:9847 android.view.ViewRootImpl.performTraversals:3884 android.view.ViewRootImpl.doTraversal:3116 android.view.ViewRootImpl$TraversalRunnable.run:10885 android.view.Choreographer$CallbackRecord.run:1301 android.view.Choreographer$CallbackRecord.run:1309 android.view.Choreographer.doCallbacks:923 android.view.Choreographer.doFrame:852 android.view.Choreographer$FrameDisplayEventReceiver.run:1283 
07-13 08:41:40.844 2265-2265/? I/BLASTBufferQueue: update, w= 1080 h= 2408 mName = ViewRootImpl@7e0c621[LauncherActivity] mNativeObject= 0xdce76e80 sc.mNativeObject= 0xa3b5f6f0 format= -2 caller= android.graphics.BLASTBufferQueue.<init>:84 android.view.ViewRootImpl.updateBlastSurfaceIfNeeded:2909 android.view.ViewRootImpl.relayoutWindow:9847 android.view.ViewRootImpl.performTraversals:3884 android.view.ViewRootImpl.doTraversal:3116 android.view.ViewRootImpl$TraversalRunnable.run:10885 
07-13 08:41:40.845 2265-2265/? I/ViewRootImpl@7e0c621[LauncherActivity]: Relayout returned: old=(0,0,1080,2408) new=(0,0,1080,2408) req=(1080,2408)0 dur=17 res=0x3 s={true 0xdc862000} ch=true seqId=0
07-13 08:41:40.845 2265-2265/? I/ViewRootImpl@7e0c621[LauncherActivity]: mThreadedRenderer.initialize() mSurface={isValid=true 0xdc862000} hwInitialized=true
07-13 08:41:40.848 2265-2265/? I/ViewRootImpl@7e0c621[LauncherActivity]: reportNextDraw android.view.ViewRootImpl.performTraversals:4438 android.view.ViewRootImpl.doTraversal:3116 android.view.ViewRootImpl$TraversalRunnable.run:10885 android.view.Choreographer$CallbackRecord.run:1301 android.view.Choreographer$CallbackRecord.run:1309 
07-13 08:41:40.848 2265-2265/? I/ViewRootImpl@7e0c621[LauncherActivity]: Setup new sync id=35
07-13 08:41:40.848 2265-2265/? I/ViewRootImpl@7e0c621[LauncherActivity]: Setting syncFrameCallback
07-13 08:41:40.848 2265-2265/? I/ViewRootImpl@7e0c621[LauncherActivity]: registerCallbacksForSync syncBuffer=false
07-13 08:41:40.848 1212-2619/? I/ActivityManager: Changes in 10071 19 to 5, 0 to 8
07-13 08:41:40.856 916-916/? I/Layer: id=993 removeFromCurrentState Surface(name=f0b3b0b StatusBar)/@0x2f140cf - animation-leash of insets_animation#993 (106)
07-13 08:41:40.856 916-916/? I/Layer: id=998 removeFromCurrentState Surface(name=593fd37 NavigationBar0)/@0x2904048 - animation-leash of insets_animation#998 (106)
07-13 08:41:40.857 916-916/? D/SurfaceFlinger: [input] inputWindowCommands.focusRequests size is 1
07-13 08:41:40.857 916-916/? I/SurfaceFlinger: id=993 Removed Surface(name=f0b3b0b StatusBar)/@0x2f140cf - animation-leash of insets_animation#993 (106)
07-13 08:41:40.857 916-916/? I/SurfaceFlinger: id=998 Removed Surface(name=593fd37 NavigationBar0)/@0x2904048 - animation-leash of insets_animation#998 (106)
07-13 08:41:40.857 916-916/? I/Layer: id=993 Destroyed Surface(name=f0b3b0b StatusBar)/@0x2f140cf - animation-leash of insets_animation#993
07-13 08:41:40.857 916-916/? I/Layer: id=998 Destroyed Surface(name=593fd37 NavigationBar0)/@0x2904048 - animation-leash of insets_animation#998
07-13 08:41:40.858 916-1034/? D/SurfaceFlinger: [input] setFocusedWindow: 8058bf5 com.sec.android.app.launcher/com.sec.android.app.launcher.activities.LauncherActivity
07-13 08:41:40.859 1212-1906/? D/InputDispatcher: Focus request (0): 8058bf5 com.sec.android.app.launcher/com.sec.android.app.launcher.activities.LauncherActivity but waiting because NO_WINDOW
07-13 08:41:40.861 916-916/? D/SurfaceFlinger: Display 0 HWC layers:
07-13 08:41:40.861 916-916/? D/SurfaceFlinger:      DEVICE | 0xf3be6100 | 0102 | RGBA_8888    |    0.0    0.0 1080.0 2408.0 |    0    0 1080 2408 | app.identifier/app.identifier.MainActivity$_28966#992
07-13 08:41:40.861 916-916/? D/SurfaceFlinger:      DEVICE | 0xf3201280 | 0100 | RGBA_8888    |    0.0    0.0 1080.0   70.0 |    0    0 1080   70 | StatusBar$_1853#98
07-13 08:41:40.861 916-916/? D/SurfaceFlinger:      DEVICE | 0xf3200c80 | 0100 | RGBA_8888    |    0.0    0.0 1080.0  135.0 |    0 2273 1080 2408 | NavigationBar0$_1853#92
07-13 08:41:40.861 916-916/? D/SurfaceFlinger:      DEVICE | 0xf3200e00 | 0108 | RGBA_8888    |    0.0    0.0 1080.0 2408.0 |    0    0 1080 2408 | $_1853#94
07-13 08:41:40.866 24989-25001/? I/PrivacyDashboard: PermissionAccessInformationContentProvider  bulkInsert : 6
07-13 08:41:40.869 2265-4205/? I/ViewRootImpl@7e0c621[LauncherActivity]: Received frameDrawingCallback syncResult=0 frameNum=1.
07-13 08:41:40.869 2265-4205/? I/ViewRootImpl@7e0c621[LauncherActivity]: Setting up sync and frameCommitCallback
07-13 08:41:40.872 2265-3992/? I/BLASTBufferQueue: [ViewRootImpl@7e0c621[LauncherActivity]#27](f:0,a:0) onFrameAvailable the first frame is available
07-13 08:41:40.874 2265-3992/? I/ViewRootImpl@7e0c621[LauncherActivity]: Received frameCommittedCallback lastAttemptedDrawFrameNum=1 didProduceBuffer=true
07-13 08:41:40.874 2265-2265/? I/ViewRootImpl@7e0c621[LauncherActivity]: onSyncComplete
07-13 08:41:40.875 2265-2265/? I/ViewRootImpl@7e0c621[LauncherActivity]: setupSync seqId=0 mSyncId=35 fn=1 caller=android.view.ViewRootImpl$$ExternalSyntheticLambda11.accept:6 android.window.SurfaceSyncer.lambda$setupSync$1$android-window-SurfaceSyncer:128 a
07-13 08:41:40.875 2265-2265/? I/ViewRootImpl@7e0c621[LauncherActivity]: ndroid.window.SurfaceSyncer$$ExternalSyntheticLambda1.accept:8 android.window.SurfaceSyncer$SyncSet.checkIfSyncIsComplete:382 android.window.SurfaceSyncer$SyncSet.markSyncReady:359 android.window.SurfaceSyncer.markSyncReady:151 android.view.ViewRootImpl.performTraversals:4503 
