07-13 08:41:40.875 2265-2265/? I/ViewRootImpl@7e0c621[LauncherActivity]: reportDrawFinished seqId=0 mSyncId=-1 fn=1 mSurfaceChangedTransaction=0xe5ac0e40
07-13 08:41:40.875 2265-2265/? I/BaseActivity: addActivityFlags, flags : 4
07-13 08:41:40.876 1212-2632/? D/WindowManager: finishDrawingWindow: Window{8058bf5 u0 com.sec.android.app.launcher/com.sec.android.app.launcher.activities.LauncherActivity} mDrawState=DRAW_PENDING seqId=0
07-13 08:41:40.876 2265-2265/? I/Launcher: onDeferredResumed
07-13 08:41:40.876 2265-2265/? I/InstallShortcutReceiver: flushInstallQueue 0
07-13 08:41:40.876 1212-1242/? V/WindowManager: Setting visibility of Window{786e858 u0 com.android.systemui.ImageWallpaper}: true, caller=com.android.server.wm.WindowContainer.sendAppVisibilityToClients:1246 com.android.server.wm.WindowToken.setClientVisible:431 com.android.server.wm.WallpaperWindowToken.setVisible:160 com.android.server.wm.WallpaperWindowToken.commitVisibility:202 com.android.server.wm.WallpaperWindowToken.setVisibility:187 
07-13 08:41:40.876 2265-2265/? I/Launcher.NotificationListener: registerObserver this is not notificationService!!
07-13 08:41:40.876 2265-2265/? I/Launcher.NotificationListener: onNotificationFullRefresh
07-13 08:41:40.877 2265-2265/? I/BadgeCountUpdaterImpl: onNotificationsChangedConnected
07-13 08:41:40.877 2265-2265/? W/LauncherAppWidgetHost: setShouldListenFlag, mFlags:6 flag:resume on:true isFront:false
07-13 08:41:40.877 1853-3567/? D/WallpaperService: dispatchAppVisibility onVisibilityChanged(): true
07-13 08:41:40.877 2265-2589/? I/InstallShortcutReceiver: flushQueueInBackground 0
07-13 08:41:40.877 1212-2632/? I/AppWidgetServiceImpl: startListening callbacks : com.android.internal.appwidget.IAppWidgetHost$Stub$Proxy@30ea8a5
07-13 08:41:40.878 2265-2265/? W/LauncherAppWidgetHost: startListening, mFlags:15 isFront:false
07-13 08:41:40.879 2265-2265/? I/RecentsAnimationDeviceState: setSystemUiFlags, stateFlags : 0
07-13 08:41:40.879 2265-2265/? I/TouchInteractionService: onSystemUiFlagsChanged, lastSysUIFlags : 131072
07-13 08:41:40.879 1853-1853/? D/WallpaperService: updateSurface forceRelayout=true forceReport=false redrawNeeded=false myWidth=2400 myHeight=2400 fixedSize=true x = 0 y = 0 mWidth=2400 mHeight=2400 mIsSleepMode=false
07-13 08:41:40.879 1853-1853/? D/WallpaperService: mDeviceHeight : 2408, mDeviceWidth : 1080,mDeviceRotation  : 0
07-13 08:41:40.881 1212-1242/? D/WindowManager: createAnimationAdapter(): container=Task{1cea837 #210 type=standard A=10451:app.identifier.test U=0 visible=false visibleRequested=false mode=fullscreen translucent=true sz=2}
07-13 08:41:40.881 1212-1242/? I/WindowManager: Reparenting to leash, surface=Surface(name=Task=210)/@0x69b8730, leashParent=Surface(name=DefaultTaskDisplayArea)/@0x63001fb
07-13 08:41:40.881 916-937/? I/SurfaceFlinger: id=1008 createSurf flag=24000, Surface(name=Task=210)/@0x69b8730 - animation-leash of app_transition#1008
07-13 08:41:40.882 1212-1242/? D/WindowManager: makeSurface duration=1 leash=Surface(name=Surface(name=Task=210)/@0x69b8730 - animation-leash of app_transition)/@0x93e447a
07-13 08:41:40.882 1212-1242/? D/WindowManager: startAnimation
07-13 08:41:40.882 1212-1242/? D/WindowManager: createAnimationAdapter(): container=Task{839a1c2 #1 type=home ?? U=0 visible=true visibleRequested=true mode=fullscreen translucent=false sz=1}
07-13 08:41:40.882 1212-1242/? I/WindowManager: Reparenting to leash, surface=Surface(name=Task=1)/@0x79cd78a, leashParent=Surface(name=DefaultTaskDisplayArea)/@0x63001fb
07-13 08:41:40.883 916-937/? I/SurfaceFlinger: id=1009 createSurf flag=24004, Surface(name=Task=1)/@0x79cd78a - animation-leash of app_transition#1009
07-13 08:41:40.883 1212-1242/? D/WindowManager: makeSurface duration=1 leash=Surface(name=Surface(name=Task=1)/@0x79cd78a - animation-leash of app_transition)/@0x8bc842b
07-13 08:41:40.884 1212-1242/? D/WindowManager: startAnimation
07-13 08:41:40.884 1212-1242/? D/ActivityTaskManager: mStartingWindow and mStartingData is null for token=ActivityRecord{6b6f3a1 u0 com.sec.android.app.launcher/.activities.LauncherActivity} t190}
07-13 08:41:40.884 1212-1242/? V/WindowManager: performShowLocked: mDrawState=HAS_DRAWN in Window{8058bf5 u0 com.sec.android.app.launcher/com.sec.android.app.launcher.activities.LauncherActivity}
07-13 08:41:40.885 1212-1242/? D/WindowManager: goodToGo(RemoteAnimationController@ccb9088)
07-13 08:41:40.885 1212-1242/? D/WindowManager: createAppAnimations()
07-13 08:41:40.885 1212-1242/? D/WindowManager: 	Add container=Task{839a1c2 #1 type=home ?? U=0 visible=true visibleRequested=true mode=fullscreen translucent=false sz=1}
07-13 08:41:40.886 1212-1242/? D/WindowManager: 	Add container=Task{1cea837 #210 type=standard A=10451:app.identifier.test U=0 visible=false visibleRequested=false mode=fullscreen translucent=true sz=2}
07-13 08:41:40.886 1212-1242/? D/WindowManager: createWallpaperAnimations()
07-13 08:41:40.886 1212-1242/? I/WindowManager: Reparenting to leash, surface=Surface(name=WallpaperWindowToken{87e9dc2 token=android.os.Binder@e6efa0d})/@0x3e32d85, leashParent=Surface(name=Leaf:0:1)/@0x97717da
07-13 08:41:40.886 916-937/? I/SurfaceFlinger: id=1010 createSurf flag=24000, Surface(name=WallpaperWindowToken{87e9dc2 token=android.os.Binder@e6efa0d})/@0x3e32d85 - animation-leash of window_animation#1010
07-13 08:41:40.887 1212-1242/? D/WindowManager: makeSurface duration=2 leash=Surface(name=Surface(name=WallpaperWindowToken{87e9dc2 token=android.os.Binder@e6efa0d})/@0x3e32d85 - animation-leash of window_animation)/@0x9e62a21
07-13 08:41:40.887 1212-1242/? D/WindowManager: startAnimation
07-13 08:41:40.887 1212-1242/? D/WindowManager: createNonAppWindowAnimations()
07-13 08:41:40.888 1212-1242/? D/RestrictionPolicy: isScreenCaptureEnabled : ret=true userId=0
07-13 08:41:40.889 2265-2589/? I/Launcher.NotificationListener: notificationIsValidForUI : com.google.android.gm missingTitleAndText : false isGroupHeader : true
07-13 08:41:40.889 2265-2589/? I/Launcher.NotificationListener: notificationIsValidForUI : com.google.android.gm missingTitleAndText : false isGroupHeader : false
07-13 08:41:40.889 2265-2589/? I/Launcher.NotificationListener: notificationIsValidForUI : com.google.android.gm missingTitleAndText : false isGroupHeader : false
07-13 08:41:40.889 2265-2589/? I/Launcher.NotificationListener: notificationIsValidForUI : com.google.android.gm missingTitleAndText : false isGroupHeader : false
07-13 08:41:40.889 2265-2589/? I/Launcher.NotificationListener: notificationIsValidForUI : br.com.brainweb.ifood missingTitleAndText : false isGroupHeader : false
07-13 08:41:40.889 2265-2589/? I/Launcher.NotificationListener: notificationIsValidForUI : com.samsung.android.dialer missingTitleAndText : true isGroupHeader : true
07-13 08:41:40.889 2265-2589/? I/Launcher.NotificationListener: notificationIsValidForUI : com.samsung.android.dialer missingTitleAndText : false isGroupHeader : false
07-13 08:41:40.890 2265-2589/? I/Launcher.NotificationListener: notificationIsValidForUI : com.google.android.gm missingTitleAndText : false isGroupHeader : true
07-13 08:41:40.890 2265-2589/? I/Launcher.NotificationListener: notificationIsValidForUI : com.google.android.gm missingTitleAndText : false isGroupHeader : false
07-13 08:41:40.890 2265-2589/? I/Launcher.NotificationListener: notificationIsValidForUI : com.google.android.gm missingTitleAndText : false isGroupHeader : false
07-13 08:41:40.890 2265-2589/? I/Launcher.NotificationListener: Full refresh isConnected : true active size : 7
07-13 08:41:40.891 2265-2265/? I/PopupDataProvider: onNotificationFullRefresh prev dotInfoSize : 3
07-13 08:41:40.891 2265-2265/? I/PopupDataProvider: refresh badge  package : com.google.android.gm count : 5
07-13 08:41:40.892 2265-2265/? I/PopupDataProvider: refresh badge  package : br.com.brainweb.ifood count : 1
07-13 08:41:40.892 2265-2265/? I/PopupDataProvider: refresh badge  package : com.samsung.android.dialer count : 1
07-13 08:41:40.892 2265-2265/? I/IconView: applyDotState itemInfo : Telefone display : 100 count : 1
07-13 08:41:40.894 2265-2589/? I/LauncherActivityInfo: Trying to load live icon for com.sec.android.app.clockpackage
07-13 08:41:40.894 2265-2265/? I/IconView: applyDotState itemInfo : Gmail display : 101 count : 5
07-13 08:41:40.895 916-916/? D/SurfaceFlinger: Display 0 HWC layers:
07-13 08:41:40.895 916-916/? D/SurfaceFlinger:      DEVICE | 0xf3be6100 | 0102 | RGBA_8888    |    0.0    0.0 1080.0 2408.0 |    0    0 1080 2408 | app.identifier/app.identifier.MainActivity$_28966#992
07-13 08:41:40.895 916-916/? D/SurfaceFlinger:      DEVICE | 0xf320
07-13 08:41:40.895 916-916/? D/SurfaceFlinger: 1280 | 0100 | RGBA_8888    |    0.0    0.0 1080.0   70.0 |    0    0 1080   70 | StatusBar$_1853#98
07-13 08:41:40.895 916-916/? D/SurfaceFlinger:      DEVICE | 0xf3200c80 | 0100 | RGBA_8888    |    0.0    0.0 1080.0  135.0 |    0 2273 1080 2408 | NavigationBar0$_1853#92
07-13 08:41:40.895 916-916/? D/SurfaceFlinger:      DEVICE | 0xf3200e00 | 0108 | RGBA_8888    |    0.0    0.0 1080.0 2408.0 |    0    0 1080 2408 | $_1853#94
07-13 08:41:40.895 916-916/? I/Layer: id=1011 Destroyed Screenshot Parent#1011
07-13 08:41:40.895 2265-2265/? I/IconView: applyDotState itemInfo : Telefone display : 1 count : 1
07-13 08:41:40.896 2265-2265/? I/IconView: applyDotState itemInfo : iFood display : 1 count : 1
07-13 08:41:40.903 1212-1242/? D/WindowManager: updateSystemBarAttributes: displayId=0, win=Window{8058bf5 u0 com.sec.android.app.launcher/com.sec.android.app.launcher.activities.LauncherActivity}, navColorWin=Window{8058bf5 u0 com.sec.android.app.launcher/com.sec.android.app.launcher.activities.LauncherActivity}, focusedCanBeNavColorWin=false, behavior=2, appearance=16, statusBarAppearanceRegions=[AppearanceRegion{ bounds=[0,0][1080,2408]}], requestedVisibilities=, from=com.android.server.wm.DisplayPolicy.finishPostLayoutPolicyLw:2527 com.android.server.wm.DisplayContent.applySurfaceChangesTransaction:5707 com.android.server.wm.RootWindowContainer.applySurfaceChangesTransaction:1234 
07-13 08:41:40.904 916-937/? I/SurfaceFlinger: id=1012 createSurf flag=80000, d8277d1 ActivityRecordInputSink app.identifier.test/androidx.test.core.app.InstrumentationActivityInvoker$EmptyActivity#1012
07-13 08:41:40.907 916-916/? I/Layer: Layer [com.sec.android.app.launcher/com.sec.android.app.launcher.activities.LauncherActivity$_2265#1005] hidden!! flag(0)
07-13 08:41:40.907 1212-1242/? D/WindowManager: goodToGo(RemoteAnimationController@ccb9088): onAnimationStart, transit=TRANSIT_OLD_WALLPAPER_OPEN, apps=2, wallpapers=1, nonApps=0
07-13 08:41:40.907 1212-1242/? D/WindowManager: startAnimation(): Notify animation start:
07-13 08:41:40.908 1853-1898/? D/Bubbles: onLocusVisibilityChanged: LocusId[17_chars] visible=true
07-13 08:41:40.908 1212-1242/? I/WindowManager: Starting remote animation
07-13 08:41:40.909 2265-15480/? I/LauncherAnimationRunner: onAnimationStart, appTargets : [Lcom.android.systemui.shared.system.RemoteAnimationTargetCompat;@179ac48 mStartAtFrontOfQueue : false
07-13 08:41:40.909 1212-1242/? I/WindowManager: container=Task{839a1c2 #1 type=home ?? U=0 visible=true visibleRequested=true mode=fullscreen translucent=false sz=1}
07-13 08:41:40.909 1212-1242/? I/WindowManager: Target:
07-13 08:41:40.909 1212-1242/? I/WindowManager:   mode=0 taskId=190 isTranslucent=false clipRect=[0,0][0,0] contentInsets=[0,70][0,135] prefixOrderIndex=24 position=[0,0] sourceContainerBounds=[0,0][1080,2408] screenSpaceBounds=[0,0][1080,2408] localBounds=[0,0][1080,2408]
07-13 08:41:40.909 1212-1242/? I/WindowManager:   windowConfiguration={ mBounds=Rect(0, 0 - 1080, 2408) mAppBounds=Rect(0, 65 - 1080, 2273) mMaxBounds=Rect(0, 0 - 1080, 2408) mDisplayRotation=ROTATION_0 mWindowingMode=fullscreen mDisplayWindowingMode=fullscreen mActivityType=home mAlwaysOnTop=undefined mRotation=ROTATION_0 mPopOver=undefined mStageConfig=undefined mFreeformTaskPinningState=unpinned mFreeformStashState=undefined}
07-13 08:41:40.909 1212-1242/? I/WindowManager:   leash=Surface(name=Surface(name=Task=1)/@0x79cd78a - animation-leash of app_transition)/@0x8bc842b
07-13 08:41:40.909 1212-1242/? I/WindowManager:   taskInfo=TaskInfo{userId=0 taskId=190 displayId=0 isRunning=true baseIntent=Intent { act=android.intent.action.MAIN cat=[android.intent.category.HOME] flg=0x10000100 cmp=com.sec.android.app.launcher/.activities.LauncherActivity } baseActivity=ComponentInfo{com.sec.android.app.launcher/com.sec.android.app.launcher.activities.LauncherActivity} topActivity=ComponentInfo{com.sec.android.app.launcher/com.android.launcher3.uioverrides.QuickstepLauncher} origActivity=ComponentInfo{com.sec.android.app.launcher/com.sec.android.app.launcher.activities.LauncherActivity} realActivity=ComponentInfo{com.sec.android.app.launcher/com.android.launcher3.uioverrides.QuickstepLauncher} numActivities=1 lastActiveTime=6177016 supportsSplitScreenMultiWindow=true supportsMultiWindow=true resizeMode=2 isResizeable=true minWidth=-1 minHeight=-1 defaultMinSize=220 token=WCT{RemoteToken{70c832 Task{f08ec52 #190 type=home A=10103:com.sec.android.app.launcher.activities.LauncherActivity U=0 rootTaskId=1 visible=true visibleRequested=true mode=fullscreen translucent=false sz=1}}} topActivityType=2 pictureInPictureParams=null shouldDockBigOverlays=false launchIntoPipHostTaskId=0 displayCutoutSafeInsets=null topActivityInfo=ActivityInfo{5b0a983 com.sec.android.app.launcher.activities.LauncherActivity} launchCookies=[] positionInParent=Point(0, 0) parentTaskId=-1 isFocused=true isVisible=true isSleeping=false topActivityInSizeCompat=false topActivityEligibleForLetterboxEducation= false locusId=LocusId[17_chars] displayAreaFeatureId=1 cameraCompatControlState=hidden originallySupportedSplitScreen=true hasWallpaper=true isTopTransparentActivity=true topActivityInFixedAspectRatio=false topActivityInDisplayCompat=false topActivityInBoundsCompat=false topActivityBounds=null}
07-13 08:41:40.909 1212-1242/? I/WindowManager:   allowEnterPip=true
07-13 08:41:40.909 1212-1242/? I/WindowManager:   windowType=-1  hasAnimatingParent=false  backgroundColor=0container=Task{1cea837 #210 type=standard A=10451:app.identifier.test U=0 visible=false visibleRequested=false mode=fullscreen translucent=true sz=2}
07-13 08:41:40.909 1212-1242/? I/WindowManager: Target:
07-13 08:41:40.909 1212-1242/? I/WindowManager:   mode=1 taskId=210 isTranslucent=false clipRect=[0,0][0,0] contentInsets=[0,70][0,135] prefixOrderIndex=20 position=[0,0] sourceContainerBounds=[0,0][1080,2408] screenSpaceBounds=[0,0][1080,2408] localBounds=[0,0][1080,2408]
07-13 08:41:40.909 1212-1242/? I/WindowManager:   windowConfiguration={ mBounds=Rect(0, 0 - 1080, 2408) mAppBounds=Rect(0, 65 - 1080, 2273) mMaxBounds=Rect(0, 0 - 1080, 2408) mDisplayRotation=ROTATION_0 mWindowingMode=fullscreen mDisplayWindowingMode=fullscreen mActivityType=standard mAlwaysOnTop=undefined mRotation=ROTATION_0 mPopOver=undefined mStageConfig=undefined mFreeformTaskPinningState=unpinned mFreeformStashState=undefined}
07-13 08:41:40.909 1212-1242/? I/WindowManager:   leash=Surface(name=Surface(name=Task=210)/@0x69b8730 - animation-leash of app_transition)/@0x93e447a
07-13 08:41:40.909 1212-1242/? I/WindowManager: [ 07-13 
07-13 08:41:40.909 1212-1242/? I/WindowManager: 08:41:40.909  1212: 1242 I/WindowManager ]
07-13 08:41:40.909 1212-1242/? I/WindowManager:   taskInfo=TaskInfo{userId=0 taskId=210 displayId=0 isRunning=false baseIntent=Intent { act=android.intent.action.MAIN cat=[android.intent.category.LAUNCHER] flg=0x10008000 cmp=app.identifier.test/androidx.test.core.app.InstrumentationActivityInvoker$BootstrapActivity } baseActivity=null topActivity=null origActivity=null realActivity=ComponentInfo{app.identifier.test/androidx.test.core.app.InstrumentationActivityInvoker$BootstrapActivity} numActivities=0 lastActiveTime=6176845 supportsSplitScreenMultiWindow=true supportsMultiWindow=true resizeMode=1 isResizeable=true minWidth=-1 minHeight=-1 defaultMinSize=220 token=WCT{RemoteToken{e5c2e46 Task{1cea837 #210 type=standard A=10451:app.identifier.test U=0 visible=false visibleRequested=false mode=fullscreen translucent=true sz=2}}} topActivityType=1 pictureInPictureParams=null shouldDockBigOverlays=false launchIntoPipHostTaskId=0 displayCutoutSafeInsets=Rect(0, 65 - 0, 0) topActivityInfo=null launchCookies=[] positionInParent=Point(0, 0) parentTaskId=-1 isFocused=false isVisible=false isSleeping=false topActivityInSizeCompat=false topActivityEligibleForLetterboxEducation= false locusId=null displayAreaFeatureId=1 cameraCompatControlState=hidden originallySupportedSplitScreen=true hasWallpaper=false isTopTransparentActivity=false topActivityInFixedAspectRatio=false topActivityInDisplayCompat=false topActivityInBoundsCompat=false topActivityBounds=null}
07-13 08:41:40.909 1212-1242/? I/WindowManager:   allowEnterPip=true
07-13 08:41:40.909 1212-1242/? I/WindowManager:   windowType=-1  hasAnimatingParent=false  backgroundColor=0
07-13 08:41:40.910 2265-15480/? I/RecentModel: onTaskStackChangedBackground
07-13 08:41:40.911 1212-1241/? D/WindowManager: cancelAnimation(RemoteAnimationController@ccb9088): reason=timeoutRunnable
07-13 08:41:40.911 916-916/? D/SurfaceFlinger: Display 0 HWC layers:
07-13 08:41:40.911 916-916/? D/SurfaceFlinger:      DEVICE | 0xf3be6100 | 0102 | RGBA_8888    |    0.0    0.0 1080.0 2408.0 |    0    0 1080 2408 | app.identifier/app.identifier.MainActivity$_28966#992
07-13 08:41:40.911 916-916/? D/SurfaceFlinger:      DEVICE | 0xf3201280 | 0100 | RGBA_8888    |    0.0    0.0 1080.0   70.0 |    0    0 1080   70 | StatusBar$_1853#98
07-13 08:41:40.911 916-916/? D/SurfaceFlinger:      DEVICE | 0xf3200c80 | 0100 | RGBA_8888    |    0.0    0.0 1080.0  135.0 |    0 2273 1080 2408 | NavigationBar0$_1853#92
07-13 08:41:40.911 916-916/? D/SurfaceFlinger:      DEVICE | 0xf3200e00 | 0108 | RGBA_8888    |    0.0    0.0 1080.0 2408.0 |    0    0 1080 2408 | $_1853#94
07-13 08:41:40.911 2265-2265/? I/Launcher: getFirstMatch : no matching view
07-13 08:41:40.911 2265-2265/? W/AppTransitionAnimatorImpl: closing animation without floating view
07-13 08:41:40.912 1212-2003/? V/WindowManager: Relayout Window{786e858 u0 com.android.systemui.ImageWallpaper}: viewVisibility=0 req=2400x2400 d0
07-13 08:41:40.912 2265-2265/? I/AppTransitionAnimatorImpl: window bounds: Rect(0, 0 - 1080, 2408), target bounds: RectF(0.0, 0.0, 1080.0, 2408.0)
07-13 08:41:40.914 2265-2265/? I/AnimationResult: setAnimation : null
07-13 08:41:40.915 2265-2265/? W/AppTransitionAnimatorImpl: onAnimationStart - APP OUT
07-13 08:41:40.917 2265-2265/? W/AppTransitionAnimatorImpl: onAnimationEnd - APP OUT, Execution time for each frame : Start-(3)-1-(0)-0-End
07-13 08:41:40.917 2265-2589/? I/LiveIconUtil: getLiveIcon was called in ClockPackage
07-13 08:41:40.919 1212-2003/? V/WindowManager: Relayout hash=786e858, pid=1853, syncId=-1: mAttrs={(0,0)(2408x2408) gr=TOP START CENTER layoutInDisplayCutoutMode=always ty=WALLPAPER fmt=RGBX_8888 wanim=0x103031a
07-13 08:41:40.919 1212-2003/? V/WindowManager:   fl=14318
07-13 08:41:40.919 1212-2003/? V/WindowManager:   pfl=2000014
07-13 08:41:40.919 1212-2003/? V/WindowManager:   bhv=DEFAULT naviIconColor=0
07-13 08:41:40.919 1212-2003/? V/WindowManager:   sfl=8}
07-13 08:41:40.919 1212-1241/? D/WindowManager: onAnimationFinished(RemoteAnimationController@ccb9088): mPendingAnimations=2, caller=
07-13 08:41:40.919 2265-2589/? I/LiveIconUtil: getLiveIcon res = com.sec.android.app.clockpackage
07-13 08:41:40.920 1212-1242/? D/ActivityTaskManager: mStartingWindow and mStartingData is null for token=ActivityRecord{6b6f3a1 u0 com.sec.android.app.launcher/.activities.LauncherActivity} t190}
07-13 08:41:40.921 1853-1853/? I/BLASTBufferQueue: update, w= 2400 h= 2400 mName = Wallpaper mNativeObject= 0xdcc60700 sc.mNativeObject= 0xe47bbd00 format= 2 caller= android.service.wallpaper.WallpaperService$Engine.getOrCreateBLASTSurface:2575 android.service.wallpaper.WallpaperService$Engine.updateSurface:1527 android.service.wallpaper.WallpaperService$Engine.reportVisibility:1902 android.service.wallpaper.WallpaperService$Engine.doVisibilityChanged:1872 android.service.wallpaper.WallpaperService$IWallpaperEngineWrapper.executeMessage:2842 com.android.internal.os.HandlerCaller$MyHandler.handleMessage:44 
07-13 08:41:40.921 1853-1853/? D/WallpaperService: reportVisibility onVisibilityChanged visible: true
07-13 08:41:40.921 1853-2015/? I/ImageWallpaper[GLEngine]:  onVisibilityChanged true , 0
07-13 08:41:40.922 1212-2003/? D/WALLPAPER_SVC:WallpaperManagerService: getWallpaperSafeLocked, userId = 0, which = 1, caller = com.android.server.wallpaper.WallpaperManagerService.semGetWallpaperType:6816 
07-13 08:41:40.922 1212-2003/? D/WallpaperManagerService: which : 1, return type : 0 (called by userId= 0)
07-13 08:41:40.922 1853-1853/? D/NavigationBar: onSystemBarAttributesChanged() -  displayId:0, appearance:16, packageName: com.sec.android.app.launcher (APPEARANCE_LIGHT_NAVIGATION_BARS ), navbarColorManagedByIme:false
07-13 08:41:40.922 1212-1241/? D/WindowManager: app-release(): mOuter=RemoteAnimationController@ccb9088
07-13 08:41:40.922 2265-2589/? I/LiveIconUtil: stdIconSize : 135 , targetIconSize : 163
07-13 08:41:40.923 2265-2589/? I/LiveIconUtil: mIconDpi : 640 , mTargetIconDpi : 450
07-13 08:41:40.923 1212-1241/? D/WindowManager: onAnimationFinished(): Notify animation finished:
07-13 08:41:40.924 1853-2015/? I/ImageWallpaperRenderer: updateWallpaperOffset 0 lastCropOffset 0 , wp Type 0 , rotation 0 , allowed true Do not change Display offset 0
07-13 08:41:40.924 2265-2265/? I/AppTransitionAnimatorImpl: resetContentView
07-13 08:41:40.924 1212-1241/? I/WindowManager: Reparenting to original parent: Surface(name=DefaultTaskDisplayArea)/@0x63001fb, destroy=true, surface=Surface(name=Task=1)/@0x79cd78a
07-13 08:41:40.924 1853-1853/? D/SamsungLightBarControlHelper: updateNavigation(Black button) isLightBar:false, hasLightBarNavigationBarFlag:true, packageName:com.sec.android.app.launcher, DirectReplying:false, NavBarColorManagerdByIme:false, ForceDarkForScrim:false, QsCustomizing:false, PanelHasWhiteBg:false
07-13 08:41:40.924 2265-2265/? I/AnimationResult: AnimationResult finish : onAnimationEnd
07-13 08:41:40.924 2265-2265/? I/AnimationResult: finish : false, null
07-13 08:41:40.925 2265-2588/? I/AnimationResult: finish callback : null
07-13 08:41:40.925 1212-2632/? D/WindowManager: app-onAnimationFinished(): mOuter=null
07-13 08:41:40.926 2265-4206/? I/ViewRootImpl@7e0c621[LauncherActivity]: mWNT: t=0xe844e7a0 mBlastBufferQueue=0xdce76e80 fn= 3 caller= com.android.systemui.shared.launcher.ViewRootImplCompat.mergeWithNextTransaction:2 com.android.quickstep.util.SurfaceTransactionApplier.lambda$scheduleApply$0:2 com.android.quickstep.util.SurfaceTransactionApplier.b:0 
07-13 08:41:40.926 1212-1241/? D/WindowManager: 	container=Task{839a1c2 #1 type=home ?? U=0 visible=true visibleRequested=true mode=fullscreen translucent=false sz=1}
07-13 08:41:40.926 2265-4206/? I/ViewRootImpl@7e0c621[LauncherActivity]: mWNT: t=0xe5396d00 mBlastBufferQueue=0xdce76e80 fn= 3 caller= com.android.systemui.shared.launcher.ViewRootImplCompat.mergeWithNextTransaction:2 com.android.quickstep.util.SurfaceTransactionApplier.lambda$scheduleApply$0:2 com.android.quickstep.util.SurfaceTransactionApplier.b:0 
07-13 08:41:40.926 1212-1241/? I/WindowManager: Reparenting to original parent: Surface(name=DefaultTaskDisplayArea)/@0x63001fb, destroy=true, surface=Surface(name=Task=210)/@0x69b8730
07-13 08:41:40.927 916-916/? D/SurfaceFlinger: Display 0 HWC layers:
07-13 08:41:40.927 916-916/? D/SurfaceFlinger:      DEVICE | 0xf3be6100 | 0102 | RGBA_8888    |    0.0    0.0 1080.0 2408.0 |    0    0 1080 2408 | app.identifier/app.identifier.MainActivity$_28966#992
07-13 08:41:40.927 916-916/? D/SurfaceFlinger:      DEVICE | 0xf3201280 | 0100 | RGBA_8888    |    0.0    0.0 1080.0   70.0 |    0    0 1080   70 | StatusBar$_1853#98
07-13 08:41:40.927 916-916/? D/SurfaceFlinger:      DEVICE | 0xf3200c80 | 0100 | RGBA_8888    |    0.0    0.0 1080.0  135.0 |    0 2273 1080 2408 | NavigationBar0$_1853#92
07-13 08:41:40.927 916-916/? D/SurfaceFlinger:      DEVICE | 0xf3200e00 | 0108 | RGBA_8888    |    0.0    0.0 1080.0 2408.0 |    0    0 1080 2408 | $_1853#94
07-13 08:41:40.927 2265-2265/? W/Launcher: onEnterAnimationComplete
07-13 08:41:40.927 1212-1241/? V/WindowManager: Setting visibility of Window{bab0a95 u0 app.identifier/app.identifier.MainActivity}: false, caller=com.android.server.wm.WindowContainer.sendAppVisibilityToClients:1246 com.android.server.wm.WindowToken.setClientVisible:431 com.android.server.wm.ActivityRecord.setClientVisible:7685 com.android.server.wm.ActivityRecord.onAnimationFinished:8584 com.android.server.wm.WindowContainer.doAnimationFinished:3483 
07-13 08:41:40.928 1212-1241/? D/WindowManager: 	container=Task{1cea837 #210 type=standard A=10451:app.identifier.test U=0 visible=false visibleRequested=false mode=fullscreen translucent=true sz=2}
07-13 08:41:40.928 1212-1241/? I/WindowManager: Reparenting to original parent: Surface(name=Leaf:0:1)/@0x97717da, destroy=true, surface=Surface(name=WallpaperWindowToken{87e9dc2 token=android.os.Binder@e6efa0d})/@0x3e32d85
07-13 08:41:40.928 1212-1241/? D/WindowManager: 	wallpaper=WallpaperWindowToken{87e9dc2 token=android.os.Binder@e6efa0d}
07-13 08:41:40.929 1212-1241/? I/WindowManager: Finishing remote animation
07-13 08:41:40.929 28966-28966/? I/ViewRootImpl@4df55f6[MainActivity]: handleAppVisibility mAppVisible = true visible = false
07-13 08:41:40.930 1212-1241/? D/WindowManager: cancelAnimation(): reason=timeoutRunnable
07-13 08:41:40.931 2265-5748/? I/LauncherAnimationRunner: onAnimationCancelled
07-13 08:41:40.937 1212-2149/? D/MdnieScenarioControlService:  packageName : com.sec.android.app.launcher    className : com.android.launcher3.uioverrides.QuickstepLauncher
07-13 08:41:40.938 1212-2149/? V/MdnieScenarioControlService: setUIMode from UI function(3)
07-13 08:41:40.940 916-916/? I/Layer: id=1009 removeFromCurrentState Surface(name=Task=1)/@0x79cd78a - animation-leash of app_transition#1009 (108)
07-13 08:41:40.940 916-916/? I/Layer: id=1008 removeFromCurrentState Surface(name=Task=210)/@0x69b8730 - animation-leash of app_transition#1008 (108)
07-13 08:41:40.940 916-916/? I/Layer: id=1010 removeFromCurrentState Surface(name=WallpaperWindowToken{87e9dc2 token=android.os.Binder@e6efa0d})/@0x3e32d85 - animation-leash of window_animation#1010 (108)
07-13 08:41:40.940 916-916/? I/Layer: Layer [app.identifier/app.identifier.MainActivity$_28966#992] hidden!! flag(1)
07-13 08:41:40.941 29070-29070/? I/ViewRootImpl@bb44b12[InstrumentationActivityInvoker$EmptyActivity]: stopped(true) old = false
07-13 08:41:40.941 29070-29070/? I/ViewRootImpl@bb44b12[InstrumentationActivityInvoker$EmptyActivity]: WindowStopped on app.identifier.test/androidx.test.core.app.InstrumentationActivityInvoker$EmptyActivity set to true
07-13 08:41:40.942 1212-1241/? I/ActivityManager: Changes in 10451 2 to 18, 15 to 0
07-13 08:41:40.945 28966-29137/? D/OpenGLRenderer: setSurface called with nullptr
07-13 08:41:40.945 28966-29137/? D/OpenGLRenderer: setSurface() destroyed EGLSurface
07-13 08:41:40.945 28966-29137/? D/OpenGLRenderer: destroyEglSurface
07-13 08:41:40.946 29070-29070/? I/MSHandlerLifeCycle: removeMultiSplitHandler: no exist. decor=DecorView@b4eb574[InstrumentationActivityInvoker$EmptyActivity]
07-13 08:41:40.948 28966-28966/? I/ViewRootImpl@4df55f6[MainActivity]: performTraversals mFirst=false windowShouldResize=false viewVisibilityChanged=true mForceNextWindowRelayout=false params=null
07-13 08:41:40.949 1212-1906/? D/InputDispatcher: Focus entered window (0): 8058bf5 com.sec.android.app.launcher/com.sec.android.app.launcher.activi
07-13 08:41:40.949 1212-1906/? D/InputDispatcher: ties.LauncherActivity
07-13 08:41:40.951 2265-2265/? I/ViewRootImpl@7e0c621[LauncherActivity]: MSG_WINDOW_FOCUS_CHANGED 1 0
07-13 08:41:40.951 2265-2265/? I/ViewRootImpl@7e0c621[LauncherActivity]: mThreadedRenderer.initializeIfNeeded()#2 mSurface={isValid=true 0xdc862000}
07-13 08:41:40.951 2265-2265/? I/BaseActivity: addActivityFlags, flags : 8
07-13 08:41:40.953 1212-2003/? D/CoreBackPreview: Window{cd3c972 u0 app.identifier.test/androidx.test.core.app.InstrumentationActivityInvoker$EmptyActivity}: Setting back callback null
07-13 08:41:40.955 2265-2265/? I/InputMethodManager: startInputInner - mService.startInputOrWindowGainedFocus
07-13 08:41:40.955 1212-3797/? V/WindowManager: Relayout Window{bab0a95 u0 app.identifier/app.identifier.MainActivity}: viewVisibility=8 req=1080x2408 d0
07-13 08:41:40.957 29070-29070/? I/MSHandlerLifeCycle: removeMultiSplitHandler: no exist. decor=DecorView@b4eb574[InstrumentationActivityInvoker$EmptyActivity]
07-13 08:41:40.961 916-916/? D/SurfaceFlinger: Display 0 HWC layers:
07-13 08:41:40.961 916-916/? D/SurfaceFlinger:      DEVICE | 0xf3be4600 | 0100 | RGBx_8888    |  662.0    0.0 1738.0 2400.0 |    0    0 1080 2408 | Wallpaper BBQ wrapper#90
07-13 08:41:40.961 916-916/? D/SurfaceFlinger:      DEVICE | 0xf3200980 | 0100 | RGBA_8888    |    0.0    0.0 1080.0 2408.0 |    0    0 1080 2408 | com.sec.android.app.launcher/com.sec[...]tivities.LauncherActivity$_2265#1005
07-13 08:41:40.961 916-916/? D/SurfaceFlinger:      CLIENT | 0xf3201280 | 0100 | RGBA_8888    |    0.0    0.0 1080.0   70.0 |    0    0 1080   70 | StatusBar$_1853#98
07-13 08:41:40.961 916-916/? D/SurfaceFlinger:      CLIENT | 0xf31fff00 | 0100 | RGBA_8888    |    0.0    0.0 1080.0  135.0 |    0 2273 1080 2408 | NavigationBar0$_1853#92
07-13 08:41:40.961 916-916/? D/SurfaceFlinger:      DEVICE | 0xf3200e00 | 0108 | RGBA_8888    |    0.0    0.0 1080.0 2408.0 |    0    0 1080 2408 | $_1853#94
07-13 08:41:40.963 1212-3797/? V/WindowManager: Relayout hash=bab0a95, pid=28966, syncId=-1: mAttrs={(0,0)(fillxfill) sim={adjust=pan forwardNavigation} ty=BASE_APPLICATION wanim=0x1030309
07-13 08:41:40.963 1212-3797/? V/WindowManager:   fl=81810100
07-13 08:41:40.963 1212-3797/? V/WindowManager:   pfl=12020040
07-13 08:41:40.963 1212-3797/? V/WindowManager:   bhv=DEFAULT
07-13 08:41:40.963 1212-3797/? V/WindowManager:   fitSides= naviIconColor=0}
07-13 08:41:40.965 916-1442/? D/NativeSemDvfsManager: acquire:: timeout = 2000 mIsAcquired = 1  mTagName : SurfaceFlinger 
07-13 08:41:40.972 859-918/? I/HYPER-HAL: [RequestManager.cpp]acquire(): Acquired ID : 1837486  [916 / 1000]    HINT : SF_GPU_MINLOCK    list : [TIMEOUT / 2000] 
07-13 08:41:40.972 916-1442/? E/NativeCustomFrequencyManager: [NativeCFMS] BpCustomFrequencyManager::acquire()
07-13 08:41:40.972 1212-4509/? V/InputMethodManagerService: Unspecified window will hide input
07-13 08:41:40.972 1212-4509/? V/InputMethodManagerService: hideCurrentInputLocked : canceled, shouldHideSoftInput=false, mInputShown=false, mImeWindowVis=0
07-13 08:41:40.974 28966-28966/? I/ViewRootImpl@4df55f6[MainActivity]: Relayout returned: old=(0,0,1080,2408) new=(0,0,1080,2408) req=(1080,2408)8 dur=21 res=0x2 s={false 0x0} ch=true seqId=0
07-13 08:41:40.975 29070-29125/? D/OpenGLRenderer: setSurface called with nullptr
07-13 08:41:40.975 29070-29125/? D/OpenGLRenderer: setSurface() destroyed EGLSurface
07-13 08:41:40.975 29070-29125/? D/OpenGLRenderer: destroyEglSurface
07-13 08:41:40.978 28966-28966/? I/ViewRootImpl@4df55f6[MainActivity]: stopped(true) old = false
07-13 08:41:40.978 28966-28966/? I/ViewRootImpl@4df55f6[MainActivity]: WindowStopped on app.identifier/app.identifier.MainActivity set to true
07-13 08:41:40.979 1212-4509/? I/InputMethodBindingController: setCurrentMethodNotVisible: mVisibleBound=false, mHasConnection=true, caller = com.android.server.inputmethod.InputMethodManagerService.hideCurrentInputLocked:4339 com.android.server.inputmethod.InputMethodManagerService.startInputOrWindowGainedFocusInternalLocked:4645 com.android.server.inputmethod.InputMethodManagerService.startInputOrWindowGainedFocusInternal:4423 com.android.server.inputmethod.InputMethodManagerService.startInputOrWindowGainedFocus:4362 com.android.internal.view.IInputMethodManager$Stub.onTransact:518 com.android.server.inputmethod.InputMethodManagerService.onTransact:2285 android.os.Binder.execTransactInternal:1316 android.os.Binder.execTransact:1280 <bottom of call stack> <bottom of call stack> 
07-13 08:41:40.979 29070-29070/? I/ViewRootImpl@bb44b12[InstrumentationActivityInvoker$EmptyActivity]: dispatchDetachedFromWindow
07-13 08:41:40.980 1212-4509/? D/InputMethodManagerService: mDesktopModeManager null!
07-13 08:41:40.980 1212-4509/? V/InputMethodManagerService: getDisplayIdOfInputMethodWindowToBeAdded: displayId=0
07-13 08:41:40.981 1212-1906/? D/InputTransport: Input channel destroyed: 'cd3c972', fd=731
07-13 08:41:40.982 1212-1906/? W/InputManager-JNI: Input channel object 'cd3c972 app.identifier.test/androidx.test.core.app.InstrumentationActivityInvoker$EmptyActivity (client)' was disposed without first being removed with the input manager!
07-13 08:41:40.982 1212-1906/? D/InputTransport: Input channel destroyed: 'cd3c972', fd=887
07-13 08:41:40.982 1212-4509/? D/InputMethodManagerService: isImeSwitcherDisabledPackage : false
07-13 08:41:40.982 28966-28966/? D/LifecycleMonitor: Lifecycle status change: app.identifier.MainActivity@564d5ae in: STOPPED
07-13 08:41:40.982 28966-28966/? D/LifecycleMonitor: running callback: androidx.test.core.app.ActivityScenario$1@79e2f4f
07-13 08:41:40.983 1212-1906/? V/WindowManager: Remove Window{cd3c972 u0 app.identifier.test/androidx.test.core.app.InstrumentationActivityInvoker$EmptyActivity}: mSurfaceController=Surface(name=app.identifier.test/androidx.test.core.app.InstrumentationActivityInvoker$EmptyActivity$_29070)/@0xff8fc59 mAnimatingExit=false mRemoveOnExit=false mHasSurface=true surfaceShowing=false animating=false app-animation=false mWillReplaceWindow=false mDisplayFrozen=false callers=com.android.server.wm.WindowState.removeIfPossible:3041 com.android.server.wm.WindowManagerService.removeWindow:2282 com.android.server.wm.Session.remove:236 android.view.IWindowSession$Stub.onTransact:743 com.android.server.wm.Session.onTransact:188 android.os.Binder.execTransactInternal:1316 
07-13 08:41:40.983 28966-28966/? D/LifecycleMonitor: callback completes: androidx.test.core.app.ActivityScenario$1@79e2f4f
07-13 08:41:40.983 1212-1906/? I/WindowManager: Destroying surface Surface(name=app.identifier.test/androidx.test.core.app.InstrumentationActivityInvoker$EmptyActivity$_29070)/@0xff8fc59 called by com.android.server.wm.WindowStateAnimator.destroySurface:942 com.android.server.wm.WindowStateAnimator.destroySurfaceLocked:536 com.android.server.wm.WindowState.removeImmediately:2969 com.android.server.wm.WindowState.removeIfPossible:3228 com.android.server.wm.WindowState.removeIfPossible:3041 com.android.server.wm.WindowManagerService.removeWindow:2282 com.android.server.wm.Session.remove:236 android.view.IWindowSession$Stub.onTransact:743 
07-13 08:41:40.988 1212-1906/? D/RestrictionPolicy: isScreenCaptureEnabled : ret=true userId=0
07-13 08:41:40.989 916-916/? D/SurfaceFlinger: Display 0 HWC layers:
07-13 08:41:40.989 916-916/? D/SurfaceFlinger:      DEVICE | 0xf3be4600 | 0100 | RGBx_8888    |  662.0    0.0 1738.0 2400.0 |    0    0 1080 2408 | Wallpaper BBQ wrapper#90
07-13 08:41:40.989 916-916/? D/SurfaceFlinger:      DEVICE | 0xf3200980 | 0100 | RGBA_8888    |    0.0    0.0 1080.0 2408.0 |   
07-13 08:41:40.989 916-916/? D/SurfaceFlinger:  0    0 1080 2408 | com.sec.android.app.launcher/com.sec[...]tivities.LauncherActivity$_2265#1005
07-13 08:41:40.989 916-916/? D/SurfaceFlinger:      CLIENT | 0xf3201280 | 0100 | RGBA_8888    |    0.0    0.0 1080.0   70.0 |    0    0 1080   70 | StatusBar$_1853#98
07-13 08:41:40.989 916-916/? D/SurfaceFlinger:      CLIENT | 0xf31fff00 | 0100 | RGBA_8888    |    0.0    0.0 1080.0  135.0 |    0 2273 1080 2408 | NavigationBar0$_1853#92
07-13 08:41:40.989 916-916/? D/SurfaceFlinger:      DEVICE | 0xf3200e00 | 0108 | RGBA_8888    |    0.0    0.0 1080.0 2408.0 |    0    0 1080 2408 | $_1853#94
07-13 08:41:40.989 1212-1906/? V/WindowManager: Nulling last startingData
07-13 08:41:40.997 916-916/? D/SurfaceFlinger: Display 0 HWC layers:
07-13 08:41:40.997 916-916/? D/SurfaceFlinger:      DEVICE | 0xf3be4600 | 0100 | RGBx_8888    |  662.0    0.0 1738.0 2400.0 |    0    0 1080 2408 | Wallpaper BBQ wrapper#90
07-13 08:41:40.997 916-916/? D/SurfaceFlinger:      DEVICE | 0xf3200980 | 0100 | RGBA_8888    |    0.0    0.0 1080.0 2408.0 |    0    0 1080 2408 | com.sec.android.app.launcher/com.sec[...]tivities.LauncherActivity$_2265#1005
07-13 08:41:40.997 916-916/? D/SurfaceFlinger:      DEVICE | 0xf3201280 | 0100 | RGBA_8888    |    0.0    0.0 1080.0   70.0 |    0    0 1080   70 | StatusBar$_1853#98
07-13 08:41:40.997 916-916/? D/SurfaceFlinger:      DEVICE | 0xf31fff00 | 0100 | RGBA_8888    |    0.0    0.0 1080.0  135.0 |    0 2273 1080 2408 | NavigationBar0$_1853#92
07-13 08:41:40.997 916-916/? D/SurfaceFlinger:      DEVICE | 0xf3200e00 | 0108 | RGBA_8888    |    0.0    0.0 1080.0 2408.0 |    0    0 1080 2408 | $_1853#94
07-13 08:41:40.998 1212-4509/? D/InputMethodManagerService: shouldShowImeSwitcherLocked : checking vis : 3
07-13 08:41:40.998 29070-29070/? D/InputTransport: Input channel destroyed: 'cd3c972', fd=112
07-13 08:41:40.999 28966-28966/? I/MSHandlerLifeCycle: removeMultiSplitHandler: no exist. decor=DecorView@90f8a3f[MainActivity]
07-13 08:41:41.000 1212-4509/? D/InputMethodManagerService: checkDisplayOfStartInputAndUpdateKeyboard: displayId=0, mFocusedDisplayId=0
07-13 08:41:41.001 1212-4509/? D/InputTransport: Input channel constructed: 'ClientS', fd=731
07-13 08:41:41.001 1212-4509/? D/InputTransport: Input channel destroyed: 'ClientS', fd=731
07-13 08:41:41.002 4686-4686/? I/HBD: HoneyBoardService onFinishInput 
07-13 08:41:41.003 916-937/? I/SurfaceFlinger: id=1012 Removed d8277d1 ActivityRecordInputSink app.identifier.test/androidx.test.core.app.InstrumentationActivityInvoker$EmptyActivity#1012 (108)
07-13 08:41:41.003 4686-4686/? I/HBD: a IC have been unbinding,  RemoteInputConnection{idHash=#a87df7}
07-13 08:41:41.003 4686-4686/? I/HBD: HoneyBoardService [PF_CL][onFinishInput]  1 ms 
07-13 08:41:41.003 4686-4686/? I/HBD: HoneyBoardService [IMI] onStartInput - caller pid : 2265 , caller uid : 10103 
07-13 08:41:41.003 4686-4686/? I/HBD: j updateConfigs 
07-13 08:41:41.003 4686-4686/? I/HBD: j isEnabledNightMode : true 
07-13 08:41:41.003 4686-4686/? I/HBD: a IC have been binding, RemoteInputConnection{idHash=#d407c42} 
07-13 08:41:41.004 4686-4686/? I/HBD: h [EditorInputType]setPrivateImeOptionsToTable privateImeOptions ( null )
07-13 08:41:41.004 4686-4686/? I/HBD: b incognitoMode : false 
07-13 08:41:41.004 4686-4686/? I/HBD: a needOff = true , isForceOff = false, isNullInputClass : true 
07-13 08:41:41.004 4686-4686/? I/HBD: h getDefaultInputRange : UNKNOWN 
07-13 08:41:41.004 4686-4686/? I/HBD: h getDefaultInputRange : UNKNOWN 
07-13 08:41:41.004 4686-4686/? I/HBD: h getDefaultInputRange : UNKNOWN 
07-13 08:41:41.005 28966-28966/? D/LifecycleMonitor: Lifecycle status change: app.identifier.MainActivity@564d5ae in: DESTROYED
07-13 08:41:41.005 28966-28966/? D/LifecycleMonitor: running callback: androidx.test.core.app.ActivityScenario$1@79e2f4f
07-13 08:41:41.006 28966-28966/? D/LifecycleMonitor: callback completes: androidx.test.core.app.ActivityScenario$1@79e2f4f
07-13 08:41:41.006 28966-29055/? I/TestRunner: finished: test01(app.identifier.IdentifierUITest)
07-13 08:41:41.007 916-916/? I/Layer: id=1004 removeFromCurrentState app.identifier.test/androidx.test.core.app.InstrumentationActivityInvoker$EmptyActivity$_29070#1004 (108)
07-13 08:41:41.007 916-916/? I/Layer: id=1003 removeFromCurrentState cd3c972 app.identifier.test/androidx.test.core.app.InstrumentationActivityInvoker$EmptyActivity#1003 (108)
07-13 08:41:41.007 916-916/? I/SurfaceFlinger: id=1004 Removed app.identifier.test/androidx.test.core.app.InstrumentationActivityInvoker$EmptyActivity$_29070#1004 (108)
07-13 08:41:41.007 916-916/? I/SurfaceFlinger: id=1003 Removed cd3c972 app.identifier.test/androidx.test.core.app.InstrumentationActivityInvoker$EmptyActivity#1003 (108)
07-13 08:41:41.007 916-916/? I/Layer: id=1003 Destroyed cd3c972 app.identifier.test/androidx.test.core.app.InstrumentationActivityInvoker$EmptyActivity#1003
07-13 08:41:41.008 916-916/? I/Layer: id=1004 Destroyed app.identifier.test/androidx.test.core.app.InstrumentationActivityInvoker$EmptyActivity$_29070#1004
07-13 08:41:41.008 4686-4686/? I/HBD: a needOff = true , isForceOff = false, isNullInputClass : true 
07-13 08:41:41.008 4686-4686/? I/HBD: a update cached prediction status : false 
07-13 08:41:41.009 4686-4686/? I/HBD: h getDefaultInputRange : UNKNOWN 
07-13 08:41:41.009 4686-4686/? I/HBD: a currentState : 0 
07-13 08:41:41.010 1212-1906/? D/CoreBackPreview: Window{bab0a95 u0 app.identifier/app.identifier.MainActivity}: Setting back callback null
07-13 08:41:41.011 4686-4686/? I/HBD: a [UpdatePolicy] [post] a: 0 cl: 3276809 kit: [0/0] vt: 0 ir: 1 
07-13 08:41:41.011 4686-4686/? I/HBD: a [NRIC] resetNoResponseState 
07-13 08:41:41.011 4686-4686/? I/HBD: a needOff = true , isForceOff = false, isNullInputClass : true 
07-13 08:41:41.011 4686-4686/? I/HBD: a update cached prediction status : false 
07-13 08:41:41.012 4686-4686/? I/HBD: HoneyBoardService [PF_OP][onStartInput]  9 ms 
07-13 08:41:41.012 28966-28966/? I/MSHandlerLifeCycle: removeMultiSplitHandler: no exist. decor=DecorView@90f8a3f[MainActivity]
07-13 08:41:41.013 916-916/? D/SurfaceFlinger: Display 0 HWC layers:
07-13 08:41:41.013 916-916/? D/SurfaceFlinger:      DEVICE | 0xf3be4600 | 0100 | RGBx_8888    |  662.0    0.0 1738.0 2400.0 |    0    0 1080 2408 | Wallpaper BBQ wrapper#90
07-13 08:41:41.013 916-916/? D/SurfaceFlinger:      DEVICE | 0xf3200980 | 0100 | RGBA_8888    |    0.0    0.0 1080.0 2408.0 |    0    0 1080 2408 | com.sec.android.app.launcher/com.sec[...]tivities.LauncherActivity$_2265#1005
07-13 08:41:41.013 916-916/? D/SurfaceFlinger:      DEVICE | 0xf3201280 | 0100 | RGBA_8888    |    0.0    0.0 1080.0   70.0 |    0    0 1080   70 | StatusBar$_1853#98
07-13 08:41:41.013 916-916/? D/SurfaceFlinger:      DEVICE | 0xf31fff00 | 0100 | RGBA_8888    |    0.0    0.0 1080.0  135.0 |    0 2273 1080 2408 | NavigationBar0$_1853#92
07-13 08:41:41.013 916-916/? D/SurfaceFlinger:      DEVICE | 0xf3200e00 | 0108 | RGBA_8888    |    0.0    0.0 1080.0 2408.0 |    0    0 1080 2408 | $_1853#94
07-13 08:41:41.013 1212-4509/? D/RestrictionPolicy: isScreenCaptureEnabled : ret=true userId=0
07-13 08:41:41.014 1212-4509/? I/WindowManager: Cancelling animation restarting=true, leash=Surface(name=Surface(name=1846d23 InputMethod)/@0x3e2059e - animation-leash of insets_animation)/@0xf67b30a
07-13 08:41:41.014 1212-4509/? I/WindowManager: Reparenting to original parent: Surface(name=WindowToken{78f8ed0 type=2011 android.os.Binder@483ee93})/@0xb26b87f, destroy=false, surface=Surface(name=1846d23 InputMethod)/@0x3e2059e
07-13 08:41:41.015 1212-4509/? I/WindowManager: Reparenting to leash, surface=Surface(name=1846d23 InputMethod)/@0x3e2059e, leashParent=Surface(name=WindowToken{78f8ed0 type=2011 android.os.Binder@483ee93})/@0xb26b87f
07-13 08:41:41.016 916-1072/? I/SurfaceFlinger: id=1013 createSurf flag=24004, Surface(name=1846d23 InputMethod)/@0x3e2059e - animation-leash of insets_animation#1013
07-13 08:41:41.016 1212-4509/? D/WindowManager: makeSurface duration=2 leash=Surface(name=Surface(name=1846d23 InputMethod)/@0x3e2059e - animation-leash of insets_animation)/@0x3340515
07-13 08:41:41.019 28966-29137/? D/OpenGLRenderer: setSurface called with nullptr
07-13 08:41:41.019 28966-28966/? I/ViewRootImpl@4df55f6[MainActivity]: dispatchDetachedFromWindow
07-13 08:41:41.025 1212-1906/? D/InputTransport: Input channel destroyed: 'bab0a95', fd=1036
07-13 08:41:41.025 1212-1906/? W/InputManager-JNI: Input channel object 'bab0a95 app.identifier/app.identifier.MainActivity (client)' was disposed without first being removed with the input manager!
07-13 08:41:41.025 1212-1906/? D/InputTransport: Input channel destroyed: 'bab0a95', fd=1039
07-13 08:41:41.026 1212-1906/? V/WindowManager: Remove Window{bab0a95 u0 app.identifier/app.identifier.MainActivity}: mSurfaceController=Surface(name=app.identifier/app.identifier.MainActivity$_28966)/@0x8ace1b mAnimatingExit=false mRemoveOnExit=false mHasSurface=true surfaceShowing=false animating=false app-animation=false mWillReplaceWindow=false mDisplayFrozen=false callers=com.android.server.wm.WindowState.removeIfPossible:3041 com.android.server.wm.WindowManagerService.removeWindow:2282 com.android.server.wm.Session.remove:236 android.view.IWindowSession$Stub.onTransact:743 com.android.server.wm.Session.onTransact:188 android.os.Binder.execTransactInternal:1316 
07-13 08:41:41.026 1212-1906/? I/WindowManager: Destroying surface Surface(name=app.identifier/app.identifier.MainActivity$_28966)/@0x8ace1b called by com.android.server.wm.WindowStateAnimator.destroySurface:942 com.android.server.wm.WindowStateAnimator.destroySurfaceLocked:536 com.android.server.wm.WindowState.removeImmediately:2969 com.android.server.wm.WindowState.removeIfPossible:3228 com.android.server.wm.WindowState.removeIfPossible:3041 com.android.server.wm.WindowManagerService.removeWindow:2282 com.android.server.wm.Session.remove:236 android.view.IWindowSession$Stub.onTransact:743 
07-13 08:41:41.026 1212-1906/? D/RestrictionPolicy: isScreenCaptureEnabled : ret=true userId=0
07-13 08:41:41.026 1212-1906/? V/WindowManager: Nulling last startingData
07-13 08:41:41.031 1212-4509/? D/InputMethodManagerService: isImeSwitcherDisabledPackage : false
07-13 08:41:41.032 28966-28966/? D/InputTransport: Input channel destroyed: 'bab0a95', fd=100
07-13 08:41:41.033 4686-4686/? I/InputMethodService: removeImeSurface
07-13 08:41:41.033 4686-4686/? I/MSHandlerLifeCycle: check: return. pkg=com.samsung.android.honeyboard isActivity=false callers=com.android.internal.policy.DecorView.setVisibility:4412 android.app.Dialog.hide:767 android.inputmethodservice.InputMethodService.removeImeSurface:1290 android.inputmethodservice.InputMethodService.scheduleImeSurfaceRemoval:1279 android.inputmethodservice.InputMethodService.-$$Nest$mscheduleImeSurfaceRemoval:0 
07-13 08:41:41.033 4686-4686/? I/MSHandlerLifeCycle: removeMultiSplitHandler: no exist. decor=DecorView@a14294a[InputMethod]
07-13 08:41:41.035 916-937/? I/SurfaceFlinger: id=990 Removed bcad551 ActivityRecordInputSink app.identifier/.MainActivity#990 (107)
07-13 08:41:41.035 916-937/? I/SurfaceFlinger: id=1014 createSurf flag=24004, Task=210#1014
07-13 08:41:41.035 28966-28966/? D/InputTransport: Input channel destroyed: 'ClientS', fd=117
07-13 08:41:41.038 28966-29055/? I/TestRunner: run finished: 1 tests, 0 failed, 0 ignored
07-13 08:41:41.038 1212-2149/? V/MdnieScenarioControlService: mAclOffEnabled : false mAclPreviewState : false mAclCompensationState : false
07-13 08:41:41.040 2265-2265/? I/RecentsView: onTaskRemoved() taskId : 210
07-13 08:41:41.040 2265-2265/? I/TopTaskTracker: onTaskRemoved : taskId = 210
07-13 08:41:41.040 916-916/? I/Layer: id=1000 removeFromCurrentState ActivityRecord{db4e236 u0 app.identifier.test/androidx.test.core.app.InstrumentationActivityInvoker$EmptyActivity} t210}#1000 (108)
07-13 08:41:41.040 916-916/? I/Layer: id=1012 removeFromCurrentState d8277d1 ActivityRecordInputSink app.identifier.test/androidx.test.core.app.InstrumentationActivityInvoker$EmptyActivity#1012 (108)
07-13 08:41:41.040 2265-2265/? I/RecentsView: onTaskRemoved() taskId : 210
07-13 08:41:41.040 916-916/? I/Layer: id=996 removeFromCurrentState Surface(name=1846d23 InputMethod)/@0x3e2059e - animation-leash of insets_animation#996 (108)
07-13 08:41:41.040 916-916/? I/Layer: id=140 removeFromCurrentState 1846d23 InputMethod#140 (108)
07-13 08:41:41.040 2265-2265/? I/TopTaskTracker: onTaskRemoved : taskId = 210
07-13 08:41:41.040 916-916/? I/Layer: id=140 addToCurrentState 1846d23 InputMethod#140 (108)
07-13 08:41:41.040 916-916/? I/Layer: id=992 removeFromCurrentState app.identifier/app.identifier.MainActivity$_28966#992 (108)
07-13 08:41:41.041 916-916/? I/Layer: id=991 removeFromCurrentState bab0a95 app.identifier/app.identifier.MainActivity#991 (108)
07-13 08:41:41.041 916-916/? I/SurfaceFlinger: id=992 Removed app.identifier/app.identifier.MainActivity$_28966#992 (108)
07-13 08:41:41.041 916-916/? I/SurfaceFlinger: id=1000 Removed ActivityRecord{db4e236 u0 app.identifier.test/androidx.test.core.app.InstrumentationActivityInvoker$EmptyActivity} t210}#1000 (108)
07-13 08:41:41.041 916-916/? I/SurfaceFlinger: id=996 Removed Surface(name=1846d23 InputMethod)/@0x3e2059e - animation-leash of insets_animation#996 (108)
07-13 08:41:41.041 916-916/? I/SurfaceFlinger: id=991 Removed bab0a95 app.identifier/app.identifier.MainActivity#991 (108)
07-13 08:41:41.041 916-916/? I/Layer: id=996 Destroyed Surface(name=1846d23 InputMethod)/@0x3e2059e - animation-leash of insets_animation#996
07-13 08:41:41.041 916-916/? I/Layer: id=991 Destroyed bab0a95 app.identifier/app.identifier.MainActivity#991
07-13 08:41:41.041 916-916/? I/Layer: id=992 Destroyed app.identifier/app.identifier.MainActivity$_28966#992
07-13 08:41:41.042 916-916/? I/Layer: id=1000 Destroyed ActivityRecord{db4e236 u0 app.identifier.test/androidx.test.core.app.InstrumentationActivityInvoker$EmptyActivity} t210}#1000
07-13 08:41:41.042 916-916/? I/Layer: id=1012 Destroyed d8277d1 ActivityRecordInputSink app.identifier.test/androidx.test.core.app.InstrumentationActivityInvoker$EmptyActivity#1012
07-13 08:41:41.055 2265-2589/? I/AppIconSolution: load= live icon for com.sec.android.app.clockpackage, from overlay = false
07-13 08:41:41.056 916-916/? D/SurfaceFlinger: Display 0 HWC layers:
