07-13 08:41:45.266 916-916/? D/SurfaceFlinger:      DEVICE | 0xf3201280 | 0100 | RGBA_8888    |    0.0    0.0 1080.0   70.0 |    0    0 1080   70 | StatusBar$_1853#98
07-13 08:41:45.266 916-916/? D/SurfaceFlinger:      DEVICE | 0xf3200200 | 0100 | RGBA_8888    |    0.0    0.0 1080.0  135.0 |    0 2273 1080 2408 | NavigationBar0$_1853#92
07-13 08:41:45.266 916-916/? D/SurfaceFlinger:      DEVICE | 0xf3200e00 | 0108 | RGBA_8888    |    0.0    0.0 1080.0 2408.0 |    0    0 1080 2408 | $_1853#94
07-13 08:41:45.268 29297-29297/? I/ViewRootImpl@f436291[MainActivity]: mThreadedRenderer.initialize() mSurface={isValid=true 0xea254400} hwInitialized=true
07-13 08:41:45.269 916-937/? E/HWComposer: getSupportedContentTypes: getSupportedContentTypes failed for display 0: Unsupported (8)
07-13 08:41:45.270 29297-29335/? D/OpenGLRenderer: eglCreateWindowSurface
07-13 08:41:45.274 368-1360/? I/servicemanager: Could not find android.hardware.graphics.allocator.IAllocator/default in the VINTF manifest.
07-13 08:41:45.278 29297-29297/? I/ViewRootImpl@f436291[MainActivity]: reportNextDraw android.view.ViewRootImpl.performTraversals:4438 android.view.ViewRootImpl.doTraversal:3116 android.view.ViewRootImpl$TraversalRunnable.run:10885 android.view.Choreographer$CallbackRecord.run:1301 android.view.Choreographer$CallbackRecord.run:1309 
07-13 08:41:45.280 916-916/? I/Layer: id=1007 removeFromCurrentState Surface(name=593fd37 NavigationBar0)/@0x2904048 - animation-leash of insets_animation#1007 (110)
07-13 08:41:45.280 916-916/? I/Layer: id=76 removeFromCurrentState 593fd37 NavigationBar0#76 (110)
07-13 08:41:45.280 916-916/? I/Layer: id=92 removeFromCurrentState NavigationBar0$_1853#92 (110)
07-13 08:41:45.280 916-916/? I/Layer: id=1006 removeFromCurrentState Surface(name=f0b3b0b StatusBar)/@0x2f140cf - animation-leash of insets_animation#1006 (110)
07-13 08:41:45.280 916-916/? I/Layer: id=76 addToCurrentState 593fd37 NavigationBar0#76 (110)
07-13 08:41:45.280 29297-29297/? I/ViewRootImpl@f436291[MainActivity]: Setup new sync id=0
07-13 08:41:45.280 916-916/? I/Layer: id=92 addToCurrentState NavigationBar0$_1853#92 (110)
07-13 08:41:45.280 916-916/? D/SurfaceFlinger: [input] inputWindowCommands.focusRequests size is 1
07-13 08:41:45.280 29297-29297/? I/ViewRootImpl@f436291[MainActivity]: Setting syncFrameCallback
07-13 08:41:45.280 29297-29297/? I/ViewRootImpl@f436291[MainActivity]: registerCallbacksForSync syncBuffer=false
07-13 08:41:45.280 916-916/? I/SurfaceFlinger: id=1007 Removed Surface(name=593fd37 NavigationBar0)/@0x2904048 - animation-leash of insets_animation#1007 (110)
07-13 08:41:45.280 916-916/? I/SurfaceFlinger: id=1006 Removed Surface(name=f0b3b0b StatusBar)/@0x2f140cf - animation-leash of insets_animation#1006 (110)
07-13 08:41:45.281 916-916/? I/Layer: id=1006 Destroyed Surface(name=f0b3b0b StatusBar)/@0x2f140cf - animation-leash of insets_animation#1006
07-13 08:41:45.281 916-916/? I/Layer: id=1007 Destroyed Surface(name=593fd37 NavigationBar0)/@0x2904048 - animation-leash of insets_animation#1007
07-13 08:41:45.282 916-1034/? D/SurfaceFlinger: [input] setFocusedWindow: 73f390c app.identifier/app.identifier.MainActivity
07-13 08:41:45.282 1212-2005/? D/InputDispatcher: Focus request (0): 73f390c app.identifier/app.identifier.MainActivity but waiting because NO_WINDOW
07-13 08:41:45.288 916-916/? D/SurfaceFlinger: Display 0 HWC layers:
07-13 08:41:45.288 916-916/? D/SurfaceFlinger:      DEVICE | 0xf3be4000 | 0100 | RGBA_8888    |    0.0    0.0 1080.0 2408.0 |    0    0 1080 2408 | Splash Screen app.identifier.test$_1853#1018
07-13 08:41:45.288 916-916/? D/SurfaceFlinger:      DEVICE | 0xf3201280 | 0100 | RGBA_8888    |    0.0    0.0 1080.0   70.0 |    0    0 1080   70 | StatusBar$_1853#98
07-13 08:41:45.288 916-916/? D/SurfaceFlinger:      DEVICE | 0xf3200c80 | 0100 | RGBA_8888    |    0.0    0.0 1080.0  135.0 |    0 2273 1080 2408 | NavigationBar0$_1853#92
07-13 08:41:45.288 916-916/? D/SurfaceFlinger:      DEVICE | 0xf3200e00 | 0108 | RGBA_8888    |    0.0    0.0 1080.0 2408.0 |    0    0 1080 2408 | $_1853#94
07-13 08:41:45.293 29297-29365/? I/ViewRootImpl@f436291[MainActivity]: Received frameDrawingCallback syncResult=0 frameNum=1.
07-13 08:41:45.294 29297-29365/? I/ViewRootImpl@f436291[MainActivity]: Setting up sync and frameCommitCallback
07-13 08:41:45.298 1212-1836/? I/Pageboost: memUsage collected : 20895 0 3728 for app.identifier.test 29070
07-13 08:41:45.380 1212-1249/? I/AppOps: commitUidPendingStateLocked() :: UID - 10450, 200 > 200, 15 > 15
07-13 08:41:45.398 29297-29335/? I/BLASTBufferQueue: [ViewRootImpl@f436291[MainActivity]#0](f:0,a:0) onFrameAvailable the first frame is available
07-13 08:41:45.400 29297-29335/? I/ViewRootImpl@f436291[MainActivity]: Received frameCommittedCallback lastAttemptedDrawFrameNum=1 didProduceBuffer=true
07-13 08:41:45.401 29297-29335/? D/OpenGLRenderer: CFMS:: SetUp Pid : 29297    Tid : 29335
07-13 08:41:45.405 29297-29297/? I/ViewRootImpl@f436291[MainActivity]: onSyncComplete
07-13 08:41:45.406 29297-29297/? I/ViewRootImpl@f436291[MainActivity]: setupSync seqId=0 mSyncId=0 fn=1 caller=android.view.ViewRootImpl$$ExternalSyntheticLambda11.accept:6 android.window.SurfaceSyncer.lambda$setupSync$1$android-window-SurfaceSyncer:128 android.window.SurfaceSyncer$$ExternalSyntheticLambda1.accept:8 android.window.SurfaceSyncer$SyncSet.checkIfSyncIsComplete:382 android.window.SurfaceSyncer$SyncSet.markSyncReady:359 android.window.SurfaceSyncer.markSyncReady:
07-13 08:41:45.406 29297-29297/? I/ViewRootImpl@f436291[MainActivity]: 151 android.view.ViewRootImpl.performTraversals:4503 
07-13 08:41:45.407 29297-29297/? I/ViewRootImpl@f436291[MainActivity]: reportDrawFinished seqId=0 mSyncId=-1 fn=1 mSurfaceChangedTransaction=0xe8900de0
07-13 08:41:45.407 1212-4472/? D/WindowManager: finishDrawingWindow: Window{73f390c u0 app.identifier/app.identifier.MainActivity} mDrawState=DRAW_PENDING seqId=0
07-13 08:41:45.411 1212-1242/? V/WindowManager: Finish starting ActivityRecord{62917d9 u0 app.identifier/.MainActivity} t211}: first real window is shown, no animation
07-13 08:41:45.412 1212-1242/? V/WindowManager: Schedule remove starting ActivityRecord{62917d9 u0 app.identifier/.MainActivity} t211} startingWindow=null startingView=null Callers=com.android.server.wm.ActivityRecord.removeStartingWindow:3227 com.android.server.wm.ActivityRecord.onFirstWindowDrawn:7454 com.android.server.wm.WindowState.performShowLocked:5472 com.android.server.wm.WindowStateAnimator.commitFinishDrawingLocked:351 com.android.server.wm.DisplayContent.lambda$new$8:1189 
07-13 08:41:45.412 1212-1242/? I/SemDvfsHyPerManager: acquire hyper - AMS_RESUME_TAIL/1212@16, type = -999
07-13 08:41:45.412 1212-1242/? I/SemDvfsHyPerManager: acquire hyper - AMS_ACT_LAZY/1212@17, type = -999
07-13 08:41:45.412 859-918/? I/HYPER-HAL: [RequestManager.cpp]acquire(): Acquired ID : 754622  [1212 / 16]    HINT : AMS_RESUME_TAIL    list : 
07-13 08:41:45.412 1212-1242/? D/ActivityManagerPerformance: AMP_acquire() TAIL
07-13 08:41:45.412 1212-1242/? D/ActivityManagerPerformance: AMP_release() APP_SWITCH
07-13 08:41:45.413 1212-1238/? W/ziparchive: Unable to open '/data/app/~~Qu9geFihnf9oROCNArr4VQ==/app.identifier-vu71HKY-ma9pBQzUxOg9Pw==/base.dm': No such file or directory
07-13 08:41:45.413 1212-1242/? V/WindowManager: performShowLocked: mDrawState=HAS_DRAWN in Window{73f390c u0 app.identifier/app.identifier.MainActivity}
07-13 08:41:45.413 859-918/? I/HYPER-HAL: [RequestManager.cpp]releaseLocked(): Released ID : 759548
07-13 08:41:45.414 1212-1238/? D/[secipm]: mSecIpmManager report to nap
07-13 08:41:45.414 1212-1238/? I/PkgPredictorService-SecIpmManagerServiceImpl: reportToNAP uid:10450 app.identifier/app.identifier.MainActivity thisTime:891
07-13 08:41:45.416 1212-1238/? I/ActivityTaskManager: Displayed app.identifier/.MainActivity: +891ms
07-13 08:41:45.416 1212-1238/? I/Pageboost: Launch time gathered : pid 29297 app.identifier 891
07-13 08:41:45.417 1212-1242/? V/WindowManager: Removing startingView=com.android.server.wm.StartingSurfaceController$StartingSurface@bd7c269
07-13 08:41:45.417 916-916/? D/SurfaceFlinger: Display 0 HWC layers:
07-13 08:41:45.417 916-916/? D/SurfaceFlinger:      DEVICE | 0xf3be4000 | 0100 | RGBA_8888    |    0.0    0.0 1080.0 2408.0 |    0    0 1080 2408 | Splash Screen app.identifier.test$_1853#1018
07-13 08:41:45.417 916-916/? D/SurfaceFlinger:      DEVICE | 0xf3201280 | 0100 | RGBA_8888    |    0.0    0.0 1080.0   70.0 |    0    0 1080   70 | StatusBar$_1853#98
07-13 08:41:45.417 916-916/? D/SurfaceFlinger:      DEVICE | 0xf3200c80 | 0100 | RGBA_8888    |    0.0    0.0 1080.0  135.0 |    0 2273 1080 2408 | NavigationBar0$_1853#92
07-13 08:41:45.417 916-916/? D/SurfaceFlinger:      DEVICE | 0xf3200e00 | 0108 | RGBA_8888    |    0.0    0.0 1080.0 2408.0 |    0    0 1080 2408 | $_1853#94
07-13 08:41:45.417 1212-1242/? D/TaskOrganizerController: applyStartingWindowAnimation, win
07-13 08:41:45.417 1212-1242/? D/TaskOrganizerController: dow=Window{73f390c u0 app.identifier/app.identifier.MainActivity}, caller=com.android.server.wm.TaskOrganizerController.removeStartingWindow:573 com.android.server.wm.StartingSurfaceController$StartingSurface.remove:280 com.android.server.wm.ActivityRecord.lambda$removeStartingWindowAnimation$6:3289 
07-13 08:41:45.418 1212-1242/? I/WindowManager: Reparenting to leash, surface=Surface(name=73f390c app.identifier/app.identifier.MainActivity)/@0x4dcf010, leashParent=Surface(name=ActivityRecord{62917d9 u0 app.identifier/.MainActivity} t211})/@0xf974709
07-13 08:41:45.419 916-937/? I/SurfaceFlinger: id=1028 createSurf flag=24000, Surface(name=73f390c app.identifier/app.identifier.MainActivity)/@0x4dcf010 - animation-leash of starting_reveal#1028
07-13 08:41:45.420 1212-1242/? D/WindowManager: makeSurface duration=1 leash=Surface(name=Surface(name=73f390c app.identifier/app.identifier.MainActivity)/@0x4dcf010 - animation-leash of starting_reveal)/@0x5042d0e
07-13 08:41:45.421 1212-1242/? D/ActivityTaskManager: mStartingWindow and mStartingData is null for token=ActivityRecord{62917d9 u0 app.identifier/.MainActivity} t211}
07-13 08:41:45.430 916-916/? I/Layer: Layer [app.identifier/app.identifier.MainActivity$_29297#1025] hidden!! flag(0)
07-13 08:41:45.431 1853-1919/? D/OpenGLRenderer: setSurface called with nullptr
07-13 08:41:45.431 1853-1919/? D/OpenGLRenderer: setSurface() destroyed EGLSurface
07-13 08:41:45.431 1853-1919/? D/OpenGLRenderer: destroyEglSurface
07-13 08:41:45.431 1212-4472/? I/AppOps: updateUidProcState uid: 10041 procState: 0 capability:15
07-13 08:41:45.432 1212-2005/? D/InputDispatcher: Focus entered window (0): 73f390c app.identifier/app.identifier.MainActivity
07-13 08:41:45.435 1853-1912/? I/ViewRootImpl@a0eb1fe[test]: performTraversals params={(0,0)(fillxfill) sim={adjust=pan} ty=APPLICATION_STARTING fmt=TRANSLUCENT wanim=0x1030001 alpha=0.0
07-13 08:41:45.435 1853-1912/? I/ViewRootImpl@a0eb1fe[test]:   fl=81030118
07-13 08:41:45.435 1853-1912/? I/ViewRootImpl@a0eb1fe[test]:   pfl=16000010
07-13 08:41:45.435 1853-1912/? I/ViewRootImpl@a0eb1fe[test]:   bhv=DEFAULT
07-13 08:41:45.435 1853-1912/? I/ViewRootImpl@a0eb1fe[test]:   fitSides= naviIconColor=0}
07-13 08:41:45.436 959-5007/? I/CameraService: onUidStateChanged: uid=10041, procState is changed. (1 -> 0)
07-13 08:41:45.437 1853-1912/? I/ViewRootImpl@a0eb1fe[test]: performTraversals mFirst=false windowShouldResize=false viewVisibilityChanged=true mForceNextWindowRelayout=false params={(0,0)(fillxfill) sim={adjust=pan} ty=APPLICATION_STARTING fmt=TRANSLUCENT wanim=0x1030001 alpha=0.0
07-13 08:41:45.437 1853-1912/? I/ViewRootImpl@a0eb1fe[test]:   fl=81030118
07-13 08:41:45.437 1853-1912/? I/ViewRootImpl@a0eb1fe[test]:   pfl=16000010
07-13 08:41:45.437 1853-1912/? I/ViewRootImpl@a0eb1fe[test]:   bhv=DEFAULT
07-13 08:41:45.437 1853-1912/? I/ViewRootImpl@a0eb1fe[test]:   fitSides= naviIconColor=0}
07-13 08:41:45.438 1212-2005/? V/WindowManager: Relayout Window{5a11c25 u0 Splash Screen app.identifier.test}: viewVisibility=8 req=1080x2408 d0
07-13 08:41:45.445 1212-2005/? V/WindowManager: Relayout hash=5a11c25, pid=1853, syncId=-1: mAttrs={(0,0)(fillxfill) sim={adjust=pan} ty=APPLICATION_STARTING fmt=TRANSLUCENT wanim=0x1030001 alpha=0.0
07-13 08:41:45.445 1212-2005/? V/WindowManager:   fl=81030118
07-13 08:41:45.445 1212-2005/? V/WindowManager:   pfl=16000010
07-13 08:41:45.445 1212-2005/? V/WindowManager:   bhv=DEFAULT
07-13 08:41:45.445 1212-2005/? V/WindowManager:   fitSides= naviIconColor=0}
07-13 08:41:45.446 916-916/? D/SurfaceFlinger: Display 0 HWC layers:
07-13 08:41:45.446 916-916/? D/SurfaceFlinger:      DEVICE | 0xf3a69580 | 0102 | RGBA_8888    |    0.0    0.0 1080.0 2408.0 |    0    0 1080 2408 | app.identifier/app.identifier.MainActivity$_29297#1025
07-13 08:41:45.446 916-916/? D/SurfaceFlinger:      DEVICE | 0xf3be4000 | 0100 | RGBA_8888    |    0.0    0.0 1080.0 2408.0 |    0    0 1080 2408 | Splash Screen app.identifier.test$_1853#1018
07-13 08:41:45.446 916-916/? D/SurfaceFlinger:      CLIENT | 0xf3201280 | 0100 | RGBA_8888    |    0.0    0.0 1080.0   70.0 |    0    0 1080   70 | StatusBar$_1853#98
07-13 08:41:45.446 916-916/? D/SurfaceFlinger:      CLIENT | 0xf3200c80 | 0100 | RGBA_8888    |    0.0    0.0 1080.0  135.0 |    0 2273 1080 2408 | NavigationBar0$_1853#92
07-13 08:41:45.446 916-916/? D/SurfaceFlinger:      DEVICE | 0xf3200e00 | 0108 | RGBA_8888    |    0.0    0.0 1080.0 2408.0 |    0    0 1080 2408 | $_1853#94
07-13 08:41:45.447 916-916/? I/Layer: Layer [Splash Screen app.identifier.test$_1853#1018] hidden!! flag(1)
07-13 08:41:45.447 1853-1912/? D/InsetsController: onStateChanged: InsetsState: {mDisplayFrame=Rect(0, 0 - 1080, 2408), mDisplayCutout=DisplayCutout{insets=Rect(0, 65 - 0, 0) waterfall=Insets{left=0, top=0, right=0, bottom=0} boundingRect={Bounds=[Rect(0, 0 - 0, 0), Rect(454, 0 - 626, 65), Rect(0, 0 - 0, 0), Rect(0, 0 - 0, 0)]} cutoutPathParserInfo={CutoutPathParserInfo{displayWidth=1080 displayHeight=2408 physicalDisplayWidth=1080 physicalDisplayHeight=2408 density={2.8125} cutoutSpec={M 0,0 H -30.57777777777778 V 23.11111111111111 H 30.57777777777778 V 0 H 0 Z @dp} rotation={0} scale={1.0} physicalPixelDisplaySizeRatio={1.0}}}}, mRoundedCorners=RoundedCorners{[RoundedCorner{position=TopLeft, radius=90, center=Point(90, 90)}, RoundedCorner{position=TopRight, radius=90, center=Point(990, 90)}, RoundedCorner{position=BottomRight, radius=90, center=Point(990, 2318)}, RoundedCorner{position=BottomLeft, radius=90, center=Point(90, 2318)}]}  mRoundedCornerFrame=Rect(0, 0 - 1080, 2408), mPrivacyIndicatorBounds=PrivacyIndicatorBounds {static bounds=Rect(956, 0 - 1080, 70) rotation=0}, mSources= { InsetsSource: {mType=ITYPE_STATUS_BAR, mFrame=[0,0][1080,70], mVisible=true, mInsetsRo
07-13 08:41:45.447 1853-1912/? D/InsetsController: undedCornerFrame=false}, InsetsSource: {mType=ITYPE_NAVIGATION_BAR, mFrame=[0,2273][1080,2408], mVisible=true, mInsetsRoundedCornerFrame=false}, InsetsSource: {mType=ITYPE_LEFT_GESTURES, mFrame=[0,0][0,2408], mVisible=true, mInsetsRoundedCornerFrame=false}, InsetsSource: {mType=ITYPE_RIGHT_GESTURES, mFrame=[1080,0][1080,2408], mVisible=true, mInsetsRoundedCornerFrame=false}, InsetsSource: {mType=ITYPE_TOP_MANDATORY_GESTURES, mFrame=[0,0][1080,99], mVisible=true, mInsetsRoundedCornerFrame=false}, InsetsSource: {mType=ITYPE_BOTTOM_MANDATORY_GESTURES, mFrame=[0,2273][1080,2408], mVisible=true, mInsetsRoundedCornerFrame=false}, InsetsSource: {mType=ITYPE_LEFT_DISPLAY_CUTOUT, mFrame=[0,0][-100000,2408], mVisible=true, mInsetsRoundedCornerFrame=false}, InsetsSource: {mType=ITYPE_TOP_DISPLAY_CUTOUT, mFrame=[0,0][1080,65], mVisible=true, mInsetsRoundedCornerFrame=false}, InsetsSource: {mType=ITYPE_RIGHT_DISPLAY_CUTOUT, mFrame=[100000,0][1080,2408], mVisible=true, mInsetsRoundedCornerFrame=false}, InsetsSource: {mType=ITYPE_BOTTOM_DISPLAY_CUTOUT, mFrame=[0,100000][1080,2408], mVisible=true, mInsetsRoundedCornerFrame=false}, InsetsSource: {mType=ITYPE_TOP_TAPPABLE_ELEMENT, mFrame=[0,0][1080,70], mVisible=true, mInsetsRoundedCornerFrame=false}, InsetsSource: {mType=ITYPE_BOTTOM_TAPPABLE_ELEMENT, mFrame=[0,2273][1080,2408], mVisible=true, mInsetsRoundedCornerFrame=false} } host=Splash Screen app.identifier.test from=android.view.ViewRootImpl.relayoutWindow:9802
07-13 08:41:45.449 1853-1912/? I/ViewRootImpl@a0eb1fe[test]: Relayout returned: old=(0,0,1080,2408) new=(0,0,1080,2408) req=(1080,2408)8 dur=11 res=0x2 s={false 0x0} ch=true seqId=0
07-13 08:41:45.450 1212-2005/? D/CoreBackPreview: Window{5a11c25 u0 Splash Screen app.identifier.test}: Setting back callback null
07-13 08:41:45.451 1853-1912/? I/ViewRootImpl@a0eb1fe[test]: dispatchDetachedFromWindow
07-13 08:41:45.453 1212-4472/? D/WindowManager: Starting window removed Window{5a11c25 u0 Splash Screen app.identifier.test}
07-13 08:41:45.454 1212-4472/? I/WindowManager: Cancelling animation restarting=false, leash=Surface(name=Surface(name=73f390c app.identifier/app.identifier.MainActivity)/@0x4dcf010 - animation-leash of starting_reveal)/@0x5042d0e
07-13 08:41:45.454 1212-4472/? I/WindowManager: Reparenting to original parent: Surface(name=ActivityRecord{62917d9 u0 app.identifier/.MainActivity} t211})/@0xf974709, destroy=false, surface=Surface(name=73f390c app.identifier/app.identifier.MainActivity)/@0x4dcf010
07-13 08:41:45.455 1212-4472/? D/InputTransport: Input channel destroyed: '5a11c25', fd=629
07-13 08:41:45.455 1212-4472/? W/InputManager-JNI: Input channel object '5a11c25 Splash Screen app.identifier.test (client)' was disposed without first being removed with the input manager!
07-13 08:41:45.456 1212-4472/? D/InputTransport: Input channel destroyed: '5a11c25', fd=731
07-13 08:41:45.456 916-916/? D/SurfaceFlinger: Display 0 HWC layers:
07-13 08:41:45.456 916-916/? D/SurfaceFlinger:      DEVICE | 0xf3a69580 | 0102 | RGBA_8888    |    0.0    0.0 1080.0 2408.0 |    0    0 1080 2408 | app.identifier/app.identifier.MainActivity$_29297#1025
07-13 08:41:45.456 916-916/? D/SurfaceFlinger:      DEVICE | 0xf3201280 | 0100 | RGBA_8888    |    0.0    0.0 1080.0   70.0 |    0    0 1080   70 | StatusBar$_1853#98
07-13 08:41:45.456 916-916/? D/SurfaceFlinger:      DEVICE | 0xf3200c80 | 0100 | RGBA_8888    |    0.0    0.0 1080.0  135.0 |    0 2273 1080 2408 | NavigationBar0$_1853#92
07-13 08:41:45.456 916-916/? D/SurfaceFlinger:      DEVICE | 0xf3200e00 | 0108 | RGBA_8888    |    0.0    0.0 1080.0 2408.0 |    0    0 1080 2408 | $_1853#94
07-13 08:41:45.457 1212-4472/? V/WindowManager: Remove Window{5a11c25 u0 Splash Screen app.identifier.test}: mSurfaceController=Surface(name=Splash Screen app.identifier.test$_1853)/@0x488fd3c mAnimatingExit=false mRemoveOnExit=false mHasSurface=true surfaceShowing=false animating=false app-animation=false mWillReplaceWindow=false mDisplayFrozen=false callers=com.android.server.wm.WindowState.removeIfPossible:3041 com.android.server.wm.WindowManagerService.removeWindow:2282 com.android.server.wm.Session.remove:236 android.view.IWindowSession$Stub.onTransact:743 com.android.server.wm.Session.onTransact:188 android.os.Binder.execTransactInternal:1321 
07-13 08:41:45.457 1212-1836/? I/Pageboost: memUsage collected : 20895 0 3728 for app.identifier.test 29070
07-13 08:41:45.457 2692-2692/? E/pageboostd: Received HALT command code 2
07-13 08:41:45.457 1212-4472/? I/WindowManager: Destroying surface Surface(name=Splash Screen app.identifier.test$_1853)/@0x488fd3c called by com.android.server.wm.WindowStateAnimator.destroySurface:942 com.android.server.wm.WindowStateAnimator.destroySurfaceLocked:536 com.android.server.wm.WindowState.removeImmediately:2969 com.android.server.wm.WindowState.removeIfPossible:3228 com.android.server.wm.WindowState.removeIfPossible:3041 com.android.server.wm.WindowManagerService.removeWindow:2282 com.android.server.wm.Session.remove:236 android.view.IWindowSession$Stub.onTransact:743 
07-13 08:41:45.461 1853-1912/? D/InputTransport: Input channel destroyed: '5a11c25', fd=269
07-13 08:41:45.463 916-916/? I/Layer: id=1017 removeFromCurrentState 5a11c25 Splash Screen app.identifier.test#1017 (109)
07-13 08:41:45.463 916-916/? I/Layer: id=1018 removeFromCurrentState Splash Screen app.identifier.test$_1853#1018 (109)
07-13 08:41:45.463 916-916/? I/Layer: id=1028 removeFromCurrentState Surface(name=73f390c app.identifier/app.identifier.MainActivity)/@0x4dcf010 - animation-leash of starting_reveal#1028 (109)
07-13 08:41:45.464 916-916/? I/Layer: id=1018 removeFromCurrentState Splash Screen app.identifier.test$_1853#1018 (109)
07-13 08:41:45.464 916-916/? I/SurfaceFlinger: id=1017 Removed 5a11c25 Splash Screen app.identifier.test#1017 (109)
07-13 08:41:45.464 916-916/? I/SurfaceFlinger: id=1018 Removed Splash Screen app.identifier.test$_1853#1018 (109)
07-13 08:41:45.464 916-916/? I/Layer: id=1017 Destroyed 5a11c25 Splash Screen app.identifier.test#1017
07-13 08:41:45.464 916-916/? I/Layer: id=1018 Destroyed Splash Screen app.identifier.test$_1853#1018
07-13 08:41:45.467 916-916/? D/SurfaceFlinger: Display 0 HWC layers:
07-13 08:41:45.467 916-916/? D/SurfaceFlinger:      DEVICE | 0xf3a69580 | 0102 | RGBA_8888    |    0.0    0.0 1080.0 2408.0 |    0    0 1080 2408 | app.identifier/app.identifier.MainActivity$_29297#1025
07-13 08:41:45.467 916-916/? D/SurfaceFlinger:      DEVICE | 0xf3201280 | 0100 | RGBA_8888    |    0.0    0.0 1080.0   70.0 |    0    0 1080   70 | StatusBar$_1853#98
07-13 08:41:45.467 916-916/? D/SurfaceFlinger:      DEVICE | 0xf3200c80 | 0100 | RGBA_8888    |    0.0    0.0 1080.0  135.0 |    0 2273 1080 2408 | NavigationBar0$_1853#92
07-13 08:41:45.467 916-916/? D/SurfaceFlinger:      DEVICE | 0xf3200e00 | 0108 | RGBA_8888    |    0.0    0.0 1080.0 2408.0 |    0    0 1080 2408 | $_1853#94
07-13 08:41:45.479 29297-29297/? I/ViewRootImpl@f436291[MainActivity]: MSG_WINDOW_FOCUS_CHANGED 1 0
07-13 08:41:45.480 29297-29297/? I/ViewRootImpl@f436291[MainActivity]: mThreadedRenderer.initializeIfNeeded()#2 mSurface={isValid=true 0xea254400}
07-13 08:41:45.485 29297-29297/? D/InputMethodManager: startInputInner - Id : 0
07-13 08:41:45.486 29297-29297/? I/InputMethodManager: startInputInner - mService.startInputOrWindowGainedFocus
07-13 08:41:45.487 916-916/? D/SurfaceFlinger: Display 0 HWC layers:
07-13 08:41:45.487 916-916/? D/SurfaceFlinger:      DEVICE | 0xf3201100 | 0102 | RGBA_8888    |    0.0    0.0 1080.0 2408.0 |    0    0 1080 2408 | app.identifier/app.identifier.MainActivity$_29297#1025
07-13 08:41:45.487 916-916/? D/SurfaceFlinger:      DEVICE | 0xf3201280 | 0100 | RGBA_8888    |    0.0    0.0 1080.0   70.0 |    0    0 1080   70 | StatusBar$_1853#98
07-13 08:41:45.487 916-916/? D/SurfaceFlinger:      DEVICE | 0xf3200c80 | 0100 | RGBA_8888    |    0.0    0.0 1080.0  135.0 |    0 2273 1080 2408 | NavigationBar0$_1853#92
07-13 08:41:45.487 916-916/? D/SurfaceFlinger:      DEVICE | 0xf3200e00 | 0108 | RGBA_8888    |    0.0    0.0 1080.0 2408.0 |    0    0 1080 2408 | $_1853#94
07-13 08:41:45.489 1212-2005/? D/CompatibilityChangeReporter: Compat change id reported: 214016041; UID 10450; state: DISABLED
07-13 08:41:45.489 1212-2005/? V/InputMethodManagerService: Unspecified window will hide input
07-13 08:41:45.489 1212-2005/? V/InputMethodManagerService: hideCurrentInputLocked : canceled, shouldHideSoftInput=false, mInputShown=false, mImeWindowVis=0
07-13 08:41:45.490 1212-2005/? I/InputMethodBindingController: setCurrentMethodNotVisible: mVisibleBound=false, mHasConnection=true, caller = com.android.server.inputmethod.InputMethodManagerService.hideCurrentInputLocked:4339 com.android.server.inputmethod.InputMethodManagerService.startInputOrWindowGainedFocusInternalLocked:4645 com.android.server.inputmethod.InputMethodManagerService.startInputOrWindowGainedFocusInternal:4423 com.android.server.inputmethod.InputMethodManagerService.startInputOrWindowGainedFocus:4362 com.android.internal.view.IInputMethodManager$Stub.onTransact:518 com.android.server.inputmethod.InputMet
07-13 08:41:45.490 1212-2005/? I/InputMethodBindingController: hodManagerService.onTransact:2285 android.os.Binder.execTransactInternal:1316 android.os.Binder.execTransact:1280 <bottom of call stack> <bottom of call stack> 
07-13 08:41:45.490 1212-2005/? D/InputMethodManagerService: mDesktopModeManager null!
07-13 08:41:45.490 1212-2005/? V/InputMethodManagerService: getDisplayIdOfInputMethodWindowToBeAdded: displayId=0
07-13 08:41:45.491 1212-2005/? V/InputMethodManagerService: Creating new session for client ClientState{3e44ac5 uid=10450 pid=29297 displayId=0}
07-13 08:41:45.492 1212-2005/? D/InputTransport: Input channel constructed: 'ClientS', fd=629
07-13 08:41:45.492 1212-2005/? D/InputTransport: Input channel constructed: 'ClientS', fd=731
07-13 08:41:45.493 1212-2005/? D/InputTransport: Input channel destroyed: 'ClientS', fd=731
07-13 08:41:45.494 1212-4472/? D/InputMethodManagerService: isImeSwitcherDisabledPackage : false
07-13 08:41:45.494 1212-4472/? D/InputMethodManagerService: shouldShowImeSwitcherLocked : checking vis : 3
07-13 08:41:45.495 1212-4472/? D/InputMethodManagerService: checkDisplayOfStartInputAndUpdateKeyboard: displayId=0, mFocusedDisplayId=0
07-13 08:41:45.495 1212-4472/? D/InputTransport: Input channel constructed: 'ClientS', fd=731
07-13 08:41:45.496 1212-4472/? D/InputTransport: Input channel destroyed: 'ClientS', fd=731
07-13 08:41:45.496 4686-4686/? I/HBD: HoneyBoardService onFinishInput 
07-13 08:41:45.497 29297-29297/? D/InputMethodManager: startInputInner - Id : 0
07-13 08:41:45.497 4686-4686/? I/HBD: a IC have been unbinding,  RemoteInputConnection{idHash=#d407c42}
07-13 08:41:45.497 4686-4686/? I/HBD: HoneyBoardService [PF_CL][onFinishInput]  1 ms 
07-13 08:41:45.497 1212-2005/? D/RestrictionPolicy: isScreenCaptureEnabled : ret=true userId=0
07-13 08:41:45.497 4686-4686/? I/HBD: HoneyBoardService [IMI] onStartInput - caller pid : 29297 , caller uid : 10450 
07-13 08:41:45.497 4686-4686/? I/HBD: j updateConfigs 
07-13 08:41:45.497 4686-4686/? I/HBD: j isEnabledNightMode : true 
07-13 08:41:45.497 4686-4686/? I/HBD: a IC have been binding, RemoteInputConnection{idHash=#75d3453} 
07-13 08:41:45.497 4686-4686/? I/HBD: h [EditorInputType]setPrivateImeOptionsToTable privateImeOptions ( null )
07-13 08:41:45.497 4686-4686/? I/HBD: b incognitoMode : false 
07-13 08:41:45.497 4686-4686/? I/HBD: a needOff = true , isForceOff = false, isNullInputClass : true 
07-13 08:41:45.498 1212-2005/? I/WindowManager: Cancelling animation restarting=true, leash=Surface(name=Surface(name=1846d23 InputMethod)/@0x3e2059e - animation-leash of insets_animation)/@0x3340515
07-13 08:41:45.498 4686-4686/? I/HBD: h getDefaultInputRange : UNKNOWN 
07-13 08:41:45.498 4686-4686/? I/HBD: h getDefaultInputRange : UNKNOWN 
07-13 08:41:45.498 4686-4686/? I/HBD: h getDefaultInputRange : UNKNOWN 
07-13 08:41:45.498 1212-2005/? I/WindowManager: Reparenting to original parent: Surface(name=WindowToken{78f8ed0 type=2011 android.os.Binder@483ee93})/@0xb26b87f, destroy=false, surface=Surface(name=1846d23 InputMethod)/@0x3e2059e
07-13 08:41:45.498 1212-2005/? I/WindowManager: Reparenting to leash, surface=Surface(name=1846d23 InputMethod)/@0x3e2059e, leashParent=Surface(name=WindowToken{78f8ed0 type=2011 android.os.Binder@483ee93})/@0xb26b87f
07-13 08:41:45.498 916-1071/? I/SurfaceFlinger: id=1029 createSurf flag=24004, Surface(name=1846d23 InputMethod)/@0x3e2059e - animation-leash of insets_animation#1029
07-13 08:41:45.499 1212-2005/? D/WindowManager: makeSurface duration=1 leash=Surface(name=Surface(name=1846d23 InputMethod)/@0x3e2059e - animation-leash of insets_animation)/@0x86b128
07-13 08:41:45.501 4686-4686/? I/HBD: a needOff = true , isForceOff = false, isNullInputClass : true 
07-13 08:41:45.501 4686-4686/? I/HBD: a update cached prediction status : false 
07-13 08:41:45.501 4686-4686/? I/HBD: h getDefaultInputRange : UNKNOWN 
07-13 08:41:45.501 4686-4686/? I/HBD: a currentState : 0 
07-13 08:41:45.501 4686-4686/? I/HBD: a [UpdatePolicy] [post] a: 0 cl: 3276809 kit: [0/0] vt: 0 ir: 1 
07-13 08:41:45.502 404-404/? D/io_stats: !@ 179,0 r 367949 9889003 w 111394 1270712 d 35842 10426808 f 0 0 iot 178804 0 th 0 0 0 pt 0 inp 0 0 1638.838
07-13 08:41:45.502 4686-4686/? I/HBD: a [NRIC] resetNoResponseState 
07-13 08:41:45.502 4686-4686/? I/HBD: a needOff = true , isForceOff = false, isNullInputClass : true 
07-13 08:41:45.502 4686-4686/? I/HBD: a update cached prediction status : false 
07-13 08:41:45.505 4686-4686/? I/HBD: HoneyBoardService [PF_OP][onStartInput]  8 ms 
07-13 08:41:45.506 29297-29297/? D/InsetsController: onStateChanged: InsetsState: {mDisplayFrame=Rect(0, 0 - 1080, 2408), mDisplayCutout=DisplayCutout{insets=Rect(0, 65 - 0, 0) waterfall=Insets{left=0, top=0, right=0, bottom=0} boundingRect={Bounds=[Rect(0, 0 - 0, 0), Rect(454, 0 - 626, 65), Rect(0, 0 - 0, 0), Rect(0, 0 - 0, 0)]} cutoutPathParserInfo={CutoutPathParserInfo{displayWidth=1080 displayHeight=2408 physicalDisplayWidth=1080 physicalDisplayHeight=2408 density={2.8125} cutoutSpec={M 0,0 H -30.57777777777778 V 23.11111111111111 H 30.57777777777778 V 0 H 0 Z @dp} rotation={0} scale={1.0} physicalPixelDisplaySizeRatio={1.0}}}}, mRoundedCorners=RoundedCorners{[RoundedCorner{
07-13 08:41:45.506 29297-29297/? D/InsetsController: position=TopLeft, radius=90, center=Point(90, 90)}, RoundedCorner{position=TopRight, radius=90, center=Point(990, 90)}, RoundedCorner{position=BottomRight, radius=90, center=Point(990, 2318)}, RoundedCorner{position=BottomLeft, radius=90, center=Point(90, 2318)}]}  mRoundedCornerFrame=Rect(0, 0 - 1080, 2408), mPrivacyIndicatorBounds=PrivacyIndicatorBounds {static bounds=Rect(956, 0 - 1080, 70) rotation=0}, mSources= { InsetsSource: {mType=ITYPE_STATUS_BAR, mFrame=[0,0][1080,70], mVisible=true, mInsetsRoundedCornerFrame=false}, InsetsSource: {mType=ITYPE_NAVIGATION_BAR, mFrame=[0,2273][1080,2408], mVisible=true, mInsetsRoundedCornerFrame=false}, InsetsSource: {mType=ITYPE_LEFT_GESTURES, mFrame=[0,0][0,2408], mVisible=true, mInsetsRoundedCornerFrame=false}, InsetsSource: {mType=ITYPE_RIGHT_GESTURES, mFrame=[1080,0][1080,2408], mVisible=true, mInsetsRoundedCornerFrame=false}, InsetsSource: {mType=ITYPE_TOP_MANDATORY_GESTURES, mFrame=[0,0][1080,99], mVisible=true, mInsetsRoundedCornerFrame=false}, InsetsSource: {mType=ITYPE_BOTTOM_MANDATORY_GESTURES, mFrame=[0,2273][1080,2408], mVisible=true, mInsetsRoundedCornerFrame=false}, InsetsSource: {mType=ITYPE_LEFT_DISPLAY_CUTOUT, mFrame=[0,0][-100000,2408], mVisible=true, mInsetsRoundedCornerFrame=false}, InsetsSource: {mType=ITYPE_TOP_DISPLAY_CUTOUT, mFrame=[0,0][1080,65], mVisible=true, mInsetsRoundedCornerFrame=false}, InsetsSource: {mType=ITYPE_RIGHT_DISPLAY_CUTOUT, mFrame=[100000,0][1080,2408], mVisible=true, mInsetsRoundedCornerFrame=false}, InsetsSource: {mType=ITYPE_BOTTOM_DISPLAY_CUTOUT, mFrame=[0,100000][1080,2408], mVisible=true, mInsetsRoundedCornerFrame=false}, InsetsSource: {mType=ITYPE_TOP_TAPPABLE_ELEMENT, mFrame=[0,0][1080,70], mVisible=true, mInsetsRoundedCornerFrame=false}, InsetsSource: {mType=ITYPE_BOTTOM_TAPPABLE_ELEMENT, mFrame=[0,2273][1080,2408], mVisible=true, mInsetsRoundedCornerFrame=false}, InsetsSource: {mType=ITYPE_IME, mFrame=[0,0][0,0], mVisibleFrame=[0,1400][1080,2408], mVisible=false, mInsetsRoundedCornerFrame=false} } host=app.identifier/app.identifier.MainActivity from=android.view.ViewRootImpl$ViewRootHandler.handleMessageImpl:6740
07-13 08:41:45.509 1212-2005/? D/InputMethodManagerService: isImeSwitcherDisabledPackage : false
07-13 08:41:45.510 4686-4686/? I/InputMethodService: removeImeSurface
07-13 08:41:45.510 4686-4686/? I/MSHandlerLifeCycle: check: return. pkg=com.samsung.android.honeyboard isActivity=false callers=com.android.internal.policy.DecorView.setVisibility:4412 android.app.Dialog.hide:767 android.inputmethodservice.InputMethodService.removeImeSurface:1290 android.inputmethodservice.InputMethodService.scheduleImeSurfaceRemoval:1279 android.inputmethodservice.InputMethodService.-$$Nest$mscheduleImeSurfaceRemoval:0 
07-13 08:41:45.511 4686-4686/? I/MSHandlerLifeCycle: removeMultiSplitHandler: no exist. decor=DecorView@a14294a[InputMethod]
07-13 08:41:45.513 916-916/? I/Layer: id=1013 removeFromCurrentState Surface(name=1846d23 InputMethod)/@0x3e2059e - animation-leash of insets_animation#1013 (108)
07-13 08:41:45.514 916-916/? I/SurfaceFlinger: id=1013 Removed Surface(name=1846d23 InputMethod)/@0x3e2059e - animation-leash of insets_animation#1013 (108)
07-13 08:41:45.514 916-916/? I/Layer: id=1013 Destroyed Surface(name=1846d23 InputMethod)/@0x3e2059e - animation-leash of insets_animation#1013
07-13 08:41:45.514 29297-29297/? W/app.identifier: Accessing hidden method Landroid/os/MessageQueue;->next()Landroid/os/Message; (unsupported, reflection, allowed)
07-13 08:41:45.514 29297-29297/? W/app.identifier: Accessing hidden field Landroid/os/MessageQueue;->mMessages:Landroid/os/Message; (unsupported, reflection, allowed)
07-13 08:41:45.514 29297-29297/? W/app.identifier: Accessing hidden method Landroid/os/Message;->recycleUnchecked()V (unsupported, reflection, allowed)
07-13 08:41:45.520 25059-29246/? I/BaseThreadPoolExecutor: [StoryService] Task h0.c@ed85464 is submitted
07-13 08:41:45.520 25059-29246/? I/ServiceController: [StoryService] Sending response for  32 with status 0
07-13 08:41:45.521 25059-29374/? I/DataSyncTask: [StoryService] id list to delete is ::  [2147484869]
07-13 08:41:45.521 25059-29374/? I/DataSyncTask: [StoryService] Event update, Notification to Gallery  
07-13 08:41:45.522 916-916/? D/SurfaceFlinger: Display 0 HWC layers:
07-13 08:41:45.522 916-916/? D/SurfaceFlinger:      DEVICE | 0xf359e480 | 0102 | RGBA_8888    |    0.0    0.0 1080.0 2408.0 |    0    0 1080 2408 | app.identifier/app.identifier.MainActivity$_29297#1025
07-13 08:41:45.522 916-916/? D/SurfaceFlinger:      DEVICE | 0xf3201280 | 0100 | RGBA_8888    |    0.0    0.0 1080.0   70.0 |    0    0 1080   70 | StatusBar$_1853#98
07-13 08:41:45.522 916-916/? D/SurfaceFlinger:      DEVICE | 0xf3200c80 | 0100 | RGBA_8888    |    0.0    0.0 1080.0  135.0 |    0 2273 1080 2408 | NavigationBar0$_1853#92
07-13 08:41:45.522 916-916/? D/SurfaceFlinger:      DEVICE | 0xf3200e00 | 0108 | RGBA_8888    |    0.0    0.0 1080.0 2408.0 |    0    0 1080 2408 | $_1853#94
07-13 08:41:45.525 25059-29374/? I/BaseThreadPoolExecutor: [StoryService] Task k0.j@8c54293 is submitted
07-13 08:41:45.526 29297-29297/? W/app.identifier: Accessing hidden method Landroid/view/WindowManagerGlobal;->getInstance()Landroid/view/WindowManagerGlobal; (unsupported, reflection, allowed)
07-13 08:41:45.526 29297-29297/? W/app.identifier: Accessing hidden field Landroid/view/WindowManagerGlobal;->mViews:Ljava/util/ArrayList; (unsupported, reflection, allowed)
07-13 08:41:45.526 29297-29297/? W/app.identifier: Accessing hidden field Landroid/view/WindowManagerGlobal;->mParams:Ljava/util/ArrayList; (unsupported, reflection, allowed)
07-13 08:41:45.531 25059-29374/? I/BaseThreadPoolExecutor: [StoryService] afterExecute FutureTask
07-13 08:41:45.531 25059-29374/? I/StoryHideRuleHelper: [StoryService]  In updateInvalidPeopleHideRuleInfo begin ...  
07-13 08:41:45.531 25059-29374/? I/StoryHideRuleHelper: [StoryService]  updateInvalidPeopleHideRuleInfo is already completed , ignore ...  
07-13 08:41:45.536 25059-29374/? I/StoryHideRuleEngine: [StoryService] No hide rules available to process by Story Hide Rule Engine 
07-13 08:41:45.537 25059-29374/? I/BaseThreadPoolExecutor: [StoryService] Task k0.c@dd6d2c9 is submitted
07-13 08:41:45.537 25059-29376/? I/AutoAlbumRuleHelper: [StoryService]  In updateInvalidAlbumRuleInfo begin  ...  
07-13 08:41:45.537 25059-29376/? I/AutoAlbumRuleHelper: [StoryService]  isAlbumRuleUpdateNeeded is already completed , ignore ...  
07-13 08:41:45.537 25059-29376/? I/AutoAlbumRuleEngine: [StoryService]  Before processing for Auto Albums ...  
07-13 08:41:45.537 25059-29376/? I/AutoAlbumRuleHelper: [StoryService]  Before fetching rule info from CMH processing for Auto Albums ...  
07-13 08:41:45.537 29297-29297/? I/ViewInteraction: Checking 'MatchesViewAssertion{viewMatcher=is displayed on the screen to the user}' assertion on view with id: app.identifier:id/label
07-13 08:41:45.538 25059-29376/? I/CMHDatabaseManagerHelper: [StoryService] Final_Query select ruleId,auto_album.album_id as album_id,auto_album.title,is_deleted, GROUP_CONCAT(DISTINCT sec_media_id) as sec_media_ids , GROUP_CONCAT(DISTINCT CASE WHEN recommended_id > 0 THEN recommended_id ELSE NULL END) as rids ,  user_update_
07-13 08:41:45.538 25059-29376/? I/CMHDatabaseManagerHelper: type  from auto_album left outer join auto_album_rule on auto_album_rule.album_id = auto_album.album_id left outer join auto_album_map on fk_album_id = auto_album.album_id left outer join files on files._id=auto_album_map.fk_file_id where is_deleted= 0 AND update_status= 0 GROUP BY auto_album.album_id 
07-13 08:41:45.538 25059-29374/? I/BaseThreadPoolExecutor: [StoryService] afterExecute FutureTask
07-13 08:41:45.542 29297-29297/? I/ViewInteraction: Checking 'MatchesViewAssertion{viewMatcher=is displayed on the screen to the user}' assertion on view with id: app.identifier:id/input
07-13 08:41:45.544 25059-29376/? I/AutoAlbumRuleEngine: [StoryService]  There is no Auto albums RuleInfo to process , return without processing 
07-13 08:41:45.545 25059-29376/? I/BaseThreadPoolExecutor: [StoryService] Task h0.b@ed7cbfc is submitted
07-13 08:41:45.545 25059-29376/? I/BaseThreadPoolExecutor: [StoryService] afterExecute FutureTask
07-13 08:41:45.546 25059-29376/? I/EventChannelGenerator: [StoryService] deleteLiveChannels() In 
07-13 08:41:45.546 29297-29297/? I/ViewInteraction: Checking 'MatchesViewAssertion{viewMatcher=is displayed on the screen to the user}' assertion on view with id: app.identifier:id/output
07-13 08:41:45.546 25059-29376/? I/DatabaseManager: [StoryService]  start getMFCScoreFromFiles() where =  _id IN ()
07-13 08:41:45.550 29297-29297/? I/ViewInteraction: Checking 'MatchesViewAssertion{viewMatcher=is displayed on the screen to the user}' assertion on view with id: app.identifier:id/validateBtn
07-13 08:41:45.550 25059-29376/? I/BaseThreadPoolExecutor: [StoryService] afterExecute FutureTask
07-13 08:41:45.551 25059-29376/? I/ServiceController: [StoryService] Sending response for  34 with status 35
07-13 08:41:45.555 1212-2005/? D/ActivityTaskManager: startActivityAsUser: callingPid=29297, callingUid=10450, caller=com.android.server.wm.ActivityTaskManagerService.startActivityAsUser:1815 com.android.server.wm.ActivityTaskManagerService.startActivity:1766 android.app.IActivityTaskManager$Stub.onTransact:1244 com.android.server.wm.ActivityTaskManagerService.onTransact:6588 android.os.Binder.execTransactInternal:1316 android.os.Binder.execTransact:1280 <bottom of call stack> 
07-13 08:41:45.556 1212-1241/? I/ChimeraSystemEventListener: appLaunchIntent package name is: app.identifier.test
07-13 08:41:45.556 1212-2005/? I/Pageboost: onAppLaunch : app.identifier.test
07-13 08:41:45.556 1212-2005/? I/ActivityTaskManager: START u0 {act=android.intent.action.MAIN cat=[android.intent.category.LAUNCHER] flg=0x10000000 cmp=app.identifier.test/androidx.test.core.app.InstrumentationActivityInvoker$EmptyActivity} from uid 10450
07-13 08:41:45.557 1212-2005/? D/ActivityTaskManager: TaskLaunchParamsModifier:task=null activity=ActivityRecord{1be0d7d u0 app.identifier.test/androidx.test.core.app.InstrumentationActivityInvoker$EmptyActivity} display-id=0 display-windowing-mode=1 suggested-display-area=DefaultTaskDisplayArea@145134941
07-13 08:41:45.557 1212-2005/? D/ActivityTaskManager: TaskLaunchParamsModifier:task=Task{29dcc6d #211 type=standard A=10451:app.identifier.test U=0 visible=true visibleRequested=true mode=fullscreen translucent=false sz=2} activity=ActivityRecord{1b
07-13 08:41:45.557 1212-2005/? D/ActivityTaskManager: e0d7d u0 app.identifier.test/androidx.test.core.app.InstrumentationActivityInvoker$EmptyActivity} t-1} display-from-task=0 display-id=0 display-windowing-mode=1 suggested-display-area=DefaultTaskDisplayArea@145134941 non-freeform-display display-area=DefaultTaskDisplayArea@145134941 maximized-bounds
07-13 08:41:45.558 1212-2457/? I/SemDvfsHyPerManager: acquire hyper - AMS_APP_SWITCH/1212@20, type = -999
07-13 08:41:45.558 859-918/? I/HYPER-HAL: [RequestManager.cpp]acquire(): Acquired ID : 759548  [1212 / 20]    HINT : AMS_APP_SWITCH    list : 
07-13 08:41:45.559 1212-2457/? D/ActivityManagerPerformance: AMP_acquire() APP_SWITCH
07-13 08:41:45.559 916-937/? I/SurfaceFlinger: id=1030 createSurf flag=80004, ActivityRecord{1be0d7d u0 app.identifier.test/androidx.test.core.app.InstrumentationActivityInvoker$EmptyActivity} t211}#1030
07-13 08:41:45.559 3726-3726/? I/SemDvfsHyPerManager: acquire hyper - APP_START_SHORT/3726@12, type = -999
07-13 08:41:45.559 859-918/? I/HYPER-HAL: [RequestManager.cpp]acquire(): Acquired ID : 6988203  [3726 / 12]    HINT : APP_START    list : [TIMEOUT / 1500] 
07-13 08:41:45.561 1212-2005/? W/WindowManager: Prepare app transition: mNextAppTransitionRequests=[TRANSIT_OPEN], mNextAppTransitionFlags=, displayId: 0 Callers=com.android.server.wm.DisplayContent.prepareAppTransition:6487 com.android.server.wm.DisplayContent.prepareAppTransition:6478 com.android.server.wm.Task.startActivityLocked:6593 com.android.server.wm.ActivityStarter.startActivityInner:2979 com.android.server.wm.ActivityStarter.startActivityUnchecked:2469 
07-13 08:41:45.562 1212-2005/? V/WindowManager: Checking theme of starting window: 0x1030005
07-13 08:41:45.562 1212-2005/? V/WindowManager: Translucent=false Floating=false ShowWallpaper=false Disable=false
07-13 08:41:45.562 1212-2005/? D/ActivityTaskManager: scheduleTopResumedActivityChanged, onTop=false r=ActivityRecord{62917d9 u0 app.identifier/.MainActivity} t211} caller=com.android.server.wm.ActivityTaskSupervisor.updateTopResumedActivityIfNeeded:2508 com.android.server.wm.TaskFragment.setResumedActivity:493 com.android.server.wm.TaskFragment.onActivityStateChanged:790 com.android.server.wm.ActivityRecord.setState:6400 com.android.server.wm.TaskFragment.startPausing:1880 com.android.server.wm.TaskFragment.startPausing:1817 
07-13 08:41:45.565 916-916/? D/SurfaceFlinger: Display 0 HWC layers:
07-13 08:41:45.565 916-916/? D/SurfaceFlinger:      DEVICE | 0xf359e480 | 0102 | RGBA_8888    |    0.0    0.0 1080.0 2408.0 |    0    0 1080 2408 | app.identifier/app.identifier.MainActivity$_29297#1025
07-13 08:41:45.565 916-916/? D/SurfaceFlinger:      DEVICE | 0xf3201280 | 0100 | RGBA_8888    |    0.0    0.0 1080.0   70.0 |    0    0 1080   70 | StatusBar$_1853#98
07-13 08:41:45.565 916-916/? D/SurfaceFlinger:      DEVICE | 0xf3200c80 | 0100 | RGBA_8888    |    0.0    0.0 1080.0  135.0 |    0 2273 1080 2408 | NavigationBar0$_1853#92
07-13 08:41:45.565 916-916/? D/SurfaceFlinger:      DEVICE | 0xf3200e00 | 0108 | RGBA_8888    |    0.0    0.0 1080.0 2408.0 |    0    0 1080 2408 | $_1853#94
07-13 08:41:45.566 1212-2005/? I/Pageboost: stop alp
07-13 08:41:45.566 1212-2005/? I/SemDvfsHyPerManager: acquire hyper - AMS_APP_LAUNCH/1212@15, type = -999
07-13 08:41:45.567 2692-2692/? E/pageboostd: Received HALT command code 2
07-13 08:41:45.567 859-918/? I/HYPER-HAL: [RequestManager.cpp]acquire(): Acquired ID : 753393  [1212 / 15]    HINT : AMS_APP_LAUNCH    list : 
07-13 08:41:45.568 3726-3726/? I/SemDvfsHyPerManager: acquire hyper - APP_START/3726@14, type = -999
07-13 08:41:45.568 859-918/? I/HYPER-HAL: [RequestManager.cpp]acquire(): Acquired ID : 6995684  [3726 / 14]    HINT : APP_START    list : 
07-13 08:41:45.570 29297-29297/? D/LifecycleMonitor: Lifecycle status change: app.identifier.MainActivity@79e2f4f in: PAUSED
07-13 08:41:45.570 29297-29297/? D/LifecycleMonitor: running callback: androidx.test.core.app.ActivityScenario$1@6de66dc
07-13 08:41:45.570 29297-29297/? D/LifecycleMonitor: callback completes: androidx.test.core.app.ActivityScenario$1@6de66dc
07-13 08:41:45.571 1212-4472/? D/MARsPolicyManager: onPackageResumedFG pkgName = app.identifier.test, userId = 0
07-13 08:41:45.571 1212-1241/? D/SGM:FgCheckThread: notePauseComponent(), received pkgName: app.identifier, userId: 0
07-13 08:41:45.571 1212-4472/? W/WindowManager: Prepare app transition: mNextAppTransitionRequests=[TRANSIT_OPEN, TRANSIT_OPEN], mNextAppTransitionFlags=, displayId: 0 Callers=com.android.server.wm.DisplayContent.prepareAppTransition:6487 com.android.server.wm.TaskFragment.resumeTopActivity:1573 com.android.server.wm.TaskFragment.resumeTopActivity:1307 com.android.server.wm.Task.resumeTopActivityInnerLocked:6449 com.android.server.wm.Task.resumeTopActivityUncheckedLocked:6350 
07-13 08:41:45.572 1212-4472/? W/ActivityTaskManager: Tried to set launchTime (0) < mLastActivityLaunchTime (1637889)
07-13 08:41:45.573 1212-4472/? D/WindowManagerServiceExt: notifyOccludeChangeNotice: cn=ComponentInfo{app.identifier.test/androidx.test.core.app.InstrumentationActivityInvoker$EmptyActivity} occludesParent=true inMultiWindow=false styleFloating=false caller=com.android.server.wm.WindowManagerServiceExt.updateOccludeTargetIfNeeded:1402 com.android.server.wm.DisplayContent.ensureActivitiesVisible:7526 com.android.server.wm.RootWindowContainer.ensureActivitiesVisible:2248 com.android.server.wm.RootWindowContainer.ensureVisibilityAndConfig:2126 com.android.server.wm.ActivityTaskSupervisor.realStartActivityLocked:913 
07-13 08:41:45.573 1212-4472/? V/WindowManager: rotationForOrientation(orient=SCREEN_ORIENTATION_UNSPECIFIED (-1), last=ROTATION_0 (0)); user=ROTATION_0 (0) USER_ROTATION_LOCKED
07-13 08:41:45.573 1212-4472/? D/WindowManager: rotationForOrientation, orientationSource=ActivityRecord{1be0d7d u0 app.identifier.test/androidx.test.core.app.InstrumentationActivityInvoker$EmptyActivity} t211}
07-13 08:41:45.573 1212-4472/? D/WindowManager: [ 
07-13 08:41:45.573 1212-4472/? D/WindowManager: 07-13 08:41:45.573  1212: 4472 V/WindowManager ]
07-13 08:41:45.573 1212-4472/? D/WindowManager: rotationForOrientation(orient=SCREEN_ORIENTATION_UNSPECIFIED (-1), last=ROTATION_0 (0)); user=ROTATION_0 (0) USER_ROTATION_LOCKED
07-13 08:41:45.573 1212-4472/? D/WindowManager: rotationForOrientation, orientationSource=ActivityRecord{1be0d7d u0 app.identifier.test/androidx.test.core.app.InstrumentationActivityInvoker$EmptyActivity} t211}
07-13 08:41:45.573 1212-4472/? V/WindowManager: Computed rotation=ROTATION_0 (0) for display id=0 based on lastOrientation=SCREEN_ORIENTATION_UNSPECIFIED (-1) and oldRotation=ROTATION_0 (0), caller=com.android.server.wm.DisplayRotation.updateOrientation:414 com.android.server.wm.DisplayContent.updateOrientation:1990 com.android.server.wm.DisplayContent.updateOrientation:1891 com.android.server.wm.RootWindowContainer.ensureVisibilityAndConfig:2139 com.android.server.wm.ActivityTaskSupervisor.realStartActivityLocked:913 com.android.server.wm.ActivityTaskSupervisor.startSpecificActivity:1225 
07-13 08:41:45.574 1212-4472/? D/TspStateManager: updateCustomValue customSetting=
07-13 08:41:45.575 1212-4472/? V/WindowManager: rotationForOrientation(orient=SCREEN_ORIENTATION_UNSPECIFIED (-1), last=ROTATION_0 (0)); user=ROTATION_0 (0) USER_ROTATION_LOCKED
07-13 08:41:45.575 1212-4472/? D/WindowManager: rotationForOrientation, orientationSource=ActivityRecord{1be0d7d u0 app.identifier.test/androidx.test.core.app.InstrumentationActivityInvoker$EmptyActivity} t211}
07-13 08:41:45.576 1212-4472/? D/TspStateManager: updateCustomValue customSetting=
07-13 08:41:45.577 1212-4472/? D/SGM:PkgDataHelper: notifyAppCreate(), pkgName: app.identifier.test, userId: 0, sendRet: true
07-13 08:41:45.577 1212-1407/? D/SGM:FgCheckThread: onLooperPrepared(), msg: MSG_APP_CREATE, pkgName: app.identifier.test, userId: 0
07-13 08:41:45.578 1212-4472/? D/ActivityTaskManager: scheduleTopResumedActivityChanged, onTop=true r=ActivityRecord{1be0d7d u0 app.identifier.test/androidx.test.core.app.InstrumentationActivityInvoker$EmptyActivity} t211} caller=com.android.server.wm.ActivityTaskSupervisor.scheduleTopResumedActivityStateIfNeeded:2533 com.android.server.wm.ActivityTaskSupervisor.updateTopResumedActivityIfNeeded:2525 com.android.server.wm.TaskFragment.setResumedActivity:493 com.android.server.wm.TaskFragment.onActivityStateChanged:805 com.android.server.wm.ActivityRecord.setState:6400 com.android.server.wm.Task.minimalResumeActivityLocked:6153 
07-13 08:41:45.578 1212-4472/? D/InputDispatcher: Focused application(0): ActivityRecord{1be0d7d u0 app.identifier.test/androidx.test.core.app.InstrumentationActivityInvoker$EmptyActivity} t211}
07-13 08:41:45.579 1212-4472/? V/WindowManager: Changing focus from Window{73f390c u0 app.identifier/app.identifier.MainActivity} to null displayId=0 Callers=com.android.server.wm.RootWindowContainer.updateFocusedWindowLocked:595 com.android.server.wm.WindowManagerService.updateFocusedWindowLocked:6803 com.android.server.wm.ActivityTaskManagerService.setResumedActivityUncheckLocked:5755 com.android.server.wm.TaskFragment.onActivityStateChanged:807 
07-13 08:41:45.579 1212-4472/? D/MARsPolicyManager: onPackageResumedFG pkgName = app.identifier, userId = 0
07-13 08:41:45.580 1212-4472/? D/StatusBarManagerService: notifyRequestedSystemKey recent=false home=false
07-13 08:41:45.581 1212-4472/? W/WindowManager: Execute app transition: mNextAppTransitionRequests=[TRANSIT_OPEN, TRANSIT_OPEN], mNextAppTransitionFlags=, displayId: 0 Callers=com.android.server.wm.RootWindowContainer.executeAppTransitionForAllDisplay:2580 com.android.server.wm.ActivityTaskSupervisor.reportResumedActivityLocked:2285 com.android.server.wm.ActivityRecord.completeResumeLocked:6981 com.android.server.wm.Task.minimalResumeActivityLocked:6154 com.android.server.wm.ActivityTaskSupervisor.realStartActivityLocked:1135 
07-13 08:41:45.584 916-916/? D/SurfaceFlinger: Display 0 HWC layers:
