07-13 08:41:44.504 29297-29322/? W/Settings: Setting always_finish_activities has moved from android.provider.Settings.System to android.provider.Settings.Global, returning read-only value.
07-13 08:41:44.509 1212-2115/? I/GenerationRegistry: mBackingStore.isClosed() : false
07-13 08:41:44.517 29297-29322/? D/CompatibilityChangeReporter: Compat change id reported: 160794467; UID 10450; state: DISABLED
07-13 08:41:44.519 25059-29247/? I/BaseThreadPoolExecutor: [StoryService] Task k0.l@651a4b8 is submitted
07-13 08:41:44.520 1212-2115/? D/ActivityTaskManager: startActivityAsUser: callingPid=29297, callingUid=10450, caller=com.android.server.wm.ActivityTaskManagerService.startActivityAsUser:1815 com.android.server.wm.ActivityTaskManagerService.startActivity:1766 android.app.IActivityTaskManager$Stub.onTransact:1244 com.android.server.wm.ActivityTaskManagerService.onTransact:6588 android.os.Binder.
07-13 08:41:44.520 1212-2115/? D/ActivityTaskManager: execTransactInternal:1316 android.os.Binder.execTransact:1280 <bottom of call stack> 
07-13 08:41:44.521 1212-1241/? I/ChimeraSystemEventListener: appLaunchIntent package name is: app.identifier.test
07-13 08:41:44.521 1212-2115/? I/Pageboost: onAppLaunch : app.identifier.test
07-13 08:41:44.521 1212-2115/? I/ActivityTaskManager: START u0 {act=android.intent.action.MAIN cat=[android.intent.category.LAUNCHER] flg=0x10008000 cmp=app.identifier.test/androidx.test.core.app.InstrumentationActivityInvoker$BootstrapActivity (has extras)} from uid 10450
07-13 08:41:44.523 1212-2115/? D/ActivityTaskManager: TaskLaunchParamsModifier:task=null activity=ActivityRecord{265c84 u0 app.identifier.test/androidx.test.core.app.InstrumentationActivityInvoker$BootstrapActivity} display-id=0 display-windowing-mode=1 suggested-display-area=DefaultTaskDisplayArea@145134941
07-13 08:41:44.523 1212-2115/? D/[secipm]: mSecIpmManager Preload app.identifier.test dex files
07-13 08:41:44.523 1212-2115/? D/ActivityTaskManager: TaskLaunchParamsModifier:task=null activity=ActivityRecord{265c84 u0 app.identifier.test/androidx.test.core.app.InstrumentationActivityInvoker$BootstrapActivity} t-1} display-id=0 display-windowing-mode=1 suggested-display-area=DefaultTaskDisplayArea@145134941 non-freeform-display display-area=DefaultTaskDisplayArea@145134941 maximized-bounds
07-13 08:41:44.524 25059-29326/? I/SummaryEngineTask: [StoryService]  Processing Action =  file_delete 
07-13 08:41:44.525 916-938/? I/SurfaceFlinger: id=1015 createSurf flag=24004, Task=211#1015
07-13 08:41:44.527 1212-2115/? D/ActivityTaskManager: TaskLaunchParamsModifier:task=Task{29dcc6d #211 type=standard A=10451:app.identifier.test U=0 visible=false visibleRequested=false mode=fullscreen translucent=true sz=0} activity=ActivityRecord{265c84 u0 app.identifier.test/androidx.test.core.app.InstrumentationActivityInvoker$BootstrapActivity} t-1} display-from-task=0 display-id=0 display-windowing-mode=1 suggested-display-area=DefaultTaskDisplayArea@145134941 non-freeform-display display-area=DefaultTaskDisplayArea@145134941 maximized-bounds
07-13 08:41:44.528 916-938/? I/SurfaceFlinger: id=1016 createSurf flag=80004, ActivityRecord{265c84 u0 app.identifier.test/androidx.test.core.app.InstrumentationActivityInvoker$BootstrapActivity} t211}#1016
07-13 08:41:44.530 1212-2115/? D/ActivityTaskManager: scheduleTopResumedActivityChanged, onTop=false r=ActivityRecord{6b6f3a1 u0 com.sec.android.app.launcher/.activities.LauncherActivity} t190} caller=com.android.server.wm.ActivityTaskSupervisor.updateTopResumedActivityIfNeeded:2508 com.android.server.wm.TaskDisplayArea.positionChildTaskAt:602 com.android.server.wm.TaskDisplayArea.positionChildAt:537 com.android.server.wm.Task.moveToFrontInner:6051 com.android.server.wm.Task.moveToFront:6017 com.android.server.wm.ActivityStarter.startActivityInner:2923 
07-13 08:41:44.532 1212-2115/? W/WindowManager: Prepare app transition: mNextAppTransitionRequests=[TRANSIT_OPEN], mNextAppTransitionFlags=, displayId: 0 Callers=com.android.server.wm.DisplayContent.prepareAppTransition:6487 com.android.server.wm.DisplayContent.prepareAppTransition:6478 com.android.server.wm.Task.startActivityLocked:6593 com.android.server.wm.ActivityStarter.startActivityInner:2979 com.android.server.wm.ActivityStarter.startActivityUnchecked:2469 
07-13 08:41:44.532 1212-2115/? V/WindowManager: Checking theme of starting window: 0x1030005
07-13 08:41:44.532 1212-2115/? V/WindowManager: Translucent=false Floating=false ShowWallpaper=false Disable=false
07-13 08:41:44.532 1212-2115/? D/CompatibilityChangeReporter: Compat change id reported: 205907456; UID 10451; state: DISABLED
07-13 08:41:44.532 1212-2115/? V/WindowManager: Creating SplashScreenStartingData
07-13 08:41:44.533 1212-2115/? D/ActivityTaskManager: Add starting com.android.server.wm.ActivityRecord$AddStarting
07-13 08:41:44.533 1212-2115/? D/ActivityTaskManager: Window@a888133: typeParam=47
07-13 08:41:44.533 1212-2115/? V/WindowManager: Add starting com.android.server.wm.ActivityRecord$AddStartingWindow@a888133: startingData=com.android.server.wm.SplashScreenStartingData@3eebcf0
07-13 08:41:44.533 1212-2115/? V/WindowManager: Added starting ActivityRecord{265c84 u0 app.identifier.test/androidx.test.core.app.InstrumentationActivityInvoker$BootstrapActivity} t211}: startingWindow=null startingView=com.android.server.wm.StartingSurfaceController$StartingSurface@bd7c269
07-13 08:41:44.534 25059-29326/? I/SummaryEngineTask: [StoryService] HLV disabled, Processing required for cover recommendation only 
07-13 08:41:44.534 25059-29326/? I/BaseThreadPoolExecutor: [StoryService] afterExecute FutureTask
07-13 08:41:44.535 25059-29326/? I/ServiceUtils: [StoryService] setSharedPrefLong : 1689252104534 
07-13 08:41:44.535 25059-29326/? I/ServiceController: [StoryService] Sending response for  34 with status 35
07-13 08:41:44.539 1212-2115/? I/Pageboost: stop alp
07-13 08:41:44.539 1212-2115/? I/SemDvfsHyPerManager: acquire hyper - AMS_APP_LAUNCH/1212@15, type = -999
07-13 08:41:44.540 859-918/? I/HYPER-HAL: [RequestManager.cpp]acquire(): Acquired ID : 753393  [1212 / 15]    HINT : AMS_APP_LAUNCH    list : 
07-13 08:41:44.540 1853-1919/? D/NativeCustomFrequencyManager: [NativeCFMS] BpCustomFrequencyManager::BpCustomFrequencyManager()
07-13 08:41:44.543 3726-3726/? I/SemDvfsHyPerManager: acquire hyper - APP_START/3726@14, type = -999
07-13 08:41:44.544 2265-2265/? I/BaseActivity: removeActivityFlags, flags : 16
07-13 08:41:44.544 2265-2265/? I/BaseActivity: removeActivityFlags, flags : 6
07-13 08:41:44.544 2265-2265/? I/DragController: endDrag
07-13 08:41:44.544 2265-2265/? W/LauncherAppWidgetHost: setShouldListenFlag, mFlags:15 flag:resume on:false isFront:false
07-13 08:41:44.545 2265-2265/? I/SPayUpdater: updateSpayHandler launcher activity is paused false
07-13 08:41:44.546 1212-2115/? D/MARsPolicyManager: onPackageResumedFG pkgName = app.identifier.test, userId = 0
07-13 08:41:44.546 1212-2115/? W/WindowManager: Prepare app transition: mNextAppTransitionRequests=[TRANSIT_OPEN, TRANSIT_OPEN], mNextAppTransitionFlags=, displayId: 0 Callers=com.android.server.wm.DisplayContent.prepareAppTransition:6487 com.android.server.wm.TaskFragment.resumeTopActivity:1573 com.android.server.wm.TaskFragment.resumeTopActivity:1307 com.android.server.wm.Task.resumeTopActivityInnerLocked:6449 com.android.server.wm.Task.resumeTopActivityUncheckedLocked:6350 
07-13 08:41:44.546 1212-1241/? D/SGM:FgCheckThread: notePauseComponent(), received pkgName: com.sec.android.app.launcher, userId: 0
07-13 08:41:44.547 1212-2115/? W/ActivityTaskManager: Tried to set launchTime (0) < mLastActivityLaunchTime (1633766)
07-13 08:41:44.548 859-918/? I/HYPER-HAL: [RequestManager.cpp]acquire(): Acquired ID : 6995684  [3726 / 14]    HINT : APP_START    list : 
07-13 08:41:44.548 1212-2115/? D/WindowManagerServiceExt: notifyOccludeChangeNotice: cn=ComponentInfo{app.identifier.test/androidx.test.core.app.InstrumentationActivityInvoker$BootstrapActivity} occludesParent=true inMultiWindow=false styleFloating=false caller=com.android.server.wm.WindowManagerServiceExt.updateOccludeTargetIfNeeded:1402 com.android.server.wm.DisplayContent.ensureActivitiesVisible:7526 com.android.server.wm.RootWindowContainer.ensureActivitiesVisible:2248 com.android.server.wm.RootWindowContainer.ensureVisibilityAndConfig:2126 com.android.server.wm.ActivityTaskSupervisor.realStartActivityLocked:913 
07-13 08:41:44.549 1212-2115/? V/WindowManager: rotationForOrientation(orient=SCREEN_ORIENTATION_UNSPECIFIED (-1), last=ROTATION_0 (0)); user=ROTATION_0 (0) USER_ROTATION_LOCKED
07-13 08:41:44.549 1212-2115/? D/WindowManager: rotationForOrientation, orientationSource=ActivityRecord{265c84 u0 app.identifier.test/androidx.test.core.app.InstrumentationActivityInvoker$BootstrapActivity} t211}
07-13 08:41:44.549 1212-2115/? V/WindowManager: rotationForOrientation(orient=SCREEN_ORIENTATION_UNSPECIFIED (-1), last=ROTATION_0 (0)); user=ROTATION_0 (0) USER_ROTATION_LOCKED
07-13 08:41:44.549 1212-2115/? D/WindowManager: rotationForOrientation, orientationSource=ActivityRecord{265c84 u0 app.identifier.test/androidx.test.core.app.InstrumentationActivityInvoker$BootstrapActivity} t211}
07-13 08:41:44.549 1212-2115/? V/WindowManager: Computed rotation=ROTATION_0 (0) for display id=0 based on lastOrientation=SCREEN_ORIENTATION_UNSPECIFIED (-1) and oldRotation=ROTATION_0 (0), caller=com.android.server.wm.DisplayRotation.updateOrientation:414 com.android.server.wm.DisplayContent.updateOrientation:1990 com.android.server.wm.DisplayContent.updateOrientation:1891 com.android.server.wm.RootWindowContainer.ensureVisibilityAndConfig:2139 com.android.server.wm.ActivityTaskSupervisor.realStartActivityLocked:913 com.android.server.wm.ActivityTaskSupervisor.startSpecificActivity:1225 
07-13 08:41:44.551 1212-2115/? D/TspStateManager: updateCustomValue customSetting=
07-13 08:41:44.551 1212-2115/? V/WindowManager: rotationForOrientation(orient=SCREEN_ORIENTATION_UNSPECIFIED (-1), last=ROTATION_0 (0)); user=ROTATION_0 (0) USER_ROTATION_LOCKED
07-13 08:41:44.551 1212-2115/? D/WindowManager: rotationForOrientation, orientationSource=ActivityRecord{265c84 u0 app.identifier.test/androidx.test.core.app.InstrumentationActivityInvoker$BootstrapActivity} t211}
07-13 08:41:44.553 1212-2115/? D/TspStateManager: updateCustomValue customSetting=
07-13 08:41:44.554 1212-2115/? D/SGM:PkgDataHelper: notifyAppCreate(), pkgName: app.identifier.test, userId: 0, sendRet: true
07-13 08:41:44.554 1212-1407/? D/SGM:FgCheckThread: onLooperPrepared(), msg: MSG_APP_CREATE, pkgName: app.identifier.test, userId: 0
07-13 08:41:44.555 1212-2115/? D/ActivityTaskManager: scheduleTopResumedActivityChanged, onTop=true r=ActivityRecord{265c84 u0 app.identifier.test/androidx.test.core.app.InstrumentationActivityInvoker$BootstrapActivity} t211} caller=com.android.server.wm.ActivityTaskSupervisor.scheduleTopResumedActivityStateIfNeeded:2533 com.android.server.wm.ActivityTaskSupervisor.updateTopResumedActivityIfNeeded:2525 com.android.server.wm.TaskFragment.setResumedActivity:493 com.android.server.wm.TaskFragment.onActivityStateChanged:805 com.android.server.wm.ActivityRecord.setState:6400 com.android.server.wm.Task.minimalResumeActivityLocked:6153 
07-13 08:41:44.555 1212-4416/? I/AppOps: updateUidProcState uid: 10041 procState: 1 capability:15
07-13 08:41:44.556 1212-2115/? D/InputDispatcher: Focused application(0): ActivityRecord{265c84 u0 app.identifier.test/androidx.test.core.app.InstrumentationActivityInvoker$BootstrapActivity} t211}
07-13 08:41:44.556 959-5007/? I/CameraService: onUidStateChanged: uid=10041, procState is changed. (0 -> 1)
07-13 08:41:44.557 1212-2115/? V/WindowManager: Changing focus from Window{8058bf5 u0 com.sec.android.app.launcher/com.sec.android.app.launcher.activities.LauncherActivity} to null displayId=0 Callers=com.android.server.wm.RootWindowContainer.updateFocusedWindowLocked:595 com.android.server.wm.WindowManagerService.updateFocusedWindowLocked:6803 com.android.server.wm.ActivityTaskManagerService.setResumedActivityUncheckLocked:5755 com.android.server.wm.TaskFragment.onActivityStateChanged:807 
07-13 08:41:44.557 1212-2115/? D/MARsPolicyManager: onPackageResumedFG pkgName = com.sec.android.app.launcher, userId = 0
07-13 08:41:44.558 1212-2115/? D/StatusBarManagerService: notifyRequestedSystemKey recent=false home=false
07-13 08:41:44.558 1212-2115/? D/SGM:FgCheckThread: TaskStackListener.onTaskFocusChanged(), taskId=190, focused=false
07-13 08:41:44.558 1212-2115/? D/SGM:FgCheckThread: TaskStackListener.onTaskFocusChanged(), taskId=211, focused=true
07-13 08:41:44.559 1212-2115/? D/SGM:FgCheckThread:   sendRunningComponentFocus(), pkgName: app.identifier.test, userId: 0
07-13 08:41:44.561 1212-2115/? W/WindowManager: Execute app transition: mNextAppTransitionRequests=[TRANSIT_OPEN, TRANSIT_OPEN], mNextAppTransitionFlags=, displayId: 0 Callers=com.android.server.wm.RootWindowContainer.executeAppTransitionForAllDisplay:2580 com.android.server.wm.ActivityTaskSupervisor.reportResumedActivityLocked:2285 com.android.server.wm.ActivityRecord.completeResumeLocked:6981 com.android.server.wm.Task.minimalResumeActivityLocked:6154 com.android.server.wm.ActivityTaskSupervisor.realStartActivit
07-13 08:41:44.561 1212-2115/? W/WindowManager: yLocked:1135 
07-13 08:41:44.565 2265-2265/? I/TopTaskTracker: onTaskMovedToFront : taskId = 211
07-13 08:41:44.565 1212-4509/? D/InputTransport: Input channel constructed: '5a11c25', fd=629
07-13 08:41:44.565 1212-4509/? D/InputTransport: Input channel constructed: '5a11c25', fd=731
07-13 08:41:44.565 1212-4509/? D/InputTransport: Input channel constructed: '5a11c25', fd=880
07-13 08:41:44.566 916-938/? I/SurfaceFlinger: id=1017 createSurf flag=80004, 5a11c25 Splash Screen app.identifier.test#1017
07-13 08:41:44.567 1212-4509/? V/WindowManager: addWindow: ActivityRecord{265c84 u0 app.identifier.test/androidx.test.core.app.InstrumentationActivityInvoker$BootstrapActivity} t211} startingWindow=Window{5a11c25 u0 Splash Screen app.identifier.test}
07-13 08:41:44.568 1212-1407/? D/SGM:FgCheckThread: onLooperPrepared(), msg: MSG_TASK_FOCUSED, pkgName: app.identifier.test, userId: 0
07-13 08:41:44.568 1212-1407/? D/SGM:FgCheckThread: handleTaskFocused().
07-13 08:41:44.568 1212-1407/? D/SGM:FgCheckThread:   handleTaskFocused(), pkgName: app.identifier.test, userID:0
07-13 08:41:44.568 1212-1407/? D/SGM:FgCheckThread: handleResume().
07-13 08:41:44.568 1212-1407/? D/SGM:FgCheckThread: sendFocusOutConditionally() - mPrevNotiPkg: (unknown), userId: 0
07-13 08:41:44.568 1212-1407/? D/SGM:FgCheckThread:   handleResume(). pkgName: app.identifier.test, userId: 0, isTunableApp: null
07-13 08:41:44.568 1212-4509/? D/InputTransport: Input channel destroyed: '5a11c25', fd=880
07-13 08:41:44.570 1853-1912/? D/InsetsController: onStateChanged: InsetsState: {mDisplayFrame=Rect(0, 0 - 1080, 2408), mDisplayCutout=DisplayCutout{insets=Rect(0, 65 - 0, 0) waterfall=Insets{left=0, top=0, right=0, bottom=0} boundingRect={Bounds=[Rect(0, 0 - 0, 0), Rect(454, 0 - 626, 65), Rect(0, 0 - 0, 0), Rect(0, 0 - 0, 0)]} cutoutPathParserInfo={CutoutPathParserInfo{displayWidth=1080 displayHeight=2408 physicalDisplayWidth=1080 physicalDisplayHeight=2408 density={2.8125} cutoutSpec={M 0,0 H -30.57777777777778 V 23.11111111111111 H 30.57777777777778 V 0 H 0 Z @dp} rotation={0} scale={1.0} physicalPixelDisplaySizeRatio={1.0}}}}, mRoundedCorners=RoundedCorners{[RoundedCorner{position=TopLeft, radius=90, center=Point(90, 90)}, RoundedCorner{position=TopRight, radius=90, center=Point(990, 90)}, RoundedCorner{position=BottomRight, radius=90, center=Point(990, 2318)}, RoundedCorner{position=BottomLeft, radius=90, center=Point(90, 2318)}]}  mRoundedCornerFrame=Rect(0, 0 - 1080, 2408), mPrivacyIndicatorBounds=PrivacyIndicatorBounds {static bounds=Rect(956, 0 - 1080, 70) rotation=0}, mSources= { InsetsSource: {mType=ITYPE_STATUS_BAR, mFrame=[0,0][1080,70], mVisible=true, mInsetsRoundedCornerFrame=false}, InsetsSource: {mType=ITYPE_NAVIGATION_BAR, mFrame=[0,2273][1080,2408], mVisible=true, mInsetsRoundedCornerFrame=false}, InsetsSource: {mType=ITYPE_LEFT_GESTURES, mFrame=[0,0][0,2408], mVisible=true, mInsetsRoundedCornerFrame=false}, InsetsSource: {mType=ITYPE_RIGHT_GESTURES, mFrame=[1080,0][1080,2408], mVisible=true, mInsetsRoundedCornerFrame=false}, InsetsSource: {mType=ITYPE_TOP_MANDATORY_GESTURES, mFrame=[0,0][1080,99], mVisible=true, mInsetsRoundedCornerFrame=false}, InsetsSource: {mType=ITYPE_BOTTOM_MANDATORY_GESTURES, mFrame=[0,2273][1080,2408], mVisible=true, mInsetsRoundedCornerFrame=false}, InsetsSource: {mType=ITYPE_LEFT_DISPLAY_CUTOUT, mFrame=[0,0][-100000,2408], mVisible=true, mInsetsRoundedCornerFrame=false}, InsetsSource: {mType=ITYPE_TOP_DISPLAY_CUTOUT, mFrame=[0,0][1080,65], mVisible=true, mInsetsRoundedCornerFrame=false}, InsetsSource: {mType=ITYPE_RIGHT_DISPLAY_CUTOUT, mFrame=[100000,0][1080,2408], mVisible=true, mInsetsRoundedCornerFrame=false}, InsetsSource: {mType=ITYPE_BOTTOM_DISPLAY_CUTOUT, mFrame=[0,100000][1080,2408], mVisible=true, mInsetsRoundedCornerFrame=false}, InsetsSource: {mType=ITYPE_TOP_TAPPABLE_ELEMENT, mFrame=[0,0][1080,70], mVisible=true, mInsetsRoundedCornerFrame=false}, InsetsSource: {mType=ITYPE_BOTTOM_TAPPABLE_ELEMENT, mFrame=[0,2273][1080,2408], mVisible=true, mInsetsRoundedCornerFrame=false}, InsetsSource: {mType=ITYPE_IME, mFrame=[0,0][0,0], mVisibleFrame=[0,1400][1080,2408], mVisible=false, mInsetsRoundedCornerFrame=false} } host=Splash Screen app.identifier.test from=android.view.ViewRootImpl.setView:1732
07-13 08:41:44.574 1853-1912/? I/ViewRootImpl@a0eb1fe[test]: setView = android.widget.FrameLayout@b9ff00a TM=true
07-13 08:41:44.575 1212-1763/? D/TrafficStats: tagSocket(875) with statsTag=0xffffffff, statsUid=-1
07-13 08:41:44.577 1853-1912/? I/ViewRootImpl@a0eb1fe[test]: performTraversals params={(0,0)(fillxfill) sim={adjust=pan} ty=APPLICATION_STARTING fmt=TRANSLUCENT wanim=0x1030001
07-13 08:41:44.577 1853-1912/? I/ViewRootImpl@a0eb1fe[test]:   fl=81030118
07-13 08:41:44.577 1853-1912/? I/ViewRootImpl@a0eb1fe[test]:   pfl=16000010
07-13 08:41:44.577 1853-1912/? I/ViewRootImpl@a0eb1fe[test]:   bhv=DEFAULT
07-13 08:41:44.577 1853-1912/? I/ViewRootImpl@a0eb1fe[test]:   fitSides= naviIconColor=0}
07-13 08:41:44.579 916-916/? D/SurfaceFlinger: [input] inputWindowCommands.focusRequests size is 1
07-13 08:41:44.579 1853-1912/? I/ViewRootImpl@a0eb1fe[test]: performTraversals mFirst=true windowShouldResize=true viewVisibilityChanged=false mForceNextWindowRelayout=fals
07-13 08:41:44.579 1853-1912/? I/ViewRootImpl@a0eb1fe[test]: e params={(0,0)(fillxfill) sim={adjust=pan} ty=APPLICATION_STARTING fmt=TRANSLUCENT wanim=0x1030001
07-13 08:41:44.579 1853-1912/? I/ViewRootImpl@a0eb1fe[test]:   fl=81030118
07-13 08:41:44.579 1853-1912/? I/ViewRootImpl@a0eb1fe[test]:   pfl=16000010
07-13 08:41:44.579 1853-1912/? I/ViewRootImpl@a0eb1fe[test]:   bhv=DEFAULT
07-13 08:41:44.579 1853-1912/? I/ViewRootImpl@a0eb1fe[test]:   fitSides= naviIconColor=0}
07-13 08:41:44.577 1212-1407/? D/SGM:FgCheckThread: notifyFocusInOut(). of pkg: app.identifier.test, type: 4, isTunableApp: false, userId: 0
07-13 08:41:44.579 1212-1407/? D/SGM:FgCheckThread:   notifyFocusInOut(). unexpected mPrevNotiType: -1
07-13 08:41:44.579 1212-1407/? D/SGM:SystemHelper: callReleaseBlock needReleaseBlock:false
07-13 08:41:44.580 1212-1241/? I/ActivityManager: Changes in 10451 18 to 2, 0 to 15
07-13 08:41:44.580 1212-1785/? D/NetdEventListenerService: DNS Requested by : 100, 1000
07-13 08:41:44.580 916-1034/? D/SurfaceFlinger: [input] setFocusedWindow: <null>
07-13 08:41:44.580 1212-2115/? D/InputDispatcher: Focus request (0): <null> but waiting because NOT_FOCUSABLE
07-13 08:41:44.580 1212-2115/? D/InputDispatcher: Focus left window (0): 8058bf5 com.sec.android.app.launcher/com.sec.android.app.launcher.activities.LauncherActivity
07-13 08:41:44.580 1212-1241/? I/AppOps: updateUidProcState uid: 10451 procState: 2 capability:15
07-13 08:41:44.581 1212-1241/? I/AppOps: commitUidPendingStateLocked() :: UID - 10451, 700 > 200, 0 > 15
07-13 08:41:44.581 1212-1241/? I/ActivityManager: updateOomAdj start time is before than pendingPid added, don't delete it
07-13 08:41:44.583 1212-4509/? D/CoreBackPreview: Window{5a11c25 u0 Splash Screen app.identifier.test}: Setting back callback OnBackInvokedCallbackInfo{mCallback=android.window.IOnBackInvokedCallback$Stub$Proxy@1ec55a1, mPriority=0}
07-13 08:41:44.584 2692-2692/? E/pageboostd: Received HALT command code 2
07-13 08:41:44.585 1212-4416/? V/WindowManager: Relayout Window{5a11c25 u0 Splash Screen app.identifier.test}: viewVisibility=0 req=1080x2408 d0
07-13 08:41:44.585 1212-4416/? D/RestrictionPolicy: isScreenCaptureEnabled : ret=true userId=0
07-13 08:41:44.587 1212-1241/? I/ActivityManager: updateOomAdj start time is before than pendingPid added, don't delete it
07-13 08:41:44.589 916-938/? I/SurfaceFlinger: id=1018 createSurf flag=40004, Splash Screen app.identifier.test$_1853#1018
07-13 08:41:44.589 1212-4416/? D/WindowManager: makeSurface duration=4 name=Splash Screen app.identifier.test$_1853
07-13 08:41:44.594 1212-4416/? V/WindowManager: Relayout hash=5a11c25, pid=1853, syncId=-1: mAttrs={(0,0)(fillxfill) sim={adjust=pan} ty=APPLICATION_STARTING fmt=TRANSLUCENT wanim=0x1030001
07-13 08:41:44.594 1212-4416/? V/WindowManager:   fl=81030118
07-13 08:41:44.594 1212-4416/? V/WindowManager:   pfl=16000010
07-13 08:41:44.594 1212-4416/? V/WindowManager:   bhv=DEFAULT
07-13 08:41:44.594 1212-4416/? V/WindowManager:   fitSides= naviIconColor=0}
07-13 08:41:44.596 2265-2265/? I/ViewRootImpl@7e0c621[LauncherActivity]: MSG_WINDOW_FOCUS_CHANGED 0 0
07-13 08:41:44.597 2265-2265/? I/BaseActivity: removeActivityFlags, flags : 8
07-13 08:41:44.597 1853-1912/? I/ViewRootImpl@a0eb1fe[test]: updateBlastSurfaceIfNeeded mBlastBufferQueue=null isSameSurfaceControl=false
07-13 08:41:44.600 1853-1912/? I/BLASTBufferQueue: new BLASTBufferQueue, mName= ViewRootImpl@a0eb1fe[test] mNativeObject= 0xd05b2780 sc.mNativeObject= 0xcbdf5260 caller= android.view.ViewRootImpl.updateBlastSurfaceIfNeeded:2909 android.view.ViewRootImpl.relayoutWindow:9847 android.view.ViewRootImpl.performTraversals:3884 android.view.ViewRootImpl.doTraversal:3116 android.view.ViewRootImpl$TraversalRunnable.run:10885 android.view.Choreographer$CallbackRecord.run:1301 android.view.Choreographer$CallbackRecord.run:1309 android.view.Choreographer.doCallbacks:923 android.view.Choreographer.doFrame:852 android.view.Choreographer$FrameDisplayEventReceiver.run:1283 
07-13 08:41:44.601 1853-1912/? I/BLASTBufferQueue: update, w= 1080 h= 2408 mName = ViewRootImpl@a0eb1fe[test] mNativeObject= 0xd05b2780 sc.mNativeObject= 0xcbdf5260 format= -3 caller= android.graphics.BLASTBufferQueue.<init>:84 android.view.ViewRootImpl.updateBlastSurfaceIfNeeded:2909 android.view.ViewRootImpl.relayoutWindow:9847 android.view.ViewRootImpl.performTraversals:3884 android.view.ViewRootImpl.doTraversal:3116 android.view.ViewRootImpl$TraversalRunnable.run:10885 
07-13 08:41:44.601 1853-1912/? I/ViewRootImpl@a0eb1fe[test]: Relayout returned: old=(0,0,1080,2408) new=(0,0,1080,2408) req=(1080,2408)0 dur=18 res=0x3 s={true 0xe4277800} ch=true seqId=0
07-13 08:41:44.603 1853-1912/? I/ViewRootImpl@a0eb1fe[test]: mThreadedRenderer.initialize() mSurface={isValid=true 0xe4277800} hwInitialized=true
07-13 08:41:44.605 1853-1912/? I/ViewRootImpl@a0eb1fe[test]: reportNextDraw android.view.ViewRootImpl.performTraversals:4438 android.view.ViewRootImpl.doTraversal:3116 android.view.ViewRootImpl$TraversalRunnable.run:10885 android.view.Choreographer$CallbackRecord.run:1301 android.view.Choreographer$CallbackRecord.run:1309 
07-13 08:41:44.605 1853-1912/? I/ViewRootImpl@a0eb1fe[test]: Setup new sync id=0
07-13 08:41:44.605 1853-1912/? I/ViewRootImpl@a0eb1fe[test]: Setting syncFrameCallback
07-13 08:41:44.605 1853-1912/? I/ViewRootImpl@a0eb1fe[test]: registerCallbacksForSync syncBuffer=false
07-13 08:41:44.608 1212-1241/? D/SGM:GameManager: identifyGamePackage. app.identifier.test, mCurrentUserId: 0, callerUserId: 0, callingMethodInfo: com.samsung.android.game.SemGameManager.isGamePackage(SemGameManager.java:104)
07-13 08:41:44.608 1212-1241/? D/SGM:PkgDataHelper: getGamePkgData(). app.identifier.test
07-13 08:41:44.608 1212-1241/? D/SGM:SemGameManager: isGamePackage(), pkgName=app.identifier.test, ret=false
07-13 08:41:44.611 1853-1919/? D/OpenGLRenderer: eglCreateWindowSurface
07-13 08:41:44.613 29070-29070/? I/DecorView: [INFO] isPopOver=false config=true
07-13 08:41:44.613 29070-29070/? I/DecorView: updateCaptionType: isFloating=false isApplication=true hasWindowDecorCaption=false this=DecorView@eb61610[]
07-13 08:41:44.613 29070-29070/? D/DecorView: setCaptionType = 0, this = DecorView@eb61610[]
07-13 08:41:44.615 1212-1241/? D/SGM:FgCheckThread: noteResumeComponent(), received pkgName: app.identifier.test, userId: 0
07-13 08:41:44.615 1212-2635/? I/MediaSessionMonitor: Media session stopped : controllerList empty
07-13 08:41:44.620 1212-1407/? D/SGM:FgCheckThread: onLooperPrepared(), msg: MSG_APP_RESUME, pkgName: app.identifier.test, userid: 0
07-13 08:41:44.620 1212-1407/? D/SGM:FgCheckThread: handleResume().
07-13 08:41:44.620 1212-1407/? D/SGM:FgCheckThread: sendFocusOutConditionally() - mPrevNotiPkg: (unknown), userId: 0
07-13 08:41:44.620 1212-1407/? D/SGM:FgCheckThread:   handleResume(). pkgName: app.identifier.test, userId: 0, isTunableApp: null
07-13 08:41:44.620 1212-1407/? D/SGM:FgCheckThread: notifyFocusInOut(). of pkg: app.identifier.test, type: 4, isTunableApp: false, userId: 0
07-13 08:41:44.620 1212-1407/? D/SGM:FgCheckThread:   notifyFocusInOut(). unexpected mPrevNotiType: -1
07-13 08:41:44.621 1212-1407/? D/SGM:SystemHelper: callReleaseBlock needReleaseBlock:false
07-13 08:41:44.622 29070-29070/? I/DecorView: getCurrentDensityDpi: from real metrics. densityDpi=450 msg=resources_loaded
07-13 08:41:44.622 29070-29070/? I/DecorView: setWindowBackground: isPopOver=false color=ff010101 d=android.graphics.drawable.StateListDrawable@ea07509
07-13 08:41:44.623 1853-1959/? I/ViewRootImpl@a0eb1fe[test]: Received frameDrawingCallback syncResult=0 frameNum=1.
07-13 08:41:44.623 1853-1959/? I/ViewRootImpl@a0eb1fe[test]: Setting up sync and frameCommitCallback
07-13 08:41:44.625 1212-1241/? D/SGM:GameManager: identifyGamePackage. app.identifier.test, mCurrentUserId: 0, callerUserId: 0, callingMethodInfo: com.android.server.ssrm.SortingMachine.isGame(SortingMachine.java:162)
07-13 08:41:44.625 1212-1241/? D/SGM:PkgDataHelper: getGamePkgData(). app.identifier.test
07-13 08:41:44.625 1212-1241/? I/GameSDK@LifeCycle: noteResumeComponent(): package name  : app.identifier.test
07-13 08:41:44.630 1212-2115/? D/ActivityTaskManager: SafeActivityOptions created, mOriginalCallingPid=29070, mOriginalCallingUid=10451, options=null, caller=com.android.server.am.PendingIntentRecord.sendInner:471 com.android.server.am.PendingIntentRecord.sendInner:366 com.android.server.wm.ActivityTaskManagerService.startActivityIntentSender:1972 android.app.IActivityTaskManager$Stub.onTransact:1354 com.android.server.wm.ActivityTaskManagerService.onTransact:6588 android.os.Binder.execTransactInternal:1316 android.os.Binder.execTransact:1280 
07-13 08:41:44.630 1212-2115/? I/Pageboost: onAppLaunch : app.identifier
07-13 08:41:44.630 1212-1836/? I/Pageboost: Record App IO : app.identifier pid 29297
07-13 08:41:44.631 1212-2115/? I/ActivityTaskManager: START u0 {act=android.intent.action.MAIN cat=[android.intent.category.LAUNCHER] cmp=app.identifier/.MainActivity} from uid 10450
07-13 08:41:44.631 1853-1919/? I/BLASTBufferQueue: [ViewRootImpl@a0eb1fe[test]#36](f:0,a:0) onFrameAvailable the first frame is available
07-13 08:41:44.632 1212-2115/? D/CompatibilityChangeReporter: Compat change id reported: 194480991; UID 10450; state: ENABLED
07-13 08:41:44.632 1212-1836/? I/Pageboost: 64 bit checked : false for 29297
07-13 08:41:44.632 1212-1836/? I/Pageboost: IoRecord pid : 29297, started correctly
07-13 08:41:44.632 1212-2115/? D/ActivityTaskManager: TaskLaunchParamsModifier:task=null activity=ActivityRecord{62917d9 u0 app.identifier/.MainActivity} display-area-from-source=DefaultTaskDisplayArea@14513494
07-13 08:41:44.632 1212-2115/? D/ActivityTaskManager: 1 display-id=0 display-windowing-mode=1 suggested-display-area=DefaultTaskDisplayArea@145134941
07-13 08:41:44.633 1212-2115/? D/ActivityTaskManager: TaskLaunchParamsModifier:task=Task{29dcc6d #211 type=standard A=10451:app.identifier.test U=0 visible=true visibleRequested=true mode=fullscreen translucent=false sz=1} activity=ActivityRecord{62917d9 u0 app.identifier/.MainActivity} t-1} display-area-from-source=DefaultTaskDisplayArea@145134941 display-id=0 display-windowing-mode=1 suggested-display-area=DefaultTaskDisplayArea@145134941 inherit-from-source=fullscreen activity-options-fullscreen=Rect(0, 0 - 0, 0) non-freeform-display display-area=DefaultTaskDisplayArea@145134941 maximized-bounds
07-13 08:41:44.633 1212-2457/? I/SemDvfsHyPerManager: acquire hyper - AMS_APP_SWITCH/1212@20, type = -999
07-13 08:41:44.634 1212-2115/? D/CompatibilityChangeReporter: Compat change id reported: 174042980; UID 10450; state: DISABLED
07-13 08:41:44.634 1212-2115/? D/CompatibilityChangeReporter: Compat change id reported: 184838306; UID 10450; state: DISABLED
07-13 08:41:44.635 1212-2115/? D/CompatibilityChangeReporter: Compat change id reported: 185004937; UID 10450; state: DISABLED
07-13 08:41:44.635 1212-2115/? D/CompatibilityChangeReporter: Compat change id reported: 181136395; UID 10450; state: DISABLED
07-13 08:41:44.635 1212-2115/? D/CompatibilityChangeReporter: Compat change id reported: 174042936; UID 10450; state: DISABLED
07-13 08:41:44.635 916-938/? I/SurfaceFlinger: id=1019 createSurf flag=80004, ActivityRecord{62917d9 u0 app.identifier/.MainActivity} t211}#1019
07-13 08:41:44.636 1853-1919/? I/ViewRootImpl@a0eb1fe[test]: Received frameCommittedCallback lastAttemptedDrawFrameNum=1 didProduceBuffer=true
07-13 08:41:44.636 1212-2457/? D/ActivityManagerPerformance: AMP_acquire() APP_SWITCH
07-13 08:41:44.636 859-918/? I/HYPER-HAL: [RequestManager.cpp]acquire(): Acquired ID : 759548  [1212 / 20]    HINT : AMS_APP_SWITCH    list : 
07-13 08:41:44.638 1212-2115/? W/WindowManager: Prepare app transition: mNextAppTransitionRequests=[TRANSIT_OPEN, TRANSIT_OPEN, TRANSIT_OPEN], mNextAppTransitionFlags=, displayId: 0 Callers=com.android.server.wm.DisplayContent.prepareAppTransition:6487 com.android.server.wm.DisplayContent.prepareAppTransition:6478 com.android.server.wm.Task.startActivityLocked:6593 com.android.server.wm.ActivityStarter.startActivityInner:2979 com.android.server.wm.ActivityStarter.startActivityUnchecked:2469 
07-13 08:41:44.638 1212-2115/? V/WindowManager: Checking theme of starting window: 0x7f0e0005
07-13 08:41:44.638 1212-2115/? V/WindowManager: Translucent=false Floating=false ShowWallpaper=false Disable=false
07-13 08:41:44.638 1212-2115/? V/WindowManager: Moving existing starting Window{5a11c25 u0 Splash Screen app.identifier.test} from ActivityRecord{265c84 u0 app.identifier.test/androidx.test.core.app.InstrumentationActivityInvoker$BootstrapActivity} t211} to ActivityRecord{62917d9 u0 app.identifier/.MainActivity} t211}
07-13 08:41:44.638 1212-2115/? V/WindowManager: Nulling last startingData
07-13 08:41:44.638 1853-1919/? D/OpenGLRenderer: CFMS:: SetUp Pid : 1853    Tid : 1919
07-13 08:41:44.639 1212-2115/? D/ActivityTaskManager: scheduleTopResumedActivityChanged, onTop=false r=ActivityRecord{265c84 u0 app.identifier.test/androidx.test.core.app.InstrumentationActivityInvoker$BootstrapActivity} t211} caller=com.android.server.wm.ActivityTaskSupervisor.updateTopResumedActivityIfNeeded:2508 com.android.server.wm.TaskFragment.setResumedActivity:493 com.android.server.wm.TaskFragment.onActivityStateChanged:790 com.android.server.wm.ActivityRecord.setState:6400 com.android.server.wm.TaskFragment.startPausing:1880 com.android.server.wm.TaskFragment.startPausing:1817 
07-13 08:41:44.640 3726-3726/? I/SemDvfsHyPerManager: acquire hyper - APP_START_SHORT/3726@12, type = -999
07-13 08:41:44.640 859-918/? I/HYPER-HAL: [RequestManager.cpp]acquire(): Acquired ID : 6988203  [3726 / 12]    HINT : APP_START    list : [TIMEOUT / 1500] 
07-13 08:41:44.642 1853-1912/? I/ViewRootImpl@a0eb1fe[test]: onSyncComplete
07-13 08:41:44.643 1853-1912/? I/ViewRootImpl@a0eb1fe[test]: setupSync seqId=0 mSyncId=0 fn=1 caller=android.view.ViewRootImpl$$ExternalSyntheticLambda11.accept:6 android.window.SurfaceSyncer.lambda$setupSync$1$android-window-SurfaceSyncer:128 android.window.SurfaceSyncer$$ExternalSyntheticLambda1.accept:8 android.window.SurfaceSyncer$SyncSet.checkIfSyncIsComplete:382 android.window.SurfaceSyncer$SyncSet.markSyncReady:359 android.window.SurfaceSyncer.markSyncReady:151 android.view.ViewRootImpl.performTraversals:4503 
07-13 08:41:44.643 1853-1912/? I/ViewRootImpl@a0eb1fe[test]: reportDrawFi
07-13 08:41:44.643 1853-1912/? I/ViewRootImpl@a0eb1fe[test]: nished seqId=0 mSyncId=-1 fn=1 mSurfaceChangedTransaction=0xdc970c20
07-13 08:41:44.643 1212-2115/? D/CompatibilityChangeReporter: Compat change id reported: 194833441; UID 10450; state: DISABLED
07-13 08:41:44.644 1212-2115/? I/Pageboost: stop alp
07-13 08:41:44.644 2692-2692/? E/pageboostd: Received HALT command code 2
07-13 08:41:44.644 1212-2115/? D/ActivityManager: Received ACTIVITY intent 0x801dd89 Key{startActivity pkg=app.identifier intent=act=android.intent.action.MAIN cat=[android.intent.category.LAUNCHER] cmp=app.identifier/.MainActivity flags=0x0 u=0} requestCode=0 res=0 from uid 10451
07-13 08:41:44.654 1212-4509/? D/WindowManager: finishDrawingWindow: Window{5a11c25 u0 Splash Screen app.identifier.test} mDrawState=DRAW_PENDING seqId=0
07-13 08:41:44.655 1212-4509/? V/WindowManager: Finishing drawing window Window{5a11c25 u0 Splash Screen app.identifier.test}: mDrawState=DRAW_PENDING
07-13 08:41:44.655 1212-4509/? V/WindowManager: Draw state now committed in Window{5a11c25 u0 Splash Screen app.identifier.test}
07-13 08:41:44.661 1212-2115/? D/MARsPolicyManager: onPackageResumedFG pkgName = app.identifier, userId = 0
07-13 08:41:44.662 2265-24579/? I/RecentModel: onTaskStackChangedBackground
07-13 08:41:44.663 1212-1241/? D/SGM:FgCheckThread: notePauseComponent(), received pkgName: app.identifier.test, userId: 0
07-13 08:41:44.663 1212-2115/? W/WindowManager: Prepare app transition: mNextAppTransitionRequests=[TRANSIT_OPEN, TRANSIT_OPEN, TRANSIT_OPEN, TRANSIT_OPEN], mNextAppTransitionFlags=, displayId: 0 Callers=com.android.server.wm.DisplayContent.prepareAppTransition:6487 com.android.server.wm.TaskFragment.resumeTopActivity:1573 com.android.server.wm.TaskFragment.resumeTopActivity:1307 com.android.server.wm.Task.resumeTopActivityInnerLocked:6449 com.android.server.wm.Task.resumeTopActivityUncheckedLocked:6350 
07-13 08:41:44.665 1212-2115/? D/WindowManagerServiceExt: notifyOccludeChangeNotice: cn=ComponentInfo{app.identifier/app.identifier.MainActivity} occludesParent=true inMultiWindow=false styleFloating=false caller=com.android.server.wm.WindowManagerServiceExt.updateOccludeTargetIfNeeded:1402 com.android.server.wm.DisplayContent.ensureActivitiesVisible:7526 com.android.server.wm.RootWindowContainer.ensureActivitiesVisible:2248 com.android.server.wm.RootWindowContainer.ensureVisibilityAndConfig:2126 com.android.server.wm.ActivityTaskSupervisor.realStartActivityLocked:913 
07-13 08:41:44.665 1212-2115/? V/WindowManager: rotationForOrientation(orient=SCREEN_ORIENTATION_UNSPECIFIED (-1), last=ROTATION_0 (0)); user=ROTATION_0 (0) USER_ROTATION_LOCKED
07-13 08:41:44.665 1212-2115/? D/WindowManager: rotationForOrientation, orientationSource=ActivityRecord{62917d9 u0 app.identifier/.MainActivity} t211}
07-13 08:41:44.665 1212-2115/? V/WindowManager: rotationForOrientation(orient=SCREEN_ORIENTATION_UNSPECIFIED (-1), last=ROTATION_0 (0)); user=ROTATION_0 (0) USER_ROTATION_LOCKED
07-13 08:41:44.665 1212-2115/? D/WindowManager: rotationForOrientation, orientationSource=ActivityRecord{62917d9 u0 app.identifier/.MainActivity} t211}
07-13 08:41:44.666 1212-2115/? V/WindowManager: Computed rotation=ROTATION_0 (0) for display id=0 based on lastOrientation=SCREEN_ORIENTATION_UNSPECIFIED (-1) and oldRotation=ROTATION_0 (0), caller=com.android.server.wm.DisplayRotation.updateOrientation:414 com.android.server.wm.DisplayContent.updateOrientation:1990 com.android.server.wm.DisplayContent.updateOrientation:1891 com.android.server.wm.RootWindowContainer.ensureVisibilityAndConfig:2139 com.android.server.wm.ActivityTaskSupervisor.realStartActivityLocked:913 com.android.server.wm.ActivityTaskSupervisor.startSpecificActivity:1225 
07-13 08:41:44.667 1212-2115/? D/TspStateManager: updateCustomValue customSetting=
07-13 08:41:44.668 1212-2115/? V/WindowManager: rotationForOrientation(orient=SCREEN_ORIENTATION_UNSPECIFIED (-1), last=ROTATION_0 (0)); user=ROTATION_0 (0) USER_ROTATION_LOCKED
07-13 08:41:44.668 1212-2115/? D/WindowManager: rotationForOrientation, orientationSource=ActivityRecord{62917d9 u0 app.identifier/.MainActivity} t211}
07-13 08:41:44.669 1212-2115/? D/TspStateManager: updateCustomValue customSetting=
07-13 08:41:44.670 1212-2115/? D/CompatibilityChangeReporter: Compat change id reported: 168419799; UID 10450; state: DISABLED
07-13 08:41:44.670 1212-2115/? D/SGM:PkgDataHelper: notifyAppCreate(), pkgName: app.identifier, userId: 0, sendRet: true
07-13 08:41:44.670 1212-1407/? D/SGM:FgCheckThread: onLooperPrepared(), msg: MSG_APP_CREATE, pkgName: app.identifier, userId: 0
07-13 08:41:44.671 1212-2115/? D/ActivityTaskManager: scheduleTopResumedActivityChanged, onTop=true r=ActivityRecord{62917d9 u0 app.identifier/.MainActivity} t211} caller=com.android.server.wm.ActivityTaskSupervisor.scheduleTopResumedActivityStateIfNeeded:2533 com.android.server.wm.ActivityTaskSupervisor.updateTopResumedActivityIfNeeded:2525 com.android.server.wm.TaskFragment.setResumedActivity:493 com.android.server.wm.TaskFragment.onActivityStateChanged:805 com.android.server.wm.ActivityRecord.setState:6400 com.android.server.wm.Task.minimalResumeActivityLocked:6153 
07-13 08:41:44.672 1212-2115/? D/InputDispatcher: Focused application(0): ActivityRecord{62917d9 u0 app.identifier/.MainActivity} t211}
07-13 08:41:44.673 1212-2115/? W/WindowManager: Execute app transition: mNextAppTransitionRequests=[TRANSIT_OPEN, TRANSIT_OPEN, TRANSIT_OPEN, TRANSIT_OPEN], mNextAppTransitionFlags=, displayId: 0 Callers=com.android.server.wm.RootWindowContainer.executeAppTransitionForAllDisplay:2580 com.android.serv
07-13 08:41:44.673 1212-2115/? W/WindowManager: er.wm.ActivityTaskSupervisor.reportResumedActivityLocked:2285 com.android.server.wm.ActivityRecord.completeResumeLocked:6981 com.android.server.wm.Task.minimalResumeActivityLocked:6154 com.android.server.wm.ActivityTaskSupervisor.realStartActivityLocked:1135 
07-13 08:41:44.675 1212-2115/? D/WindowManager: performShow logReadyForDisplay win=Window{5a11c25 u0 Splash Screen app.identifier.test} mToken.waitingToShow:true isTransitionSet:true
07-13 08:41:44.677 1212-2115/? D/WindowManager: Loading animation for app transition. transit=TRANSIT_OLD_WALLPAPER_CLOSE enter=false frame=Rect(0, 0 - 1080, 2208) insets=Rect(0, 0 - 0, 0) surfaceInsets=Rect(0, 0 - 0, 0)
07-13 08:41:44.677 1212-2115/? I/WindowManager: Reparenting to leash, surface=Surface(name=Task=1)/@0x79cd78a, leashParent=Surface(name=DefaultTaskDisplayArea)/@0x63001fb
07-13 08:41:44.678 916-938/? I/SurfaceFlinger: id=1020 createSurf flag=24000, Surface(name=Task=1)/@0x79cd78a - animation-leash of app_transition#1020
07-13 08:41:44.678 1212-2115/? D/WindowManager: makeSurface duration=1 leash=Surface(name=Surface(name=Task=1)/@0x79cd78a - animation-leash of app_transition)/@0x184e911
07-13 08:41:44.679 1212-2115/? D/WindowManager: Loading animation for app transition. transit=TRANSIT_OLD_WALLPAPER_CLOSE enter=true frame=Rect(0, 0 - 1080, 2408) insets=Rect(0, 70 - 0, 135) surfaceInsets=Rect(0, 0 - 0, 0)
07-13 08:41:44.679 1212-2965/? D/SemWifiUsabilityStatsMonitor: onWifiUsabilityStats - seqNum 227, isSameBssidAndFreq true
07-13 08:41:44.680 1212-1751/? I/SemWifiLinkQualityMonitor: Link Qos Query: 0,018 ms / 433,000 Mbps (433 / 0,000 / 1,000)
07-13 08:41:44.680 1212-2115/? I/WindowManager: Reparenting to leash, surface=Surface(name=Task=211)/@0x8c09a76, leashParent=Surface(name=DefaultTaskDisplayArea)/@0x63001fb
07-13 08:41:44.680 916-938/? I/SurfaceFlinger: id=1021 createSurf flag=24004, Surface(name=Task=211)/@0x8c09a76 - animation-leash of app_transition#1021
07-13 08:41:44.681 1212-2115/? D/WindowManager: makeSurface duration=1 leash=Surface(name=Surface(name=Task=211)/@0x8c09a76 - animation-leash of app_transition)/@0x655e877
07-13 08:41:44.682 1212-2115/? V/WindowManager: performShowLocked: mDrawState=HAS_DRAWN in Window{5a11c25 u0 Splash Screen app.identifier.test}
07-13 08:41:44.684 29297-29335/? D/OpenGLRenderer: RenderThread::requireGlContext()
07-13 08:41:44.684 916-1072/? I/SurfaceFlinger: id=1022 createSurf flag=80000, 5eb5297 ActivityRecordInputSink app.identifier.test/androidx.test.core.app.InstrumentationActivityInvoker$BootstrapActivity#1022
07-13 08:41:44.685 916-1072/? I/SurfaceFlinger: id=1023 createSurf flag=80000, d634220 ActivityRecordInputSink app.identifier/.MainActivity#1023
07-13 08:41:44.689 1853-1898/? D/Bubbles: onLocusVisibilityChanged: LocusId[17_chars] visible=false
07-13 08:41:44.689 1853-3755/? I/ViewRootImpl@a0eb1fe[test]: Resizing android.view.ViewRootImpl@ff8707b: frame = [0,0][1080,2408] reportDraw = false forceLayout = false syncSeqId = 0
07-13 08:41:44.690 1853-1912/? I/ViewRootImpl@a0eb1fe[test]: handleResized, msg = 4 frames=ClientWindowFrames{frame=[0,0][1080,2408] display=[0,0][1080,2408] parentFrame=[0,0][0,0] parentClippedByDisplayCutout=false} forceNextWindowRelayout=false displayId=0 resizeMode=-1 frameChanged=false displayFrameChanged=false configChanged=false displayChanged=false
07-13 08:41:44.691 369-369/? I/hwservicemanager: getTransport: Cannot find entry android.hardware.configstore@1.0::ISurfaceFlingerConfigs/default in either framework or device VINTF manifest.
07-13 08:41:44.694 1212-1241/? I/ActivityManager: Changes in 10450 4 to 2, 14 to 15
07-13 08:41:44.695 1212-1241/? I/AppOps: updateUidProcState uid: 10450 procState: 2 capability:15
07-13 08:41:44.695 1212-1241/? I/ActivityManager: updateOomAdj start time is before than pendingPid added, don't delete it
07-13 08:41:44.696 916-916/? I/Layer: Layer [Splash Screen app.identifier.test$_1853#1018] hidden!! flag(0)
07-13 08:41:44.699 2265-2588/? I/RecentTasksList: loadTasksInBackground : groupTask = GroupTask{task1=[id=191 windowingMode=1 user=0 lastActiveTime=344000] null, task2=null, task3=null, mStagedSplitBounds=null}
07-13 08:41:44.700 2265-2588/? I/RecentTasksList: loadTasksInBackground : groupTask = GroupTask{task1=[id=211 windowingMode=1 user=0 lastActiveTime=6180837] null, task2=null, task3=null, mStagedSplitBounds=null}
07-13 08:41:44.700 1212-1242/? I/WindowManager: Reparenting to original parent
07-13 08:41:44.700 1212-1242/? I/WindowManager: : Surface(name=DefaultTaskDisplayArea)/@0x63001fb, destroy=true, surface=Surface(name=Task=1)/@0x79cd78a
07-13 08:41:44.701 1212-1242/? V/WindowManager: Setting visibility of Window{8058bf5 u0 com.sec.android.app.launcher/com.sec.android.app.launcher.activities.LauncherActivity}: false, caller=com.android.server.wm.WindowContainer.sendAppVisibilityToClients:1246 com.android.server.wm.WindowToken.setClientVisible:431 com.android.server.wm.ActivityRecord.setClientVisible:7685 com.android.server.wm.ActivityRecord.onAnimationFinished:8584 com.android.server.wm.WindowContainer.doAnimationFinished:3483 
07-13 08:41:44.701 1212-1241/? I/ActivityManager: updateOomAdj start time is before than pendingPid added, don't delete it
07-13 08:41:44.701 1212-1242/? I/WindowManager: Reparenting to original parent: Surface(name=DefaultTaskDisplayArea)/@0x63001fb, destroy=true, surface=Surface(name=Task=211)/@0x8c09a76
07-13 08:41:44.704 1212-1242/? V/WindowManager: Setting visibility of Window{786e858 u0 com.android.systemui.ImageWallpaper}: false, caller=com.android.server.wm.WindowContainer.sendAppVisibilityToClients:1246 com.android.server.wm.WindowToken.setClientVisible:431 com.android.server.wm.WallpaperWindowToken.setVisible:160 com.android.server.wm.WallpaperWindowToken.updateWallpaperWindows:154 com.android.server.wm.WallpaperController.updateWallpaperTokens:676 
07-13 08:41:44.705 1853-3567/? D/WallpaperService: dispatchAppVisibility onVisibilityChanged(): false
07-13 08:41:44.706 29297-29335/? D/OpenGLRenderer: RenderThread::setGrContext()
07-13 08:41:44.707 1853-1853/? D/WallpaperService: reportVisibility onVisibilityChanged visible: false
07-13 08:41:44.707 916-916/? D/SurfaceFlinger: Display 0 HWC layers:
07-13 08:41:44.707 916-916/? D/SurfaceFlinger:      DEVICE | 0xf3be4600 | 0100 | RGBx_8888    |  662.0    0.0 1738.0 2400.0 |    0    0 1080 2408 | Wallpaper BBQ wrapper#90
07-13 08:41:44.707 916-916/? D/SurfaceFlinger:      DEVICE | 0xf3a70700 | 0100 | RGBA_8888    |    0.0    0.0 1080.0 2408.0 |    0    0 1080 2408 | com.sec.android.app.launcher/com.sec[...]tivities.LauncherActivity$_2265#1005
07-13 08:41:44.707 916-916/? D/SurfaceFlinger:      CLIENT | 0xf3be4000 | 0100 | RGBA_8888    |    0.0    0.0 1080.0 2408.0 |    0    0 1080 2408 | Splash Screen app.identifier.test$_1853#1018
07-13 08:41:44.707 916-916/? D/SurfaceFlinger:      CLIENT | 0xf3201280 | 0100 | RGBA_8888    |    0.0    0.0 1080.0   70.0 |    0    0 1080   70 | StatusBar$_1853#98
07-13 08:41:44.707 916-916/? D/SurfaceFlinger:      CLIENT | 0xf31fff00 | 0100 | RGBA_8888    |    0.0    0.0 1080.0  135.0 |    0 2273 1080 2408 | NavigationBar0$_1853#92
07-13 08:41:44.707 916-916/? D/SurfaceFlinger:      DEVICE | 0xf3200e00 | 0108 | RGBA_8888    |    0.0    0.0 1080.0 2408.0 |    0    0 1080 2408 | $_1853#94
07-13 08:41:44.707 1853-2015/? I/ImageWallpaper[GLEngine]:  onVisibilityChanged false , 0
07-13 08:41:44.708 2265-2265/? I/ViewRootImpl@7e0c621[LauncherActivity]: handleAppVisibility mAppVisible = true visible = false
07-13 08:41:44.713 916-916/? I/Layer: id=1020 removeFromCurrentState Surface(name=Task=1)/@0x79cd78a - animation-leash of app_transition#1020 (109)
07-13 08:41:44.713 916-916/? I/Layer: id=1021 removeFromCurrentState Surface(name=Task=211)/@0x8c09a76 - animation-leash of app_transition#1021 (109)
07-13 08:41:44.713 916-916/? I/Layer: Layer [com.sec.android.app.launcher/com.sec.android.app.launcher.activities.LauncherActivity$_2265#1005] hidden!! flag(1)
07-13 08:41:44.713 916-916/? I/SurfaceFlinger: id=1021 Removed Surface(name=Task=211)/@0x8c09a76 - animation-leash of app_transition#1021 (109)
07-13 08:41:44.713 916-916/? I/SurfaceFlinger: id=1020 Removed Surface(name=Task=1)/@0x79cd78a - animation-leash of app_transition#1020 (109)
07-13 08:41:44.713 916-916/? I/Layer: id=1020 Destroyed Surface(name=Task=1)/@0x79cd78a - animation-leash of app_transition#1020
07-13 08:41:44.713 916-916/? I/Layer: id=1021 Destroyed Surface(name=Task=211)/@0x8c09a76 - animation-leash of app_transition#1021
07-13 08:41:44.718 916-916/? D/SurfaceFlinger: Display 0 HWC layers:
07-13 08:41:44.718 916-916/? D/SurfaceFlinger:      DEVICE | 0xf3be4000 | 0100 | RGBA_8888    |    0.0    0.0 1080.0 2408.0 |    0    0 1080 2408 | Splash Screen app.identifier.test$_1853#1018
07-13 08:41:44.718 916-916/? D/SurfaceFlinger:      DEVICE | 0xf3201280 | 0100 | RGBA_8888    |    0.0    0.0 1080.0   70.0 |    0    0 1080   70 | StatusBar$_1853#98
07-13 08:41:44.718 916-916/? D/SurfaceFlinger:      DEVICE | 0xf31fff00 | 0100 | RGBA_8888    |    0.0    0.0 1080.0  135.0 |    0 2273 1080 2408 | NavigationBar0$_1853#92
07-13 08:41:44.718 916-916/? D/SurfaceFlinger:      DEVICE | 0xf3200e00 | 0108 | RGBA_8888    |    0.0    0.0 1080.0 2408.0 |    0    0 1080 2408 | $_1853#94
07-13 08:41:44.723 2265-2265/? I/ViewRootImpl@7e0c621[LauncherActivity]: performTraversals mFirst=false windowShouldResize=false viewVisibilityChanged=true mForceNextWindowRelayout=false params=null
07-13 08:41:44.724 1212-4509/? V/WindowManager: Relayout Window{8058bf5 u0 com.sec.android.app.launcher/com.sec.android.app.launcher.activities.LauncherActivity}: viewVisibility=8 req=1080x2408 d0
07-13 08:41:44.724 1212-1241/? D/SGM:GameManager: identifyGamePackage. app.identifier, mCurrentUserId: 0, callerUserId: 0, callingMethodInfo: com.samsung.android.game.SemGameManager.isGamePackage(SemGameManager.java:104)
07-13 08:41:44.725 1212-1241/? D/SGM:PkgDataHelper: getGamePkgData(). app.identifier
07-13 08:41:44.725 1212-1241/? D/SGM:SemGameManager: isGamePackage(), pkgName=app.identifier, ret=false
07-13 08:41:44.726 1212-2635/? I/MediaSessionMonitor: Media session stopped : controllerList empty
07-13 08:41:44.726 1212-1241/? D/SGM:FgCheckThread: noteResumeComponent(), received pkgName:
07-13 08:41:44.726 1212-1241/? D/SGM:FgCheckThread:  app.identifier, userId: 0
07-13 08:41:44.727 1212-1241/? D/SGM:GameManager: identifyGamePackage. app.identifier, mCurrentUserId: 0, callerUserId: 0, callingMethodInfo: com.android.server.ssrm.SortingMachine.isGame(SortingMachine.java:162)
07-13 08:41:44.727 1212-1241/? D/SGM:PkgDataHelper: getGamePkgData(). app.identifier
07-13 08:41:44.727 1212-1241/? I/GameSDK@LifeCycle: noteResumeComponent(): package name  : app.identifier
07-13 08:41:44.729 1212-3797/? D/ActivityTaskManager: mStartingWindow and mStartingData is null for token=ActivityRecord{265c84 u0 app.identifier.test/androidx.test.core.app.InstrumentationActivityInvoker$BootstrapActivity} t211}
07-13 08:41:44.729 1212-4509/? V/WindowManager: Relayout hash=8058bf5, pid=2265, syncId=-1: mAttrs={(0,0)(fillxfill) sim={adjust=nothing forwardNavigation} layoutInDisplayCutoutMode=shortEdges ty=BASE_APPLICATION fmt=TRANSPARENT wanim=0x10302f4
07-13 08:41:44.729 1212-4509/? V/WindowManager:   fl=81910100
