07-13 08:41:45.989 1212-4509/? D/WindowManager: makeSurface duration=1 leash=Surface(name=Surface(name=593fd37 NavigationBar0)/@0x2904048 - animation-leash of insets_animation)/@0x29c8873
07-13 08:41:45.991 1212-4509/? D/WindowManager: updateSystemBarAttributes: displayId=0, win=Window{8058bf5 u0 com.sec.android.app.launcher/com.sec.android.app.launcher.activities.LauncherActivity}, navColorWin=Window{73f390c u0 app.identifier/app.identifier.MainActivity}, focusedCanBeNavColorWin=false, behavior=2, appearance=0, statusBarAppearanceRegions=[AppearanceRegion{ bounds=[0,0][1080,2408]}], requestedVisibilities=, from=com.android.server.wm.DisplayPolicy.focusChangedLw:3245 com.android.server.wm.DisplayContent.updateFocusedWindowLocked:4632 com.android.server.wm.RootWindowContainer.updateFocusedWindowLocked:595 
07-13 08:41:45.991 1212-4509/? D/StatusBarManagerService: notifyRequestedSystemKey recent=false home=false
07-13 08:41:45.991 2265-17628/? I/TouchInteractionService: onSystemUiStateChanged, stateFlags : 0 |
07-13 08:41:45.993 1212-4509/? V/WindowManager: Relayout hash=8058bf5, pid=2265, syncId=-1: mAttrs={(0,0)(fillxfill) sim={adjust=nothing forwardNavigation} layoutInDisplayCutoutMode=shortEdges ty=BASE_APPLICATION fmt=TRANSPARENT wanim=0x10302f4
07-13 08:41:45.993 1212-4509/? V/WindowManager:   fl=81910100
07-13 08:41:45.993 1212-4509/? V/WindowManager:   pfl=1e020040
07-13 08:41:45.993 1212-4509/? V/WindowManager:   vsysui=1700
07-13 08:41:45.993 1212-4509/? V/WindowManager:   apr=LIGHT_NAVIGATION_BARS
07-13 08:41:45.993 1212-4509/? V/WindowManager:   bhv=SHOW_TRANSIENT_BARS_BY_SWIPE
07-13 08:41:45.993 1212-4509/? V/WindowManager:   fitSides= screenDimDuration=100000 naviIconColor=0}
07-13 08:41:45.995 2265-2265/? I/ViewRootImpl@7e0c621[LauncherActivity]: updateBlastSurfaceIfNeeded mBlastBufferQueue=null isSameSurfaceControl=false
07-13 08:41:45.996 2265-2265/? I/BLASTBufferQueue: new BLASTBufferQueue, mName= ViewRootImpl@7e0c621[LauncherActivity] mNativeObject= 0xdce76e80 sc.mNativeObject= 0xa3b5ddf0 caller= android.view.ViewRootImpl.updateBlastSurfaceIfNeeded:2909 android.view.ViewRootImpl.relayoutWindow:9847 android.view.ViewRootImpl.performTraversals:3884 android.view.ViewRootImpl.doTraversal:3116 android.view.ViewRootImpl$TraversalRunnable.run:10885 android.view.Choreographer$CallbackRecord.run:1301 android.view.Choreographer$CallbackRecord.run:1309 android.view.Choreographer.doCallbacks:923 android.view.Choreographer.doFrame:852 android.view.Choreographer$FrameDisplayEventReceiver.run:1283 
07-13 08:41:45.996 2265-2265/? I/BLASTBufferQueue: update, w= 1080 h= 2408 mName = ViewRootImpl@7e0c621[LauncherActivity] mNativeObject= 0xdce76e80 sc.mNativeObject= 0xa3b5ddf0 format= -2 caller= android.graphics.BLASTBufferQueue.<init>:84 android.view.ViewRootImpl.updateBlastSurfaceIfNeeded:2909 android.view.ViewRootImpl.relayoutWindow:9847 android.view.ViewRootImpl.performTraversals:3884 android.view.ViewRootImpl.doTraversal:3116 android.view.ViewRootImpl$TraversalRunnable.run:10885 
07-13 08:41:45.997 2265-2265/? I/ViewRootImpl@7e0c621[LauncherActivity]: Relayout returned: old=(0,0,1080,2408) new=(0,0,1080,2408) req=(1080,2408)0 dur=15 res=0x3 s={true 0xdc862000} ch=true seqId=0
07-13 08:41:45.997 2265-2265/? I/ViewRootImpl@7e0c621[LauncherActivity]: mThreadedRenderer.initialize() mSurface={isValid=true 0xdc862000} hwInitialized=true
07-13 08:41:46.000 2265-2265/? I/ViewRootImpl@7e0c621[LauncherActivity]: reportNextDraw android.view.ViewRootImpl.performTraversals:4438 android.view.ViewRootImpl.doTraversal:3116 android.view.ViewRootImpl$TraversalRunnable.run:10885 android.view.Choreographer$CallbackRecord.run:1301 android.view.Choreographer$CallbackRecord.run:1309 
07-13 08:41:46.000 2265-2265/? I/ViewRootImpl@7e0c621[LauncherActivity]: Setup new sync id=36
07-13 08:41:46.000 2265-2265/? I/ViewRootImpl@7e0c621[LauncherActivity]: Setting syncFrameCallback
07-13 08:41:46.000 2265-2265/? I/ViewRootImpl@7e0c621[LauncherActivity]: registerCallbacksForSync syncBuffer=false
07-13 08:41:46.001 916-916/? D/SurfaceFlinger: Display 0 HWC layers:
07-13 08:41:46.001 916-916/? D/SurfaceFlinger:      DEVICE | 0xf3a69580 | 0102 | RGBA_8888    |    0.0    0.0 1080.0 2408.0 |    0    0 1080 2408 | app.identifier/app.identifier.MainActivity$_29297#1025
07-13 08:41:46.001 916-916/? D/SurfaceFlinger:      DEVICE | 0xf3201280 | 0100 | RGBA_8888    |    0.0    0.0 1080.0   70.0 |    0    0 1080   70 | StatusBar$_1853#98
07-13 08:41:46.001 916-916/? D/SurfaceFlinger:      DEVICE | 0xf3200c80 | 0100 | RGBA_8888    |    0.0    0.0 1080.0  135.0 |    0 2273 1080 2408 | NavigationBar0$_1853#92
07-13 08:41:46.001 916-916/? D/SurfaceFlinger:      DEVICE | 0xf3200e00 | 0108 | RGBA_8888    |    0.0    0.0 1080.0 2408.0 |    0    0 1080 2408 | $_1853#94
07-13 08:41:46.014 916-916/? I/Layer: id=1036 removeFromCurrentState Surface(name=f0b3b0b StatusBar)/@0x2f140cf - animation-leash of insets_animation#1036 (111)
07-13 08:41:46.014 916-916/? I/Layer: id=84 removeFromCurrentState f0b3b0b StatusBar#84 (111)
07-13 08:41:46.014 916-916/? I/Layer: id=98 removeFromCurrentState StatusBar$_1853#98 (111)
07-13 08:41:46.014 916-916/? I/Layer: id=84 addToCurrentState f0b3b0b StatusBar#84 (111)
07-13 08:41:46.014 916-916/? I/Layer: id=98 addToCurrentState StatusBar$_1853#98 (111)
07-13 08:41:46.015 916-916/? I/Layer: id=1037 removeFromCurrentState Surface(name=593fd37 NavigationBar0)/@0x2904048 - animation-leash of insets_animation#1037 (111)
07-13 08:41:46.015 916-916/? D/SurfaceFlinger: [input] inputWindowCommands.focusRequests size is 1
07-13 08:41:46.015 916-916/? I/SurfaceFlinger: id=1036 Removed Surface(name=f0b3b0b StatusBar)/@0x2f140cf - animation-leash of insets_animation#1036 (111)
07-13 08:41:46.015 916-916/? I/SurfaceFlinger: id=1037 Removed Surface(name=593fd37 NavigationBar0)/@0x2904048 - animation-leash of insets_animation#1037 (111)
07-13 08:41:46.015 916-916/? I/Layer: id=1036 Destroyed Surface(name=f0b3b0b StatusBar)/@0x2f140cf - animation-leash of insets_animation#1036
07-13 08:41:46.015 916-916/? I/Layer: id=1037 Destroyed Surface(name=593fd37 NavigationBar0)/@0x2904048 - animation-leash of insets_animation#1037
07-13 08:41:46.016 2265-4205/? I/ViewRootImpl@7e0c621[LauncherActivity]: Received frameDrawingCallback syncResult=0 frameNum=1.
07-13 08:41:46.016 2265-4205/? I/ViewRootImpl@7e0c621[LauncherActivity]: Setting up sync and frameCommitCallback
07-13 08:41:46.016 916-1034/? D/SurfaceFlinger: [input] setFocusedWindow: 8058bf5 com.sec.android.app.launcher/com.sec.android.app.launcher.activities.LauncherActivity
07-13 08:41:46.016 1212-2115/? D/InputDispatcher: Focus request (0): 8058bf5 com.sec.android.app.launcher/com.sec.android.app.launcher.activities.LauncherActivity but waiting because NO_WINDOW
07-13 08:41:46.018 916-916/? D/SurfaceFlinger: Display 0 HWC layers:
07-13 08:41:46.018 916-916/? D/SurfaceFlinger:      DEVICE | 0xf3a69580 | 0102 | RGBA_8888    |    0.0    0.0 1080.0 2408.0 |    0    0 1080 2408 | app.identifier/app.identifier.MainActivity$_29297#1025
07-13 08:41:46.018 916-916/? D/SurfaceFlinger:      DEVICE | 0xf3201280 | 0100 | RGBA_8888    |    0.0    0.0 1080.0   70.0 |    0    0 1080   70 | StatusBar$_1853#98
07-13 08:41:46.018 916-916/? D/SurfaceFlinger:      DEVICE | 0xf3200c80 | 0100 | RGBA_8888    |    0.0    0.0 1080.0  135.0 |    0 2273 1080 2408 | NavigationBar0$_1853#92
07-13 08:41:46.018 916-916/? D/SurfaceFlinger:      DEVICE | 0xf3200e00 | 0108 | RGBA_8888    |    0.0    0.0 1080.0 2408.0 |    0    0 1080 2408 | $_1853#94
07-13 08:41:46.020 2265-3992/? I/BLASTBufferQueue: [ViewRootImpl@7e0c621[LauncherActivity]#28](f:0,a:0) onFrameAvailable the first frame is available
07-13 08:41:46.021 2265-3992/? I/ViewRootImpl@7e0c621[LauncherActivity]: Received frameCommittedCallback lastAttemptedDrawFrameNum=1 didProduceBuffer=true
07-13 08:41:46.022 2265-2265/? I/ViewRootImpl@7e0c621[LauncherActivity]: onSyncComplete
07-13 08:41:46.023 2265-2265/? I/ViewRootImpl@7e0c621[LauncherActivity]: setupSync seqId=0 mSyncId=36 fn=1 caller=android.view.ViewRootImpl$$ExternalSyntheticLambda11.accept:6 android.window.SurfaceSyncer.lambda$setupSync$1$android-window-SurfaceSyncer:128 android.window.SurfaceSyncer$$ExternalSyntheticLambda1.accept:8 android.window.SurfaceSyncer$SyncSet.checkIfSyncIsComplete:382 android.window.SurfaceSyncer$SyncSet.markSyncReady:359 android.window.SurfaceSyncer.markSyncReady:151 android.view.ViewRootImpl.performTraversals:4503 
07-13 08:41:46.023 2265-2265/? I/ViewRootImpl@7e0c621[LauncherActivity]: reportDrawFinished seqId=0 mSyncId=-1 fn=1 mSurfaceChangedTransaction=0xe5ac0e40
07-13 08:41:46.024 2265-2265/? I/BaseActivity: addActivityFlags, flags : 4
07-13 08:41:46.024 1212-4509/? D/WindowManager: finishDrawingWindow: Window{8058bf5 u0 com.sec.android.app.launcher/com.sec.android.app.launcher.activities.LauncherActivity} mDrawState=DRAW_PENDING seqId=0
07-13 08:41:46.024 1212-4509/? D/WindowManager: [ 07-13 08:41:46.024  2265: 2265 I/La
07-13 08:41:46.024 1212-4509/? D/WindowManager: uncher ]
07-13 08:41:46.024 1212-4509/? D/WindowManager: onDeferredResumed
07-13 08:41:46.025 1212-1242/? V/WindowManager: Setting visibility of Window{786e858 u0 com.android.systemui.ImageWallpaper}: true, caller=com.android.server.wm.WindowContainer.sendAppVisibilityToClients:1246 com.android.server.wm.WindowToken.setClientVisible:431 com.android.server.wm.WallpaperWindowToken.setVisible:160 com.android.server.wm.WallpaperWindowToken.commitVisibility:202 com.android.server.wm.WallpaperWindowToken.setVisibility:187 
07-13 08:41:46.025 2265-2265/? I/InstallShortcutReceiver: flushInstallQueue 0
07-13 08:41:46.025 1853-6604/? D/WallpaperService: dispatchAppVisibility onVisibilityChanged(): true
07-13 08:41:46.025 2265-2265/? I/Launcher.NotificationListener: registerObserver this is not notificationService!!
07-13 08:41:46.025 1853-1853/? D/WallpaperService: updateSurface forceRelayout=true forceReport=false redrawNeeded=false myWidth=2400 myHeight=2400 fixedSize=true x = 0 y = 0 mWidth=2400 mHeight=2400 mIsSleepMode=false
07-13 08:41:46.025 2265-2265/? I/Launcher.NotificationListener: onNotificationFullRefresh
07-13 08:41:46.025 2265-2265/? I/BadgeCountUpdaterImpl: onNotificationsChangedConnected
07-13 08:41:46.025 2265-2265/? W/LauncherAppWidgetHost: setShouldListenFlag, mFlags:6 flag:resume on:true isFront:false
07-13 08:41:46.025 1853-1853/? D/WallpaperService: mDeviceHeight : 2408, mDeviceWidth : 1080,mDeviceRotation  : 0
07-13 08:41:46.026 1212-2115/? I/AppWidgetServiceImpl: startListening callbacks : com.android.internal.appwidget.IAppWidgetHost$Stub$Proxy@a2b5330
07-13 08:41:46.027 2265-2589/? I/InstallShortcutReceiver: flushQueueInBackground 0
07-13 08:41:46.027 2265-2265/? W/LauncherAppWidgetHost: startListening, mFlags:15 isFront:false
07-13 08:41:46.028 2265-2265/? I/RecentsAnimationDeviceState: setSystemUiFlags, stateFlags : 0
07-13 08:41:46.028 2265-2265/? I/TouchInteractionService: onSystemUiFlagsChanged, lastSysUIFlags : 131072
07-13 08:41:46.028 1212-1242/? D/WindowManager: createAnimationAdapter(): container=Task{29dcc6d #211 type=standard A=10451:app.identifier.test U=0 visible=false visibleRequested=false mode=fullscreen translucent=true sz=2}
07-13 08:41:46.029 1212-1242/? I/WindowManager: Reparenting to leash, surface=Surface(name=Task=211)/@0x8c09a76, leashParent=Surface(name=DefaultTaskDisplayArea)/@0x63001fb
07-13 08:41:46.029 916-1071/? I/SurfaceFlinger: id=1043 createSurf flag=24000, Surface(name=Task=211)/@0x8c09a76 - animation-leash of app_transition#1043
07-13 08:41:46.030 1212-1242/? D/WindowManager: makeSurface duration=1 leash=Surface(name=Surface(name=Task=211)/@0x8c09a76 - animation-leash of app_transition)/@0xeeb3ba9
07-13 08:41:46.030 1212-1242/? D/WindowManager: startAnimation
07-13 08:41:46.030 1212-1242/? D/WindowManager: createAnimationAdapter(): container=Task{839a1c2 #1 type=home ?? U=0 visible=true visibleRequested=true mode=fullscreen translucent=false sz=1}
07-13 08:41:46.030 1212-1242/? I/WindowManager: Reparenting to leash, surface=Surface(name=Task=1)/@0x79cd78a, leashParent=Surface(name=DefaultTaskDisplayArea)/@0x63001fb
07-13 08:41:46.031 916-1071/? I/SurfaceFlinger: id=1044 createSurf flag=24004, Surface(name=Task=1)/@0x79cd78a - animation-leash of app_transition#1044
07-13 08:41:46.031 1212-1242/? D/WindowManager: makeSurface duration=1 leash=Surface(name=Surface(name=Task=1)/@0x79cd78a - animation-leash of app_transition)/@0x40c152e
07-13 08:41:46.032 1212-1242/? D/WindowManager: startAnimation
07-13 08:41:46.032 1212-1242/? D/ActivityTaskManager: mStartingWindow and mStartingData is null for token=ActivityRecord{6b6f3a1 u0 com.sec.android.app.launcher/.activities.LauncherActivity} t190}
07-13 08:41:46.032 1212-1242/? V/WindowManager: performShowLocked: mDrawState=HAS_DRAWN in Window{8058bf5 u0 com.sec.android.app.launcher/com.sec.android.app.launcher.activities.LauncherActivity}
07-13 08:41:46.033 1212-1242/? D/WindowManager: goodToGo(RemoteAnimationController@72d38cf)
07-13 08:41:46.033 1212-1242/? D/WindowManager: createAppAnimations()
07-13 08:41:46.034 1212-1242/? D/WindowManager: 	Add container=Task{839a1c2 #1 type=home ?? U=0 visible=true visibleRequested=true mode=fullscreen translucent=false sz=1}
07-13 08:41:46.035 1212-1242/? D/WindowManager: 	Add container=Task{29dcc6d #211 type=standard A=10451:app.identifier.test U=0 visible=false visibleRequested=false mode=fullscreen translucent=true sz=2}
07-13 08:41:46.035 1212-1242/? D/WindowManager: createWallpaperAnimations()
07-13 08:41:46.035 1212-1242/? I/WindowManager: Reparenting to leash, surface=Surface(name=WallpaperWindowToken{87e9dc2 token=android.os.Binder@e6efa0d})/@0x3e32d85, leashParent=Surface(name=Leaf:0:1)/@0x97717da
07-13 08:41:46.036 916-1071/? I/SurfaceFlinger: id=1045 createSurf flag=24000, Surface(name=WallpaperWindowToken{87e9dc2 token=android.os.Binder@e6efa0d})/@0x3e32d85 - animation-leash of window_animation#1045
07-13 08:41:46.037 1212-1242/? D/WindowManager: makeSurface duration=1 leash=Surface(name=Surface(name=WallpaperWindowToken{87e9dc2 token=android.os.Binder@e6efa0d})/@0x3e32d85 - animation-leash of window_animation)/@0x4aa725c
07-13 08:41:46.037 1212-1242/? D/WindowManager: startAnimation
07-13 08:41:46.037 1212-1242/? D/WindowManager: createNonAppWindowAnimations()
07-13 08:41:46.037 916-916/? D/SurfaceFlinger: Display 0 HWC layers:
07-13 08:41:46.037 916-916/? D/SurfaceFlinger:      DEVICE | 0xf3a69580 | 0102 | RGBA_8888    |    0.0    0.0 1080.0 2408.0 |    0    0 1080 2408 | app.identifier/app.identifier.MainActivity$_29297#1025
07-13 08:41:46.037 916-916/? D/SurfaceFlinger:      DEVICE | 0xf3201280 | 0100 | RGBA_8888    |    0.0    0.0 1080.0   70.0 |    0    0 1080   70 | StatusBar$_1853#98
07-13 08:41:46.037 916-916/? D/SurfaceFlinger:      DEVICE | 0xf3200c80 | 0100 | RGBA_8888    |    0.0    0.0 1080.0  135.0 |    0 2273 1080 2408 | NavigationBar0$_1853#92
07-13 08:41:46.037 916-916/? D/SurfaceFlinger:      DEVICE | 0xf3200e00 | 0108 | RGBA_8888    |    0.0    0.0 1080.0 2408.0 |    0    0 1080 2408 | $_1853#94
07-13 08:41:46.038 1212-1242/? D/RestrictionPolicy: isScreenCaptureEnabled : ret=true userId=0
07-13 08:41:46.040 2265-2589/? I/Launcher.NotificationListener: notificationIsValidForUI : com.google.android.gm missingTitleAndText : false isGroupHeader : true
07-13 08:41:46.040 916-916/? I/Layer: id=1046 Destroyed Screenshot Parent#1046
07-13 08:41:46.040 2265-2589/? I/Launcher.NotificationListener: notificationIsValidForUI : com.google.android.gm missingTitleAndText : false isGroupHeader : false
07-13 08:41:46.040 2265-2589/? I/Launcher.NotificationListener: notificationIsValidForUI : com.google.android.gm missingTitleAndText : false isGroupHeader : false
07-13 08:41:46.040 2265-2589/? I/Launcher.NotificationListener: notificationIsValidForUI : com.google.android.gm missingTitleAndText : false isGroupHeader : false
07-13 08:41:46.040 2265-2589/? I/Launcher.NotificationListener: notificationIsValidForUI : br.com.brainweb.ifood missingTitleAndText : false isGroupHeader : false
07-13 08:41:46.040 2265-2589/? I/Launcher.NotificationListener: notificationIsValidForUI : com.samsung.android.dialer missingTitleAndText : true isGroupHeader : true
07-13 08:41:46.040 2265-2589/? I/Launcher.NotificationListener: notificationIsValidForUI : com.samsung.android.dialer missingTitleAndText : false isGroupHeader : false
07-13 08:41:46.040 2265-2589/? I/Launcher.NotificationListener: notificationIsValidForUI : com.google.android.gm missingTitleAndText : false isGroupHeader : true
07-13 08:41:46.040 2265-2589/? I/Launcher.NotificationListener: notificationIsValidForUI : com.google.android.gm missingTitleAndText : false isGroupHeader : false
07-13 08:41:46.040 2265-2589/? I/Launcher.NotificationListener: notificationIsValidForUI : com.google.android.gm missingTitleAndText : false isGroupHeader : false
07-13 08:41:46.040 2265-2589/? I/Launcher.NotificationListener: Full refresh isConnected : true active size : 7
07-13 08:41:46.045 2265-2265/? I/PopupDataProvider: onNotificationFullRefresh prev dotInfoSize : 3
07-13 08:41:46.046 2265-2589/? I/LauncherActivityInfo: Trying to load live icon for com.sec.android.app.clockpackage
07-13 08:41:46.046 2265-2265/? I/PopupDataProvider: refresh badge  package : com.google.android.gm count : 5
07-13 08:41:46.046 2265-2265/? I/PopupDataProvider: refresh badge  package : br.com.brainweb.ifood count : 1
07-13 08:41:46.046 2265-2265/? I/PopupDataProvider: refresh badge  package : com.samsung.android.dialer count : 1
07-13 08:41:46.047 2265-2265/? I/IconView: applyDotState itemInfo : Telefone display : 100 count : 1
07-13 08:41:46.049 2265-2265/? I/IconView: applyDotState itemInfo : Gmail display : 101 count : 5
07-13 08:41:46.049 1212-1242/? D/WindowManager: updateSystemBarAttributes: displayId=0, win=Window{8058bf5 u0 com.sec.android.app.launcher/com.sec.android.app.launcher.activities.LauncherActivity}, navColorWin=Window{8058bf5 u0 com.sec.android.app.launcher/com.sec.android.app.launcher.activities.LauncherActivity}, focusedCanBeNavColorWin=false, behavior=2, appearance=16, statusBarAppearanceRegions=[AppearanceRegion{ bounds=[0,0][1080,2408]}], requestedVisibilities=, from=com.android.server.wm.DisplayPolicy.finishPostLayoutPolicyLw:2527 com.android.server.wm.DisplayContent.applySurfaceChangesTransaction:5707 com.android.server.wm.RootWindowContainer.applySurfaceChangesTransaction:1234 
07-13 08:41:46.050 2265-2265/? I/IconView: applyDotState itemInfo : Telefone display : 1 count : 1
07-13 08:41:46.050 916-1071/? I/SurfaceFlinger: id=1047 createSurf flag=80000, 8d24fed ActivityRecordInputSink app.identifier.test/androidx.test.core.app.InstrumentationActivityInvoker$EmptyActivity#1047
07-13 08:41:46.050 2265-2265/? I/IconView: applyDotState itemInfo : iFood display : 1 count : 1
07-13 08:41:46.051 2265-2589/? I/LiveIconUtil: getLiveIcon was called in ClockPackage
07-13 08:41:46.052 916-916/? D/SurfaceFlinger: Display 0 HWC layers:
07-13 08:41:46.052 916-916/? D/SurfaceFlinger:      DEVICE | 0xf3a69580 | 0102 | RGBA_8888    |    0.0    0.0 1080.0 2408.0 |    0    0 1080 2408 | app.identifier/app.identifier.MainActivity$_29297#1025
07-13 08:41:46.052 916-916/? D/SurfaceFlinger:      DEVICE | 0xf3201280 | 0100 | RGBA_8888    |    0.0    0.0 1080.0   70.0 |    0    0 1080   70 | StatusBar$_1853#98
07-13 08:41:46.052 916-916/? D/SurfaceFlinger:      DEVICE | 0xf3200c80 | 0100 | RGBA_8888    |    0.0    0.0 1080.0  135.0 |    0 2273 1080 2408 | NavigationBar0$_1853#92
07-13 08:41:46.052 916-916/? D/SurfaceFlinger:      DEVICE | 0xf3200e00 | 0108 | RGBA_8888    |    0.0    0.0 1080.0 2408.0 |    0    0 1080 2408 | $_1853#94
07-13 08:41:46.053 2265-2589/? I/LiveIconUtil: getLiveIcon res = com.sec.android.app.clockpackage
07-13 08:41:46.053 1212-1242/? D/WindowManager: goodToGo(RemoteAnimationController@72d38cf): onAnimationStart, transit=TRANSIT_OLD_WALLPAPER_OPEN, apps=2, wallpapers=1, nonApps=0
07-13 08:41:46.054 1212-1242/? D/WindowManager: startAnimation(): Notify animation start:
07-13 08:41:46.054 1212-1242/? I/WindowManager: Starting remote animation
07-13 08:41:46.055 1853-1898/? D/Bubbles: onLocusVisibilityChanged: LocusId[17_chars] visible=true
07-13 08:41:46.055 1212-1242/? I/WindowManager: container=Task{839a1c2 #1 type=home ?? U=0 visible=true visibleRequested=true mode=fullscreen translucent=false sz=1}
07-13 08:41:46.055 1212-1242/? I/WindowManager: Target:
07-13 08:41:46.055 1212-1242/? I/WindowManager:   mode=0 taskId=190 isTranslucent=false clipRect=[0,0][0,0] contentInsets=[0,70][0,135] prefixOrderIndex=24 position=[0,0] sourceContainerBounds=[0,0][1080,2408] screenSpaceBounds=[0,0][1080,2408] localBounds=[0,0][1080,2408]
07-13 08:41:46.055 1212-1242/? I/WindowManager:   windowConfiguration={ mBounds=Rect(0, 0 - 1080, 2408) mAppBounds=Rect(0, 65 - 1080, 2273) mMaxBounds=Rect(0, 0 - 1080, 2408) mDisplayRotation=ROTATION_0 mWindowingMode=fullscreen mDisplayWindowingMode=fullscreen mActivityType=home mAlwaysOnTop=undefined mRotation=ROTATION_0 mPopOver=undefined mStageConfig=undefined mFreeformTaskPinningState=
07-13 08:41:46.055 1212-1242/? I/WindowManager: unpinned mFreeformStashState=undefined}
07-13 08:41:46.055 1212-1242/? I/WindowManager:   leash=Surface(name=Surface(name=Task=1)/@0x79cd78a - animation-leash of app_transition)/@0x40c152e
07-13 08:41:46.055 1212-1242/? I/WindowManager:   taskInfo=TaskInfo{userId=0 taskId=190 displayId=0 isRunning=true baseIntent=Intent { act=android.intent.action.MAIN cat=[android.intent.category.HOME] flg=0x10000100 cmp=com.sec.android.app.launcher/.activities.LauncherActivity } baseActivity=ComponentInfo{com.sec.android.app.launcher/com.sec.android.app.launcher.activities.LauncherActivity} topActivity=ComponentInfo{com.sec.android.app.launcher/com.android.launcher3.uioverrides.QuickstepLauncher} origActivity=ComponentInfo{com.sec.android.app.launcher/com.sec.android.app.launcher.activities.LauncherActivity} realActivity=ComponentInfo{com.sec.android.app.launcher/com.android.launcher3.uioverrides.QuickstepLauncher} numActivities=1 lastActiveTime=6182089 supportsSplitScreenMultiWindow=true supportsMultiWindow=true resizeMode=2 isResizeable=true minWidth=-1 minHeight=-1 defaultMinSize=220 token=WCT{RemoteToken{70c832 Task{f08ec52 #190 type=home A=10103:com.sec.android.app.launcher.activities.LauncherActivity U=0 rootTaskId=1 visible=true visibleRequested=true mode=fullscreen translucent=false sz=1}}} topActivityType=2 pictureInPictureParams=null shouldDockBigOverlays=false launchIntoPipHostTaskId=0 displayCutoutSafeInsets=null topActivityInfo=ActivityInfo{5b0a983 com.sec.android.app.launcher.activities.LauncherActivity} launchCookies=[] positionInParent=Point(0, 0) parentTaskId=-1 isFocused=true isVisible=true isSleeping=false topActivityInSizeCompat=false topActivityEligibleForLetterboxEducation= false locusId=LocusId[17_chars] displayAreaFeatureId=1 cameraCompatControlState=hidden originallySupportedSplitScreen=true hasWallpaper=true isTopTransparentActivity=true topActivityInFixedAspectRatio=false topActivityInDisplayCompat=false topActivityInBoundsCompat=false topActivityBounds=null}
07-13 08:41:46.055 1212-1242/? I/WindowManager:   allowEnterPip=true
07-13 08:41:46.055 1212-1242/? I/WindowManager:   windowType=-1  hasAnimatingParent=false  backgroundColor=0container=Task{29dcc6d #211 type=standard A=10451:app.identifier.test U=0 visible=false visibleRequested=false mode=fullscreen translucent=true sz=2}
07-13 08:41:46.055 1212-1242/? I/WindowManager: Target:
07-13 08:41:46.055 1212-1242/? I/WindowManager:   mode=1 taskId=211 isTranslucent=false clipRect=[0,0][0,0] contentInsets=[0,70][0,135] prefixOrderIndex=20 position=[0,0] sourceContainerBounds=[0,0][1080,2408] screenSpaceBounds=[0,0][1080,2408] localBounds=[0,0][1080,2408]
07-13 08:41:46.055 1212-1242/? I/WindowManager:   windowConfiguration={ mBounds=Rect(0, 0 - 1080, 2408) mAppBounds=Rect(0, 65 - 1080, 2273) mMaxBounds=Rect(0, 0 - 1080, 2408) mDisplayRotation=ROTATION_0 mWindowingMode=fullscreen mDisplayWindowingMode=fullscreen mActivityType=standard mAlwaysOnTop=undefined mRotation=ROTATION_0 mPopOver=undefined mStageConfig=undefined mFreeformTaskPinningState=unpinned mFreeformStashState=undefined}
07-13 08:41:46.055 1212-1242/? I/WindowManager:   leash=Surface(name=Surface(name=Task=211)/@0x8c09a76 - animation-leash of app_transition)/@0xeeb3ba9
07-13 08:41:46.055 1212-1242/? I/WindowManager:   taskInfo=TaskInfo{userId=0 taskId=211 displayId=0 isRunning=false baseIntent=Intent { act=android.intent.action.MAIN cat=[android.intent.category.LAUNCHER] flg=0x10008000 cmp=app.identifier.test/androidx.test.core.app.InstrumentationActivityInvoker$BootstrapActivity } baseActivity=null topActivity=null origActivity=null realActivity=ComponentInfo{app.identifier.test/androidx.test.core.app.InstrumentationActivityInvoker$BootstrapActivity} numActivities=0 lastActiveTime=6181983 supportsSplitScreenMultiWindow=true supportsMultiWindow=true resizeMode=1 isResizeable=true minWidth=-1 minHeight=-1 defaultMinSize=220 token=WCT{RemoteToken{a92e965 Task{29dcc6d #211 type=standard A=10451:app.identifier.test U=0 visible=false visibleRequested=false mode=fullscreen translucent=true sz=2}}} topActivityType=1 pictureInPictureParams=null shouldDockBigOverlays=false launchIntoPipHostTaskId=0 displayCutoutSafeInsets=Rect(0, 65 - 0, 0) topActivityInfo=null launchCookies=[] positionInParent=Point(0, 0) parentTaskId=-1 isFocused=false isVisible=false isSleeping=false topActivityInSizeCompat=false topActivityEligibleForLetterboxEducation= false locusId=null displayAreaFeatureId=1 cameraCompatControlState=hidden originallySupportedSplitScreen=true hasWallpaper=false isTopTransparentActivity=false topActivityInFixedAspectRatio=false topActivityInDisplayCompat=false topActivityInBoundsCompat=false topActivityBounds=null}
07-13 08:41:46.055 1212-1242/? I/WindowManager:   allowEnterPip=true
07-13 08:41:46.055 1212-1242/? I/WindowManager:   windowType=-1  hasAnimatingParent=false  backgroundColor=0
07-13 08:41:46.056 2265-17628/? I/LauncherAnimationRunner: onAnimationStart, appTargets : [Lcom.android.systemui.shared.system.RemoteAnimationTargetCompat;@66cfdc1 mStartAtFrontOfQueue : false
07-13 08:41:46.056 1212-1242/? D/ActivityTaskManager: mStartingWindow and mStartingData is null for token=ActivityRecord{6b6f3a1 u0 com.sec.android.app.launcher/.activities.LauncherActivity} t190}
07-13 08:41:46.057 2265-2589/? I/LiveIconUtil: stdIconSize : 135 , targetIconSize : 163
07-13 08:41:46.057 2265-2589/? I/LiveIconUtil: mIconDpi : 640 , mTargetIconDpi : 450
07-13 08:41:46.057 2265-2265/? I/Launcher: getFirstMatch : no matching view
07-13 08:41:46.058 2265-2265/? W/AppTransitionAnimatorImpl: closing animation without floating view
07-13 08:41:46.059 2265-2265/? I/AppTransitionAnimatorImpl: window bounds: Rect(0, 0 - 1080, 2408), target bounds: RectF(0.0, 0.0, 1080.0, 2408.0)
07-13 08:41:46.059 1212-4509/? V/WindowManager: Relayout Window{786e858 u0 com.android.systemui.ImageWallpaper}: viewVisibility=0 req=2400x2400 d0
07-13 08:41:46.060 2265-2265/? I/AnimationResult: setAnimation : null
07-13 08:41:46.060 2265-2265/? W/AppTransitionAnimatorImpl: onAnimationStart - APP OUT
07-13 08:41:46.062 2265-2265/? W/AppTransitionAnimatorImpl: onAnimationEnd - APP OUT, Execution time for each frame : Start-(2)-0-(0)-1-End
07-13 08:41:46.063 1212-2149/? D/MdnieScenarioControlService:  packageName : com.sec.android.app.launcher    className : com.android.launcher3.uioverrides.QuickstepLauncher
07-13 08:41:46.064 1212-1241/? D/WindowManager: cancelAnimation(RemoteAnimationController@72d38cf): reason=timeoutRunnable
07-13 08:41:46.065 916-916/? I/Layer: Layer [com.sec.android.app.launcher/com.sec.android.app.launcher.activities.LauncherActivity$_2265#1040] hidden!! flag(0)
07-13 08:41:46.065 2265-2265/? I/AppTransitionAnimatorImpl: resetContentView
07-13 08:41:46.065 2265-2265/? I/AnimationResult: AnimationResult finish : onAnimationEnd
07-13 08:41:46.065 2265-2265/? I/AnimationResult: finish : false, null
07-13 08:41:46.066 1212-4509/? V/WindowManager: Relayout hash=786e858, pid=1853, syncId=-1: mAttrs={(0,0)(2408x2408) gr=TOP START CENTER layoutInDisplayCutoutMode=always ty=WALLPAPER fmt=RGBX_8888 wanim=0x103031a
07-13 08:41:46.066 1212-4509/? V/WindowManager:   fl=14318
07-13 08:41:46.066 1212-4509/? V/WindowManager:   pfl=2000014
07-13 08:41:46.066 1212-4509/? V/WindowManager:   bhv=DEFAULT naviIconColor=0
07-13 08:41:46.066 1212-4509/? V/WindowManager:   sfl=8}
07-13 08:41:46.067 1853-1853/? I/BLASTBufferQueue: update, w= 2400 h= 2400 mName = Wallpaper mNativeObject= 0xdcc60700 sc.mNativeObject= 0xe47bbd00 format= 2 caller= android.service.wallpaper.WallpaperService$Engine.getOrCreateBLASTSurface:2575 android.service.wallpaper.WallpaperService$Engine.updateSurface:1527 android.service.wallpaper.WallpaperService$Engine.reportVisibility:1902 android.service.wallpaper.WallpaperService$Engine.doVisibilityChanged:1872 android.service.wallpaper.WallpaperService$IWallpaperEngineWrapper.executeMessage:2842 com.android.internal.os.HandlerCaller$MyHandler.handleMessage:44 
07-13 08:41:46.068 1853-1853/? D/WallpaperService: reportVisibility onVisibilityChanged visible: true
07-13 08:41:46.068 1853-2015/? I/ImageWallpaper[GLEngine]:  onVisibilityChanged true , 0
07-13 08:41:46.068 1212-1241/? D/WindowManager: onAnimationFinished(RemoteAnimationController@72d38cf): mPendingAnimations=2, caller=
07-13 08:41:46.069 1212-1241/? D/WindowManager: app-release(): mOuter=RemoteAnimationController@72d38cf
07-13 08:41:46.069 1212-1241/? D/WindowManager: onAnimationFinished(): Notify animation finished:
07-13 08:41:46.069 1212-1241/? I/WindowManager: Reparenting to original parent: Surface(name=DefaultTaskDisplayArea)/@0x63001fb, destroy=true, surface=Surface(name=Task=1)/@0x79cd78a
07-13 08:41:46.069 1212-4509/? D/WALLPAPER_SVC:WallpaperManagerService: getWallpaperSafeLocked, userId = 0, which = 1, caller = com.android.server.wallpaper.WallpaperManagerService.semGetWallpaperType:6816 
07-13 08:41:46.069 916-916/? D/SurfaceFlinger: Display 0 HWC layers:
07-13 08:41:46.069 916-916/? D/SurfaceFlinger:      DEVICE | 0xf3a69580 | 0102 | RGBA_8888    |    0.0    0.0 1080.0 2408.0 |    0    0 1080 2408 | app.identifier/app.identifier.MainActivity$_29297#1025
07-13 08:41:46.069 916-916/? D/SurfaceFlinger:      DEVICE | 0xf3201280 | 0100 | RGBA_8888    |    0.0    0.0 1080.0   70.0 |    0    0 1080   70 | StatusBar$_1853#98
07-13 08:41:46.069 916-916/? D/SurfaceFlinger:      DEVICE | 0xf3200c80 | 0100 | RGBA_8888    |    0.0    0.0 1080.0  135.0 |    0 2273 1080 2408 | NavigationBar0$_1853#92
07-13 08:41:46.069 916-916/? D/SurfaceFlinger:      DEVICE | 0xf3200e00 | 0108 | RGBA_8888    |    0.0    0.0 1080.0 2408.0 |    0    0 1080 2408 | $_1853#94
07-13 08:41:46.070 1212-4509/? D/WallpaperManagerService: which : 1, return type : 0 (called by userId= 0)
07-13 08:41:46.070 1212-1241/? D/WindowManager: 	container=Task{839a1c2 #1 type=home ?? U=0 visible=true visibleRequested=true mode=fullscreen translucent=false sz=1}
07-13 08:41:46.070 1212-1241/? I/WindowManager: Reparenting to original parent: Surface(name=DefaultTaskDisplayArea)/@0x63001fb, destroy=true, surface=Surface(name=Task=211)/@0x8c09a76
07-13 08:41:46.070 1853-1853/? D/NavigationBar: onSystemBarAttributesChanged() -  displayId:0, appearance:16, packageName: com.sec.android.app.launcher (APPEARANCE_LIGHT_NAVIGATION_BARS ), navbarColorManagedByIme:false
07-13 08:41:46.070 1212-1241/? V/WindowManager: Setting visibility of Window{73f390c u0 app.identifier/app.identifier.MainActivity}: false, caller=com.android.server.wm.WindowContainer.sendAppVisibilityToClients:1246 com.android.server.wm.WindowToken.setClientVisible:431 com.android.server.wm.ActivityRecord.setClientVisible:7685 com.android.server.wm.ActivityRecord.onAnimationFinished:8584 com.android.server.wm.WindowContainer.doAnimationFinished:3483 
07-13 08:41:46.071 1212-1241/? D/WindowManager: 	container=Task{29dcc6d #211 type=standard A=10451:app.identifier.test U=0 visible=false visibleRequested=false mode=fullscreen translucent=true sz=2}
07-13 08:41:46.071 1212-1241/? I/WindowManager: Reparenting to original parent: Surface(name=Leaf:0:1)/@0x97717da, destroy=true, surface=Surface(name=WallpaperWindowToken{87e9dc2 token=android.os.Binder@e6efa0d})/@0x3e32d85
07-13 08:41:46.071 1853-2015/? I/ImageWallpaperRenderer: updateWallpaperOffset 0 lastCropOffset 0 , wp Type 0 , rotation 0 , allowed true Do not change Display offset 0
07-13 08:41:46.071 1853-1853/? D/SamsungLightBarControlHelper: updateNavigation(Black button) isLightBar:false, hasLightBarNavigationBarFlag:true, packageName:com.sec.android.app.launcher, DirectReplying:false, NavBarColorManagerdByIme:false, ForceDarkForScrim:false, QsCustomizing:false, PanelHasWhiteBg:false
07-13 08:41:46.071 1212-1241/? D/WindowManager: 	wallpaper=WallpaperWindowToken{87e9dc2 token=android.os.Binder@e6efa0d}
07-13 08:41:46.072 29297-29297/? I/ViewRootImpl@f436291[MainActivity]: handleAppVisibility mAppVisible = true visible = false
07-13 08:41:46.072 1212-2005/? D/WindowManager: app-onAnimationFinished(): mOuter=null
07-13 08:41:46.073 2265-4206/? I/ViewRootImpl@7e0c621[LauncherActivity]: mWNT: t=0xe844d620 mBlastBufferQueue=0xdce76e80 fn= 2 caller= com.android.systemui.shared.launcher.ViewRootImplCompat.mergeWithNextTransaction:2 com.android.quickstep.util.SurfaceTransactionApplier.lambda$scheduleApply$0:2 com.android.quickstep.util.SurfaceTransactionApplier.b:0 
07-13 08:41:46.073 2265-4206/? I/ViewRootImpl@7e0c621[LauncherActivity]: mWNT: t=0xdce86b80 mBlastBufferQueue=0xdce76e80 fn= 2 caller= com.android.systemui.shared.launcher.ViewRootImplCompat.mergeWithNextTransaction:2 com.android.quickstep.util.SurfaceTransactionApplier.lambda$scheduleApply$0:2 com.android.quickstep.util.SurfaceTransactionApplier.b:0 
07-13 08:41:46.076 2265-2588/? I/AnimationResult: finish callback : null
07-13 08:41:46.078 1212-1241/? I/WindowManager: Finishing remote animation
07-13 08:41:46.078 2265-2265/? W/Launcher: onEnterAnimationComplete
07-13 08:41:46.078 1212-1241/? D/WindowManager: cancelAnimation(): reason=timeoutRunnable
07-13 08:41:46.079 1212-2149/? V/MdnieScenarioControlService: setUIMode from UI function(3)
07-13 08:41:46.080 2265-17628/? I/LauncherAnimationRunner: onAnimationCancelled
07-13 08:41:46.081 916-916/? I/Layer: id=1044 removeFromCurrentState Surface(name=Task=1)/@0x79cd78a - animation-leash of app_transition#1044 (113)
07-13 08:41:46.081 916-916/? I/Layer: id=1043 removeFromCurrentState Surface(name=Task=211)/@0x8c09a76 - animation-leash of app_transition#1043 (113)
07-13 08:41:46.081 916-916/? I/Layer: id=1015 removeFromCurrentState Task=211#1015 (113)
07-13 08:41:46.081 916-916/? I/Layer: id=1019 removeFromCurrentState ActivityRecord{62917d9 u0 app.identifier/.MainActivity} t211}#1019 (113)
07-13 08:41:46.081 916-916/? I/Layer: id=1023 removeFromCurrentState d634220 ActivityRecordInputSink app.identifier/.MainActivity#1023 (113)
07-13 08:41:46.081 916-916/? I/Layer: id=1024 removeFromCurrentState 73f390c app.identifier/app.identifier.MainActivity#10
07-13 08:41:46.081 916-916/? I/Layer: 24 (113)
07-13 08:41:46.081 916-916/? I/Layer: id=1025 removeFromCurrentState app.identifier/app.identifier.MainActivity$_29297#1025 (113)
07-13 08:41:46.081 916-916/? I/Layer: id=16 removeFromCurrentState ImeContainer#16 (113)
07-13 08:41:46.081 916-916/? I/Layer: id=114 removeFromCurrentState WindowToken{ccaf91f type=2011 android.os.Binder@4a264be}#114 (113)
07-13 08:41:46.081 916-916/? I/Layer: id=126 removeFromCurrentState WindowToken{78f8ed0 type=2011 android.os.Binder@483ee93}#126 (113)
07-13 08:41:46.081 916-916/? I/Layer: id=1029 removeFromCurrentState Surface(name=1846d23 InputMethod)/@0x3e2059e - animation-leash of insets_animation#1029 (113)
07-13 08:41:46.081 916-916/? I/Layer: id=140 removeFromCurrentState 1846d23 InputMethod#140 (113)
07-13 08:41:46.081 916-916/? I/Layer: id=1032 removeFromCurrentState ActivityRecord{4346e22 u0 app.identifier.test/androidx.test.core.app.InstrumentationActivityInvoker$EmptyActivity} t211}#1032 (113)
07-13 08:41:46.082 916-916/? I/Layer: id=1047 removeFromCurrentState 8d24fed ActivityRecordInputSink app.identifier.test/androidx.test.core.app.InstrumentationActivityInvoker$EmptyActivity#1047 (113)
07-13 08:41:46.082 916-916/? I/Layer: id=1038 removeFromCurrentState f122401 app.identifier.test/androidx.test.core.app.InstrumentationActivityInvoker$EmptyActivity#1038 (113)
07-13 08:41:46.082 916-916/? I/Layer: id=1039 removeFromCurrentState app.identifier.test/androidx.test.core.app.InstrumentationActivityInvoker$EmptyActivity$_29070#1039 (113)
07-13 08:41:46.082 916-916/? I/Layer: id=1015 addToCurrentState Task=211#1015 (113)
07-13 08:41:46.082 916-916/? I/Layer: id=1019 addToCurrentState ActivityRecord{62917d9 u0 app.identifier/.MainActivity} t211}#1019 (113)
07-13 08:41:46.082 916-916/? I/Layer: id=1023 addToCurrentState d634220 ActivityRecordInputSink app.identifier/.MainActivity#1023 (113)
07-13 08:41:46.082 916-916/? I/Layer: id=1024 addToCurrentState 73f390c app.identifier/app.identifier.MainActivity#1024 (113)
07-13 08:41:46.082 916-916/? I/Layer: id=1025 addToCurrentState app.identifier/app.identifier.MainActivity$_29297#1025 (113)
07-13 08:41:46.082 916-916/? I/Layer: id=16 addToCurrentState ImeContainer#16 (113)
07-13 08:41:46.082 916-916/? I/Layer: id=114 addToCurrentState WindowToken{ccaf91f type=2011 android.os.Binder@4a264be}#114 (113)
07-13 08:41:46.082 916-916/? I/Layer: id=126 addToCurrentState WindowToken{78f8ed0 type=2011 android.os.Binder@483ee93}#126 (113)
07-13 08:41:46.082 916-916/? I/Layer: id=1029 addToCurrentState Surface(name=1846d23 InputMethod)/@0x3e2059e - animation-leash of insets_animation#1029 (113)
07-13 08:41:46.082 916-916/? I/Layer: id=140 addToCurrentState 1846d23 InputMethod#140 (113)
07-13 08:41:46.082 916-916/? I/Layer: id=1032 addToCurrentState ActivityRecord{4346e22 u0 app.identifier.test/androidx.test.core.app.InstrumentationActivityInvoker$EmptyActivity} t211}#1032 (113)
07-13 08:41:46.082 916-916/? I/Layer: id=1047 addToCurrentState 8d24fed ActivityRecordInputSink app.identifier.test/androidx.test.core.app.InstrumentationActivityInvoker$EmptyActivity#1047 (113)
07-13 08:41:46.082 916-916/? I/Layer: id=1038 addToCurrentState f122401 app.identifier.test/androidx.test.core.app.InstrumentationActivityInvoker$EmptyActivity#1038 (113)
07-13 08:41:46.082 916-916/? I/Layer: id=1039 addToCurrentState app.identifier.test/androidx.test.core.app.InstrumentationActivityInvoker$EmptyActivity$_29070#1039 (113)
07-13 08:41:46.082 916-916/? I/Layer: id=1045 removeFromCurrentState Surface(name=WallpaperWindowToken{87e9dc2 token=android.os.Binder@e6efa0d})/@0x3e32d85 - animation-leash of window_animation#1045 (113)
07-13 08:41:46.082 916-916/? I/Layer: Layer [app.identifier/app.identifier.MainActivity$_29297#1025] hidden!! flag(1)
07-13 08:41:46.084 1212-4472/? D/InputDispatcher: Focus entered window (0): 8058bf5 com.sec.android.app.launcher/com.sec.android.app.launcher.activities.LauncherActivity
07-13 08:41:46.085 29297-29335/? D/OpenGLRenderer: setSurface called with nullptr
07-13 08:41:46.085 29297-29335/? D/OpenGLRenderer: setSurface() destroyed EGLSurface
07-13 08:41:46.085 29297-29335/? D/OpenGLRenderer: destroyEglSurface
07-13 08:41:46.085 2265-24579/? I/RecentModel: onTaskStackChangedBackground
07-13 08:41:46.087 2265-2265/? I/ViewRootImpl@7e0c621[LauncherActivity]: MSG_WINDOW_FOCUS_CHANGED 1 0
07-13 08:41:46.088 2265-2265/? I/ViewRootImpl@7e0c621[LauncherActivity]: mThreadedRenderer.initializeIfNeeded()#2 mSurface={isValid=true 0xdc862000}
07-13 08:41:46.088 2265-2265/? I/BaseActivity: addActivityFlags, flags : 8
07-13 08:41:46.090 1212-1241/? I/ActivityManager: Changes in 10451 2 to 18, 15 to 0
07-13 08:41:46.098 2265-2265/? I/InputMethodManager: startInputInner - mService.startInputOrWindowGainedFocus
07-13 08:41:46.103 916-916/? D/SurfaceFlinger: Display 0 HWC layers:
07-13 08:41:46.103 916-916/? D/SurfaceFlinger:      DEVICE | 0xf3be4600 | 0100 | RGBx_8888    |  662.0    0.0 1738.0 2400.0 |    0    0 1080 2408 | Wallpaper BBQ wrapper#90
07-13 08:41:46.103 916-916/? D/SurfaceFlinger:      DEVICE | 0xf1c25000 | 0100 | RGBA_8888    |    0.0    0.0 1080.0 2408.0 |    0    0 1080 2408 | com.sec.android.app.launcher/com.sec[...]tivities.LauncherActivity$_2265#1040
07-13 08:41:46.103 916-916/? D/SurfaceFlinger:      CLIENT | 0xf3201280 | 0100 | RGBA_8888    |    0.0    0.0 1080.0   70.0 |    0    0 1080   70 | StatusBar$_1853#98
07-13 08:41:46.103 916-916/? D/SurfaceFlinger:      CLIENT | 0xf3200c80 | 0100 | RGBA_8888    |    0.0    0.0 1080.0  135.0 |    0 2273 1080 2408 | NavigationBar0$_1853#92
07-13 08:41:46.103 916-916/? D/SurfaceFlinger:      DEVICE | 0xf3200e00 | 0108 | RGBA_8888    |    0.0    0.0 1080.0 2408.0 |    0    0 1080 2408 | $_1853#94
07-13 08:41:46.109 29070-29070/? I/ViewRootImpl@7439ded[InstrumentationActivityInvoker$EmptyActivity]: stopped(true) old = false
07-13 08:41:46.109 29070-29070/? I/ViewRootImpl@7439ded[InstrumentationActivityInvoker$EmptyActivity]: WindowStopped on app.identifier.test/androidx.test.core.app.InstrumentationActivityInvoker$EmptyActivity set to true
07-13 08:41:46.118 29070-29070/? I/MSHandlerLifeCycle: removeMultiSplitHandler: no exist. decor=DecorView@b696817[InstrumentationActivityInvoker$EmptyActivity]
07-13 08:41:46.118 1212-4416/? V/InputMethodManagerService: Unspecified window will hide input
07-13 08:41:46.118 1212-4416/? V/InputMethodManagerService: hideCurrentInputLocked : canceled, shouldHideSoftInput=false, mInputShown=false, mImeWindowVis=0
07-13 08:41:46.119 1212-4416/? I/InputMethodBindingController: setCurrentMethodNotVisible: mVisibleBound=false, mHasConnection=true, caller = com.android.server.inputmethod.InputMethodManagerService.hideCurrentInputLocked:4339 com.android.server.inputmethod.InputMethodManagerService.startInputOrWindowGainedFocusInternalLocked:4645 com.android.server.inputmethod.InputMethodManagerService.startInputOrWindowGainedFocusInternal:4423 com.android.server.inputmethod.InputMethodManagerService.startInputOrWindowGainedFocus:4362 com.android.internal.view.IInputMethodManager$Stub.onTransact:518 com.android.server.inputmethod.InputMethodManagerService.onTransact:2285 android.os.Binder.execTransactInternal:1316 android.os.Binder.execTransact:1280 <bottom of call stack> <bottom of call stack> 
07-13 08:41:46.119 1212-4416/? D/InputMethodManagerService: mDesktopModeManager null!
07-13 08:41:46.119 1212-4416/? V/InputMethodManagerService: getDisplayIdOfInputMethodWindowToBeAdded: displayId=0
07-13 08:41:46.120 1212-4416/? D/InputMethodManagerService: isImeSwitcherDisabledPackage : false
07-13 08:41:46.124 1212-4416/? D/InputMethodManagerService: shouldShowImeSwitcherLocked : checking vis : 3
07-13 08:41:46.126 916-916/? D/SurfaceFlinger: Display 0 HWC layers:
07-13 08:41:46.126 916-916/? D/SurfaceFlinger:      DEVICE | 0xf3be4600 | 0100 | RGBx_8888    |  662.0    0.0 1738.0 2400.0 |    0    0 1080 2408 | Wallpaper BBQ wrapper#90
07-13 08:41:46.126 916-916/? D/SurfaceFlinger:      DEVICE | 0xf1c25000 | 0100 | RGBA_8888    |    0.0    0.0 1080.0 2408.0 |    0    0 1080 2408 | com.sec.android.app.launcher/com.sec[...]tivities.LauncherActivity$_2265#1040
07-13 08:41:46.126 916-916/? D/SurfaceFlinger:      CLIENT | 0xf3201280 | 0100 | RGBA_8888    |    0.0    0.0 1080.0   70.0 |    0    0 1080   70 | StatusBar$_1853#98
07-13 08:41:46.126 916-916/? D/SurfaceFlinger:      CLIENT | 0xf31fff00 | 0100 | RGBA_8888    |    0.0    0.0 1080.0  135.0 |    0 2273 1080 2408 | NavigationBar0$_1853#92
07-13 08:41:46.126 916-916/? D/SurfaceFlinger:      DEVICE | 0xf3200e00 | 0108 | RGBA_8888    |    0.0    0.0 1080.0 2408.0 |    0    0 1080 2408 | $_1853#94
07-13 08:41:46.129 1212-4416/? D/InputMethodManagerService: checkDisplayOfStartInputAndUpdateKeyboard: displayId=0, mFocusedDisplayId=0
07-13 08:41:46.129 1212-4416/? D/InputTransport: Input channel constructed: 'ClientS', fd=895
07-13 08:41:46.129 1212-4416/? D/InputTransport: Input channel destroyed: 'ClientS', fd=895
07-13 08:41:46.130 4686-4686/? I/HBD: HoneyBoardService onFinishInput 
07-13 08:41:46.131 4686-4686/? I/HBD: a IC have been unbinding,  RemoteInputConnection{idHash=#75d3453}
07-13 08:41:46.131 4686-4686/? I/HBD: HoneyBoardService [PF_CL][onFinishInput]  1 ms 
07-13 08:41:46.132 4686-4686/? I/HBD: HoneyBoardService [IMI] onStartInput - caller pid : 2265 , caller uid : 10103 
07-13 08:41:46.132 4686-4686/? I/HBD: j updateConfigs 
07-13 08:41:46.132 4686-4686/? I/HBD: j isEnabledNightMode : true 
07-13 08:41:46.132 2265-2588/? I/RecentTasksList: loadTasksInBackground : groupTask = GroupTask{task1=[id=191 windowingMode=1 user=0 lastActiveTime=344000] null, task2=null, task3=null, mStagedSplitBounds=null}
07-13 08:41:46.132 4686-4686/? I/HBD: a IC have been binding, RemoteInputConnection{idHash=#3d2c190} 
07-13 08:41:46.132 4686-4686/? I/HBD: h [EditorInputType]setPrivateImeOptionsToTable privateImeOptions ( null )
07-13 08:41:46.132 4686-4686/? I/HBD: b incognitoMode : false 
07-13 08:41:46.132 4686-4686/? I/HBD: [ 07-13 08:41:46.132  2
07-13 08:41:46.132 4686-4686/? I/HBD: 265: 2588 I/RecentTasksList ]
07-13 08:41:46.132 4686-4686/? I/HBD: loadTasksInBackground : groupTask = GroupTask{task1=[id=211 windowingMode=1 user=0 lastActiveTime=6181983] null, task2=null, task3=null, mStagedSplitBounds=null}
07-13 08:41:46.132 4686-4686/? I/HBD: a needOff = true , isForceOff = false, isNullInputClass : true 
07-13 08:41:46.132 4686-4686/? I/HBD: h getDefaultInputRange : UNKNOWN 
07-13 08:41:46.132 4686-4686/? I/HBD: h getDefaultInputRange : UNKNOWN 
07-13 08:41:46.132 4686-4686/? I/HBD: h getDefaultInputRange : UNKNOWN 
07-13 08:41:46.133 1212-4509/? D/RestrictionPolicy: isScreenCaptureEnabled : ret=true userId=0
07-13 08:41:46.134 1212-4509/? I/WindowManager: Cancelling animation restarting=true, leash=Surface(name=Surface(name=1846d23 InputMethod)/@0x3e2059e - animation-leash of insets_animation)/@0x86b128
07-13 08:41:46.136 29297-29297/? I/ViewRootImpl@f436291[MainActivity]: performTraversals mFirst=false windowShouldResize=false viewVisibilityChanged=true mForceNextWindowRelayout=false params=null
07-13 08:41:46.136 29070-29070/? I/MSHandlerLifeCycle: removeMultiSplitHandler: no exist. decor=DecorView@b696817[InstrumentationActivityInvoker$EmptyActivity]
07-13 08:41:46.137 1212-4509/? I/WindowManager: Reparenting to original parent: Surface(name=WindowToken{78f8ed0 type=2011 android.os.Binder@483ee93})/@0xb26b87f, destroy=false, surface=Surface(name=1846d23 InputMethod)/@0x3e2059e
07-13 08:41:46.137 4686-4686/? I/HBD: a needOff = true , isForceOff = false, isNullInputClass : true 
07-13 08:41:46.138 4686-4686/? I/HBD: a update cached prediction status : false 
07-13 08:41:46.138 4686-4686/? I/HBD: h getDefaultInputRange : UNKNOWN 
07-13 08:41:46.138 1212-4509/? I/WindowManager: Reparenting to leash, surface=Surface(name=1846d23 InputMethod)/@0x3e2059e, leashParent=Surface(name=WindowToken{78f8ed0 type=2011 android.os.Binder@483ee93})/@0xb26b87f
07-13 08:41:46.138 4686-4686/? I/HBD: a currentState : 0 
07-13 08:41:46.138 916-1071/? I/SurfaceFlinger: id=1048 createSurf flag=24004, Surface(name=1846d23 InputMethod)/@0x3e2059e - animation-leash of insets_animation#1048
07-13 08:41:46.138 4686-4686/? I/HBD: a [UpdatePolicy] [post] a: 0 cl: 3276809 kit: [0/0] vt: 0 ir: 1 
07-13 08:41:46.138 4686-4686/? I/HBD: a [NRIC] resetNoResponseState 
07-13 08:41:46.138 4686-4686/? I/HBD: a needOff = true , isForceOff = false, isNullInputClass : true 
07-13 08:41:46.138 4686-4686/? I/HBD: a update cached prediction status : false 
07-13 08:41:46.139 4686-4686/? I/HBD: HoneyBoardService [PF_OP][onStartInput]  8 ms 
07-13 08:41:46.139 1212-4509/? D/WindowManager: makeSurface duration=2 leash=Surface(name=Surface(name=1846d23 InputMethod)/@0x3e2059e - animation-leash of insets_animation)/@0xe20b0f4
07-13 08:41:46.148 916-916/? I/Layer: id=1029 removeFromCurrentState Surface(name=1846d23 InputMethod)/@0x3e2059e - animation-leash of insets_animation#1029 (114)
07-13 08:41:46.149 1212-4286/? V/WindowManager: Relayout Window{73f390c u0 app.identifier/app.identifier.MainActivity}: viewVisibility=8 req=1080x2408 d0
07-13 08:41:46.158 1212-4416/? D/CoreBackPreview: Window{f122401 u0 app.identifier.test/androidx.test.core.app.InstrumentationActivityInvoker$EmptyActivity}: Setting back callback null
07-13 08:41:46.160 1212-4286/? V/WindowManager: Relayout hash=73f390c, pid=29297, syncId=-1: mAttrs={(0,0)(fillxfill) sim={adjust=pan forwardNavigation} ty=BASE_APPLICATION wanim=0x1030309
07-13 08:41:46.160 1212-4286/? V/WindowManager:   fl=81810100
07-13 08:41:46.160 1212-4286/? V/WindowManager:   pfl=12020040
07-13 08:41:46.160 1212-4286/? V/WindowManager:   bhv=DEFAULT
07-13 08:41:46.160 1212-4286/? V/WindowManager:   fitSides= naviIconColor=0}
07-13 08:41:46.160 2265-2265/? I/TaskThumbnailCache: handleResult: taskId = 211, taskThumbnail = android.graphics.Bitmap@9b638bb
07-13 08:41:46.162 1212-4472/? D/InputMethodManagerService: isImeSwitcherDisabledPackage : false
07-13 08:41:46.165 916-916/? D/SurfaceFlinger: Display 0 HWC layers:
07-13 08:41:46.165 916-916/? D/SurfaceFlinger:      DEVICE | 0xf3be4600 | 0100 | RGBx_8888    |  662.0    0.0 1738.0 2400.0 |    0    0 1080 2408 | Wallpaper BBQ wrapper#90
07-13 08:41:46.165 916-916/? D/SurfaceFlinger:      DEVICE | 0xf3a70400 | 0100 | RGBA_8888    |    0.0    0.0 1080.0 2408.0 |    0    0 1080 2408 | com.sec.android.app.launcher/com.sec[...]tivities.LauncherActivity$_2265#1040
07-13 08:41:46.165 916-916/? D/SurfaceFlinger:      DEVICE | 0xf3201280 | 0100 | RGBA_8888    |    0.0    0.0 1080.0   70.0 |    0    0 1080   70 | StatusBar$_1853#98
