07-13 08:41:52.022 1212-4285/? D/StatusBarManagerService: notifyRequestedSystemKey recent=false home=false
07-13 08:41:52.022 1212-4285/? V/WindowManager: rotationForOrientation(orient=SCREEN_ORIENTATION_UNSPECIFIED (-1), last=ROTATION_0 (0)); user=ROTATION_0 (0) USER_ROTATION_LOCKED
07-13 08:41:52.022 1212-4285/? D/WindowManager: rotationForOrientation, orientationSource=ActivityRecord{f0b3151 u0 app.identifier.test/androidx.test.core.app.InstrumentationActivityInvoker$EmptyActivity} t212}
07-13 08:41:52.024 1212-4285/? V/WindowManager: Relayout hash=dcf99af, pid=29070, syncId=-1: mAttrs={(0,0)(fillxfill) sim={adjust=pan forwardNavigation} ty=BASE_APPLICATION wanim=0x1030001
07-13 08:41:52.024 1212-4285/? V/WindowManager:   fl=1810100
07-13 08:41:52.024 1212-4285/? V/WindowManager:   pfl=12020040
07-13 08:41:52.024 1212-4285/? V/WindowManager:   bhv=DEFAULT
07-13 08:41:52.024 1212-4285/? V/WindowManager:   fitSides= naviIconColor=0}
07-13 08:41:52.027 916-916/? D/SurfaceFlinger: Display 0 HWC layers:
07-13 08:41:52.027 916-916/? D/SurfaceFlinger:      DEVICE | 0xf3ff2980 | 0102 | RGBA_8888    |    0.0    0.0 1080.0 2408.0 |    0    0 1080 2408 | app.identifier/app.identifier.MainActivity$_29469#1060
07-13 08:41:52.027 916-916/? D/SurfaceFlinger:      DEVICE | 0xf3201280 | 0100 | RGBA_8888    |    0.0    0.0 1080.0   70.0 |    0    0 1080   70 | StatusBar$_1853#98
07-13 08:41:52.027 916-916/? D/SurfaceFlinger:      DEVICE | 0xf3200200 | 0100 | RGBA_8888    |    0.0    0.0 1080.0  135.0 |    0 2273 1080 2408 | NavigationBar0$_1853#92
07-13 08:41:52.027 916-916/? D/SurfaceFlinger:      DEVICE | 0xf3200e00 | 0108 | RGBA_8888    |    0.0    0.0 1080.0 2408.0 |    0    0 1080 2408 | $_1853#94
07-13 08:41:52.027 2265-15480/? I/RecentModel: onTaskStackChangedBackground
07-13 08:41:52.027 7499-29118/? I/MediaContentSyncTask: [#CMH#] MP time stamp :  1689118469249, CMH time stamp : 1689118469249
07-13 08:41:52.027 7499-29118/? I/MediaContentSyncTask: [#CMH#] Update ITEM :  0
07-13 08:41:52.028 29070-29070/? D/InsetsController: onStateChanged: InsetsState: {mDisplayFrame=Rect(0, 0 - 1080, 2408), mDisplayCutout=DisplayCutout{insets=Rect(0, 65 - 0, 0) waterfall=Insets{left=0, top=0, right=0, bottom=0} boundingRect={Bounds=[Rect(0, 0 - 0, 0), Rect(454, 0 - 626, 65), Rect(0, 0 - 0, 0), Rect(0, 0 - 0, 0)]} cutoutPathParserInfo={CutoutPathParserInfo{displayWidth=1080 displayHeight=2408 physicalDisplayWidth=1080 physicalDisplayHeight=2408 density={2.8125} cutoutSpec={M 0,0 H -30.57777777777778 V 23.11111111111111 H 30.57777777777778 V 0 H 0 Z @dp} rotation={0} scale={1.0} physicalPixelDisplaySizeRatio={1.0}}}}, mRoundedCorners=RoundedCorners{[RoundedCorner{position=TopLeft, radius=90, center=Point(90, 90)}, RoundedCorner{position=TopRight, radius=90, center=Point(990, 90)}, RoundedCorner{position=BottomRight, radius=90, center=Point(990, 2318)}, RoundedCorner{position=BottomLeft, radius=90, center=Point(90, 2318)}]}  mRoundedCornerFrame=Rect(0, 0 - 1080, 2408), mPrivacyIndicatorBounds=PrivacyIndicatorBounds {static bounds=Rect(956, 0 - 1080, 70) rotation=0}, mSources= { InsetsSource: {mType=ITYPE_STATUS_BAR, mFrame=[0,0][1080,70], mVisible=true, mInsetsRoundedCornerFrame=false}, InsetsSource: {mType=ITYPE_NAVIGATION_BAR, mFrame=[0,2273][1080,2408], mVisible=true, mInsetsRoundedCornerFrame=false}, InsetsSource: {mType=ITYPE_LEFT_GESTURES, mFrame=[0,0][0,2408], mVisible=true, mInsetsRoundedCornerFrame=false}, InsetsSource: {mType=ITYPE_RIGHT_GESTURES, mFrame=[1080,0][1080,2408], mVisible=true, mInsetsRoundedCornerFrame=false}, InsetsSource: {mType=ITYPE_TOP_MANDATORY_GESTURES, mFrame=[0,0][1080,99], mVisible=true, mInsetsRoundedCornerFrame=false}, InsetsSource: {mType=ITYPE_BOTTOM_MANDATORY_GESTURES, mFrame=[0,2273][1080,2408], mVisible=true, mInsetsRoundedCornerFrame=false}, InsetsSource: {mType=ITYPE_LEFT_DISPLAY_CUTOUT, mFrame=[0,0][-100000,2408], mVisible=true, mInsetsRoundedCornerFrame=false}, InsetsSource: {mType=ITYPE_TOP_DISPLAY_CUTOUT, mFrame=[0,0][1080,65], mVisible=true, mInsetsRoundedCornerFrame=false}, InsetsSource: {mType=ITYPE_RIGHT_DISPLAY_CUTOUT, mFrame=[100000,0][1080,2408], mVisible=true, mInsetsRoundedCornerFrame=false}, InsetsSource: {mType=ITYPE_BOTTOM_DISPLAY_CUTOUT, mFrame=[0,100000][1080,2408], mVisible=true, mInsetsRoundedCornerFrame=false}, InsetsSource: {mType=ITYPE_TOP_TAPPABLE_ELEMENT, mFrame=[0,0][1080,70], mVisible=true, mInsetsRoundedCornerFrame=false}, InsetsSource: {mType=ITYPE_BOTTOM_TAPPABLE_ELEMENT, mFrame=[0,2273][1080,2408], mVisible=true, mInsetsRoundedCornerFrame=false}, InsetsSource: {mType=ITYPE_IME, mFrame=[0,0][0,0], mVisibleFrame=[0,1400][1080,2408], mVisible=false, mInsetsRoundedCornerFrame=false} } host=app.identifier.test/androidx.test.core.app.InstrumentationActivityInvoker$EmptyActivity from=android.view.ViewRootImpl.relayoutWindow:9802
07-13 08:41:52.030 7499-29118/? I/BaseThreadPoolExecutor: [#CMH#] afterExecute FutureTask
07-13 08:41:52.031 7499-29118/? I/ControllerEventHandler: [#CMH#] Alive Privacy Ignored Policy Called:  false
07-13 08:41:52.031 7499-7577/? I/ControllerEventHandler: [#CMH#] POI Feature is False 
07-13 08:41:52.031 29070-29070/? I/ViewRootImpl@ed7cbfc[InstrumentationActivityInvoker$EmptyActivity]: updateBlastSurfaceIfNeeded mBlastBufferQueue=null isSameSurfaceControl=false
07-13 08:41:52.032 29070-29070/? I/BLASTBufferQueue: new BLASTBufferQueue, mName= ViewRootImpl@ed7cbfc[InstrumentationActivityInvoker$EmptyActivity] mNativeObject= 0xe92c5a00 sc.mNativeObject= 0xe94d8830 caller= android.view.ViewRootImpl.updateBlastSurfaceIfNeeded:2909 android.view.ViewRootImpl.relayoutWindow:9847 android.view.ViewRootImpl.performTraversals:3884 android.view.ViewRootImpl.doTraversal:3116 android.view.ViewRootImpl$TraversalRunnable.run:10885 android.view.Choreographer$CallbackRecord.run:1301 android.view.Choreographer$CallbackRecord.run:1309 android.view.Choreographer.doCallbacks:923 android.view.Choreographer.doFrame:852 android.view.Choreographer$FrameDisplayEventReceiver.run:1283 
07-13 08:41:52.033 29070-29070/? I/BLASTBufferQueue: update, w= 1080 h= 2408 mName = ViewRootImpl@ed7cbfc[InstrumentationActivityInvoker$EmptyActivity] mNativeObject= 0xe92c5a00 sc.mNativeObject= 0xe94d8830 format= -1 caller= android.graphics.BLASTBufferQueue.<init>:84 android.view.ViewRootImpl.updateBlastSurfaceIfNeeded:2909 android.view.ViewRootImpl.relayoutWindow:9847 android.view.ViewRootImpl.performTraversals:3884 android.view.ViewRootImpl.doTraversal:3116 android.view.ViewRootImpl$TraversalRunnable.run:10885 
07-13 08:41:52.034 29070-29070/? I/ViewRootImpl@ed7cbfc[InstrumentationActivityInvoker$EmptyActivity]: Relayout returned: old=(0,0,1080,2408) new=(0,0,1080,2408) req=(1080,2408)0 dur=22 res=0x3 s={true 0xe8354c00} ch=true seqId=0
07-13 08:41:52.037 29070-29070/? I/ViewRootImpl@ed7cbfc[InstrumentationActivityInvoker$EmptyActivity]: mThreadedRenderer.initialize() mSurface={isValid=true 0xe8354c00} hwInitialized=true
07-13 08:41:52.037 29070-29125/? D/OpenGLRenderer: eglCreateWindowSurface
07-13 08:41:52.041 29070-29070/? I/ViewRootImpl@ed7cbfc[InstrumentationActivityInvoker$EmptyActivity]: reportNextDraw android.view.ViewRootImpl.performTraversals:4438 android.view.ViewRootImpl.doTraversal:3116 android.view.ViewRootImpl$TraversalRunnable.run:10885 android.view.Choreographer$CallbackRecord.run:1301 android.view.Choreographer$CallbackRecord.run:1309 
07-13 08:41:52.042 29070-29070/? I/ViewRootImpl@ed7cbfc[InstrumentationActivityInvoker$EmptyActivity]: Setup new sync id=0
07-13 08:41:52.042 29070-29070/? I/ViewRootImpl@ed7cbfc[InstrumentationActivityInvoker$EmptyActivity]: Setting syncFrameCallback
07-13 08:41:52.042 29070-29070/? I/ViewRootImpl@ed7cbfc[InstrumentationActivityInvoker$EmptyActivity]: registerCallbacksForSync syncBuffer=false
07-13 08:41:52.043 916-916/? D/SurfaceFlinger: Display 0 HWC layers:
07-13 08:41:52.043 916-916/? D/SurfaceFlinger:      DEVICE | 0xf3ff2980 | 0102 | RGBA_8888    |    0.0    0.0 1080.0 2408.0 |    0    0 1080 2408 | app.identifier/app.identifier.MainActivity$_29469#1060
07-13 08:41:52.043 916-916/? D/SurfaceFlinger:      DEVICE | 0xf3201280 | 0100 | RGBA_8888    |    0.0    0.0 1080.0   70.0 |    0    0 1080   70 | StatusBar$_1853#98
07-13 08:41:52.043 916-916/? D/SurfaceFlinger:      DEVICE | 0xf3200200 | 0100 | RGBA_8888    |    0.0    0.0 1080.0  135.0 |    0 2273 1080 2408 | NavigationBar0$_1853#92
07-13 08:41:52.043 916-916/? D/SurfaceFlinger:      DEVICE | 0xf3200e00 | 0108 | RGBA_8888    |    0.0    0.0 1080.0 2408.0 |    0    0 1080 2408 | $_1853#94
07-13 08:41:52.047 29070-29200/? I/ViewRootImpl@ed7cbfc[InstrumentationActivityInvoker$EmptyActivity]: Received frameDrawingCallback syncResult=0 frameNum=1.
07-13 08:41:52.047 29070-29200/? I/ViewRootImpl@ed7cbfc[InstrumentationActivityInvoker$EmptyActivity]: Setting up sync and frameCommitCallback
07-13 08:41:52.050 29070-29125/? I/BLASTBufferQueue: [ViewRootImpl@ed7cbfc[InstrumentationActivityInvoker$EmptyActivity]#4](f:0,a:0) onFrameAvailable the first frame is available
07-13 08:41:52.052 29070-29125/? I/ViewRootImpl@ed7cbfc[InstrumentationActivityInvoker$EmptyActivity]: Received frameCommittedCallback lastAttemptedDrawFrameNum=1 didProduceBuffer=true
07-13 08:41:52.053 29070-29125/? D/OpenGLRenderer: CFMS:: SetUp Pid : 29070    Tid : 29125
07-13 08:41:52.055 29070-29070/? I/ViewRootImpl@ed7cbfc[InstrumentationActivityInvoker$EmptyActivity]: onSyncComplete
07-13 08:41:52.056 29070-29070/? I/ViewRootImpl@ed7cbfc[InstrumentationActivityInvoker$EmptyActivity]: setupSync seqId=0 mSyncId=0 fn=1 caller=android.view.ViewRootImpl$$ExternalSyntheticLambda11.accept:6 android.window.SurfaceSyncer.lambda$setupSync$1$android-window-SurfaceSyncer:128 android.window.SurfaceSyncer$$ExternalSyntheticLambda1.accept:8 android.window.SurfaceSyncer$SyncSet.checkIfSyncIsComplete:382 android.window.SurfaceSyncer$SyncSet.markSyncReady:359 android.window.SurfaceSyncer.markSyncReady:151 android.view.ViewRootImpl.performTraversals:4503 
07-13 08:41:52.056 29070-29070/? I/ViewRootImpl@ed7cbfc[InstrumentationActivityInvoker$EmptyActivity]: reportDrawFinished seqId=0 mSyncId=-1 fn=1 mSurfaceChangedTransaction=0xe53795e0
07-13 08:41:52.057 916-916/? I/Layer: id=1061 removeFromCurrentState Surface(name=f0b3b0b StatusBar)/@0x2f140cf - animation-leash of insets_animation#1061 (115)
07-13 08:41:52.057 916-916/? I/Layer: id=1066 removeFromCurrentState Surface(name=593fd37 NavigationBar0)/@0x2904048 - animation-leash of insets_animation#1066 (115)
07-13 08:41:52.057 1212-4491/? D/WindowManager: finishDrawingWindow: Window{dcf99af u0 app.identifier.test/androidx.test.core.app.InstrumentationActivityInvoker$EmptyActivity} mDrawState=DRAW_PENDING seqId=0
07-13 08:41:52.057 916-916/? D/SurfaceFlinger: [input] inputWindowCommands.focusRequests size is 1
07-13 08:41:52.057 916-916/? I/SurfaceFlinger: id=1061 Removed Surface(name=f0b3b0b StatusBar)/@0x2f140cf - animation-leash of insets_animation#1061 (115)
07-13 08:41:52.057 916-916/? I/SurfaceFlinger: id=1066 Removed Surface(name=593fd37 NavigationBar0)/@0x2904048 - animation-leash of insets_animation#1066 (115)
07-13 08:41:52.057 916-916/? I/Layer: id=1061 Destroyed Surface(name=f0b3b0b StatusBar)/@0x2f140cf - animation-leash of insets_animation#1061
07-13 08:41:52.058 916-916/? I/Layer: id=1066 Destroyed Surface(name=593fd37 NavigationBar0)/@0x2904048 - animation-leash of insets_animation#1066
07-13 08:41:52.058 916-1034/? D/SurfaceFlinger: [input] setFocusedWindow: dcf99af app.identifier.test/androidx.test.core.app.InstrumentationActivityInvoker$EmptyActi
07-13 08:41:52.058 916-1034/? D/SurfaceFlinger: vity
07-13 08:41:52.059 1212-2632/? D/InputDispatcher: Focus request (0): dcf99af app.identifier.test/androidx.test.core.app.InstrumentationActivityInvoker$EmptyActivity but waiting because NOT_VISIBLE
07-13 08:41:52.060 1212-1242/? D/ActivityTaskManager: mStartingWindow and mStartingData is null for token=ActivityRecord{f0b3151 u0 app.identifier.test/androidx.test.core.app.InstrumentationActivityInvoker$EmptyActivity} t212}
07-13 08:41:52.060 1212-1242/? D/WindowManager: performShow logReadyForDisplay win=Window{dcf99af u0 app.identifier.test/androidx.test.core.app.InstrumentationActivityInvoker$EmptyActivity} mToken.waitingToShow:true isTransitionSet:true
07-13 08:41:52.061 916-916/? D/SurfaceFlinger: Display 0 HWC layers:
07-13 08:41:52.061 916-916/? D/SurfaceFlinger:      DEVICE | 0xf3ff2980 | 0102 | RGBA_8888    |    0.0    0.0 1080.0 2408.0 |    0    0 1080 2408 | app.identifier/app.identifier.MainActivity$_29469#1060
07-13 08:41:52.061 916-916/? D/SurfaceFlinger:      DEVICE | 0xf3201280 | 0100 | RGBA_8888    |    0.0    0.0 1080.0   70.0 |    0    0 1080   70 | StatusBar$_1853#98
07-13 08:41:52.061 916-916/? D/SurfaceFlinger:      DEVICE | 0xf3200200 | 0100 | RGBA_8888    |    0.0    0.0 1080.0  135.0 |    0 2273 1080 2408 | NavigationBar0$_1853#92
07-13 08:41:52.061 916-916/? D/SurfaceFlinger:      DEVICE | 0xf3200e00 | 0108 | RGBA_8888    |    0.0    0.0 1080.0 2408.0 |    0    0 1080 2408 | $_1853#94
07-13 08:41:52.065 1212-2149/? D/MdnieScenarioControlService:  packageName : app.identifier.test    className : androidx.test.core.app.InstrumentationActivityInvoker$EmptyActivity
07-13 08:41:52.065 1212-2149/? V/MdnieScenarioControlService: setUIMode from UI function(3)
07-13 08:41:52.066 1212-1241/? D/SGM:FgCheckThread: notePauseComponent(), received pkgName: app.identifier.test, userId: 0
07-13 08:41:52.067 1212-2632/? W/WindowManager: Prepare app transition: mNextAppTransitionRequests=[TRANSIT_OPEN, TRANSIT_OPEN, TRANSIT_OPEN, TRANSIT_OPEN], mNextAppTransitionFlags=, displayId: 0 Callers=com.android.server.wm.DisplayContent.prepareAppTransition:6487 com.android.server.wm.TaskFragment.resumeTopActivity:1573 com.android.server.wm.TaskFragment.resumeTopActivity:1307 com.android.server.wm.Task.resumeTopActivityInnerLocked:6449 com.android.server.wm.Task.resumeTopActivityUncheckedLocked:6350 
07-13 08:41:52.067 1212-2632/? W/ActivityTaskManager: Tried to set launchTime (0) < mLastActivityLaunchTime (1645257)
07-13 08:41:52.068 1212-2632/? D/WindowManagerServiceExt: notifyOccludeChangeNotice: cn=ComponentInfo{app.identifier.test/androidx.test.core.app.InstrumentationActivityInvoker$EmptyActivity} occludesParent=true inMultiWindow=false styleFloating=false caller=com.android.server.wm.WindowManagerServiceExt.updateOccludeTargetIfNeeded:1402 com.android.server.wm.DisplayContent.ensureActivitiesVisible:7526 com.android.server.wm.RootWindowContainer.ensureActivitiesVisible:2248 com.android.server.wm.RootWindowContainer.ensureVisibilityAndConfig:2126 com.android.server.wm.ActivityTaskSupervisor.realStartActivityLocked:913 
07-13 08:41:52.068 1212-2632/? V/WindowManager: rotationForOrientation(orient=SCREEN_ORIENTATION_UNSPECIFIED (-1), last=ROTATION_0 (0)); user=ROTATION_0 (0) USER_ROTATION_LOCKED
07-13 08:41:52.068 1212-2632/? D/WindowManager: rotationForOrientation, orientationSource=ActivityRecord{8d30fa7 u0 app.identifier.test/androidx.test.core.app.InstrumentationActivityInvoker$EmptyActivity} t212}
07-13 08:41:52.069 1212-2632/? V/WindowManager: rotationForOrientation(orient=SCREEN_ORIENTATION_UNSPECIFIED (-1), last=ROTATION_0 (0)); user=ROTATION_0 (0) USER_ROTATION_LOCKED
07-13 08:41:52.069 1212-2632/? D/WindowManager: rotationForOrientation, orientationSource=ActivityRecord{8d30fa7 u0 app.identifier.test/androidx.test.core.app.InstrumentationActivityInvoker$EmptyActivity} t212}
07-13 08:41:52.069 1212-2632/? V/WindowManager: Computed rotation=ROTATION_0 (0) for display id=0 based on lastOrientation=SCREEN_ORIENTATION_UNSPECIFIED (-1) and oldRotation=ROTATION_0 (0), caller=com.android.server.wm.DisplayRotation.updateOrientation:414 com.android.server.wm.DisplayContent.updateOrientation:1990 com.android.server.wm.DisplayContent.updateOrientation:1891 com.android.server.wm.RootWindowContainer.ensureVisibilityAndConfig:2139 com.android.server.wm.ActivityTaskSupervisor.realStartActivityLocked:913 com.android.server.wm.ActivityTaskSupervisor.startSpecificActivity:1225 
07-13 08:41:52.070 1212-2632/? D/TspStateManager: updateCustomValue customSetting=
07-13 08:41:52.070 1212-2632/? V/WindowManager: rotationForOrientation(orient=SCREEN_ORIENTATION_UNSPECIFIED (-1), last=ROTATION_0 (0)); user=ROTATION_0 (0) USER_ROTATION_LOCKED
07-13 08:41:52.070 1212-2632/? D/WindowManager: rotationForOrientation, orientationSource=ActivityRecord{8d30fa7 u0 app.identifier.test/androidx.test.core.app.InstrumentationActivityInvoker$EmptyActivity} t212}
07-13 08:41:52.071 1212-2632/? D/TspStateManager: updateCustomValue customSetting=
07-13 08:41:52.072 1212-2632/? D/SGM:PkgDataHelper: notifyAppCreate(), pkgName: app.identifier.test, userId: 0, sendRet: true
07-13 08:41:52.072 1212-1407/? D/SGM:FgCheckThread: onLooperPrepared(), msg: MSG_APP_CREATE, pkgName: app.identifier.test, userId: 0
07-13 08:41:52.073 1212-2632/? D/ActivityTaskManager: scheduleTopResumedActivityChanged, onTop=true r=ActivityRecord{8d30fa7 u0 app.identifier.test/androidx.test.core.app.InstrumentationActivityInvoker$EmptyActivity} t212} caller=com.android.server.wm.ActivityTaskSupervisor.scheduleTopResumedActivityStateIfNeeded:2533 com.android.server.wm.ActivityTaskSupervisor.updateTopResumedActivityIfNeeded:2525 com.android.server.wm.TaskFragment.setResumedActivity:493 com.android.server.wm.TaskFragment.onActivityStateChanged:805 com.android.server.wm.ActivityRecord.setState:6400 com.android.server.wm.Task.minimalResumeActivityLocked:6153 
07-13 08:41:52.073 1212-2632/? D/InputDispatcher: Focused application(0): ActivityRecord{8d30fa7 u0 app.identifier.test/androidx.test.core.app.InstrumentationActivityInvoker$EmptyActivity} t212}
07-13 08:41:52.075 1212-2632/? V/WindowManager: Changing focus from Window{dcf99af u0 app.identifier.test/androidx.test.core.app.InstrumentationActivityInvoker$EmptyActivity} to null displayId=0 Callers=com.android.server.wm.RootWindowContainer.updateFocusedWindowLocked:595 com.android.server.wm.WindowManagerService.updateFocusedWindowLocked:6803 com.android.server.wm.ActivityTaskManagerService.setResumedActivityUncheckLocked:5755 com.android.server.wm.TaskFragment.onActivityStateChanged:807 
07-13 08:41:52.075 1212-2632/? I/WindowManager: Cancelling animation restarting=true, leash=Surface(name=Surface(name=f0b3b0b StatusBar)/@0x2f140cf - animation-leash of insets_animation)/@0xa3f16f9
07-13 08:41:52.075 1212-2632/? I/WindowManager: Reparenting to original parent: Surface(name=WindowToken{c0ada type=2000 android.os.BinderProxy@4afadfc})/@0x191da5c, destroy=false, surface=Surface(name=f0b3b0b StatusBar)/@0x2f140cf
07-13 08:41:52.075 1212-2632/? I/WindowManager: Reparenting to leash, surface=Surface(name=f0b3b0b StatusBar)/@0x2f140cf, leashParent=Surface(name=WindowToken{c0ada type=2000 android.os.BinderProxy@4afadfc})/@0x191da5c
07-13 08:41:52.075 916-1440/? I/SurfaceFlinger: id=1073 createSurf flag=24000, Surface(name=f0b3b0b StatusBar)/@0x2f140cf - animation-leash of insets_animation#1073
07-13 08:41:52.076 1212-2632/? D/WindowManager: makeSurface duration=1 leash=Surface(name=Surface(name=f0b3b0b StatusBar)/@0x2f140cf - animation-leash of insets_animation)/@0xd116f16
07-13 08:41:52.076 1212-2632/? I/WindowManager: Cancelling animation restarting=true, leash=Surface(name=Surface(name=593fd37 NavigationBar0)/@0x2904048 - animation-leash of insets_animation)/@0x21341ec
07-13 08:41:52.076 1212-2632/? I/WindowManager: Reparenting to original parent: Surface(name=WindowToken{130565b type=2019 android.os.BinderProxy@5f5be0c})/@0xab17ee1, destroy=false, surface=Surface(name=593fd37 NavigationBar0)/@0x2904048
07-13 08:41:52.076 1212-2632/? I/WindowManager: Reparenting to leash, surface=Surface(name=593fd37 NavigationBar0)/@0x2904048, leashParent=Surface(name=WindowToken{130565b type=2019 android.os.BinderProxy@5f5be0c})/@0xab17ee1
07-13 08:41:52.077 916-1440/? I/SurfaceFlinger: id=1074 createSurf flag=24000, Surface(name=593fd37 NavigationBar0)/@0x2904048 - animation-leash of insets_animation#1074
07-13 08:41:52.077 1212-2632/? D/WindowManager: makeSurface duration=1 leash=Surface(name=Surface(name=593fd37 NavigationBar0)/@0x2904048 - animation-leash of insets_animation)/@0x4c1e284
07-13 08:41:52.078 1212-2632/? D/WindowManager: updateSystemBarAttributes: displayId=0, win=Window{1cce8fc u0 app.identifier/app.identifier.MainActivity}, navColorWin=Window{1cce8fc u0 app.identifier/app.identifier.MainActivity}, focusedCanBeNavColorWin=false, behavior=1, appearance=0, statusBarAppearanceRegions=[AppearanceRegion{ bounds=[0,0][1080,2408]}], requestedVisibilities=ITYPE_IME: invisible, from=com.android.server.wm.DisplayPolicy.focusChangedLw:3245 com.android.server.wm.DisplayContent.updateFocusedWindowLocked:4632 com.android.server.wm.RootWindowContainer.updateFocusedWindowLocked:595 
07-13 08:41:52.078 1212-2632/? D/StatusBarManagerService: notifyRequestedSystemKey recent=false home=false
07-13 08:41:52.080 1212-2632/? W/WindowManager: Execute app transition: mNextAppTransitionRequests=[TRANSIT_OPEN, TRANSIT_OPEN, TRANSIT_OPEN, TRANSIT_OPEN], mNextAppTransitionFlags=, displayId: 0 Callers=com.android.server.wm.RootWindowContainer.executeAppTransitionForAllDisplay:2580 com.android.server.wm.ActivityTaskSupervisor.reportResumedActivityLocked:2285 com.android.server.wm.ActivityRecord.completeResumeLocked:6981 com.android.server.wm.Task.minimalResumeActivityLocked:6154 com.android.server.wm.ActivityTaskSupervisor.realStartActivityLocked:1135 
07-13 08:41:52.081 1212-2632/? D/ActivityTaskManager: mStartingWindow and mStartingData is null for token=ActivityRecord{f0b3151 u0 app.identifier.test/androidx.test.core.app.InstrumentationActivityInvoker$EmptyActivity} t212}
07-13 08:41:52.083 1212-1242/? D/ActivityTaskManager: mStartingWindow and mStartingData is null for token=ActivityRecord{f0b3151 u0 app.identifier.test/androidx.test.core.app.InstrumentationActivityInvoker$EmptyActivity} t212}
07-13 08:41:52.084 1212-1242/? D/ActivityTaskManager: mStartingWindow and mStartingData is null for token=ActivityRecord{f0b3151 u0 app.identifier.test/androidx.test.core.app.InstrumentationActivityInvoker$EmptyActivity} t212}
07-13 08:41:52.086 1212-1242/? D/ActivityTaskManager: mStartingWindow and mStartingData is null for token=ActivityRecord{f0b3151 u0 app.identifier.test/androidx.test.core.app.InstrumentationActivityInvoker$EmptyActivity} t212}
07-13 08:41:52.088 1212-2635/? I/MediaSessionMonitor: Media session stopped : controllerList empty
07-13 08:41:52.088 1212-1241/? D/SGM:FgCheckThread: noteResumeComponent(), received pkgName: app.identifier.test, userId: 0
07-13 08:41:52.088 1212-1241/? I/GameSDK@LifeCycle: noteResumeComponent(): package name  : app.identifier.test
07-13 08:41:52.088 1212-1407/? D/SGM:FgCheckThread: onLooperPrepared(), msg: MSG_APP_RESUME, pkgName: app.identifier.test, userid: 0
07-13 08:41:52.088 1212-1407/? D/SGM:FgCheckThread: handleResume().
07-13 08:41:52.089 1212-1407/? D/SGM:FgCheckThread: sendFocusOutConditionally() - mPrevNotiPkg: (unknown), userId: 0
07-13 08:41:52.089 1212-1407/? D/SGM:FgCheckThread:   handleResume(). pkgName: app.identifier.test, userId: 0, isTunableApp: null
07-13 08:41:52.089 1212-1407/? D/SGM:FgCheckThread: notifyFocusInOut(). of pkg: app.identifier.test, type: 4, isTunableApp: false, userId: 0
07-13 08:41:52.089 1212-1407/? D/SGM:FgCheckThread:   notifyFocusInOut(). unexpected mPrevNotiType: -1
07-13 08:41:52.089 1212-1407/? D/SGM:SystemHelper: callReleaseBlock needReleaseBlock:false
07-13 08:41:52.090 916-916/? I/Layer: id=1071 removeFromCurrentState Surface(name=f0b3b0b StatusBar)/@0x2f140cf - animation-leash of insets_animation#1071 (115)
07-13 08:41:52.090 1212-1241/? I/ActivityManager: updateOomAdj start time is before than pendingPid added, don't delete it
07-13 08:41:52.090 916-916/? I/Layer: id=1072 removeFromCurrentState Surface(name=593fd37 NavigationBar0)/@0x2904048 - animation-leash of insets_animation#1072 (115)
07-13 08:41:52.091 916-916/? D/SurfaceFlinger: [input] inputWindowCommands.focusRequests size is 1
07-13 08:41:52.091 1212-1242/? D/ActivityTaskManager: mStartingWindow and mStartingData is null for token=ActivityRecord{f0b3151 u0 app.identifier.test/androidx.test.core.app.InstrumentationActivityInvoker$EmptyActivity} t212}
07-13 08:41:52.092 916-1034/? D/SurfaceFlinger: [input] setFocusedWindow: <null>
07-13 08:41:52.093 1212-1248/? W/UsageStatsService: Unexpected activity event reported! (app.identifier.test/androidx.test.core.app.InstrumentationActivityInvoker$BootstrapActivity event : 23 instanceId : 262205508)
07-13 08:41:52.093 916-937/? I/SurfaceFlinger: id=1056 Removed 4dcdaf1 ActivityRecordInputSink app.identifier.test/androidx.test.core.app.InstrumentationActivityInvoker$BootstrapActivity#1056 (115)
07-13 08:41:52.094 916-916/? D/SurfaceFlinger: Display 0 HWC layers:
07-13 08:41:52.094 916-916/? D/SurfaceFlinger:      DEVICE | 0xf3ff2980 | 0102 | RGBA_8888    |    0.0    0.0 1080.0 2408.0 |    0    0 1080 2408 | app.identifier/app.identifier.MainActivity$_29469#1060
07-13 08:41:52.094 916-916/? D/SurfaceFlinger:      DEVICE | 0xf3201280 | 0100 | RGBA_8888    |    0.0    0.0 1080.0   70.0 |    0    0 1080   70 | StatusBar$_1853#98
07-13 08:41:52.094 916-916/? D/SurfaceFlinger:      DEVICE | 0xf3200200 | 0100 | RGBA_8888    |    0.0    0.0 1080.0  135.0 |    0 2273 1080 2408 | NavigationBar0$_1853#92
07-13 08:41:52.094 916-916/? D/SurfaceFlinger:      DEVICE | 0xf3200e00 | 0108 | RGBA_8888    |    0.0    0.0 1080.0 2408.0 |    0    0 1080 2408 | $_1853#94
07-13 08:41:52.094 1212-2632/? W/WindowManager: Execute app transition: mNextAppTransitionRequests=[TRANSIT_OPEN, TRANSIT_OPEN, TRANSIT_OPEN, TRANSIT_OPEN], mNextAppTransitionFlags=, displayId: 0 Callers=com.android.server.wm.Task.executeAppTransition:7868 com.android.server.wm.RootWindowContainer.lambda$resumeFocusedTasksTopActivities$20:2750 com.android.server.wm.RootWindowContainer.$r8$lambda$T5O2b-2Pin2YrxYnsz1zP_DLpiQ:0 com.android.server.wm.RootWindowContainer$$ExternalSyntheticLambda17.accept:13 com.android.server.wm.Task.forAllRootTasks:4095 
07-13 08:41:52.095 1212-2632/? W/WindowManager: Execute app transition: mNextAppTransitionRequests=[TRANSIT_OPEN, TRANSIT_OPEN, TRANSIT_OPEN, TRANSIT_OPEN], mNextAppTransitionFlags=, displayId: 0 Callers=com.android.server.wm.Task.executeAppTransition:7868 com.android.server.wm.TaskFragment.resumeTopActivity:1354 com.android.server.wm.TaskFragment.resumeTopActivity:1307 com.android.server.wm.Task.resumeTopActivityInnerLocked:6449 com.android.server.wm.Task.resumeTopActivityUncheckedLocked:6350 
07-13 08:41:52.097 1212-1242/? D/ActivityTaskManager: mStartingWindow and mStartingData is null for token=ActivityRecord{f0b3151 u0 app.identifier.test/androidx.test.core.app.InstrumentationActivityInvoker$EmptyActivity} t212}
07-13 08:41:52.107 916-916/? I/Layer: id=1051 removeFromCurrentState ActivityRecord{424d6d6 u0 app.identifier.test/androidx.test.core.app.InstrumentationActivityInvoker$BootstrapActivity} t212}#1051 (115)
07-13 08:41:52.107 916-916/? I/Layer: id=1056 removeFromCurrentState 4dcdaf1 ActivityRecordInputSink app.identifier.test/androidx.test.core.app.InstrumentationActivityInvoker$BootstrapActivity#1056 (115)
07-13 08:41:52.107 916-916/? I/SurfaceFlinger: id=1051 Removed ActivityRecord{424d6d6 u0 app.identifier.test/androidx.test.core.app.InstrumentationActivityInvoker$BootstrapActivity} t212}#1051 (115)
07-13 08:41:52.107 916-916/? I/Layer: id=1051 Destroyed ActivityRecord{424d6d6 u0 app.identifier.test/androidx.test.core.app.InstrumentationActivityInvoker$BootstrapActivity} t212}#1051
07-13 08:41:52.107 916-916/? I/Layer: id=1056 Destroyed 4dcdaf1 ActivityRecordInputSink app.identifier.test/androidx.test.core.app.InstrumentationActivityInvoker$BootstrapActivity#1056
07-13 08:41:52.108 1212-1242/? D/ActivityTaskManager: mStartingWindow and mStartingData is null for token=ActivityRecord{f0b3151 u0 app.identifier.test/androidx.test.core.app.InstrumentationActivityInvoker$EmptyActivity} t212}
07-13 08:41:52.111 916-916/? D/SurfaceFlinger: Display 0 HWC layers:
07-13 08:41:52.111 916-916/? D/SurfaceFlinger:      DEVICE | 0xf3ff2980 | 0102 | RGBA_8888    |    0.0    0.0 1080.0 2408.0 |    0    0 1080 2408 | app.identifier/app.identifier.MainActivity$_29469#1060
07-13 08:41:52.111 916-916/? D/SurfaceFlinger:      DEVICE | 0xf3201280 | 0100 | RGBA_8888    |    0.0    0.0 1080.0   70.0 |    0    0 1080   70 | StatusBar$_1853#98
07-13 08:41:52.111 916-916/? D/SurfaceFlinger:      DEVICE | 0xf3200200 | 0100 | RGBA_8888    |    0.0    0.0 1080.0  135.0 |    0 2273 1080 2408 | NavigationBar0$_1853#92
07-13 08:41:52.111 916-916/? D/SurfaceFlinger:      DEVICE | 0xf3200e00 | 0108 | RGBA_8888    |    0.0    0.0 1080.0 2408.0 |    0    0 1080 2408 | $_1853#94
07-13 08:41:52.112 29070-29070/? I/DecorView: [INFO] isPopOver=false config=true
07-13 08:41:52.112 29070-29070/? I/DecorView: updateCaptionType: isFloating=false isApplication=true hasWindowDecorCaption=false this=DecorView@e9cac8a[]
07-13 08:41:52.112 29070-29070/? D/DecorView: setCaptionType = 0, this = DecorView@e9cac8a[]
07-13 08:41:52.118 29070-29070/? I/DecorView: getCurrentDensityDpi: from real metrics. densityDpi=450 msg=resources_loaded
07-13 08:41:52.118 29070-29070/? I/DecorView: setWindowBackground: isPopOver=false color=ff010101 d=android.graphics.drawable.StateListDrawable@203b2fb
07-13 08:41:52.123 29070-29070/? I/MSHandlerLifeCycle: check: return. pkg=app.identifier.test parent=null callers=com.android.internal.policy.DecorView.setVisibility:4412 android.app.ActivityThread.handleResumeActivity:5476 android.app.servertransaction.ResumeActivityItem.execute:54 android.app.servertransaction.ActivityTransactionItem.execute:45 android.app.servertransaction.TransactionExecutor.executeLifecycleState:176 
07-13 08:41:52.123 29070-29070/? I/MSHandlerLifeCycle: removeMultiSplitHandler: no 
07-13 08:41:52.123 29070-29070/? I/MSHandlerLifeCycle: exist. decor=DecorView@e9cac8a[]
07-13 08:41:52.124 1212-2632/? W/ActivityTaskManager: Duplicate finish request for r=ActivityRecord{138428 u0 app.identifier/.MainActivity} t212 f}}
07-13 08:41:52.128 29070-29125/? D/NativeCustomFrequencyManager: [NativeCFMS] BpCustomFrequencyManager::BpCustomFrequencyManager()
07-13 08:41:52.131 1212-2632/? D/InputTransport: Input channel constructed: '43b9b8f', fd=899
07-13 08:41:52.131 1212-2632/? D/InputTransport: Input channel constructed: '43b9b8f', fd=904
07-13 08:41:52.131 1212-2632/? D/InputTransport: Input channel constructed: '43b9b8f', fd=907
07-13 08:41:52.132 916-1440/? I/SurfaceFlinger: id=1075 createSurf flag=80004, 43b9b8f app.identifier.test/androidx.test.core.app.InstrumentationActivityInvoker$EmptyActivity#1075
07-13 08:41:52.132 1212-2632/? D/RestrictionPolicy: isScreenCaptureEnabled : ret=true userId=0
07-13 08:41:52.133 1212-2632/? D/InputTransport: Input channel destroyed: '43b9b8f', fd=907
07-13 08:41:52.136 29070-29070/? D/InsetsController: onStateChanged: InsetsState: {mDisplayFrame=Rect(0, 0 - 1080, 2408), mDisplayCutout=DisplayCutout{insets=Rect(0, 65 - 0, 0) waterfall=Insets{left=0, top=0, right=0, bottom=0} boundingRect={Bounds=[Rect(0, 0 - 0, 0), Rect(454, 0 - 626, 65), Rect(0, 0 - 0, 0), Rect(0, 0 - 0, 0)]} cutoutPathParserInfo={CutoutPathParserInfo{displayWidth=1080 displayHeight=2408 physicalDisplayWidth=1080 physicalDisplayHeight=2408 density={2.8125} cutoutSpec={M 0,0 H -30.57777777777778 V 23.11111111111111 H 30.57777777777778 V 0 H 0 Z @dp} rotation={0} scale={1.0} physicalPixelDisplaySizeRatio={1.0}}}}, mRoundedCorners=RoundedCorners{[RoundedCorner{position=TopLeft, radius=90, center=Point(90, 90)}, RoundedCorner{position=TopRight, radius=90, center=Point(990, 90)}, RoundedCorner{position=BottomRight, radius=90, center=Point(990, 2318)}, RoundedCorner{position=BottomLeft, radius=90, center=Point(90, 2318)}]}  mRoundedCornerFrame=Rect(0, 0 - 1080, 2408), mPrivacyIndicatorBounds=PrivacyIndicatorBounds {static bounds=Rect(956, 0 - 1080, 70) rotation=0}, mSources= { InsetsSource: {mType=ITYPE_STATUS_BAR, mFrame=[0,0][1080,70], mVisible=true, mInsetsRoundedCornerFrame=false}, InsetsSource: {mType=ITYPE_NAVIGATION_BAR, mFrame=[0,2273][1080,2408], mVisible=true, mInsetsRoundedCornerFrame=false}, InsetsSource: {mType=ITYPE_LEFT_GESTURES, mFrame=[0,0][0,2408], mVisible=true, mInsetsRoundedCornerFrame=false}, InsetsSource: {mType=ITYPE_RIGHT_GESTURES, mFrame=[1080,0][1080,2408], mVisible=true, mInsetsRoundedCornerFrame=false}, InsetsSource: {mType=ITYPE_TOP_MANDATORY_GESTURES, mFrame=[0,0][1080,99], mVisible=true, mInsetsRoundedCornerFrame=false}, InsetsSource: {mType=ITYPE_BOTTOM_MANDATORY_GESTURES, mFrame=[0,2273][1080,2408], mVisible=true, mInsetsRoundedCornerFrame=false}, InsetsSource: {mType=ITYPE_LEFT_DISPLAY_CUTOUT, mFrame=[0,0][-100000,2408], mVisible=true, mInsetsRoundedCornerFrame=false}, InsetsSource: {mType=ITYPE_TOP_DISPLAY_CUTOUT, mFrame=[0,0][1080,65], mVisible=true, mInsetsRou
07-13 08:41:52.136 29070-29070/? D/InsetsController: ndedCornerFrame=false}, InsetsSource: {mType=ITYPE_RIGHT_DISPLAY_CUTOUT, mFrame=[100000,0][1080,2408], mVisible=true, mInsetsRoundedCornerFrame=false}, InsetsSource: {mType=ITYPE_BOTTOM_DISPLAY_CUTOUT, mFrame=[0,100000][1080,2408], mVisible=true, mInsetsRoundedCornerFrame=false}, InsetsSource: {mType=ITYPE_TOP_TAPPABLE_ELEMENT, mFrame=[0,0][1080,70], mVisible=true, mInsetsRoundedCornerFrame=false}, InsetsSource: {mType=ITYPE_BOTTOM_TAPPABLE_ELEMENT, mFrame=[0,2273][1080,2408], mVisible=true, mInsetsRoundedCornerFrame=false} } host=app.identifier.test/androidx.test.core.app.InstrumentationActivityInvoker$EmptyActivity from=android.view.ViewRootImpl.setView:1732
07-13 08:41:52.138 1212-2632/? D/CoreBackPreview: Window{43b9b8f u0 app.identifier.test/androidx.test.core.app.InstrumentationActivityInvoker$EmptyActivity}: Setting back callback OnBackInvokedCallbackInfo{mCallback=android.window.IOnBackInvokedCallback$Stub$Proxy@a60ea25, mPriority=0}
07-13 08:41:52.141 29070-29070/? I/ViewRootImpl@53ddf18[InstrumentationActivityInvoker$EmptyActivity]: setView = com.android.internal.policy.DecorView@e9cac8a TM=true
07-13 08:41:52.141 1212-1242/? D/ActivityTaskManager: mStartingWindow and mStartingData is null for token=ActivityRecord{f0b3151 u0 app.identifier.test/androidx.test.core.app.InstrumentationActivityInvoker$EmptyActivity} t212}
07-13 08:41:52.142 29070-29070/? I/MSHandlerLifeCycle: removeMultiSplitHandler: no exist. decor=DecorView@e9cac8a[InstrumentationActivityInvoker$EmptyActivity]
07-13 08:41:52.143 916-916/? D/SurfaceFlinger: Display 0 HWC layers:
07-13 08:41:52.143 916-916/? D/SurfaceFlinger:      DEVICE | 0xf3ff2980 | 0102 | RGBA_8888    |    0.0    0.0 1080.0 2408.0 |    0    0 1080 2408 | app.identifier/app.identifier.MainActivity$_29469#1060
07-13 08:41:52.143 916-916/? D/SurfaceFlinger:      DEVICE | 0xf3201280 | 0100 | RGBA_8888    |    0.0    0.0 1080.0   70.0 |    0    0 1080   70 | StatusBar$_1853#98
07-13 08:41:52.143 916-916/? D/SurfaceFlinger:      DEVICE | 0xf3200200 | 0100 | RGBA_8888    |    0.0    0.0 1080.0  135.0 |    0 2273 1080 2408 | NavigationBar0$_1853#92
07-13 08:41:52.143 916-916/? D/SurfaceFlinger:      DEVICE | 0xf3200e00 | 0108 | RGBA_8888    |    0.0    0.0 1080.0 2408.0 |    0    0 1080 2408 | $_1853#94
07-13 08:41:52.145 916-1440/? I/SurfaceFlinger: id=1072 Removed Surface(name=593fd37 NavigationBar0)/@0x2904048 - animation-leash of insets_animation#1072 (114)
07-13 08:41:52.145 916-1440/? I/SurfaceFlinger: id=1071 Removed Surface(name=f0b3b0b StatusBar)/@0x2f140cf - animation-leash of insets_animation#1071 (114)
07-13 08:41:52.146 29070-29070/? I/ViewRootImpl@ed7cbfc[InstrumentationActivityInvoker$EmptyActivity]: stopped(true) old = false
07-13 08:41:52.146 29070-29070/? I/ViewRootImpl@ed7cbfc[InstrumentationActivityInvoker$EmptyActivity]: WindowStopped on app.identifier.test/androidx.test.core.app.InstrumentationActivityInvoker$EmptyActivity set to true
07-13 08:41:52.149 29070-29070/? I/MSHandlerLifeCycle: removeMultiSplitHandler: no exist. decor=DecorView@9272dce[InstrumentationActivityInvoker$EmptyActivity]
07-13 08:41:52.151 1212-4350/? W/WindowManager: Execute app transition: mNextAppTransitionRequests=[TRANSIT_OPEN, TRANSIT_OPEN, TRANSIT_OPEN, TRANSIT_OPEN], mNextAppTransitionFlags=, displayId: 0 Callers=com.android.server.wm.Task.executeAppTransition:7868 com.android.server.wm.RootWindowContainer.lambda$resumeFocusedTasksTopActivities$20:2750 com.android.server.wm.RootWindowContainer.$r8$lambda$T5O2b-2Pin2YrxYnsz1zP_DLpiQ:0 com.android.server.wm.RootWindowContainer$$ExternalSyntheticLambda17.accept:13 com.android.server.wm.Task.forAllRootTasks:4095 
07-13 08:41:52.152 1212-4350/? W/WindowManager: Execute app transition: mNextAppTransitionRequests=[TRANSIT_OPEN, TRANSIT_OPEN, TRANSIT_OPEN, TRANSIT_OPEN], mNextAppTransitionFlags=, displayId: 0 Callers=com.android.server.wm.Task.executeAppTransition:7868 com.android.server.wm.TaskFragment.resumeTopActivity:1354 com.android.server.wm.TaskFragment.resumeTopActivity:1307 com.android.server.wm.Task.resumeTopActivityInnerLocked:6449 com.android.server.wm.Task.resumeTopActivityUncheckedLocked:6350 
07-13 08:41:52.153 1212-2632/? V/ActivityManager: >>> EXECUTING unbind of com.google.android.gms/.icing.service.IndexService
07-13 08:41:52.153 1212-2632/? D/ActivityManager: schedule service timeout ProcessRecord{9c5331a 26496:com.google.android.gms/u0a179}
07-13 08:41:52.153 1212-2632/? V/ActivityManager: >>> EXECUTING destroy of com.google.android.gms/.icing.service.IndexService
07-13 08:41:52.154 1212-4350/? D/ActivityTaskManager: mStartingWindow and mStartingData is null for token=ActivityRecord{f0b3151 u0 app.identifier.test/androidx.test.core.app.InstrumentationActivityInvoker$EmptyActivity} t212 f}}
07-13 08:41:52.155 1212-4491/? V/ActivityManager: <<< DONE EXECUTING com.google.android.gms/.icing.service.IndexService
07-13 08:41:52.156 1212-4350/? V/ActivityManager: <<< DONE EXECUTING com.google.android.gms/.icing.service.IndexService
07-13 08:41:52.156 1212-4350/? V/ActivityManager: No more executingServices of com.google.android.gms/.icing.service.IndexService
07-13 08:41:52.157 916-916/? I/Layer: id=1072 Destroyed Surface(name=593fd37 NavigationBar0)/@0x2904048 - animation-leash of insets_animation#1072
07-13 08:41:52.157 916-916/? I/Layer: id=1071 Destroyed Surface(name=f0b3b0b StatusBar)/@0x2f140cf - animation-leash of insets_animation#1071
07-13 08:41:52.158 1212-4491/? D/ActivityTaskManager: scheduleTopResumedActivityChanged, onTop=false r=ActivityRecord{8d30fa7 u0 app.identifier.test/androidx.test.core.app.InstrumentationActivityInvoker$EmptyActivity} t212 f}} caller=com.android.server.wm.ActivityTaskSupervisor.updateTopResumedActivityIfNeeded:2508 com.android.server.wm.TaskDisplayArea.positionChildTaskAt:602 com.android.server.wm.TaskDisplayArea.positionChildAt:537 com.android.server.wm.WindowContainer.positionChildAt:970 com.android.server.wm.Task.positionChildAt:3352 com.android.server.wm.Task.moveToFrontInner:6051 
07-13 08:41:52.158 1212-4491/? D/InputDispatcher: Focused application(0): ActivityRecord{6b6f3a1 u0 com.sec.android.a
07-13 08:41:52.158 1212-4491/? D/InputDispatcher: pp.launcher/.activities.LauncherActivity} t190}
07-13 08:41:52.159 1212-4491/? D/SGM:FgCheckThread: TaskStackListener.onTaskFocusChanged(), taskId=212, focused=false
07-13 08:41:52.159 1212-4491/? D/SGM:FgCheckThread: TaskStackListener.onTaskFocusChanged(), taskId=190, focused=true
07-13 08:41:52.159 1212-4491/? D/SGM:FgCheckThread:   sendRunningComponentFocus(), pkgName: com.sec.android.app.launcher, userId: 0
07-13 08:41:52.160 916-916/? D/SurfaceFlinger: Display 0 HWC layers:
07-13 08:41:52.160 916-916/? D/SurfaceFlinger:      DEVICE | 0xf3ff2980 | 0102 | RGBA_8888    |    0.0    0.0 1080.0 2408.0 |    0    0 1080 2408 | app.identifier/app.identifier.MainActivity$_29469#1060
07-13 08:41:52.160 916-916/? D/SurfaceFlinger:      DEVICE | 0xf3201280 | 0100 | RGBA_8888    |    0.0    0.0 1080.0   70.0 |    0    0 1080   70 | StatusBar$_1853#98
07-13 08:41:52.160 916-916/? D/SurfaceFlinger:      DEVICE | 0xf3200200 | 0100 | RGBA_8888    |    0.0    0.0 1080.0  135.0 |    0 2273 1080 2408 | NavigationBar0$_1853#92
07-13 08:41:52.160 916-916/? D/SurfaceFlinger:      DEVICE | 0xf3200e00 | 0108 | RGBA_8888    |    0.0    0.0 1080.0 2408.0 |    0    0 1080 2408 | $_1853#94
07-13 08:41:52.160 1212-1407/? D/SGM:FgCheckThread: onLooperPrepared(), msg: MSG_TASK_FOCUSED, pkgName: com.sec.android.app.launcher, userId: 0
07-13 08:41:52.160 1212-1407/? D/SGM:FgCheckThread: handleTaskFocused().
07-13 08:41:52.161 1212-1407/? D/SGM:FgCheckThread: sendFocusOutConditionally() - mPrevNotiPkg: (unknown), userId: 0
07-13 08:41:52.161 1212-1407/? D/SGM:FgCheckThread:   handleTaskFocused(), pkgName: com.sec.android.app.launcher, userID:0 mResumedPkgMap does not containsKey.
07-13 08:41:52.161 1212-4491/? W/WindowManager: Prepare app transition: mNextAppTransitionRequests=[TRANSIT_OPEN, TRANSIT_OPEN, TRANSIT_OPEN, TRANSIT_OPEN, TRANSIT_CLOSE], mNextAppTransitionFlags=, displayId: 0 Callers=com.android.server.wm.DisplayContent.prepareAppTransition:6487 com.android.server.wm.DisplayContent.prepareAppTransition:6478 com.android.server.wm.ActivityRecord.finishIfPossible:4145 com.android.server.wm.ActivityClientController.finishActivity:522 android.app.IActivityClientController$Stub.onTransact:711 
07-13 08:41:52.164 1212-4491/? D/ActivityTaskManager: mStartingWindow and mStartingData is null for token=ActivityRecord{f0b3151 u0 app.identifier.test/androidx.test.core.app.InstrumentationActivityInvoker$EmptyActivity} t212 f}}
07-13 08:41:52.166 1212-2149/? V/MdnieScenarioControlService: mAclOffEnabled : false mAclPreviewState : false mAclCompensationState : false
07-13 08:41:52.167 1212-1242/? D/ActivityTaskManager: mStartingWindow and mStartingData is null for token=ActivityRecord{f0b3151 u0 app.identifier.test/androidx.test.core.app.InstrumentationActivityInvoker$EmptyActivity} t212 f}}
07-13 08:41:52.171 2265-2265/? I/TopTaskTracker: onTaskMovedToFront : taskId = 190
07-13 08:41:52.176 916-916/? D/SurfaceFlinger: Display 0 HWC layers:
07-13 08:41:52.176 916-916/? D/SurfaceFlinger:      DEVICE | 0xf3ff2980 | 0102 | RGBA_8888    |    0.0    0.0 1080.0 2408.0 |    0    0 1080 2408 | app.identifier/app.identifier.MainActivity$_29469#1060
07-13 08:41:52.176 916-916/? D/SurfaceFlinger:      DEVICE | 0xf3201280 | 0100 | RGBA_8888    |    0.0    0.0 1080.0   70.0 |    0    0 1080   70 | StatusBar$_1853#98
07-13 08:41:52.176 916-916/? D/SurfaceFlinger:      DEVICE | 0xf3200200 | 0100 | RGBA_8888    |    0.0    0.0 1080.0  135.0 |    0 2273 1080 2408 | NavigationBar0$_1853#92
07-13 08:41:52.176 916-916/? D/SurfaceFlinger:      DEVICE | 0xf3200e00 | 0108 | RGBA_8888    |    0.0    0.0 1080.0 2408.0 |    0    0 1080 2408 | $_1853#94
07-13 08:41:52.178 29070-29070/? I/ViewRootImpl@53ddf18[InstrumentationActivityInvoker$EmptyActivity]: performTraversals params={(0,0)(fillxfill) sim={adjust=pan forwardNavigation} ty=BASE_APPLICATION wanim=0x1030001
07-13 08:41:52.178 29070-29070/? I/ViewRootImpl@53ddf18[InstrumentationActivityInvoker$EmptyActivity]:   fl=1810100
07-13 08:41:52.178 29070-29070/? I/ViewRootImpl@53ddf18[InstrumentationActivityInvoker$EmptyActivity]:   pfl=12020040
07-13 08:41:52.178 29070-29070/? I/ViewRootImpl@53ddf18[InstrumentationActivityInvoker$EmptyActivity]:   bhv=DEFAULT
07-13 08:41:52.178 29070-29070/? I/ViewRootImpl@53ddf18[InstrumentationActivityInvoker$EmptyActivity]:   fitSides= naviIconColor=0}
07-13 08:41:52.182 2265-15480/? I/RecentModel: onTaskStackChangedBackground
07-13 08:41:52.183 29070-29070/? I/ViewRootImpl@53ddf18[InstrumentationActivityInvoker$EmptyActivity]: performTraversals mFirst=true windowShouldResize=true viewVisibilityChanged=false mForceNextWindowRelayout=false params={(0,0)(fillxfill) sim={adjust=pan forwardNavigation} ty=BASE_APPLICATION wanim=0x1030001
07-13 08:41:52.183 29070-29070/? I/ViewRootImpl@53ddf18[InstrumentationActivityInvoker$EmptyActivity]:   fl=1810100
07-13 08:41:52.183 29070-29070/? I/ViewRootImpl@53ddf18[InstrumentationActivityInvoker$EmptyActivity]:   pfl=12020040
07-13 08:41:52.183 29070-29070/? I/ViewRootImpl@53ddf18[InstrumentationActivityInvoker$EmptyActivity]:   bhv=DEFAULT
07-13 08:41:52.183 29070-29070/? I/ViewRootImpl@53ddf18[InstrumentationActivityInvoker$EmptyActivity]:   fitSides= naviIconColor=0}
07-13 08:41:52.183 1212-4491/? V/WindowManager: Relayout Window{43b9b8f u0 app.identifier.test/androidx.test.core.app.InstrumentationActivityInvoker$EmptyActivity}: viewVisibility=0 req=1080x2408 d0
07-13 08:41:52.184 1212-4491/? D/RestrictionPolicy: isScreenCaptureEnabled : ret=true userId=0
07-13 08:41:52.185 916-1072/? I/SurfaceFlinger: id=1076 createSurf flag=40004, app.identifier.test/androidx.test.core.app.InstrumentationActivityInvoker$EmptyActivity$_29070#1076
07-13 08:41:52.185 1212-4491/? D/WindowManager: makeSurface duration=1 name=app.identifier.test/androidx.test.core.app.InstrumentationActivityInvoker$EmptyActivity$_29070
07-13 08:41:52.187 1212-4491/? D/ActivityTaskManager: mStartingWindow and mStartingData is null for token=ActivityRecord{f0b3151 u0 app.identifier.test/androidx.test.core.app.InstrumentationActivityInvoker$EmptyActivity} t212 f}}
07-13 08:41:52.191 1212-4491/? V/WindowManager: Relayout hash=43b9b8f, pid=29070, syncId=-1: mAttrs={(0,0)(fillxfill) sim={adjust=pan forwardNavigation} ty=BASE_APPLICATION wanim=0x1030001
07-13 08:41:52.191 1212-4491/? V/WindowManager:   fl=1810100
07-13 08:41:52.191 1212-4491/? V/WindowManager:   pfl=12020040
07-13 08:41:52.191 1212-4491/? V/WindowManager:   bhv=DEFAULT
07-13 08:41:52.191 1212-4491/? V/WindowManager:   fitSides= naviIconColor=0}
07-13 08:41:52.191 1212-1242/? D/ActivityTaskManager: mStartingWindow and mStartingData is null for token=ActivityRecord{f0b3151 u0 app.identifier.test/androidx.test.core.app.InstrumentationActivityInvoker$EmptyActivity} t212 f}}
07-13 08:41:52.194 916-916/? D/SurfaceFlinger: Display 0 HWC layers:
07-13 08:41:52.194 916-916/? D/SurfaceFlinger:      DEVICE | 0xf3ff2980 | 0102 | RGBA_8888    |    0.0    0.0 1080.0 2408.0 |    0    0 1080 2408 | app.identifier/app.identifier.MainActivity$_29469#1060
07-13 08:41:52.194 916-916/? D/SurfaceFlinger:      DEVICE | 0xf3201280 | 0100 | RGBA_8888    |    0.0    0.0 1080.0   70.0 |    0    0 1080   70 | StatusBar$_1853#98
07-13 08:41:52.194 916-916/? D/SurfaceFlinger:      DEVICE | 0xf3200200 | 0100 | RGBA_8888    |    0.0    0.0 1080.0  135.0 |    0 2273 1080 2408 | NavigationBar0$_1853#92
07-13 08:41:52.194 916-916/? D/SurfaceFlinger:      DEVICE | 0xf3200
07-13 08:41:52.194 916-916/? D/SurfaceFlinger: e00 | 0108 | RGBA_8888    |    0.0    0.0 1080.0 2408.0 |    0    0 1080 2408 | $_1853#94
07-13 08:41:52.195 29070-29070/? I/ViewRootImpl@53ddf18[InstrumentationActivityInvoker$EmptyActivity]: updateBlastSurfaceIfNeeded mBlastBufferQueue=null isSameSurfaceControl=false
07-13 08:41:52.196 29070-29070/? I/BLASTBufferQueue: new BLASTBufferQueue, mName= ViewRootImpl@53ddf18[InstrumentationActivityInvoker$EmptyActivity] mNativeObject= 0xe92c5b80 sc.mNativeObject= 0xe5a87ea0 caller= android.view.ViewRootImpl.updateBlastSurfaceIfNeeded:2909 android.view.ViewRootImpl.relayoutWindow:9847 android.view.ViewRootImpl.performTraversals:3884 android.view.ViewRootImpl.doTraversal:3116 android.view.ViewRootImpl$TraversalRunnable.run:10885 android.view.Choreographer$CallbackRecord.run:1301 android.view.Choreographer$CallbackRecord.run:1309 android.view.Choreographer.doCallbacks:923 android.view.Choreographer.doFrame:852 android.view.Choreographer$FrameDisplayEventReceiver.run:1283 
07-13 08:41:52.197 29070-29070/? I/BLASTBufferQueue: update, w= 1080 h= 2408 mName = ViewRootImpl@53ddf18[InstrumentationActivityInvoker$EmptyActivity] mNativeObject= 0xe92c5b80 sc.mNativeObject= 0xe5a87ea0 format= -1 caller= android.graphics.BLASTBufferQueue.<init>:84 android.view.ViewRootImpl.updateBlastSurfaceIfNeeded:2909 android.view.ViewRootImpl.relayoutWindow:9847 android.view.ViewRootImpl.performTraversals:3884 android.view.ViewRootImpl.doTraversal:3116 android.view.ViewRootImpl$TraversalRunnable.run:10885 
07-13 08:41:52.198 29070-29070/? I/ViewRootImpl@53ddf18[InstrumentationActivityInvoker$EmptyActivity]: Relayout returned: old=(0,0,1080,2408) new=(0,0,1080,2408) req=(1080,2408)0 dur=12 res=0x3 s={true 0xe8356800} ch=true seqId=0
07-13 08:41:52.200 29070-29070/? I/ViewRootImpl@53ddf18[InstrumentationActivityInvoker$EmptyActivity]: mThreadedRenderer.initialize() mSurface={isValid=true 0xe8356800} hwInitialized=true
07-13 08:41:52.200 29070-29125/? D/OpenGLRenderer: eglCreateWindowSurface
07-13 08:41:52.203 29070-29070/? I/ViewRootImpl@53ddf18[InstrumentationActivityInvoker$EmptyActivity]: reportNextDraw android.view.ViewRootImpl.performTraversals:4438 android.view.ViewRootImpl.doTraversal:3116 android.view.ViewRootImpl$TraversalRunnable.run:10885 android.view.Choreographer$CallbackRecord.run:1301 android.view.Choreographer$CallbackRecord.run:1309 
07-13 08:41:52.204 29070-29070/? I/ViewRootImpl@53ddf18[InstrumentationActivityInvoker$EmptyActivity]: Setup new sync id=0
07-13 08:41:52.204 29070-29070/? I/ViewRootImpl@53ddf18[InstrumentationActivityInvoker$EmptyActivity]: Setting syncFrameCallback
07-13 08:41:52.204 29070-29070/? I/ViewRootImpl@53ddf18[InstrumentationActivityInvoker$EmptyActivity]: registerCallbacksForSync syncBuffer=false
07-13 08:41:52.208 29070-29201/? I/ViewRootImpl@53ddf18[InstrumentationActivityInvoker$EmptyActivity]: Received frameDrawingCallback syncResult=0 frameNum=1.
07-13 08:41:52.208 29070-29201/? I/ViewRootImpl@53ddf18[InstrumentationActivityInvoker$EmptyActivity]: Setting up sync and frameCommitCallback
07-13 08:41:52.210 916-916/? D/SurfaceFlinger: Display 0 HWC layers:
