07-13 08:41:50.935 1212-2144/? V/InputMethodManagerService: Client requesting input be shown, flags : 0
07-13 08:41:50.935 4686-4686/? I/HBD: HoneyBoardService [IMI] onStartInput - caller pid : 29469 , caller uid : 10450 
07-13 08:41:50.935 1212-2144/? D/InputMethodManagerService: ACCESS_CONTROL_ENABLED = false, ACCESS_CONTROL_KEYBOARD_BLOCK = true
07-13 08:41:50.935 4686-4686/? I/HBD: j updateConfigs 
07-13 08:41:50.935 4686-4686/? I/HBD: j isEnabledNightMode : true 
07-13 08:41:50.935 4686-4686/? I/HBD: a IC have been binding, RemoteInputConnection{idHash=#ade1a8e} 
07-13 08:41:50.935 1212-2144/? D/InputMethodBindingController: bindCurrentInputMethodService: caller=com.android.server.inputmethod.InputMethodBindingController.bindCurrentInputMethodServiceVisibleConnection:505 com.android.server.inputmethod.InputMethodBindingController.setCurrentMethodVisible:535 com.android.server.inputmethod.InputMethodManagerService.showCurrentInputLocked:4207 com.android.server.inputmethod.InputMethodManagerService.showSoftInput:4086 com.android.internal.view.IInputMethodManager$Stub.onTransact:470 com.android.server.inputmethod.InputMethodManagerService.onTransact:2285 android.os.Binder.execTransactInternal:1316 android.os.Binder.execTransact:1280 <bottom of call stack> <bottom of call stack> 
07-13 08:41:50.935 4686-4686/? I/HBD: h [EditorInputType]setPrivateImeOptionsToTable privateImeOptions ( null )
07-13 08:41:50.935 4686-4686/? I/HBD: b incognitoMode : false 
07-13 08:41:50.936 4686-4686/? I/HBD: a [CPS]isPredictionOnByLanguage :false, isForceOff : false, isPredictionOn : true , isOnPref : true 
07-13 08:41:50.936 4686-4686/? I/HBD: h getDefaultInputRange : UNKNOWN 
07-13 08:41:50.936 4686-4686/? I/HBD: h getDefaultInputRange : UNKNOWN 
07-13 08:41:50.936 4686-4686/? I/HBD: h getDefaultInputRange : UNKNOWN 
07-13 08:41:50.937 4686-4686/? I/HBD: a update cached prediction status : true 
07-13 08:41:50.937 4686-4686/? I/HBD: h getDefaultInputRange : UNKNOWN 
07-13 08:41:50.938 4686-4686/? I/HBD: a currentState : 0 
07-13 08:41:50.938 4686-4686/? I/HBD: a [UpdatePolicy] [post] a: 0 cl: 3276809 kit: [0/0] vt: 0 ir: 1 
07-13 08:41:50.938 4686-4686/? I/HBD: a [NRIC] resetNoResponseState 
07-13 08:41:50.938 4686-4686/? I/HBD: a update cached prediction status : true 
07-13 08:41:50.938 1212-2144/? I/ActivityManager: Changes in 10155 7 to 5, 0 to 15
07-13 08:41:50.939 1212-2144/? I/AppOps: updateUidProcState uid: 10155 procState: 5 capability:15
07-13 08:41:50.939 1212-2144/? I/AppOps: commitUidPendingStateLocked() :: UID - 10155, 600 > 500, 0 > 15
07-13 08:41:50.939 4686-4686/? I/HBD: HoneyBoardService [PF_OP][onStartInput]  4 ms 
07-13 08:41:50.939 1212-2144/? D/InputMethodBindingController: bindCurrentInputMethodServiceVisibleConnection mVisibleBound : true, mVisibleConnection : com.android.server.inputmethod.InputMethodBindingController$1@caa57c2
07-13 08:41:50.939 4686-4686/? I/HBD: HoneyBoardService onViewClicked 
07-13 08:41:50.939 1212-2144/? I/InputMethodManagerService: Calling com.android.server.inputmethod.IInputMethodInvoker@9ca2e0e.showSoftInput(android.os.Binder@a16c02e, 1, null) for reason: SHOW_SOFT_INPUT
07-13 08:41:50.939 4686-4686/? I/HBD: HoneyBoardService [PF_OP][onViewClicked]  0 ms 
07-13 08:41:50.941 4686-4686/? I/InputMethod: showSoftInput(), flags : 1
07-13 08:41:50.941 1212-2144/? I/InputMethodManagerService: isAccessoryKeyboard 0
07-13 08:41:50.941 4686-4686/? I/HBD: HoneyBoardService onEvaluateInputViewShown: true 
07-13 08:41:50.942 1212-2144/? I/InputMethodManagerService: isInputMethodShown: isShown=false
07-13 08:41:50.942 4686-4686/? I/DecorView: notifyKeepScreenOnChanged: keepScreenOn=false
07-13 08:41:50.943 1212-2144/? I/InputMethodManagerService: isAccessoryKeyboard 0
07-13 08:41:50.944 4686-4686/? I/HBD: HoneyBoardService onEvaluateInputViewShown: true 
07-13 08:41:50.944 4686-4686/? I/HBD: HoneyBoardService onStartInputView : restarting=false, client=app.identifier, pid=29469 
07-13 08:41:50.944 4686-5354/? I/SemDvfsHyPerManager: acquire hyper - SKBD_RE_ENTER_SHOW/4686@1, type = -999
07-13 08:41:50.944 859-918/? I/HYPER-HAL: [RequestManager.cpp]acquire(): Acquired ID : 10986329  [4686 / 1]    HINT : KBD_APP_RE_ENTER_VIEW    list : [TIMEOUT / 400] 
07-13 08:41:50.945 4686-4686/? I/HBD: h [EditorInputType]setPrivateImeOptionsToTable privateImeOptions ( null )
07-13 08:41:50.945 4686-4686/? I/HBD: b incognitoMode : false 
07-13 08:41:50.946 4686-4686/? I/HBD: h getDefaultInputRange : UNKNOWN 
07-13 08:41:50.946 4686-4686/? I/HBD: h getDefaultInputRange : UNKNOWN 
07-13 08:41:50.946 4686-4686/? I/HBD: h getDefaultInputRange : UNKNOWN 
07-13 08:41:50.946 4686-4686/? I/HBD: HoneyBoardService onStartInputViewInternal: inputType=0x61, imeOptions=0x6, initialSelStart=0, initialSelEnd=0 
07-13 08:41:50.946 4686-4686/? I/HBD: f applyThemesPolicy 
07-13 08:41:50.946 4686-4686/? I/HBD: e mUsedOpenTheme = false mIsDexDesktopDisplay : false IsRequiredDarkTypeTheme = true night mode : true mIsEnabledHighContrast = false mIsOpenThemeForHoneyBoardInstalled = true mIsWallpaperThemeInstalled = true mIsThemeParkTheme = false
07-13 08:41:50.946 4686-4686/? I/HBD: a theme : HomeThemeLastUsed 
07-13 08:41:50.947 4686-4686/? I/HBD: f update KeyboardTheme themeIndex : 0x 80000000  theme :  Home Theme <open theme>
07-13 08:41:50.947 4686-4686/? I/HBD: a set Theme convertedIndex : 1 
07-13 08:41:50.947 4686-4686/? I/HBD: a onThemeChanged: currTheme = 1, nextTheme = 1 
07-13 08:41:50.947 4686-4686/? I/HBD: d onUpdate: mThemeStyle = 1 
07-13 08:41:50.947 4686-4686/? I/HBD: a updatePredictionStatus : 1, editorOpt 
07-13 08:41:50.947 4686-4686/? I/HBD: a updateForEditorClass isPredictionOn = true 
07-13 08:41:50.948 4686-15860/? I/HBD: l0 EBD tb start :1 
07-13 08:41:50.951 29469-29469/? I/AssistStructure: Flattened final assist data: 1564 bytes, containing 1 windows, 10 views
07-13 08:41:50.952 1212-4286/? D/AutofillSession: createPendingIntent for request 15
07-13 08:41:50.954 1212-1212/? V/ActivityManager: >>> EXECUTING create of com.google.android.gms/.autofill.service.AutofillService
07-13 08:41:50.954 1212-1212/? D/ActivityManager: schedule service timeout ProcessRecord{750093c 2857:com.google.android.gms.persistent/u0a179}
07-13 08:41:50.955 4686-15860/? I/HBD: l0 EBD tb end :1 
07-13 08:41:50.956 1212-1212/? V/ActivityManager: >>> EXECUTING bind of com.google.android.gms/.autofill.service.AutofillService
07-13 08:41:50.960 1212-4286/? V/ActivityManager: <<< DONE EXECUTING com.google.android.gms/.autofill.service.AutofillService
07-13 08:41:50.962 1212-4286/? V/ActivityManager: <<< DONE EXECUTING com.google.android.gms/.autofill.service.AutofillService
07-13 08:41:50.962 1212-4286/? V/ActivityManager: No more executingServices of com.google.android.gms/.autofill.service.AutofillService
07-13 08:41:50.962 4686-4686/? I/HBD: e1 [SCV] (9) 12 5 10 3 1 2 1 1 1 
07-13 08:41:50.963 916-916/? D/SurfaceFlinger: Display 0 HWC layers:
07-13 08:41:50.963 916-916/? D/SurfaceFlinger:      DEVICE | 0xf3ff3d00 | 0102 | RGBA_8888    |    0.0    0.0 1080.0 2408.0 |    0   
07-13 08:41:50.963 916-916/? D/SurfaceFlinger:  0 1080 2408 | app.identifier/app.identifier.MainActivity$_29469#1060
07-13 08:41:50.963 916-916/? D/SurfaceFlinger:      DEVICE | 0xf3201280 | 0100 | RGBA_8888    |    0.0    0.0 1080.0   70.0 |    0    0 1080   70 | StatusBar$_1853#98
07-13 08:41:50.963 916-916/? D/SurfaceFlinger:      DEVICE | 0xf3200c80 | 0100 | RGBA_8888    |    0.0    0.0 1080.0  135.0 |    0 2273 1080 2408 | NavigationBar0$_1853#92
07-13 08:41:50.963 916-916/? D/SurfaceFlinger:      DEVICE | 0xf3200e00 | 0108 | RGBA_8888    |    0.0    0.0 1080.0 2408.0 |    0    0 1080 2408 | $_1853#94
07-13 08:41:50.964 4686-4686/? I/HBD: l0 EBD ssu f 1 
07-13 08:41:50.968 1212-2632/? D/SettingsProvider: isChangeAllowed() : name = enabled_input_methods
07-13 08:41:50.968 4686-4686/? I/HBD: a [UpdatePolicy] [post] a: 1 cl: 3276809 kit: [0/0] vt: 0 ir: 1 
07-13 08:41:50.968 1212-2632/? D/SettingsProvider: edmUri: content://com.sec.knox.provider/RestrictionPolicy3
07-13 08:41:50.968 1212-2632/? D/SettingsProvider: projectionArgs: isSettingsChangesAllowed
07-13 08:41:50.968 1212-2632/? D/SettingsProvider: selectionArgs: false
07-13 08:41:50.968 1212-2632/? D/SettingsProvider: selectionArgs: 10155
07-13 08:41:50.969 1212-2632/? D/SecContentProvider: query(), uri = 17 selection = isSettingsChangesAllowed
07-13 08:41:50.969 1212-2632/? D/SecContentProvider: called from android.uid.honeyboard:10155
07-13 08:41:50.969 1212-2632/? D/RestrictionPolicy: isSettingsChangesAllowedAsUser, userId 0 : true
07-13 08:41:50.969 1212-2632/? D/SettingsProvider: ret = 1
07-13 08:41:50.970 4686-4686/? I/HBD: a update cached prediction status : true 
07-13 08:41:50.972 1212-4491/? D/SettingsProvider: isChangeAllowed() : name = default_input_method
07-13 08:41:50.972 1212-4491/? D/SettingsProvider: edmUri: content://com.sec.knox.provider/RestrictionPolicy3
07-13 08:41:50.972 1212-4491/? D/SettingsProvider: projectionArgs: isSettingsChangesAllowed
07-13 08:41:50.972 1212-4491/? D/SettingsProvider: selectionArgs: false
07-13 08:41:50.972 1212-4491/? D/SettingsProvider: selectionArgs: 10155
07-13 08:41:50.972 1212-4491/? D/SecContentProvider: query(), uri = 17 selection = isSettingsChangesAllowed
07-13 08:41:50.972 1212-4491/? D/SecContentProvider: called from android.uid.honeyboard:10155
07-13 08:41:50.973 1212-4491/? D/RestrictionPolicy: isSettingsChangesAllowedAsUser, userId 0 : true
07-13 08:41:50.973 1212-4491/? D/SettingsProvider: ret = 1
07-13 08:41:50.973 2857-2857/? W/AutofillChimeraService: Pending fill request while another request in the same session was triggered. [CONTEXT service_id=177 ]
07-13 08:41:50.974 4686-5831/? I/HBD: n updated Sub Types. Portuguese 
07-13 08:41:50.974 4686-4686/? I/HBD: a [SKE_TAM] Changed false
07-13 08:41:50.975 4686-4686/? I/HBD: a update cached prediction status : true 
07-13 08:41:50.975 4686-4686/? I/HBD: ::BnR:: d HONEY_SUPPORT_DATA_MIGRATION_FROM_SKBD : true, isMigrateNotNeeded : true, isFinishMigPreferences : false, isPasswordInputType : falseisUserUnlocked : true 
07-13 08:41:50.975 4686-29559/? I/HBD: a refresh(), mParameterMode,  0
07-13 08:41:50.975 4686-4686/? I/HBD: b updateMultiTapTimeValue 
07-13 08:41:50.976 4686-4686/? I/HBD: b getMultiTapTimeoutValue 
07-13 08:41:50.976 4686-4686/? I/HBD: b getSingleVowelMultiTapTimeoutValue 
07-13 08:41:50.976 4686-29558/? I/HBD: b InputMethodSubtype is set as local:pt_BR 
07-13 08:41:50.978 1212-1212/? I/InputMethodManagerService: subtype state: oldSubtype = android.view.inputmethod.InputMethodSubtype@320009 newSubtype = android.view.inputmethod.InputMethodSubtype@320009 force = false
07-13 08:41:50.978 4686-4686/? I/HBD: a onBind 
07-13 08:41:50.979 4686-4686/? I/HBD: b updateConfig: [LanguageItem] Portuguese / [KeyboardViewTypeItem] 0 / [KeyboardInputTypeItem] mainType(0), subType(0) / [CurrentLanguageInputTypeItem] mainType(0), subType(0) / [KeyboardInputRangeItem] 1 / [SelectedLanguageItem] 1 / [TextOrNullInputClassItem] true / [NumberKeyFirstLineItem] true / [SimpleRowStyleItem] true / [SpaceRowStylePeriodItem] true / [SpaceRowStyleEmailURLPeriodItem] true /  
07-13 08:41:50.979 4686-4686/? I/HBD: b updateConfig: [SpaceRowStyleEmailURLDotComItem] true / [SpaceRowStyleJapaneseArrowItem] true / [SpaceRowStyleJapanesePeriodItem] true / [TouchAndHoldSpaceBarTypeItem] cursor_control / [UseContinuousInputItem] true / [UseToolBarItem] true / [VoiceInputTypeItem] 0x2 / [DensityItem] 2.8125 / [DisplayWidthItem] 0x1080 / [DisplayHeightItem] 0x2208 / [MainTextLabelItem] 1 /  
07-13 08:41:50.979 916-916/? D/SurfaceFlinger: Display 0 HWC layers:
07-13 08:41:50.979 916-916/? D/SurfaceFlinger:      DEVICE | 0xf3ff2980 | 0102 | RGBA_8888    |    0.0    0.0 1080.0 2408.0 |    0    0 1080 2408 | app.identifier/app.identifier.MainActivity$_29469#1060
07-13 08:41:50.979 916-916/? D/SurfaceFlinger:      DEVICE | 0xf3201280 | 0100 | RGBA_8888    |    0.0    0.0 1080.0   70.0 |    0    0 1080   70 | StatusBar$_1853#98
07-13 08:41:50.979 916-916/? D/SurfaceFlinger:      DEVICE | 0xf3200c80 | 0100 | RGBA_8888    |    0.0    0.0 1080.0  135.0 |    0 2273 1080 2408 | NavigationBar0$_1853#92
07-13 08:41:50.979 916-916/? D/SurfaceFlinger:      DEVICE | 0xf3200e00 | 0108 | RGBA_8888    |    0.0    0.0 1080.0 2408.0 |    0    0 1080 2408 | $_1853#94
07-13 08:41:50.979 4686-4686/? I/HBD: b updateConfig: [LanguageSwitchingUsingKeyItem] true / [VoiceEnabledItem] true / [PredictionStatusItem] true /  
07-13 08:41:50.979 4686-4686/? I/HBD: c updateKeyboardViewHolder: INVALIDATE 
07-13 08:41:50.980 4686-29561/? I/HBD: d1 requestCursorUpdates returned  true ,  2
07-13 08:41:50.981 4686-4686/? I/HBD: c [BoardScrapManager] sendBoardScrap 
07-13 08:41:50.981 4686-4686/? I/HBD: i2 updateChangedBoard - [LC:false][TC:false][RC:false][RB:false] 
07-13 08:41:50.981 4686-4686/? I/HBD: a update cached prediction status : true 
07-13 08:41:50.982 4686-4686/? I/HBD: f updateCurrentEngine,  3276809 ,  SWIFTKEY
07-13 08:41:50.982 4686-4686/? I/HBD: a [SKE_TAM] Changed false
07-13 08:41:50.982 4686-4686/? I/HBD: a [SKE_TAM] custom = false , useEngine = true
07-13 08:41:50.982 4686-4686/? I/HBD: a [SKE_TAM] Changed false
07-13 08:41:50.983 4686-4686/? I/HBD: a refresh(), mParameterMode,  0
07-13 08:41:50.984 4686-4686/? I/HBD: a [PF_EN] updateChangedBoard() 2 
07-13 08:41:50.984 4686-4686/? I/HBD: c TMST - update statistics 
07-13 08:41:50.984 4686-4686/? I/HBD: d [PF_OP][updateKeyboardViewHolder]  5 ms 
07-13 08:41:50.986 1212-4491/? D/SecContentProvider: query(), uri = 15 selection = isClipboardShareAllowedAsUser
07-13 08:41:50.986 1212-4491/? D/SecContentProvider: called from android.uid.honeyboard:10155
07-13 08:41:50.986 1212-4491/? D/RestrictionPolicy: isClipboardShareAllowed : true
07-13 08:41:50.988 1212-2632/? I/AssistStructure: Flattened final assist data: 1500 bytes, containing 1 windows, 10 views
07-13 08:41:50.989 1212-4491/? V/ActivityManager: >>> EXECUTING start of com.google.android.gms/.chimera.GmsBoundBrokerService
07-13 08:41:50.989 1212-4491/? D/ActivityManager: schedule service timeout ProcessRecord{9c5331a 26496:com.google.android.gms/u0a179}
07-13 08:41:50.991 4686-4686/? I/ResourceType: [SWT] Success lookup value directly, data = 0x0106040f
07-13 08:41:50.992 4686-4686/? I/ResourceType: [SWT] Success lookup value directly, data = 0x0106040f
07-13 08:41:50.992 2857-25590/? W/ubt: Infinite Data has no result for app.identifier [CONTEXT service_id=177 ]
07-13 08:41:50.992 1212-4491/? V/ActivityManager: <<< DONE EXECUTING com.google.android.gms/.chimera.GmsBoundBrokerService
07-13 08:41:50.992 1212-4491/? V/ActivityManager: No more executingServices of com.google.android.gms/.chimera.GmsBoundBrokerService
07-13 08:41:50.995 4686-4686/? I/HBD: a [PF_OP][onStartInputViewActivate]  0 ms 
07-13 08:41:50.997 2857-29176/? W/ubt: Infinite Data has no result for app.identifier [CONTEXT service_id=177 ]
07-13 08:41:50.998 4686-4686/? I/ResourceType: [SWT] Success lookup value directly, data = 0x01060430
07-13 08:41:50.999 4686-4686/? I/ResourceType: [SWT] Success lookup value directly, data = 0x01060430
07-13 08:41:50.999 4686-4686/? I/ResourceType: [SWT] Success lookup value directly, data = 0x01060430
07-13 08:41:51.000 4686-4686/? I/ResourceType: [SWT] Success lookup value directly, data = 0x01060430
07-13 08:41:51.000 4686-4686/? I/ResourceType: [SWT] Success lookup value directly, data = 0x010605be
07-13 08:41:51.000 4686-4686/? I/ResourceType: [SWT] Success lookup value directly, data = 0x010605be
07-13 08:41:51.000 4686-4686/? I/HBD: HoneyBoardService [PF_OP][onStartInputView]  56 ms 
07-13 08:41:51.005 4686-4686/? I/HBD: HoneyBoardService onWindowShown 
07-13 08:41:51.005 1212-4491/? D/InputMethodManagerService: isImeSwitcherDisabledPackage : false
07-13 08:41:51.005 4686-4686/? I/HBD: HoneyBoardService [PF_OP][onWindowShown]  0 ms 
07-13 08:41:51.005 1212-4491/? I/InputMethodManagerService: setImeWindowStatus: vis=3, backDisposition=0
07-13 08:41:51.006 4686-4686/? I/MSHandlerLifeCycle: check: return. pkg=com.samsung.android.honeyboard isActivity=false callers=com.android.internal.policy.DecorView.setVisibility:4412 android.app.Dialog.show:454 android.inputmethodservice.SoftInputWindow.show:208 android.inputmethodservice.InputMethodService.showWindow:3071 android.inputmethodservice.InputMethodService$InputMethodImpl.showSoftInput:1035 
07-13 08:41:51.006 4686-4686/? I/MSHandlerLifeCycle: removeMultiSplitHandler: no exist. decor=DecorView@a14294a[InputMethod]
07-13 08:41:51.006 1212-4491/? D/InputMethodManagerService: notifyUserActivity: canceled, displayId=0
07-13 08:41:51.007 4686-4686/? I/ResourceType: [SWT] Success lookup value directly, data = 0x0106061f
07-13 08:41:51.007 1212-4491/? D/InputMethodManagerService: isImeSwitcherDisabledPackage : false
07-13 08:41:51.007 4686-4686/? I/ResourceType: [SWT] Success lookup value directly, data = 0x01060430
07-13 08:41:51.008 1212-4491/? I/InputMethodManagerService: setImeWindowStatus: vis=3, backDisposition=0
07-13 08:41:51.008 1212-1724/? D/UsbStatsMonitor: 0 0 0 0 4 0 0 0 2 0 0 110 0 0 0 0 0 0 0 2 0 2 0 0 0 0 0 0 0 0 0 0 0 0 0 0 0 0 0 0 0 0 0 4 0 0 0 0 0 0 0 0
07-13 08:41:51.008 4686-4686/? I/ResourceType: [SWT] Success lookup value directly, data = 0x0106061f
07-13 08:41:51.009 4686-4686/? I/ResourceType: [SWT] Success lookup value directly, data = 0x01060430
07-13 08:41:51.009 1212-29566/? D/TspStateManager: wrote command: cmd=1, type=5
07-13 08:41:51.010 4686-4686/? I/ResourceType: [SWT] Success lookup value directly, data = 0x0106061f
07-13 08:41:51.010 4686-4686/? I/ResourceType: [SWT] Success lookup value directly, data = 0x01060430
07-13 08:41:51.012 4686-4686/? I/ResourceType: [SWT] Success lookup value directly, data = 0x0106061f
07-13 08:41:51.012 29469-29469/? W/OnBackInvokedCallback: OnBackInvokedCallback is not enabled for the application.
07-13 08:41:51.012 29469-29469/? W/OnBackInvokedCallback: Set 'android:enableOnBackInvokedCallback="true"' in the application manifest.
07-13 08:41:51.012 4686-4686/? I/ResourceType: [SWT] Success lookup value directly, data = 0x01060430
07-13 08:41:51.013 4686-4686/? I/ResourceType: [SWT] Success lookup value directly, data = 0x0106061f
07-13 08:41:51.013 4686-4686/? I/ResourceType: [SWT] Success lookup value directly, data = 0x01060430
07-13 08:41:51.014 4686-4686/? I/ResourceType: [SWT] Success lookup value directly, data = 0x0106061f
07-13 08:41:51.015 4686-4686/? I/ResourceType: [SWT] Success lookup value directly, data = 0x01060430
07-13 08:41:51.016 4686-4686/? I/ResourceType: [SWT] Success lookup value directly, data = 0x0106061f
07-13 08:41:51.016 4686-4686/? I/ResourceType: [SWT] Success lookup value directly, data = 0x01060430
07-13 08:41:51.017 4686-4686/? I/ResourceType: [SWT] Success lookup value directly, data = 0x0106061f
07-13 08:41:51.017 4686-4686/? I/ResourceType: [SWT] Success lookup value directly, data = 0x01060430
07-13 08:41:51.018 4686-4686/? I/ResourceType: [SWT] Success lookup value directly, data = 0x0106061f
07-13 08:41:51.019 4686-4686/? I/ResourceType: [SWT] Success lookup value directly, data = 0x01060430
07-13 08:41:51.020 4686-4686/? I/ResourceType: [SWT] Success lookup value directly, data = 0x0106061f
07-13 08:41:51.020 4686-4686/? I/ResourceType: [SWT] Success lookup value directly, data = 0x01060430
07-13 08:41:51.021 4686-4686/? I/ResourceType: [SWT] Success lookup value directly, data = 0x0106061f
07-13 08:41:51.021 4686-4686/? I/ResourceType: [SWT] Success lookup value directly, data = 0x01060430
07-13 08:41:51.022 4686-4686/? I/ResourceType: [SWT] Success lookup value directly, d
07-13 08:41:51.022 4686-4686/? I/ResourceType: ata = 0x01060436
07-13 08:41:51.022 4686-4686/? I/ResourceType: [SWT] Success lookup value directly, data = 0x0106061f
07-13 08:41:51.022 4686-4686/? I/ResourceType: [SWT] Success lookup value directly, data = 0x01060430
07-13 08:41:51.023 4686-4686/? I/ResourceType: [SWT] Success lookup value directly, data = 0x01060436
07-13 08:41:51.024 4686-4686/? I/ResourceType: [SWT] Success lookup value directly, data = 0x0106061f
07-13 08:41:51.024 4686-4686/? I/ResourceType: [SWT] Success lookup value directly, data = 0x01060430
07-13 08:41:51.025 4686-4686/? I/ResourceType: [SWT] Success lookup value directly, data = 0x01060436
07-13 08:41:51.025 4686-4686/? I/ResourceType: [SWT] Success lookup value directly, data = 0x0106061f
07-13 08:41:51.025 4686-4686/? I/ResourceType: [SWT] Success lookup value directly, data = 0x01060430
07-13 08:41:51.026 4686-4686/? I/ResourceType: [SWT] Success lookup value directly, data = 0x01060436
07-13 08:41:51.026 4686-4686/? I/ResourceType: [SWT] Success lookup value directly, data = 0x0106061f
07-13 08:41:51.027 4686-4686/? I/ResourceType: [SWT] Success lookup value directly, data = 0x01060430
07-13 08:41:51.027 1212-4491/? V/ActivityManager: >>> EXECUTING start of com.google.android.gms/.chimera.GmsApiService
07-13 08:41:51.027 1212-4491/? D/ActivityManager: schedule service timeout ProcessRecord{9c5331a 26496:com.google.android.gms/u0a179}
07-13 08:41:51.028 4686-4686/? I/ResourceType: [SWT] Success lookup value directly, data = 0x01060436
07-13 08:41:51.028 4686-4686/? I/ResourceType: [SWT] Success lookup value directly, data = 0x0106061f
07-13 08:41:51.028 4686-4686/? I/ResourceType: [SWT] Success lookup value directly, data = 0x01060430
07-13 08:41:51.029 4686-4686/? I/ResourceType: [SWT] Success lookup value directly, data = 0x01060436
07-13 08:41:51.029 4686-4686/? I/ResourceType: [SWT] Success lookup value directly, data = 0x0106061f
07-13 08:41:51.030 4686-4686/? I/ResourceType: [SWT] Success lookup value directly, data = 0x01060430
07-13 08:41:51.030 1212-4491/? V/ActivityManager: <<< DONE EXECUTING com.google.android.gms/.chimera.GmsApiService
07-13 08:41:51.030 1212-4491/? V/ActivityManager: No more executingServices of com.google.android.gms/.chimera.GmsApiService
07-13 08:41:51.030 26496-26626/? I/SyncManager: Executing sync [CONTEXT service_id=80 ]
07-13 08:41:51.031 4686-4686/? I/ResourceType: [SWT] Success lookup value directly, data = 0x01060436
07-13 08:41:51.031 4686-4686/? I/ResourceType: [SWT] Success lookup value directly, data = 0x0106061f
07-13 08:41:51.031 4686-4686/? I/ResourceType: [SWT] Success lookup value directly, data = 0x01060430
07-13 08:41:51.032 4686-4686/? I/ResourceType: [SWT] Success lookup value directly, data = 0x01060436
07-13 08:41:51.032 4686-4686/? I/ResourceType: [SWT] Success lookup value directly, data = 0x0106061f
07-13 08:41:51.033 4686-4686/? I/ResourceType: [SWT] Success lookup value directly, data = 0x01060430
07-13 08:41:51.033 26496-26626/? I/SyncManager: (REDACTED) Executing sync finished in %d ms
07-13 08:41:51.034 4686-4686/? I/ResourceType: [SWT] Success lookup value directly, data = 0x01060436
07-13 08:41:51.034 4686-4686/? I/ResourceType: [SWT] Success lookup value directly, data = 0x0106061f
07-13 08:41:51.034 4686-4686/? I/ResourceType: [SWT] Success lookup value directly, data = 0x01060430
07-13 08:41:51.035 4686-4686/? I/ResourceType: [SWT] Success lookup value directly, data = 0x01060436
07-13 08:41:51.035 4686-4686/? I/ResourceType: [SWT] Success lookup value directly, data = 0x0106061f
07-13 08:41:51.035 4686-4686/? I/ResourceType: [SWT] Success lookup value directly, data = 0x01060430
07-13 08:41:51.036 4686-4686/? I/ResourceType: [SWT] Success lookup value directly, data = 0x01060436
07-13 08:41:51.037 4686-4686/? I/ResourceType: [SWT] Success lookup value directly, data = 0x0106061f
07-13 08:41:51.037 4686-4686/? I/ResourceType: [SWT] Success lookup value directly, data = 0x01060430
07-13 08:41:51.038 4686-4686/? I/ResourceType: [SWT] Success lookup value directly, data = 0x01060436
07-13 08:41:51.038 4686-4686/? I/ResourceType: [SWT] Success lookup value directly, data = 0x0106061f
07-13 08:41:51.038 4686-4686/? I/ResourceType: [SWT] Success lookup value directly, data = 0x01060430
07-13 08:41:51.040 4686-4686/? I/ResourceType: [SWT] Success lookup value directly, data = 0x01060436
07-13 08:41:51.040 4686-4686/? I/ResourceType: [SWT] Success lookup value directly, data = 0x0106061f
07-13 08:41:51.040 4686-4686/? I/ResourceType: [ 07-13 0
07-13 08:41:51.040 4686-4686/? I/ResourceType: 8:41:51.040  4686: 4686 I/ResourceType ]
07-13 08:41:51.040 4686-4686/? I/ResourceType: [SWT] Success lookup value directly, data = 0x01060430
07-13 08:41:51.041 4686-4686/? I/ResourceType: [SWT] Success lookup value directly, data = 0x01060436
07-13 08:41:51.041 4686-4686/? I/ResourceType: [SWT] Success lookup value directly, data = 0x0106061f
07-13 08:41:51.041 4686-4686/? I/ResourceType: [SWT] Success lookup value directly, data = 0x01060430
07-13 08:41:51.042 4686-4686/? I/ResourceType: [SWT] Success lookup value directly, data = 0x01060436
07-13 08:41:51.043 4686-4686/? I/ResourceType: [SWT] Success lookup value directly, data = 0x0106061f
07-13 08:41:51.043 4686-4686/? I/ResourceType: [SWT] Success lookup value directly, data = 0x01060430
07-13 08:41:51.044 4686-4686/? I/ResourceType: [SWT] Success lookup value directly, data = 0x01060436
07-13 08:41:51.044 4686-4686/? I/ResourceType: [SWT] Success lookup value directly, data = 0x0106061f
07-13 08:41:51.044 4686-4686/? I/ResourceType: [SWT] Success lookup value directly, data = 0x01060430
07-13 08:41:51.045 4686-4686/? I/ResourceType: [SWT] Success lookup value directly, data = 0x01060436
07-13 08:41:51.046 4686-4686/? I/ResourceType: [SWT] Success lookup value directly, data = 0x0106061f
07-13 08:41:51.046 4686-4686/? I/ResourceType: [SWT] Success lookup value directly, data = 0x01060430
07-13 08:41:51.047 4686-4686/? I/ResourceType: [SWT] Success lookup value directly, data = 0x01060436
07-13 08:41:51.047 4686-4686/? I/ResourceType: [SWT] Success lookup value directly, data = 0x0106061f
07-13 08:41:51.047 4686-4686/? I/ResourceType: [SWT] Success lookup value directly, data = 0x01060430
07-13 08:41:51.048 4686-4686/? I/ResourceType: [SWT] Success lookup value directly, data = 0x01060436
07-13 08:41:51.049 4686-4686/? I/ResourceType: [SWT] Success lookup value directly, data = 0x010605fe
07-13 08:41:51.049 4686-4686/? I/ResourceType: [SWT] Success lookup value directly, data = 0x01060430
07-13 08:41:51.049 4686-4686/? I/ResourceType: [SWT] Success lookup value directly, data = 0x0106061f
07-13 08:41:51.049 4686-4686/? I/ResourceType: [SWT] Success lookup value directly, data = 0x01060430
07-13 08:41:51.050 4686-4686/? I/ResourceType: [SWT] Success lookup value directly, data = 0x01060436
07-13 08:41:51.050 4686-4686/? I/ResourceType: [SWT] Success lookup value directly, data = 0x0106061f
07-13 08:41:51.050 4686-4686/? I/ResourceType: [SWT] Success lookup value directly, data = 0x01060430
07-13 08:41:51.051 892-892/? I/sysinput:Touch: writeInformation:248, OK
07-13 08:41:51.051 4686-4686/? I/ResourceType: [SWT] Success lookup value directly, data = 0x01060436
07-13 08:41:51.052 4686-4686/? I/ResourceType: [SWT] Success lookup value directly, data = 0x0106061f
07-13 08:41:51.052 1212-1403/? D/SysinputHAL_V1_3(V1_2): runTspCmdNoRead(1): set_sip_mode,1(0)
07-13 08:41:51.052 4686-4686/? I/ResourceType: [SWT] Success lookup value directly, data = 0x01060430
07-13 08:41:51.053 4686-4686/? I/ResourceType: [SWT] Success lookup value directly, data = 0x01060436
07-13 08:41:51.053 1212-1212/? D/AutofillSession: clearPendingIntentLocked
07-13 08:41:51.053 4686-4686/? I/ResourceType: [SWT] Success lookup value directly, data = 0x0106061f
07-13 08:41:51.053 4686-4686/? I/ResourceType: [SWT] Success lookup value directly, data = 0x01060430
07-13 08:41:51.054 1212-1212/? V/ActivityManager: >>> EXECUTING unbind of com.google.android.gms/.autofill.service.AutofillService
07-13 08:41:51.054 4686-4686/? I/ResourceType: [SWT] Success lookup value directly, data = 0x01060436
07-13 08:41:51.054 1212-1212/? D/ActivityManager: schedule service timeout ProcessRecord{750093c 2857:com.google.android.gms.persistent/u0a179}
07-13 08:41:51.055 4686-4686/? I/ResourceType: [SWT] Success lookup value directly, data = 0x0106061f
07-13 08:41:51.055 1212-1212/? V/ActivityManager: >>> EXECUTING destroy of com.google.android.gms/.autofill.service.AutofillService
07-13 08:41:51.055 4686-4686/? I/ResourceType: [SWT] Success lookup value directly, data = 0x01060430
07-13 08:41:51.056 2460-2460/? V/InlineSuggestionRenderService: handleDestroySuggestionViews called for 0:510891641
07-13 08:41:51.056 4686-4686/? I/ResourceType: [SWT] Success lookup value directly, data = 0x01060436
07-13 08:41:51.056 4686-4686/? I/ResourceType: [SWT] Success lookup value directly, data = 0x0106061f
07-13 08:41:51.056 4686-4686/? I/ResourceType: [SWT] Success lookup value directly, data = 0x01060430
07-13 08:41:51.057 1212-4491/? V/ActivityManager: >>> EXECUTING start of com.google.android.gms/.chimera.GmsBoundBrokerService
07-13 08:41:51.057 4686-4686/? I/ResourceType: [SWT] Success lookup value directly, data = 0x01060436
07-13 08:41:51.057 1212-4491/? D/ActivityManager: schedule service timeout ProcessRecord{9c5331a 26496:com.google.android.gms/u0a179}
07-13 08:41:51.058 4686-4686/? I/ResourceType: [SWT] Success lookup value directly, data = 0x0106061f
07-13 08:41:51.058 4686-4686/? I/ResourceType: [SWT] Success lookup value directly, data = 0x01060430
07-13 08:41:51.059 4686-4686/? I/ResourceType: [SWT] Success lookup value directly, data = 0x01060436
07-13 08:41:51.059 4686-4686/? I/ResourceType: [SWT] Success lookup value directly, data = 0x010605fe
07-13 08:41:51.059 4686-4686/? I/ResourceType: [SWT] Success lookup value directly, data = 0x01060430
07-13 08:41:51.060 4686-4686/? I/ResourceType: [SWT] Success lookup value directly, data = 0x010605fe
07-13 08:41:51.060 1212-2144/? V/ActivityManager: <<< DONE EXECUTING com.google.android.gms/.autofill.service.AutofillService
07-13 08:41:51.060 4686-4686/? I/ResourceType: [SWT] Success lookup value directly, data = 0x01060430
07-13 08:41:51.060 4686-4686/? I/ResourceType: [SWT] Success lookup value directly, data = 0x01060430
07-13 08:41:51.060 1212-2144/? V/ActivityManager: <<< DONE EXECUTING com.google.android.gms/.chimera.GmsBoundBrokerService
07-13 08:41:51.060 4686-4686/? I/ResourceType: [SWT] Success lookup value directly, data = 0x0106061f
07-13 08:41:51.061 4686-4686/? I/ResourceType: [SWT] Success lookup value directly, data = 0x01060430
07-13 08:41:51.062 4686-4686/? I/ResourceType: [SWT] Success lookup value directly, data = 0x01060430
07-13 08:41:51.062 4686-4686/? I/ResourceType: [SWT] Success lookup value directly, data = 0x0106061f
07-13 08:41:51.062 4686-4686/? I/ResourceType: [SWT] Success lookup value directly, data = 0x01060430
07-13 08:41:51.063 1212-2144/? V/ActivityManager: No more executingServices of com.google.android.gms/.chimera.GmsBoundBrokerService
07-13 08:41:51.064 4686-4686/? I/ResourceType: [SWT] Success lookup value directly, data = 0x01060430
07-13 08:41:51.064 4686-4686/? I/ResourceType: [SWT] Success lookup value directly, data = 0x0106061f
07-13 08:41:51.064 4686-4686/? I/ResourceType: [SWT] Success lookup value directly, data = 0x01060430
07-13 08:41:51.065 4686-4686/? I/ResourceType: [SWT] Success lookup value directly, data = 0x010605fe
07-13 08:41:51.066 4686-4686/? I/ResourceType: [SWT] Success lookup value directly, data = 0x0106071c
07-13 08:41:51.066 1212-2144/? V/ActivityManager: <<< DONE EXECUTING com.google.android.gms/.autofill.service.AutofillService
07-13 08:41:51.066 1212-2144/? V/ActivityManager: No more executingServices of com.google.android.gms/.autofill.service.AutofillService
07-13 08:41:51.067 4686-4686/? I/ResourceType: [SWT] Success lookup value directly, data = 0x0106071c
07-13 08:41:51.070 4686-4686/? I/ViewRootImpl@9364ceb[InputMethod]: performTraversals params={(0,0)(fillxfill) gr=BOTTOM CENTER_VERTICAL sim={adjust=pan} ty=INPUT_METHOD fmt=TRANSPARENT wanim=0x7f1301aa preferredMinDisplayRefreshRate=60.0 receive insets ignoring z-order
07-13 08:41:51.070 4686-4686/? I/ViewRootImpl@9364ceb[InputMethod]:   fl=81800108
07-13 08:41:51.070 4686-4686/? I/ViewRootImpl@9364ceb[InputMethod]:   pfl=12000000
07-13 08:41:51.070 4686-4686/? I/ViewRootImpl@9364ceb[InputMethod]:   bhv=DEFAULT
07-13 08:41:51.070 4686-4686/? I/ViewRootImpl@9364ceb[InputMethod]:   fitTypes=STATUS_BARS NAVIGATION_BARS
07-13 08:41:51.070 4686-4686/? I/ViewRootImpl@9364ceb[InputMethod]:   fitSides=LEFT TOP RIGHT
07-13 08:41:51.070 4686-4686/? I/ViewRootImpl@9364ceb[InputMethod]:   fitIgnoreVis dimDuration=150 naviIconColor=0}
07-13 08:41:51.072 4686-4686/? I/ViewRootImpl@9364ceb[InputMethod]: performTraversals mFirst=false windowShouldResize=false viewVisibilityChanged=true mForceNextWindowRelayout=false params={(0,0)(fillxfill) gr=BOTTOM CENTER_VERTICAL sim={adjust=pan} ty=INPUT_METHOD fmt=TRANSPARENT wanim=0x7f1301aa preferredMinDisplayRefreshRate=60.0 receive insets ignoring z-order
07-13 08:41:51.072 4686-4686/? I/ViewRootImpl@9364ceb[InputMethod]:   fl=81800108
07-13 08:41:51.072 4686-4686/? I/ViewRootImpl@9364ceb[InputMethod]:   pfl=12000000
07-13 08:41:51.072 4686-4686/? I/ViewRootImpl@9364ceb[InputMethod]:   bhv=DEFAULT
07-13 08:41:51.072 4686-4686/? I/ViewRootImpl@9364ceb[InputMethod]:   fitTypes=STATUS_BARS NAVIGATION_BARS
07-13 08:41:51.072 4686-4686/? I/ViewRootImpl@9364ceb[InputMethod]:   fitSides=LEFT TOP RIGHT
07-13 08:41:51.072 4686-4686/? I/ViewRootImpl@9364ceb[InputMethod]:   fitIgnoreVis dimDuration=150 naviIconColor=0}
07-13 08:41:51.073 1212-2144/? V/WindowManager: Relayout Window{1846d23 u0 InputMethod}: viewVisibility=0 req=1080x2338 d0
07-13 08:41:51.073 1212-2144/? D/RestrictionPolicy: isScreenCaptureEnabled : ret=true userId=0
07-13 08:41:51.074 916-1072/? I/SurfaceFlinger: id=1065 createSurf flag=40004, InputMethod$_4686#1065
07-13 08:41:51.074 1212-2144/? D/WindowManager: makeSurface duration=1 name=InputMethod$_4686
07-13 08:41:51.078 1853-6604/? I/ViewRootImpl@f05444[StatusBar]: Resizing android.view.ViewRootImpl@1c070b0: frame = [0,0][1080,70] reportDraw = false forceLayout = false syncSeqId = 0
07-13 08:41:51.079 1853-3567/? I/ViewRootImpl@627b6bd[]: Resizing android.view.ViewRootImpl@c6349fe: frame = [0,0][1080,2408] reportDraw = false forceLayout = false syncSeqId = 0
07-13 08:41:51.079 1853-1853/? I/ViewRootImpl@f05444[StatusBar]: handleResized, msg = 4 frames=ClientWindowFrames{frame=[0,0][1080,70] display=[0,0][1080,2408] parentFrame=[0,0][0,0] parentClippedByDisplayCutout=false} forceNextWindowRelayout=false displayId=0 resizeMode=-1 frameChanged=false displayFrameChanged=false configChanged=false displayChanged=false
07-13 08:41:51.079 1853-1853/? I/ViewRootImpl@627b6bd[]: handleResized, msg = 4 frames=ClientWindowFrames{frame=[0,0][1080,2408] display=[0,0][1080,2408] parentFrame=[0,0][0,0] parentClippedByDisplayCutout=false} forceNextWindowRelayout=false displayId=0 resizeMode=-1 frameChanged=false displayFrameChanged=false configChanged=false displayChanged=false
07-13 08:41:51.080 1853-3411/? I/ViewRootImpl@7952f28[NavigationBar0]: Resizing android.view.ViewRootImpl@1a2137d: frame = [0,2273][1080,2408] reportDraw = false forceLayout = false syncSeqId = 0
07-13 08:41:51.080 29469-29551/? I/ViewRootImpl@f436291[MainActivity]: Resizing android.view.ViewRootImpl@ca2db82: frame = [0,0][1080,2408] reportDraw = false forceLayout = false syncSeqId = 0
07-13 08:41:51.081 1853-1853/? D/InsetsController: onStateChanged: InsetsState: {mDisplayFrame=Rect(0, 0 - 1080, 2408), mDisplayCutout=DisplayCutout{insets=Rect(0, 65 - 0, 0) waterfall=Insets{left=0, top=0, right=0, bottom=0} boundingRect={Bounds=[Rect(0, 0 - 0, 0), Rect(454, 0 - 626, 65), Rect(0, 0 - 0, 0), Rect(0, 0 - 0, 0)]} cutoutPathParserInfo={CutoutPathParserInfo{displayWidth=1080 displayHeight=2408 physicalDisplayWidth=1080 physicalDisplayHeight=2408 density={2.8125} cutoutSpec={M 0,0 H -30.57777777777778 V 23.11111111111111 H 30.57777777777778 V 0 H 0 Z @dp} rotation={0} scale={1.0} physicalPixelDisplaySizeRatio={1.0}}}}, mRoundedCorners=RoundedCorners{[RoundedCorner{position=TopLeft, radius=90, center=Point(90, 90)}, RoundedCorner{position=TopRight, radius=90, center=Point(990, 90)}, RoundedCorner{position=BottomRight, radius=90, center=Point(990, 2318)}, RoundedCorner{position=BottomLeft, radius=90, center=Point(90, 2318)}]}  mRoundedCornerFrame=Rect(0, 0 - 0, 0), mPrivacyIndicatorBounds=PrivacyIndicatorBounds {static bounds=Rect(956, 0 - 1080, 70) rotation=0}, mSources= { InsetsSource: {mType=ITYPE_LEFT_GESTURES, mFrame=[0,0][0,2408], mVisible=true, mInsetsRoundedCornerFrame=false}, InsetsSource: {mType=ITYPE_RIGHT_GESTURES, mFrame=[1080,0][1080,2408], mVisible=true, mInsetsRoundedCornerFrame=false}, InsetsSource: {mType=ITYPE_TOP_MANDATORY_GESTURES, mFrame=[0,0][1080,99], mVisible=true, mInsetsRoundedCornerFrame=false}, InsetsSource: {mType=ITYPE_BOTTOM_MANDATORY_GESTURES, mFrame=[0,2273][1080,2408], mVisible=true, mInsetsRoundedCornerFrame=false}, InsetsSource: {mType=ITYPE_LEFT_DISPLAY_CUTOUT, mFrame=[0,0][-100000,2408], mVisible=true, mInsetsRoundedCornerFrame=false}, InsetsSource: {mType=ITYPE_TOP_DISPLAY_CUTOUT, mFrame=[0,0][1080,65], mVisible=true, mInsetsRoundedCornerFrame=false}, InsetsSource: {mType=ITYPE_RIGHT_DISPLAY_CUTOUT, mFrame=[100000,0][1080,2408], mVisible=true, mInsetsRoundedCornerFrame=false}, InsetsSource: {mType=ITYPE_BOTTOM_DISPLAY_CUTOUT, mFrame=[0,100000][1080,2408], mVisible=true, mInsetsRoundedCornerFrame=false}, InsetsSource: {mType=ITYPE_TOP_TAPPABLE_ELEMENT, mFrame=[0,0][1080,70], mVisible=true, mInsetsRoundedCornerFrame=false}, InsetsSource: {mType=ITYPE_BOTTOM_TAPPABLE_ELEMENT, mFrame=[0,2273][1080,2408], mVisible=true, mInsetsRoundedCornerFrame=false}, InsetsSource: {mType=ITYPE_IME, mFrame=[0,1400][1080,2408], mVisibleFrame=[0,1400][1080,2408], mVisible=false, mInsetsRoundedCornerFrame=false} } host=NavigationBar0 from=android.view.ViewRootImpl$ViewRootHandler.handleMessageImpl:6727
07-13 08:41:51.081 1212-2144/? V/WindowManager: Relayout hash=1846d23, pid=4686, syncId=-1: mAttrs={(0,0)(fillxfill) gr=BOTTOM CENTER_VERTICAL sim={adjust=pan} ty=INPUT_METHOD fmt=TRANSPARENT wanim=0x7f1301aa preferredMinDisplayRefreshRate=60.0 receive insets ignoring z-order
07-13 08:41:51.081 1212-2144/? V/WindowManager:   fl=81800108
07-13 08:41:51.081 1212-2144/? V/WindowManager:   pfl=12000000
07-13 08:41:51.081 1212-2144/? V/WindowManager:   bhv=DEFAULT
07-13 08:41:51.081 1212-2144/? V/WindowManager:   fitTypes=STATUS_BARS NAVIGATION_BARS
07-13 08:41:51.081 1212-2144/? V/WindowManager:   fitSides=LEFT TOP RIGHT
07-13 08:41:51.081 1212-2144/? V/WindowManager:   fitIgnoreVis dimDuration=150 naviIconColor=0}
07-13 08:41:51.082 1853-1853/? I/ViewRootImpl@7952f28[NavigationBar0]: handleResized, msg = 4 frames=ClientWindowFrames{frame=[0,2273][1080,2408] display=[0,0][1080,2408] parentFrame=[0,0][0,0] parentClippedByDisplayCutout=false} forceNextWindowRelayout=false displayId=0 resizeMode=-1 frameChanged=false displayFrameChanged=false configChanged=false displayChanged=false
07-13 08:41:51.083 29469-29469/? D/InsetsController: onStateChanged: InsetsState: {mDisplayFrame=Rect(0, 0 - 1080, 2408), mDisplayCutout=DisplayCutout{insets=Rect(0, 65 - 0, 0) waterfall=Insets{left=0, top=0, right=0, bottom=0} boundingRect={Bounds=[Rect(0, 0 - 0, 0), Rect(454, 0 - 626, 65), Rect(0, 0 - 0, 0), Rect(0, 0 - 0, 0)]} cutoutPathParserInfo={CutoutPathParserInfo{displayWidth=1080 displayHeight=2408 physicalDisplayWidth=1080 physicalDisplayHeight=2408 density={2.8125} cutoutSpec={M 0,0 H -30.57777777777778 V 23.11111111111111 H 30.57777777777778 V 0 H 0 Z @dp} rotation={0} scale={1.0} physicalPixelDisplaySizeRatio={1.0}}}}, mRoundedCorners=RoundedCorners{[RoundedCorner{position=TopLeft, radius=90, center=Point(90, 90)}, RoundedCorner{position=TopRight, radius=90, center=Point(990, 90)}, RoundedCorner{position=BottomRight, radius=90, center=Point(990, 2318)}, RoundedCorner{position=BottomLeft, radius=90, center=Point(90, 2318)}]}  mRoundedCornerFrame=Rect(0, 0 - 1080, 2408), mPrivacyIndicatorBounds=PrivacyIndicatorBounds {static bounds=Rect(956, 0 - 1080, 70) rotation=0}, mSources= { InsetsSource: {mType=ITYPE_STATUS_BAR, mFrame=[0,0][1080,70], mVisible=true, mInsetsRoundedCornerFrame=false}, InsetsSource: {mType=ITYPE_NAVIGATION_BAR, mFrame=[0,2273][1080,2408], mVisible=true, mInsetsRoundedCornerFrame=false}, InsetsSource: {mType=ITYPE_LEFT_GESTURES, mFrame=[0,0][0,2408], mVisible=true, mInsetsRoundedCornerFrame=false}, InsetsSource: {mType=ITYPE_RIGHT_GESTURES, mFrame=[1080,0][1080,2408], mVisible=true, mInsetsRoundedCornerFrame=false}, InsetsSource: {mType=ITYPE_TOP_MANDATORY_GESTURES, mFrame=[0,0][1080,99], mVisible=true, mInsetsRoundedCornerFrame=false}, InsetsSource: {mType=ITYPE_BOTTOM_MANDATORY_GESTURES, mFrame=[0,2273][1080,2408], mVisible=true, mInsetsRoundedCornerFrame=false}, InsetsSource: {mType=ITYPE_LEFT_DISPLAY_CUTOUT, mFrame=[0,0][-100000,2408], mVisible=true, mInsetsRoundedCornerFrame=false}, InsetsSource: {mType=ITYPE_TOP_DISPLAY_CUTOUT, mFrame=[0,0][1080,65], mVisible=true, mInsetsRoundedCornerFrame=false}, InsetsSource: {mType=ITYPE_RIGHT_DISPLAY_CUTOUT, mFrame=[100000,0][1080,2408], mVisible=true, mInsetsRoundedCornerFrame=false}, InsetsSource: {mType=ITYPE_BOTTOM_DISPLAY_CUTOUT, mFrame=[0,100000][1080,2408], mVisible=true, mInsetsRoundedCornerFrame=false}, InsetsSource: {mType=ITYPE_TOP_TAPPABLE_ELEMENT, mFrame=[0,0][1080,70], mVisible=true, mInsetsRoundedCornerFrame=false}, InsetsSource: {mType=ITYPE_BOTTOM_TAPPABLE_ELEMENT, mFrame=[0,2273][1080,2408], mVisible=true, mInsetsRoundedCornerFrame=false}, InsetsSource: {mType=ITYPE_IME, mFrame=[0,1400][1080,2408], mVisibleFrame=[0,1400][1080,2408], mVisible=false, mInsetsRoundedCornerFrame=false} } host=app.identifier/app.identifier.MainActivity from=android.view.ViewRootImpl$ViewRootHandler.handleMessageImpl:6727
07-13 08:41:51.083 4686-4686/? I/ViewRootImpl@9364ceb[InputMethod]: updateBlastSurfaceIfNeeded mBlastBufferQueue=null isSameSurfaceControl=false
07-13 08:41:51.084 4686-4686/? I/BLASTBufferQueue: new BLASTBufferQueue, mName= ViewRootImpl@9364ceb[InputMethod] mNativeObject= 0xe42fd900 sc.mNativeObject= 0xe4aa1170 caller= android.view.ViewRootImpl.updateBlastSurfaceIfNeeded:2909 android.view.ViewRootImpl.relayoutWindow:9847 android.view.ViewRootImpl.performTraversals:3884 android.view.ViewRootImpl.doTraversal:3116 android.view.ViewRootImpl$TraversalRunnable.run:10885 android.view.Choreographer$CallbackRecord.run:1301 android.view.Choreographer$CallbackRecord.run:1309 android.view.Choreographer.doCallbacks:923 android.view.Choreographer.doFrame:852 android.view.Choreographer$FrameDisplayEventReceiver.run:1283 
07-13 08:41:51.084 29469-29469/? I/ViewRootImpl@f436291[MainActivity]: handleResized, msg = 4 frames=ClientWindowFrames{frame=[0,0][1080,2408] display=[0,0][1080,2408] parentFrame=[0,0][0,0] parentClippedByDisplayCutout=false} forceNextWindowRelayout=false displayId=0 resizeMode=-1 frameChanged=false displayFrameChanged=false configChanged=false displayChanged=false
07-13 08:41:51.084 4686-4686/? I/BLASTBufferQueue: update, w= 1080 h= 2338 mName = ViewRootImpl@9364ceb[InputMethod] mNativeObject= 0xe42fd900 sc.mNativeObject= 0xe4aa1170 format= -2 caller= android.graphics.BLASTBufferQueue.<init>:84 android.view.ViewRootImpl.updateBlastSurfaceIfNeeded:2909 android.view.ViewRootImpl.relayoutWindow:9847 android.view.ViewRootImpl.performTraversals:3884 android.view.ViewRootImpl.doTraversal:3116 android.view.ViewRootImpl$TraversalRunnable.run:10885 
07-13 08:41:51.084 4686-4686/? I/ViewRootImpl@9364ceb[InputMethod]: Relayout returned: old=(0,70,1080,2408) new=(0,70,1080,2408) req=(1080,2338)0 dur=11 res=0x3 s={true 0xb6a26800} ch=true seqId=0
07-13 08:41:51.085 4686-4686/? I/ViewRootImpl@9364ceb[InputMethod]: mThreadedRenderer.initialize() mSurface={isValid=true 0xb6a26800} hwInitialized=true
07-13 08:41:51.090 4686-4686/? I/ViewRootImpl@9364ceb[InputMethod]: reportNextDraw android.view.ViewRootImpl.performTraversals:4438 android.view.ViewRootImpl.doTraversal:3116 android.view.ViewRootImpl$TraversalRunnable.run:10885 android.view.Choreographer$CallbackRecord.run:1301 android.view.Choreographer$CallbackRecord.run:1309 
07-13 08:41:51.090 4686-4686/? I/ViewRootImpl@9364ceb[InputMethod]: Setup new sync id=25
07-13 08:41:51.090 4686-4686/? I/ViewRootImpl@9364ceb[InputMethod]: Setting syncFrameCallback
07-13 08:41:51.090 4686-4686/? I/ViewRootImpl@9364ceb[InputMethod]: registerCallbacksForSync syncBuffer=false
07-13 08:41:51.093 916-916/? D/SurfaceFlinger: Display 0 HWC layers:
07-13 08:41:51.093 916-916/? D/SurfaceFlinger:      DEVICE | 0xf3ff2980 | 0102 | RGBA_8888    |    0.0    0.0 1080.0 2408.0 |    0    0 1080 2408 | app.identifier/app.identifier.MainActivity$_29469#1060
07-13 08:41:51.093 916-916/? D/SurfaceFlinger:      DEVICE | 0xf3201280 | 0100 | RGBA_8888    |    0.0    0.0 1080.0   70.0 |    0    0 1080   70 | StatusBar$_1853#98
07-13 08:41:51.093 916-916/? D/SurfaceFlinger:      DEVICE | 0xf3200c80 | 0100 | RGBA_8888    |    0.0    0.0 1080.0  135.0 |    0 2273 1080 2408 | NavigationBar0$_1853#92
07-13 08:41:51.093 916-916/? D/SurfaceFlinger:      DEVICE | 0xf3200e00 | 0108 | RGBA_8888    |    0.0    0.0 1080.0 2408.0 |    0    0 1080 2408 | $_1853#94
07-13 08:41:51.097 4686-15853/? I/ViewRootImpl@9364ceb[InputMethod]: Received frameDrawingCallback syncResult=0 frameNum=1.
07-13 08:41:51.098 4686-15853/? I/ViewRootImpl@9364ceb[InputMethod]: Setting up sync and frameCommitCallback
07-13 08:41:51.105 4686-5850/? I/BLASTBufferQueue: [ViewRootImpl@9364ceb[InputMethod]#13](f:0,a:0) onFrameAvailable the first frame is available
07-13 08:41:51.106 4686-5850/? I/ViewRootImpl@9364ceb[InputMethod]: Received frameCommittedCallback lastAttemptedDrawFrameNum=1 didProduceBuffer=true
07-13 08:41:51.107 4686-4686/? I/ViewRootImpl@9364ceb[InputMethod]: onSyncComplete
07-13 08:41:51.108 916-916/? D/SurfaceFlinger: Display 0 HWC layers:
07-13 08:41:51.108 916-916/? D/SurfaceFlinger:      DEVICE | 0xf3ff2980 | 0102 | RGBA_8888    |    0.0    0.0 1080.0 2408.0 |    0    0 1080 2408 | app.identifier/app.identifier.MainActivity$_29469#1060
07-13 08:41:51.108 916-916/? D/SurfaceFlinger:      DEVICE | 0xf3201280 | 0100 | RGBA_8888    |    0.0    0.0 1080.0   70.0 |    0    0 1080   70 | StatusBar$_1853#98
07-13 08:41:51.108 916-916/? D/SurfaceFlinger:      DEVICE | 0xf3200c80 | 0100 | RGBA_8888    |    0.0    0.0 1080.0  135.0 |    0 2273 1080 2408 | NavigationBar0$_1853#92
07-13 08:41:51.108 916-916/? D/SurfaceFlinger:      DEVICE | 0xf3200e00 | 0108 | RGBA_8888    |    0.0    0.0 1080.0 2408.0 |    0    0 1080 2408 | $_1853#94
07-13 08:41:51.108 4686-4686/? I/ViewRootImpl@9364ceb[InputMethod]: setupSync seqId=0 mSyncId=25 fn=1 caller=android.view.ViewRootImpl$$ExternalSyntheticLambda11.accept:6 android.window.SurfaceSyncer.lambda$setupSync$1$android-window-SurfaceSyncer:128 android.window.SurfaceSyncer$$ExternalSyntheticLambda1.accept:8 android.window.SurfaceSyncer$SyncSet.checkIfSyncIsComplete:382 android.window.SurfaceSyncer$SyncSet.markSyncReady:359 android.window.SurfaceSyncer.markSyncReady:151 android.view.ViewRootImpl.performTraversals:4503 
07-13 08:41:51.108 4686-4686/? I/ViewRootImpl@9364ceb[InputMethod]: reportDrawFinished seqId=0 mSyncId=-1 fn=1 mSurfaceChangedTransaction=0xe5f34640
07-13 08:41:51.109 1212-4286/? D/WindowManager: finishDrawingWindow: Window{1846d23 u0 InputMethod} mDrawState=DRAW_PENDING seqId=0
07-13 08:41:51.111 4686-4686/? I/ResourceType: [SWT] Success lookup value directly, data = 0x01060430
07-13 08:41:51.111 4686-4686/? I/ResourceType: [SWT] Success lookup value directly, data = 0x01060430
07-13 08:41:51.111 4686-4686/? I/ResourceType: [SWT] Success lookup value directly, data = 0x01060430
07-13 08:41:51.112 4686-4686/? I/ResourceType: [SWT] Success lookup value directly, data = 0x01060430
07-13 08:41:51.112 4686-4686/? I/ResourceType: [SWT] Success lookup value directly, data = 0x010605be
07-13 08:41:51.112 4686-4686/? I/ResourceType: [SWT] Success lookup value directly, data = 0x010605be
07-13 08:41:51.113 29469-29469/? D/InsetsController: show(ime(), fromIme=true)
07-13 08:41:51.114 4686-5881/? I/HBD: b [SKE_KPM] load kpm : /data/user/0/com.samsung.android.honeyboard/app_KeyPressModel/model_0_0_-969127122.im
07-13 08:41:51.116 29469-29469/? D/InsetsController: controlAnimationUnchecked: Added types=8 animType=0 host=app.identifier/app.identifier.MainActivity from=android.view.InsetsController.applyAnimation:1576 android.view.InsetsController.applyAnimation:1557 android.view.InsetsController.show:1063 
07-13 08:41:51.117 29469-29469/? D/InsetsSourceConsumer: setRequestedVisible: visible=true, type=19, host=app.identifier/app.identifier.MainActivity, from=android.view.InsetsSourceConsumer.show:250 android.view.ImeInsetsSourceConsumer.show:82 android.view.InsetsController.showDirectly:1609 android.view.InsetsController.controlAnimationUnchecked:1232 android.view.InsetsController.applyAnimation:1576 android.view.InsetsController.applyAnimation:1557 android.view.InsetsController.show:1063 android.view.ViewRootImpl$ViewRootHandler.handleMessageImpl:6761 android.view.ViewRootImpl$ViewRootHandler.handleMessage:6697 android.os.Handler.dispatchMessage:106 
