07-13 08:41:37.557 1212-4285/? D/ActivityTaskManager: scheduleTopResumedActivityChanged, onTop=true r=ActivityRecord{9298136 u0 app.identifier.test/androidx.test.core.app.InstrumentationActivityInvoker$BootstrapActivity} t210} caller=com.android.server.wm.ActivityTaskSupervisor.scheduleTopResumedActivityStateIfNeeded:2533 com.android.server.wm.ActivityTaskSupervisor.updateTopResumedActivityIfNeeded:2525 com.android.server.wm.TaskFragment.setResumedActivity:493 com.android.server.wm.TaskFragment.onActivityStateChanged:805 com.android.server.wm.ActivityRecord.setState:6400 com.android.server.wm.Task.minimalResumeActivityLocked:6153 
07-13 08:41:37.557 1212-1238/? E/AppOps: User 0, OP 1 is restricted by 1000
07-13 08:41:37.558 1212-1238/? E/AppOps: User 0, OP 1 is restricted by 1000
07-13 08:41:37.558 1212-1238/? E/AppOps: User 0, OP 0 is restricted by 1000
07-13 08:41:37.558 1212-1238/? E/AppOps: User 0, OP 0 is restricted by 1000
07-13 08:41:37.558 1212-4285/? D/InputDispatcher: Focused application(0): ActivityRecord{9298136 u0 app.identifier.test/androidx.test.core.app.InstrumentationActivityInvoker$BootstrapActivity} t210}
07-13 08:41:37.558 1212-4285/? D/SGM:FgCheckThread: TaskStackListener.onTaskFocusChanged(), taskId=190, focused=false
07-13 08:41:37.558 1212-4285/? D/SGM:FgCheckThread: TaskStackListener.onTaskFocusChanged(), taskId=210, focused=true
07-13 08:41:37.559 1212-4509/? D/SehCodecSolutionService: updateMediaStatisticsData: (action=1@1986621044;category=1@1986621044;label=1936222260@1986621044)
07-13 08:41:37.559 1212-4509/? D/CodecSolution_MediaStatisticsData: MediaStatisticsData: action=1@1986621044;category=1@1986621044;label=1936222260@1986621044
07-13 08:41:37.559 1212-4509/? D/CodecSolution_MediaStatisticsData: Category.valueOf: 1
07-13 08:41:37.559 1212-4509/? D/CodecSolution_MediaStatisticsData: Action.valueOf: 1
07-13 08:41:37.559 1212-4509/? D/CodecSolution_MediaStatisticsData: Label.valueOf: 0x73686834
07-13 08:41:37.560 1212-4509/? D/CodecSolution_MediaStatisticsData: category: VENC
07-13 08:41:37.560 1212-4509/? D/CodecSolution_MediaStatisticsData: action: INSTANTIATE
07-13 08:41:37.560 1212-4509/? D/CodecSolution_MediaStatisticsData: label: SEC_HW_H264
07-13 08:41:37.560 1212-1212/? D/SehCodecSolutionService: handleMessage : 900
07-13 08:41:37.561 1212-1212/? D/SehCodecSolutionService: event : VENC
07-13 08:41:37.562 1008-1008/? D/GraphicBufferSource: setting dataspace: 0x104, acquired=0
07-13 08:41:37.562 1008-1008/? D/GraphicBufferSource: requesting color aspects (R:2(Limited), P:1(BT709_5), M:1(BT709_5), T:3(SMPTE170M))
07-13 08:41:37.563 1212-4285/? D/SGM:FgCheckThread:   sendRunningComponentFocus(), pkgName: app.identifier.test, userId: 0
07-13 08:41:37.563 1008-29102/? I/EXYNOS_BASE_COMP: [0xf4d33600][Exynos_OMX_ComponentStateSet] current:(OMX_StateLoaded) dest:(OMX_StateIdle)
07-13 08:41:37.563 29066-29100/? I/ACodec: [OMX.Exynos.AVC.Encoder] Now Loaded->Idle
07-13 08:41:37.564 1008-29102/? D/libexynosv4l2: try node: /dev/video6
07-13 08:41:37.564 1008-29102/? D/libexynosv4l2: try node: /dev/video7
07-13 08:41:37.564 1008-29102/? I/libexynosv4l2: node found for device s5p-mfc-enc: /dev/video7
07-13 08:41:37.566 1212-1407/? D/SGM:FgCheckThread: onLooperPrepared(), msg: MSG_TASK_FOCUSED, pkgName: app.identifier.test, userId: 0
07-13 08:41:37.566 1212-1407/? D/SGM:FgCheckThread: handleTaskFocused().
07-13 08:41:37.566 1212-1407/? D/SGM:FgCheckThread:   handleTaskFocused(), pkgName: app.identifier.test, userID:0
07-13 08:41:37.568 1212-1407/? D/SGM:FgCheckThread: handleResume().
07-13 08:41:37.571 1008-29102/? I/libexynosv4l2: open video device /dev/video7
07-13 08:41:37.569 1212-1212/? D/CodecSolution_Logging: dma : false, feature: VENC, extra: SEC_HW_H264, value: -1
07-13 08:41:37.575 1212-4285/? W/ActivityManager: Slow operation: 104ms so far, now at attachApplicationLocked: after mServices.attachApplicationLocked
07-13 08:41:37.576 1212-2003/? V/WindowManager: Relayout Window{8058bf5 u0 com.sec.android.app.launcher/com.sec.android.app.launcher.activities.LauncherActivity}: viewVisibility=8 req=1080x2408 d0
07-13 08:41:37.576 1212-1212/? D/CodecSolution_Logging: insert context log
07-13 08:41:37.578 1212-1244/? E/Watchdog: !@Sync: 51 heap: 86 / 101 FD: 978 [2023-07-13 08:41:37.577]
07-13 08:41:37.579 1212-1238/? E/AppOps: User 0, OP 1 is restricted by 1000
07-13 08:41:37.579 1212-1238/? E/AppOps: User 0, OP 0 is restricted by 1000
07-13 08:41:37.580 1212-1906/? V/ActivityManager: <<< DONE EXECUTING com.google.android.gms/.nearby.exposurenotification.service.ExposureNotificationInternalService
07-13 08:41:37.580 1212-1906/? V/ActivityManager: No more executingServices of com.google.android.gms/.nearby.exposurenotification.service.ExposureNotificationInternalService
07-13 08:41:37.584 1212-1763/? W/SemWifiTransportLayerUtils: getApplicationCategory - IOException app.identifier.test
07-13 08:41:37.584 1212-1763/? W/System.err: java.io.FileNotFoundException: https://play.google.com/store/apps/details?id=app.identifier.test&hl=en
07-13 08:41:37.584 1212-1763/? W/System.err: 	at com.android.okhttp.internal.huc.HttpURLConnectionImpl.getInputStream(HttpURLConnectionImpl.java:255)
07-13 08:41:37.584 1212-1763/? W/System.err: 	at com.android.okhttp.internal.huc.DelegatingHttpsURLConnection.getInputStream(DelegatingHttpsURLConnection.java:211)
07-13 08:41:37.584 1212-1763/? W/System.err: 	at com.android.okhttp.internal.huc.HttpsURLConnectionImpl.getInputStream(HttpsURLConnectionImpl.java:30)
07-13 08:41:37.584 1212-1763/? W/System.err: 	at com.samsung.android.server.wifi.tcp.SemWifiTransportLayerUtils.getApplicationCategory(SemWifiTransportLayerUtils.java:104)
07-13 08:41:37.584 1212-1763/? W/System.err: 	at com.samsung.android.server.wifi.tcp.SemWifiTransportLayerMonitor$TcpMonitorHandler.handleMessage(SemWifiTransportLayerMonitor.java:244)
07-13 08:41:37.584 1212-1763/? W/System.err: 	at android.os.Handler.dispatchMessage(Handler.java:106)
07-13 08:41:37.584 1212-1763/? W/System.err: 	at android.os.Looper.loopOnce(Looper.java:226)
07-13 08:41:37.584 1212-1763/? W/System.err: 	at android.os.Looper.loop(Looper.java:313)
07-13 08:41:37.584 1212-1763/? W/System.err: 	at android.os.HandlerThread.run(HandlerThread.java:67)
07-13 08:41:37.585 1212-1763/? D/SemWifiTransportLayerMonitor.TcpMonitorHandler: MSG_SAVE_PACKAGE_INFO
07-13 08:41:37.585 1212-1763/? D/SemWifiTransportLayerFileManager: saveWifiPackageInfoToFile
07-13 08:41:37.585 1212-1763/? D/SemWifiTransportLayerFileManager: writeWifiPackageInfoList
07-13 08:41:37.587 1212-1407/? D/SGM:FgCheckThread: sendFocusOutConditionally() - mPrevNotiPkg: (unknown), userId: 0
07-13 08:41:37.588 1212-1407/? D/SGM:FgCheckThread:   handleResume(). pkgName: app.identifier.test, userId: 0, isTunableApp: null
07-13 08:41:37.588 1212-1407/? D/SGM:FgCheckThread: notifyFocusInOut(). of pkg: app.identifier.test, type: 4, isTunableApp: false, userId: 0
07-13 08:41:37.589 1212-1407/? D/SGM:FgCheckThread:   notifyFocusInOut(). unexpected mPrevNotiType: -1
07-13 08:41:37.589 1212-1407/? D/SGM:SystemHelper: callReleaseBlock needReleaseBlock:false
07-13 08:41:37.589 29070-29070/? D/CompatibilityChangeReporter: Compat change id reported: 171979766; UID 10451; state: DISABLED
07-13 08:41:37.593 1008-29102/? I/EXYNOS_BASE_COMP: [0xf4d33600][Exynos_OMX_EventHandler] OMX_EventCmdComplete(OMX_StateIdle)
07-13 08:41:37.594 1008-29102/? I/EXYNOS_BASE_COMP: [0xf4d33600][Exynos_OMX_ComponentStateSet] current:(OMX_StateIdle) dest:(OMX_StateExecuting)
07-13 08:41:37.594 1008-29102/? I/EXYNOS_BASE_COMP: [0xf4d33600][Exynos_OMX_ComponentStateSet] OMX_EventCmdComplete(OMX_StateExecuting)
07-13 08:41:37.594 29066-29100/? I/ACodec: [OMX.Exynos.AVC.Encoder] Now Idle->Executing
07-13 08:41:37.594 995-19315/? W/ResourceManagerService: Ignoring request to add new resource entry with value <= 0
07-13 08:41:37.595 995-8937/? I/ResourceManagerService: addMediaInfo pid 29066, add (width 720 height 1280), lowPriority 0, allocated hw codec count, 1
07-13 08:41:37.595 995-8937/? I/ResourceManagerService: getMediaResourceInfo (PID : 29066, clientID : 4101657736, non-secure-codec/video-codec:[]:1, 720x1280 (fps:60) - sw codec : no, encoder : yes)
07-13 08:41:37.596 1212-2632/? V/ResourceManagerHelper-JNI: JNIMediaResourceHelper::notify eventType : 1, ext1 : 0, ext2 : 0
07-13 08:41:37.596 1212-2632/? V/ResourceManagerHelper-JNI: notify eventType : 1, ext1 : 0, ext2 : 0
07-13 08:41:37.596 29066-29099/? I/MediaCodec: setCodecState state(0), called in 6
07-13 08:41:37.596 12346-12374/? V/ResourceManagerHelper-JNI: JNIMediaResourceHelper::notify eventType : 1, ext1 : 0, ext2 : 0
07-13 08:41:37.596 12346-12374/? V/ResourceManagerHelper-JNI: notify eventType : 1, ext1 : 0, ext2 : 0
07-13 08:41:37.596 12346-12374/? V/ResourceManagerHelper-JNI: JNIMediaResourceHelper::notify eventType : 3, ext1 : 0, ext2 : 0
07-13 08:41:37.596 12346-12374/? V/ResourceManagerHelper-JNI: notify eventType : 3, ext1 : 0, ext2 : 0
07-13 08:41:37.597 1212-4285/? V/ResourceManagerHelper-JNI: JNIMediaResourceHelper::notify eventType : 3, ext1 : 0, ext2 : 0
07-13 08:41:37.597 1212-4285/? V/ResourceManagerHelper-JNI: notify eventType : 3, ext1 : 0, ext2 : 0
07-13 08:41:37.597 12346-12392/? I/SemMediaResourceHelper: onAdd
07-13 08:41:37.597 12346-12392/? I/DrmMediaResourceHelper: onAdd size = 1
07-13 08:41:37.597 12346-12392/? I/SemMediaResourceHelper: onState
07-13 08:41:37.597 12346-12392/? I/DrmMediaResourceHelper: onStateChanged size = 1
07-13 08:41:37.597 12346-12392/? I/DrmMediaResourceHelper: resource type: 2,,,isSecured :  falseIsEncoder : truegetCodecState : 0getpid : 29066
07-13 08:41:37.597 1212-1379/? I/SemMediaResourceHelper: onAdd
07-13 08:41:37.598 1212-1379/? I/SemMediaResourceHelper: onState
07-13 08:41:37.598 1212-2003/? V/WindowManager: Relayout hash=8058bf5, pid=2265, syn
07-13 08:41:37.598 1212-2003/? V/WindowManager: cId=-1: mAttrs={(0,0)(fillxfill) sim={adjust=nothing forwardNavigation} layoutInDisplayCutoutMode=shortEdges ty=BASE_APPLICATION fmt=TRANSPARENT wanim=0x10302f4
07-13 08:41:37.598 1212-2003/? V/WindowManager:   fl=81910100
07-13 08:41:37.598 1212-2003/? V/WindowManager:   pfl=1e020040
07-13 08:41:37.598 1212-2003/? V/WindowManager:   vsysui=1700
07-13 08:41:37.598 1212-2003/? V/WindowManager:   apr=LIGHT_NAVIGATION_BARS
07-13 08:41:37.598 1212-2003/? V/WindowManager:   bhv=SHOW_TRANSIENT_BARS_BY_SWIPE
07-13 08:41:37.598 1212-2003/? V/WindowManager:   fitSides= screenDimDuration=100000 naviIconColor=0}
07-13 08:41:37.599 1212-1241/? I/ActivityManager: Changes in 10451 19 to 2, 0 to 15
07-13 08:41:37.599 1212-1241/? I/AppOps: updateUidProcState uid: 10451 procState: 2 capability:15
07-13 08:41:37.599 1212-1241/? I/AppOps: commitUidPendingStateLocked() :: UID - 10451, 700 > 200, 0 > 15
07-13 08:41:37.599 1212-1241/? I/ActivityManager: updateOomAdj start time is before than pendingPid added, don't delete it
07-13 08:41:37.599 1212-4509/? D/SehCodecSolutionService: getVideoRecordingParameter id : 4329327034396
07-13 08:41:37.603 29066-29100/? I/ACodec: [OMX.Exynos.AVC.Encoder] Now Executing
07-13 08:41:37.604 1212-1241/? D/SGM:GameManager: identifyGamePackage. app.identifier.test, mCurrentUserId: 0, callerUserId: 0, callingMethodInfo: com.samsung.android.game.SemGameManager.isGamePackage(SemGameManager.java:104)
07-13 08:41:37.604 1212-1241/? D/SGM:PkgDataHelper: getGamePkgData(). app.identifier.test
07-13 08:41:37.604 1212-1241/? D/SGM:SemGameManager: isGamePackage(), pkgName=app.identifier.test, ret=false
07-13 08:41:37.605 1212-1241/? D/SGM:FgCheckThread: noteResumeComponent(), received pkgName: app.identifier.test, userId: 0
07-13 08:41:37.605 1212-4391/? I/ActivityManager: Process com.samsung.android.app.galaxyfinder:appservice (pid 29019) has died: fg  SVC (355,1249)
07-13 08:41:37.605 1212-2635/? I/MediaSessionMonitor: Media session stopped : controllerList empty
07-13 08:41:37.606 1212-1251/? I/libprocessgroup: Successfully killed process cgroup uid 10051 pid 29019 in 0ms
07-13 08:41:37.607 1212-1241/? D/SGM:GameManager: identifyGamePackage. app.identifier.test, mCurrentUserId: 0, callerUserId: 0, callingMethodInfo: com.android.server.ssrm.SortingMachine.isGame(SortingMachine.java:162)
07-13 08:41:37.608 1212-1241/? D/SGM:PkgDataHelper: getGamePkgData(). app.identifier.test
07-13 08:41:37.608 1212-1241/? I/GameSDK@LifeCycle: noteResumeComponent(): package name  : app.identifier.test
07-13 08:41:37.608 3726-3726/? I/SemMediaResourceHelper: onAdd
07-13 08:41:37.610 3726-3726/? I/SemMediaResourceHelper: onState
07-13 08:41:37.615 1212-1407/? D/SGM:FgCheckThread: onLooperPrepared(), msg: MSG_APP_RESUME, pkgName: app.identifier.test, userid: 0
07-13 08:41:37.616 1212-1407/? D/SGM:FgCheckThread: handleResume().
07-13 08:41:37.616 1212-1407/? D/SGM:FgCheckThread: sendFocusOutConditionally() - mPrevNotiPkg: (unknown), userId: 0
07-13 08:41:37.618 846-881/? I/virtualdisplay: [VirtualDisplay] getWFDMode:: mode(0)
07-13 08:41:37.619 2265-2265/? I/ViewRootImpl@7e0c621[LauncherActivity]: Relayout returned: old=(0,0,1080,2408) new=(0,0,1080,2408) req=(1080,2408)8 dur=67 res=0x2 s={false 0x0} ch=true seqId=0
07-13 08:41:37.620 1212-1836/? I/Pageboost: 64 bit checked : false for 29070
07-13 08:41:37.621 1212-1407/? D/SGM:FgCheckThread:   handleResume(). pkgName: app.identifier.test, userId: 0, isTunableApp: null
07-13 08:41:37.621 1212-1836/? I/Pageboost: IoRecord pid : 29070, started correctly
07-13 08:41:37.621 2692-2692/? E/pageboostd: Received HALT command code 2
07-13 08:41:37.622 1212-1407/? D/SGM:FgCheckThread: notifyFocusInOut(). of pkg: app.identifier.test, type: 4, isTunableApp: false, userId: 0
07-13 08:41:37.622 1212-1407/? D/SGM:FgCheckThread:   notifyFocusInOut(). unexpected mPrevNotiType: -1
07-13 08:41:37.622 1212-1407/? D/SGM:SystemHelper: callReleaseBlock needReleaseBlock:false
07-13 08:41:37.622 916-916/? D/DisplayDevice: setLayerStack : layerstack=0, Display 11529215049505202916 (virtual, "")
07-13 08:41:37.633 1835-1835/? D/SemBigDataInfoController: Intent: com.samsung.intent.action.BIG_DATA_INFO
07-13 08:41:37.634 1008-1008/? D/GraphicBufferSource: got buffer with new dataSpace #104
07-13 08:41:37.635 1008-29103/? D/OMXNodeInstance: Codec resolved it to (R:2(??), P:1(??), M:1(??), T:3(??)) err=0(NO_ERROR)
07-13 08:41:37.636 916-1442/? D/NativeSemDvfsManager: acquire:: timeout = 2000 mIsAcquired = 1  mTagName : SurfaceFlinger 
07-13 08:41:37.636 29066-29100/? D/ACodec: dataspace changed to 0x10c10000 (R:2(Limited), P:1(BT709_5), M:1(BT709_5), T:3(SMPTE170M)) (R:2(Limited), S:1(BT709), T:3(SMPTE_170M))
07-13 08:41:37.638 29070-29070/? D/ApplicationLoaders: Returning zygote-cached class loader: /system/framework/android.test.base.jar
07-13 08:41:37.639 916-1442/? E/NativeCustomFrequencyManager: [NativeCFMS] BpCustomFrequencyManager::acquire()
07-13 08:41:37.639 859-918/? I/HYPER-HAL: [RequestManager.cpp]acquire(): Acquired ID : 1837486  [916 / 1000]    HINT : SF_GPU_MINLOCK    list : [TIMEOUT / 2000] 
07-13 08:41:37.641 1212-1710/? W/SearchableInfo: Invalid searchable metadata for com.samsung.android.messaging/.ui.view.recipientspicker.PickerActivity: Search label must be a resource reference.
07-13 08:41:37.647 1835-2177/? I/System.out: Broadcast completed: result=0
07-13 08:41:37.649 1212-1238/? E/AppOps: User 0, OP 1 is restricted by 1000
07-13 08:41:37.649 1212-1238/? E/AppOps: User 0, OP 0 is restricted by 1000
07-13 08:41:37.653 1212-1248/? D/IntervalStats: Unable to parse usage stats packages: [4275, 4276, 4286]
07-13 08:41:37.669 5252-5451/? D/MediaSync: loaded: 199ms, 1
07-13 08:41:37.672 29070-29070/? D/nativeloader: Configuring classloader-namespace for other apk /system/framework/android.test.mock.jar. target_sdk_version=30, uses_libraries=ALL, library_path=/data/app/~~o7ud87Bfa6X_a2Ztx7WwHg==/app.identifier.test-5AR7uk-1Ok5U4SDrFCm3IA==/lib/arm, permitted_path=/data:/mnt/expand:/data/user/0/app.identifier.test
07-13 08:41:37.672 29070-29070/? D/nativeloader: Extending system_exposed_libraries: libPortraitDistortionCorrection.arcsoft.so:libPortraitDistortionCorrectionCali.arcsoft.so:libhigh_dynamic_range.arcsoft.so:libBeauty_v4.camera.samsung.so:libexifa.camera.samsung.so:libjpega.camera.samsung.so:libOpenCv.camera.samsung.so:libImageScreener.camera.samsung.so:libMyFilter.camera.samsung.so:libtensorflowLite.myfilter.camera.samsung.so:libtensorflowlite_inference_api.myfilter.camera.samsung.so:libUltraWideDistortionCorrection.camera.samsung.so:libHpr_RecGAE_cvFeature_v1.0.camera.samsung.so:libHprFace_GAE_api.camera.samsung.so:libFace_Landmark_API.camera.samsung.so:libHpr
07-13 08:41:37.672 29070-29070/? D/nativeloader: Face_GAE_jni.camera.samsung.so:libFacialBasedSelfieCorrection.camera.samsung.so:libcolor_engine.camera.samsung.so:libObjectAndSceneClassification_2.5_OD.camera.samsung.so:libQREngine.camera.samsung.so:libEventDetector.camera.samsung.so:libFood.camera.samsung.so:libFoodDetector.camera.samsung.so:libPortraitSolution.camera.samsung.so:libsrib_CNNInterface.camera.samsung.so:libsrib_humanaware_engine.cam
07-13 08:41:37.674 1212-1238/? E/AppOps: User 0, OP 0 is restricted by 1000
07-13 08:41:37.674 1212-1238/? E/AppOps: User 0, OP 0 is restricted by 1000
07-13 08:41:37.674 1212-1238/? E/AppOps: User 0, OP 1 is restricted by 1000
07-13 08:41:37.674 1212-1238/? E/AppOps: User 0, OP 1 is restricted by 1000
07-13 08:41:37.674 29070-29070/? D/ApplicationLoaders: Returning zygote-cached class loader: /system/framework/android.test.base.jar
07-13 08:41:37.684 1212-1248/? D/IntervalStats: Unable to parse usage stats packages: [4289, 4291, 4296, 4297]
07-13 08:41:37.686 1212-1248/? D/IntervalStats: Unable to parse event packages: [4296, 4297]
07-13 08:41:37.689 3658-4074/? I/MediaProvider: Deleted 0 0 0 1 0 0 0 items on external_primary due to com.android.shell
07-13 08:41:37.700 29070-29070/? D/nativeloader: Configuring classloader-namespace for other apk /system/framework/android.test.runner.jar. target_sdk_version=30, uses_libraries=ALL, library_path=/data/app/~~o7ud87Bfa6X_a2Ztx7WwHg==/app.identifier.test-5AR7uk-1Ok5U4SDrFCm3IA==/lib/arm, permitted_path=/data:/mnt/expand:/data/user/0/app.identifier.test
07-13 08:41:37.700 29070-29070/? D/nativeloader: Extending system_exposed_libraries: libPortraitDistortionCorrection.arcsoft.so:libPortraitDistortionCorrectionCali.arcsoft.so:libhigh_dynamic_range.arcsoft.so:libBeauty_v4.camera.samsung.so:libexifa.camera.samsung.so:libjpega.camera.samsung.so:libOpenCv.camera.samsung.so:libImageScreener.camera.samsung.so:libMyFilter.camera.samsung.so:libtensorflowLite.myfilter.camera.samsung.so:libtensorflowlite_inference_api.myfilter.camera.samsung.so:libUltraWideDistortionCorrection.camera.samsung.so:libHpr_RecGAE_cvFeature_v1.0.camera.samsung.so:libHprFace_GAE_api.camera.samsung.so:libFace_Landmark_API.camera.samsung.so:libHprFace_GAE_jni.camera.samsung.so:libFacialBasedSelfieCorrection.camera.samsung.so:libcolor_engine.camera.samsung.so:libObjectAndSceneClassification_2.5_OD.camera.samsung.so:libQREngine.camera.samsung.so:libEventDetector.camera.samsung.so:libFood.camera.samsung.so:libFoodDetector.camera.samsung.so:libPortraitSolution.camera.samsung.so:libsrib_CNNInterface.camera.samsung.so:libsrib_humanaware_engine.cam
07-13 08:41:37.702 3658-16181/? W/MediaProvider: isAppCloneUserPair for user 0: false
07-13 08:41:37.703 29070-29070/? W/ziparchive: Unable to open '/data/app/~~o7ud87Bfa6X_a2Ztx7WwHg==/app.identifier.test-5AR7uk-1Ok5U4SDrFCm3IA==/base.dm': No such file or directory
07-13 08:41:37.703 29070-29070/? W/ziparchive: Unable to open '/data/app/~~o7ud87Bfa6X_a2Ztx7WwHg==/app.identifier.test-5AR7uk-1Ok5U4SDrFCm3IA==/base.dm': No such file or directory
07-13 08:41:37.708 1212-4509/? V/ActivityManager: >>> EXECUTING create of com.google.android.gms/.ipa.base.IpaGcmTaskService
07-13 08:41:37.708 1212-4509/? D/ActivityManager: schedule service timeout ProcessRecord{9c5331a 26496:com.google.android.gms/u0a179}
07-13 08:41:37.711 1212-4509/? V/ActivityManager: >>> EXECUTING bind of com.google.android.gms/.ipa.base.IpaGcmTaskService
07-13 08:41:37.711 5252-5451/? D/MediaSync: loaded: 18ms, 0
07-13 08:41:37.718 1212-1229/? V/ActivityManager: <<< DONE EXECUTING com.google.android.gms/.ipa.base.IpaGcmTaskService
07-13 08:41:37.721 1212-1906/? V/ActivityManager: <<< DONE EXECUTING com.google.android.gms/.ipa.base.IpaGcmTaskService
07-13 08:41:37.721 1212-1906/? V/ActivityManager: No more executingServices of com.google.android.gms/.ipa.base.IpaGcmTaskService
07-13 08:41:37.727 7499-7582/? I/BaseThreadPoolExecutor: [#CMH#] Task e0.e@7104ec3 is submitted
07-13 08:41:37.727 2857-28481/? I/NetworkScheduler.Stats: (REDACTED) Task %s/%s started execution. cause:%s exec_start_elapsed_seconds: %s
07-13 08:41:37.732 4185-4185/? I/A: onPause
07-13 08:41:37.734 1212-2149/? D/MdnieScenarioControlService:  packageName : app.identifier.test    className : androidx.test.core.app.InstrumentationActivityInvoker$BootstrapActivity
07-13 08:41:37.735 1212-2149/? V/MdnieScenarioControlService: setUIMode from UI function(3)
07-13 08:41:37.744 29070-29070/? D/nativeloader: Configuring classloader-namespace for other apk /data/app/~~o7ud87Bfa6X_a2Ztx7WwHg==/app.identifier.test-5AR7uk-1Ok5U4SDrFCm3IA==/base.apk. target_sdk_version=30, uses_libraries=, library_path=/data/app/~~o7ud87Bfa6X_a2Ztx7WwHg==/app.identifier.test-5AR7uk-1Ok5U4SDrFCm3IA==/lib/arm, permitted_path=/data:/mnt/expand:/data/user/0/app.identifier.test
07-13 08:41:37.744 29070-29070/? D/nativeloader: Extending system_exposed_libraries: libPortraitDistortionCorrection.arcsoft.so:libPortraitDistortionCorrectionCali.arcsoft.so:libhigh_dynamic_range.arcsoft.so:libBeauty_v4.camera.samsung.so:libexifa.camera.samsung.so:libjpega.camera.samsung.so:libOpenCv.camera.samsung.so:libImageScreener.camera.samsung.so:libMyFilter.camera.samsung.so:libtensorflowLite.myfilter.camera.samsung.so:libtensorflowlite_inference_api.myfilter.camera.samsung.so:libUltraWideDistortionC
07-13 08:41:37.744 29070-29070/? D/nativeloader: orrection.camera.samsung.so:libHpr_RecGAE_cvFeature_v1.0.camera.samsung.so:libHprFace_GAE_api.camera.samsung.so:libFace_Landmark_API.camera.samsung.so:libHprFace_GAE_jni.camera.samsung.so:libFacialBasedSelfieCorrection.camera.samsung.so:libcolor_engine.camera.samsung.so:libObjectAndSceneClassification_2.5_OD.camera.samsung.so:libQREngine.camera.samsung.so:libEventDetector.camera.samsung.so:libFood.camera.samsung.so:libFoodDetector.camera.samsung.so:libPortraitSolution.camera.samsung.so:libsrib_CNNInterface.camera.samsung.so:libsrib_humanaware_engine.cam
07-13 08:41:37.744 7499-29118/? I/MediaContentSyncTask: [#CMH#] No of Row (SEC MP :  41, Max Id : 2147484811) (CMH : 41, Max Id : 2147484811) - Time :4
07-13 08:41:37.753 29066-29066/? D/MPEG4Writer: PreAllocation enabled
07-13 08:41:37.755 2857-28228/? I/NetworkScheduler.Stats: (REDACTED) Task %s/%s finished executing. cause:%s result: %s elapsed_millis: %s uptime_millis: %s exec_start_elapsed_seconds: %s
07-13 08:41:37.756 29066-29066/? D/MPEG4Writer: fpathconf _PC_FILESIZEBITS:64
07-13 08:41:37.756 1212-2003/? V/ActivityManager: >>> EXECUTING unbind of com.google.android.gms/.ipa.base.IpaGcmTaskService
07-13 08:41:37.756 29066-29066/? D/MPEG4Writer: File size limit set to 4503599627370495 bytes implicitly
07-13 08:41:37.756 1212-2003/? D/ActivityManager: schedule service timeout ProcessRecord{9c5331a 26496:com.google.android.gms/u0a179}
07-13 08:41:37.757 29066-29066/? D/MPEG4Writer: MP4WtrCtrlHlpLooper Started
07-13 08:41:37.757 1212-2003/? V/ActivityManager: >>> EXECUTING destroy of com.google.android.gms/.ipa.base.IpaGcmTaskService
07-13 08:41:37.759 1212-2003/? V/ActivityManager: <<< DONE EXECUTING com.google.android.gms/.ipa.base.IpaGcmTaskService
07-13 08:41:37.759 29066-29099/? I/MediaCodec: setCodecState state(1), called in 6
07-13 08:41:37.760 12346-12377/? V/ResourceManagerHelper-JNI: JNIMediaResourceHelper::notify eventType : 3, ext1 : 0, ext2 : 0
07-13 08:41:37.760 12346-12377/? V/ResourceManagerHelper-JNI: notify eventType : 3, ext1 : 0, ext2 : 0
07-13 08:41:37.760 12346-12392/? I/SemMediaResourceHelper: onState
07-13 08:41:37.761 12346-12392/? I/DrmMediaResourceHelper: onStateChanged size = 1
07-13 08:41:37.761 12346-12392/? I/DrmMediaResourceHelper: resource type: 2,,,isSecured :  falseIsEncoder : truegetCodecState : 1getpid : 29066
07-13 08:41:37.763 3726-3726/? I/SemMediaResourceHelper: onState
07-13 08:41:37.763 1212-1229/? V/ResourceManagerHelper-JNI: JNIMediaResourceHelper::notify eventType : 3, ext1 : 0, ext2 : 0
07-13 08:41:37.763 1212-1229/? V/ResourceManagerHelper-JNI: notify eventType : 3, ext1 : 0, ext2 : 0
07-13 08:41:37.764 29066-29122/? I/MPEG4Writer: setStartTimestampUs: 1630969986 from Video track
07-13 08:41:37.764 29066-29122/? I/MPEG4Writer: Earliest track starting time: 1630969986
07-13 08:41:37.766 1212-1379/? I/SemMediaResourceHelper: onState
07-13 08:41:37.767 1212-4391/? V/ActivityManager: <<< DONE EXECUTING com.google.android.gms/.ipa.base.IpaGcmTaskService
07-13 08:41:37.767 1212-4391/? V/ActivityManager: No more executingServices of com.google.android.gms/.ipa.base.IpaGcmTaskService
07-13 08:41:37.770 7499-29118/? I/MediaContentSyncTask: [#CMH#] MP time stamp :  1689118469249, CMH time stamp : 1689118469249
07-13 08:41:37.770 7499-29118/? I/MediaContentSyncTask: [#CMH#] Update ITEM :  0
07-13 08:41:37.772 29070-29070/? V/GraphicsEnvironment: ANGLE Developer option for 'app.identifier.test' set to: 'default'
07-13 08:41:37.774 1212-4391/? V/ActivityManager: >>> EXECUTING destroy of com.google.android.gms/.nearby.exposurenotification.service.ExposureNotificationInternalService
07-13 08:41:37.774 1212-4391/? D/ActivityManager: schedule service timeout ProcessRecord{750093c 2857:com.google.android.gms.persistent/u0a179}
07-13 08:41:37.774 29070-29070/? V/GraphicsEnvironment: ANGLE GameManagerService for app.identifier.test: false
07-13 08:41:37.774 29070-29070/? V/GraphicsEnvironment: Neither updatable production driver nor prerelease driver is supported.
07-13 08:41:37.776 1212-4481/? V/ActivityManager: <<< DONE EXECUTING com.google.android.gms/.nearby.exposurenotification.service.ExposureNotificationInternalService
07-13 08:41:37.777 1212-4481/? V/ActivityManager: No more executingServices of com.google.android.gms/.nearby.exposurenotification.service.ExposureNotificationInternalService
07-13 08:41:37.780 7499-29118/? I/BaseThreadPoolExecutor: [#CMH#] afterExecute FutureTask
07-13 08:41:37.780 7499-29118/? I/ControllerEventHandler: [#CMH#] New Task for wait content sync job 
07-13 08:41:37.781 7499-29118/? I/BaseThreadPoolExecutor: [#CMH#] Task e0.e@7104ec3 is submitted
07-13 08:41:37.784 1212-1229/? V/ActivityManager: >>> EXECUTING create of com.google.android.gms/.nearby.exposurenotification.service.ExposureNotificationInternalService
07-13 08:41:37.784 1212-1229/? D/ActivityManager: schedule service timeout ProcessRecord{750093c 2857:com.google.android.gms.persistent/u0a179}
07-13 08:41:37.786 29070-29070/? D/NetworkSecurityConfig: No Network Security Config specified, using platform default
07-13 08:41:37.786 1212-1229/? V/ActivityManager: >>> EXECUTING start of com.google.android.gms/.nearby.exposurenotification.service.ExposureNotificationInternalService
07-13 08:41:37.788 1212-1238/? E/AppOps: User 0, OP 0 is restricted by 1000
07-13 08:41:37.788 1212-1238/? E/AppOps: User 0, OP 0 is restricted by 1000
07-13 08:41:37.788 1212-1238/? E/AppOps: User 0, OP 1 is restricted by 1000
07-13 08:41:37.788 1212-1238/? E/AppOps: User 0, OP 1 is restricted by 1000
07-13 08:41:37.790 1212-1238/? E/AppOps: User 0, OP 1 is restricted by 1000
07-13 08:41:37.790 1212-1238/? E/AppOps: User 0, OP 0 is restricted by 1000
07-13 08:41:37.790 1212-1260/? E/AppOps: User 0, OP 1 is restricted by 1000
07-13 08:41:37.793 1212-1238/? E/AppOps: User 0, OP 1 is restricted by 1000
07-13 08:41:37.793 2463-2542/? I/RequestManager_FLP: onOpChanged, op=0 / packageName=com.google.android.setupwizard
07-13 08:41:37.793 1212-1238/? E/AppOps: User 0, OP 0 is restricted by 1000
07-13 08:41:37.794 1212-1330/? V/ActivityManager: <<< DONE EXECUTING com.google.android.gms/.nearby.exposurenotification.service.ExposureNotificationInternalService
07-13 08:41:37.795 1212-1330/? V/ActivityManager: <<< DONE EXECUTING com.google.android.gms/.nearby.exposurenotification.service.ExposureNotificationInternalService
07-13 08:41:37.795 1212-1330/? V/ActivityManager: No more executingServices of com.google.android.gms/.nearby.exposurenotif
07-13 08:41:37.795 1212-1330/? V/ActivityManager: ication.service.ExposureNotificationInternalService
07-13 08:41:37.799 7499-29118/? I/MediaContentSyncTask: [#CMH#] No of Row (SEC MP :  41, Max Id : 2147484811) (CMH : 41, Max Id : 2147484811) - Time :6
07-13 08:41:37.800 2857-25590/? I/BluetoothAdapter: STATE_OFF=10
07-13 08:41:37.800 2857-25590/? W/BluetoothAdapter: isMultipleAdvertisementSupported() ble not available
07-13 08:41:37.803 2857-25590/? W/ChimeraUtils: Module com.google.android.gms.nearby_en missing resource null(0)
07-13 08:41:37.806 1212-1710/? I/SearchManagerService: _updateSearchables completed.
07-13 08:41:37.812 2857-25590/? W/ChimeraUtils: Module com.google.android.gms.nearby_en missing resource null(0)
07-13 08:41:37.815 2857-25590/? W/ChimeraUtils: Module com.google.android.gms.nearby_en missing resource null(0)
07-13 08:41:37.816 5252-5451/? D/MediaSync: loaded: 56ms, 1
07-13 08:41:37.817 7499-29118/? I/MediaContentSyncTask: [#CMH#] MP time stamp :  1689118469249, CMH time stamp : 1689118469249
07-13 08:41:37.817 7499-29118/? I/MediaContentSyncTask: [#CMH#] Update ITEM :  0
07-13 08:41:37.823 7499-29118/? I/BaseThreadPoolExecutor: [#CMH#] afterExecute FutureTask
07-13 08:41:37.824 7499-29118/? I/ControllerEventHandler: [#CMH#] Alive Privacy Ignored Policy Called:  false
07-13 08:41:37.824 7499-7577/? I/ControllerEventHandler: [#CMH#] POI Feature is False 
07-13 08:41:37.830 29070-29070/? D/NetworkSecurityConfig: No Network Security Config specified, using platform default
07-13 08:41:37.834 1212-2149/? V/MdnieScenarioControlService: mAclOffEnabled : false mAclPreviewState : false mAclCompensationState : false
07-13 08:41:37.842 29070-29125/? D/OpenGLRenderer: RenderThread::requireGlContext()
07-13 08:41:37.849 1212-2003/? V/ActivityManager: >>> EXECUTING create of com.google.android.gms/.ads.social.GcmSchedulerWakeupService
07-13 08:41:37.849 1212-2003/? D/ActivityManager: schedule service timeout ProcessRecord{9c5331a 26496:com.google.android.gms/u0a179}
07-13 08:41:37.851 1212-2003/? V/ActivityManager: >>> EXECUTING bind of com.google.android.gms/.ads.social.GcmSchedulerWakeupService
07-13 08:41:37.853 369-369/? I/hwservicemanager: getTransport: Cannot find entry android.hardware.configstore@1.0::ISurfaceFlingerConfigs/default in either framework or device VINTF manifest.
07-13 08:41:37.857 1212-2003/? V/ActivityManager: >>> EXECUTING destroy of com.google.android.gms/.nearby.exposurenotification.service.ExposureNotificationInternalService
07-13 08:41:37.857 1212-2003/? D/ActivityManager: schedule service timeout ProcessRecord{750093c 2857:com.google.android.gms.persistent/u0a179}
07-13 08:41:37.861 1212-4285/? V/ActivityManager: <<< DONE EXECUTING com.google.android.gms/.nearby.exposurenotification.service.ExposureNotificationInternalService
07-13 08:41:37.861 1212-4285/? V/ActivityManager: No more executingServices of com.google.android.gms/.nearby.exposurenotification.service.ExposureNotificationInternalService
07-13 08:41:37.867 1212-1229/? V/ActivityManager: <<< DONE EXECUTING com.google.android.gms/.ads.social.GcmSchedulerWakeupService
07-13 08:41:37.868 1212-4391/? V/ActivityManager: <<< DONE EXECUTING com.google.android.gms/.ads.social.GcmSchedulerWakeupService
07-13 08:41:37.868 1212-4391/? V/ActivityManager: No more executingServices of com.google.android.gms/.ads.social.GcmSchedulerWakeupService
07-13 08:41:37.868 1212-4509/? I/GenerationRegistry: mBackingStore.isClosed() : false
07-13 08:41:37.871 2857-28871/? I/NetworkScheduler.Stats: (REDACTED) Task %s/%s started execution. cause:%s exec_start_elapsed_seconds: %s
07-13 08:41:37.873 29070-29125/? D/OpenGLRenderer: RenderThread::setGrContext()
07-13 08:41:37.879 1212-1238/? E/AppOps: User 0, OP 0 is restricted by 1000
07-13 08:41:37.879 1212-1238/? E/AppOps: User 0, OP 0 is restricted by 1000
07-13 08:41:37.879 1212-1238/? E/AppOps: User 0, OP 1 is restricted by 1000
07-13 08:41:37.879 1212-1238/? E/AppOps: User 0, OP 1 is restricted by 1000
07-13 08:41:37.881 1212-1238/? E/AppOps: User 0, OP 0 is restricted by 1000
07-13 08:41:37.881 1212-1238/? E/AppOps: User 0, OP 0 is restricted by 1000
07-13 08:41:37.881 1212-1238/? E/AppOps: User 0, OP 1 is restricted by 1000
07-13 08:41:37.882 1212-1238/? E/AppOps: User 0, OP 1 is restricted by 1000
07-13 08:41:37.882 1212-1238/? E/AppOps: User 0, OP
07-13 08:41:37.882 1212-1238/? E/AppOps:  0 is restricted by 1000
07-13 08:41:37.882 1212-1238/? E/AppOps: User 0, OP 0 is restricted by 1000
07-13 08:41:37.882 1212-1238/? E/AppOps: User 0, OP 1 is restricted by 1000
07-13 08:41:37.882 1212-1238/? E/AppOps: User 0, OP 1 is restricted by 1000
07-13 08:41:37.883 1212-4391/? V/ActivityManager: >>> EXECUTING bind of com.google.android.gms/.chimera.PersistentApiService
07-13 08:41:37.883 1212-4391/? D/ActivityManager: schedule service timeout ProcessRecord{750093c 2857:com.google.android.gms.persistent/u0a179}
07-13 08:41:37.884 1212-1229/? D/CompatibilityChangeReporter: Compat change id reported: 161145287; UID 10451; state: DISABLED
07-13 08:41:37.885 2463-2542/? I/RequestManager_FLP: onOpChanged, op=0 / packageName=com.samsung.android.mdx.kit
07-13 08:41:37.885 2857-2857/? D/BoundBrokerSvc: onBind: Intent { act=com.google.android.gms.presencemanager.service.START dat=chimera-action:/... cmp=com.google.android.gms/.chimera.PersistentApiService }
07-13 08:41:37.885 2857-2857/? D/BoundBrokerSvc: Loading bound service for intent: Intent { act=com.google.android.gms.presencemanager.service.START dat=chimera-action:/... cmp=com.g
07-13 08:41:37.885 2857-2857/? D/BoundBrokerSvc: oogle.android.gms/.chimera.PersistentApiService }
07-13 08:41:37.886 2463-2542/? I/RequestManager_FLP: onOpChanged, op=0 / packageName=com.samsung.android.mdx.kit
07-13 08:41:37.887 1212-1260/? E/AppOps: User 0, OP 1 is restricted by 1000
07-13 08:41:37.887 1212-1260/? E/AppOps: User 0, OP 1 is restricted by 1000
07-13 08:41:37.892 3726-4932/? I/SDHMS:D: SIOP:: AP:296 BAT:250 USB:0 CHG:-200 PA:268 BLK:0 SUBBAT:0 SKIN:276 SKINF:276 SKINB:274 LRP:276 LRP2:276 LRF2:276 LRB2:274 AP2:276 CHG2:264 SPK2:268 VAP:260 
07-13 08:41:37.892 1212-4391/? V/ActivityManager: >>> EXECUTING bind of com.google.android.gms/.chimera.PersistentApiService
07-13 08:41:37.902 1212-4481/? V/ActivityManager: <<< DONE EXECUTING com.google.android.gms/.chimera.PersistentApiService
07-13 08:41:37.902 2857-2857/? D/BoundBrokerSvc: onBind: Intent { act=com.google.android.gms.presencemanager.service.INTERNAL_IDENTITY dat=chimera-action:/... cmp=com.google.android.gms/.chimera.PersistentApiService }
07-13 08:41:37.902 2857-2857/? D/BoundBrokerSvc: Loading bound service for intent: Intent { act=com.google.android.gms.presencemanager.service.INTERNAL_IDENTITY dat=chimera-action:/... cmp=com.google.android.gms/.chimera.PersistentApiService }
07-13 08:41:37.905 1212-4391/? V/ActivityManager: <<< DONE EXECUTING com.google.android.gms/.chimera.PersistentApiService
07-13 08:41:37.905 1212-4391/? V/ActivityManager: No more executingServices of com.google.android.gms/.chimera.PersistentApiService
07-13 08:41:37.909 29070-29070/? I/DecorView: [INFO] isPopOver=false config=true
07-13 08:41:37.909 1212-1238/? E/AppOps: User 0, OP 1 is restricted by 1000
07-13 08:41:37.909 1212-1238/? E/AppOps: User 0, OP 1 is restricted by 1000
07-13 08:41:37.909 1212-1238/? E/AppOps: User 0, OP 0 is restricted by 1000
07-13 08:41:37.909 1212-1238/? E/AppOps: User 0, OP 0 is restricted by 1000
07-13 08:41:37.909 29070-29070/? I/DecorView: updateCaptionType: isFloating=false isApplication=true hasWindowDecorCaption=false this=DecorView@1e39f05[]
07-13 08:41:37.910 29070-29070/? D/DecorView: setCaptionType = 0, this = DecorView@1e39f05[]
07-13 08:41:37.912 1212-1229/? V/ActivityManager: >>> EXECUTING create of com.google.android.gms/.auth.GetToken
07-13 08:41:37.912 1212-1229/? D/ActivityManager: schedule service timeout ProcessRecord{750093c 2857:com.google.android.gms.persistent/u0a179}
07-13 08:41:37.914 1212-1229/? V/ActivityManager: >>> EXECUTING bind of com.google.android.gms/.auth.GetToken
07-13 08:41:37.925 1212-1229/? V/ActivityManager: <<< DONE EXECUTING com.google.android.gms/.auth.GetToken
07-13 08:41:37.926 1212-4481/? V/ActivityManager: <<< DONE EXECUTING com.google.android.gms/.auth.GetToken
07-13 08:41:37.927 1212-4481/? V/ActivityManager: No more executingServices of com.google.android.gms/.auth.GetToken
07-13 08:41:37.928 29070-29070/? D/CompatibilityChangeReporter: Compat change id reported: 210923482; UID 10451; state: DISABLED
07-13 08:41:37.929 29070-29070/? D/CompatibilityChangeReporter: Compat change id reported: 37756858; UID 10451; state: ENABLED
07-13 08:41:37.932 29070-29070/? I/DecorView: getCurrentDensityDpi: from real metrics. densityDpi=450 msg=resources_loaded
07-13 08:41:37.932 29070-29070/? I/DecorView: setWindowBackground: isPopOver=false color=ff010101 d=android.graphics.drawable.StateListDrawable@2842681
07-13 08:41:37.940 1212-1238/? E/AppOps: User 0, OP 1 is restricted by 1000
07-13 08:41:37.940 1212-1238/? E/AppOps: User 0, OP 0 is restricted by 1000
07-13 08:41:37.941 1212-4481/? V/ActivityManager: >>> EXECUTING bind of com.google.android.gms/.chimera.PersistentApiService
07-13 08:41:37.942 1212-1238/? E/AppOps: User 0, OP 1 is restricted by 1000
07-13 08:41:37.942 1212-4481/? D/ActivityManager: schedule service timeout ProcessRecord{750093c 2857:com.google.android.gms.persistent/u0a179}
07-13 08:41:37.942 1212-1238/? E/AppOps: User 0, OP 0 is restricted by 1000
07-13 08:41:37.943 2857-2857/? D/BoundBrokerSvc: onBind: Intent { act=com.google.android.gms.auth.account.workaccount.START dat=chimera-action:/... cmp=com.google.android.gms/.chimera.PersistentApiService }
07-13 08:41:37.944 2857-2857/? D/BoundBrokerSvc: Loading bound service for intent: Intent { act=com.google.android.gms.auth.account.workaccount.START dat=chimera-action:/... cmp=com.google.android.gms/.chimera.PersistentApiService }
07-13 08:41:37.945 1212-1238/? E/AppOps: User 0, OP 1 is restricted by 1000
07-13 08:41:37.945 1212-1238/? E/AppOps: User 0, OP 0 is restricted by 1000
07-13 08:41:37.947 1212-4391/? V/ActivityManager: <<< DONE EXECUTING com.google.android.gms/.chimera.PersistentApiService
07-13 08:41:37.948 1212-4391/? V/ActivityManager: No more executingServices of com.google.android.gms/.chimera.PersistentApiService
07-13 08:41:37.949 2265-2337/? E/ActivityThread: Failed to find provider info for com.samsung.android.app.deepsky.DeepSkyQuery.provider
07-13 08:41:37.950 2265-2337/? E/SmartSuggestionsHelper: isSmartSuggestionsEnabled: Attempt to invoke virtual method 'android.os.Bundle android.content.ContentProviderClient.call(java.lang.String, java.lang.String, android.os.Bundle)' on a null object reference
07-13 08:41:37.951 1212-1238/? E/AppOps: User 0, OP 0 is restricted by 1000
07-13 08:41:37.951 1212-1238/? E/AppOps: User 0, OP 1 is restricted by 1000
07-13 08:41:37.966 1212-4391/? D/ActivityTaskManager: SafeActivityOptions created, mOriginalCallingPid=29070, mOriginalCallingUid=10451, options=null, caller=com.android.server.am.PendingIntentRecord.sendInner:471 com.android.server.am.PendingIntentRecord.sendInner:366 com.android.server.wm.ActivityTaskManagerService.startActivityIntentSender:1972 android.app.IActivityTaskManager$Stub.onTransact:1354 com.andro
07-13 08:41:37.966 1212-4391/? D/ActivityTaskManager: id.server.wm.ActivityTaskManagerService.onTransact:6588 android.os.Binder.execTransactInternal:1316 android.os.Binder.execTransact:1280 
07-13 08:41:37.967 1212-4391/? I/Pageboost: onAppLaunch : app.identifier
07-13 08:41:37.967 1212-1836/? I/Pageboost: Record App IO : app.identifier pid 28966
07-13 08:41:37.968 1212-4391/? I/ActivityTaskManager: START u0 {act=android.intent.action.MAIN cat=[android.intent.category.LAUNCHER] cmp=app.identifier/.MainActivity} from uid 10450
07-13 08:41:37.968 1212-1836/? E/Pageboost: record is ongoing. Abort for 28966
07-13 08:41:37.973 1212-4391/? D/CompatibilityChangeReporter: Compat change id reported: 194480991; UID 10450; state: ENABLED
07-13 08:41:37.974 1212-1238/? E/AppOps: User 0, OP 1 is restricted by 1000
07-13 08:41:37.974 1212-1238/? E/AppOps: User 0, OP 1 is restricted by 1000
07-13 08:41:37.974 1212-1238/? E/AppOps: User 0, OP 0 is restricted by 1000
07-13 08:41:37.974 1212-1238/? E/AppOps: User 0, OP 0 is restricted by 1000
07-13 08:41:37.974 1212-4391/? D/ActivityTaskManager: TaskLaunchParamsModifier:task=null activity=ActivityRecord{1b1b6 u0 app.identifier/.MainActivity} display-area-from-source=DefaultTaskDisplayArea@145134941 display-id=0 display-windowing-mode=1 suggested-display-area=DefaultTaskDisplayArea@145134941
07-13 08:41:37.975 1212-4391/? D/ActivityTaskManager: TaskLaunchParamsModifier:task=Task{1cea837 #210 type=standard A=10451:app.identifier.test U=0 visible=true visibleRequested=true mode=fullscreen translucent=false sz=1} activity=ActivityRecord{1b1b6 u0 app.identifier/.MainActivity} t-1} display-area-from-source=DefaultTaskDisplayArea@145134941 display-id=0 display-windowing-mode=
07-13 08:41:37.975 1212-4391/? D/ActivityTaskManager: 1 suggested-display-area=DefaultTaskDisplayArea@145134941 inherit-from-source=fullscreen activity-options-fullscreen=Rect(0, 0 - 0, 0) non-freeform-display display-area=DefaultTaskDisplayArea@145134941 maximized-bounds
07-13 08:41:37.975 1212-2457/? I/SemDvfsHyPerManager: acquire hyper - AMS_APP_SWITCH/1212@20, type = -999
07-13 08:41:37.976 859-918/? I/HYPER-HAL: [RequestManager.cpp]acquire(): Acquired ID : 759548  [1212 / 20]    HINT : AMS_APP_SWITCH    list : 
07-13 08:41:37.977 1212-1238/? E/AppOps: User 0, OP 1 is restricted by 1000
07-13 08:41:37.977 1212-4391/? D/CompatibilityChangeReporter: Compat change id reported: 174042980; UID 10450; state: DISABLED
07-13 08:41:37.977 1212-1238/? E/AppOps: User 0, OP 1 is restricted by 1000
07-13 08:41:37.977 1212-1238/? E/AppOps: User 0, OP 0 is restricted by 1000
07-13 08:41:37.977 1212-1238/? E/AppOps: User 0, OP 0 is restricted by 1000
07-13 08:41:37.977 1212-2457/? D/ActivityManagerPerformance: AMP_acquire() APP_SWITCH
07-13 08:41:37.977 3726-3726/? I/SemDvfsHyPerManager: acquire hyper - APP_START_SHORT/3726@12, type = -999
07-13 08:41:37.977 1212-4391/? D/CompatibilityChangeReporter: Compat change id reported: 184838306; UID 10450; state: DISABLED
07-13 08:41:37.978 1212-4391/? D/CompatibilityChangeReporter: Compat change id reported: 185004937; UID 10450; state: DISABLED
07-13 08:41:37.979 859-918/? I/HYPER-HAL: [RequestManager.cpp]acquire(): Acquired ID : 6988203  [3726 / 12]    HINT : APP_START    list : [TIMEOUT / 1500] 
07-13 08:41:37.980 1212-4391/? D/CompatibilityChangeReporter: Compat change id reported: 181136395; UID 10450; state: DISABLED
07-13 08:41:37.981 1212-4391/? D/CompatibilityChangeReporter: Compat change id reported: 174042936; UID 10450; state: DISABLED
07-13 08:41:37.981 916-938/? I/SurfaceFlinger: id=989 createSurf flag=80004, ActivityRecord{1b1b6 u0 app.identifier/.MainActivity} t210}#989
07-13 08:41:37.986 1212-4391/? W/WindowManager: Prepare app transition: mNextAppTransitionRequests=[TRANSIT_OPEN], mNextAppTransitionFlags=, displayId: 0 Callers=com.android.server.wm.DisplayContent.prepareAppTransition:6487 com.android.server.wm.DisplayContent.prepareAppTransition:6478 com.android.server.wm.Task.startActivityLocked:6593 com.android.server.wm.ActivityStarter.startActivityInner:2979 com.android.server.wm.ActivityStarter.startActivityUnchecked:2469 
07-13 08:41:37.986 1212-4391/? V/WindowManager: Checking theme of starting window: 0x7f0e0005
07-13 08:41:37.987 916-916/? D/SurfaceFlinger: Display 0 HWC layers:
07-13 08:41:37.987 916-916/? D/SurfaceFlinger:      DEVICE | 0xf3a69580 | 0100 | RGBA_8888    |    0.0    0.0 1080.0 2408.0 |    0    0 1080 2408 | Splash Screen app.identifier.test$_1853#985
07-13 08:41:37.987 916-916/? D/SurfaceFlinger:      DEVICE | 0xf3201280 | 0100 | RGBA_8888    |    0.0    0.0 1080.0   70.0 |    0    0 1080   70 | StatusBar$_1853#98
07-13 08:41:37.987 916-916/? D/SurfaceFlinger:      DEVICE | 0xf3200200 | 0100 | RGBA_8888    |    0.0    0.0 1080.0  135.0 |    0 2273 1080 2408 | NavigationBar0$_1853#92
07-13 08:41:37.987 916-916/? D/SurfaceFlinger:      DEVICE | 0xf3200e00 | 0108 | RGBA_8888    |    0.0    0.0 1080.0 2408.0 |    0    0 1080 2408 | $_1853#94
07-13 08:41:37.987 1212-4391/? V/WindowManager: Translucent=false Floating=false ShowWallpaper=false Disable=false
07-13 08:41:37.987 1212-4391/? V/WindowManager: Moving existing starting Window{b766858 u0 Splash Screen app.identifier.test} from ActivityRecord{9298136 u0 app.identifier.test/androidx.test.core.app.InstrumentationActivityInvoker$BootstrapActivity} t210} to ActivityRecord{1b1b6 u0 app.identifier/.MainActivity} t210}
07-13 08:41:37.988 1212-4391/? V/WindowManager: Nulling last startingData
07-13 08:41:37.989 1212-4391/? D/ActivityTaskManager: scheduleTopResumedActivityChanged, onTop=false r=ActivityRecord{9298136 u0 app.identifier.test/androidx.test.core.app.InstrumentationActivityInvoker$BootstrapActivity} t210} caller=com.android.server.wm.ActivityTaskSupervisor.updateTopResumedActivityIfNeeded:2508 com.android.server.wm.TaskFragment.setResumedActivity:493 com.android.server.wm.TaskFragment.onActivityStateChanged:790 com.android.server.wm.ActivityRecord.setState:6400 com.android.server.wm.TaskFragment.startPausing:1880 com.android.server.wm.TaskFragment.startPausing:1817 
07-13 08:41:37.992 916-938/? I/SurfaceFlinger: id=990 createSurf flag=80000, bcad551 ActivityRecordInputSink app.identifier/.MainActivity#990
07-13 08:41:37.995 1853-3755/? I/ViewRootImpl@236a84d[test]: Resizing android.view.ViewRootImpl@5a6fa6f: frame = [0,0][1080,2408] reportDraw = false forceLayout = false syncSeqId = 0
07-13 08:41:37.996 1853-1912/? I/ViewRootImpl@236a84d[test]: handleResized, msg = 4 frames=ClientWindowFrames{frame=[0,0][1080,2408] display=[0,0][1080,2408] parentFrame=[0,0][0,0] parentClippedByDisplayCutout=false} forceNextWindowRelayout=false displayId=0 resizeMode=-1 frameChanged=false displayFrameChanged=false configChanged=false displayChanged=false
07-13 08:41:37.996 1212-4391/? D/CompatibilityChangeReporter: Compat change id reported: 194833441; UID 10450; state: DISABLED
07-13 08:41:37.996 1212-4391/? I/Pageboost: stop alp
07-13 08:41:37.997 1212-4391/? D/ActivityManager: Received ACTIVITY intent 0x801dd89 Key{startActivity pkg=app.identifier intent=act=android.intent.action.MAIN cat=[android.intent.category.LAUNCHER] cmp=app.identifier/.MainActivity flags=0x0 u=0} requestCode=0 res=0 from uid 10451
07-13 08:41:37.999 2692-2692/? E/pageboostd: Received HALT command code 2
07-13 08:41:38.003 1212-4391/? D/MARsPolicyManager: onPackageResumedFG pkgName = app.identifier, userId = 0
07-13 08:41:38.003 1212-1241/? D/SGM:FgCheckThread: notePauseComponent(), received pkgName: app.identifier.test, userId: 0
07-13 08:41:38.004 1212-4391/? W/WindowManager: Prepare app transition: mNextAppTransitionRequests=[TRANSIT_OPEN, TRANSIT_OPEN], mNextAppTransitionFlags=, displayId: 0 Callers=com.android.server.wm.DisplayContent.prepareAppTransition:6487 com.android.server.wm.TaskFragment.resumeTopActivity:1573 com.android.server.wm.TaskFragment.resumeTopActivity:1307 com.android.server.wm.Task.
07-13 08:41:38.004 1212-4391/? W/WindowManager: resumeTopActivityInnerLocked:6449 com.android.server.wm.Task.resumeTopActivityUncheckedLocked:6350 
07-13 08:41:38.005 1212-4391/? D/WindowManagerServiceExt: notifyOccludeChangeNotice: cn=ComponentInfo{app.identifier/app.identifier.MainActivity} occludesParent=true inMultiWindow=false styleFloating=false caller=com.android.server.wm.WindowManagerServiceExt.updateOccludeTargetIfNeeded:1402 com.android.server.wm.DisplayContent.ensureActivitiesVisible:7526 com.android.server.wm.RootWindowContainer.ensureActivitiesVisible:2248 com.android.server.wm.RootWindowContainer.ensureVisibilityAndConfig:2126 com.android.server.wm.ActivityTaskSupervisor.realStartActivityLocked:913 
07-13 08:41:38.006 1212-4391/? V/WindowManager: rotationForOrientation(orient=SCREEN_ORIENTATION_UNSPECIFIED (-1), last=ROTATION_0 (0)); user=ROTATION_0 (0) USER_ROTATION_LOCKED
07-13 08:41:38.006 1212-4391/? D/WindowManager: rotationForOrientation, orientationSource=ActivityRecord{1b1b6 u0 app.identifier/.MainActivity} t210}
07-13 08:41:38.006 916-916/? D/SurfaceFlinger: Display 0 HWC layers:
07-13 08:41:38.006 916-916/? D/SurfaceFlinger:      DEVICE | 0xf3a69580 | 0100 | RGBA_8888    |    0.0    0.0 1080.0 2408.0 |    0    0 1080 2408 | Splash Screen app.identifier.test$_1853#985
07-13 08:41:38.006 916-916/? D/SurfaceFlinger:      DEVICE | 0xf3201280 | 0100 | RGBA_8888    |    0.0    0.0 1080.0   70.0 |    0    0 1080   70 | StatusBar$_1853#98
07-13 08:41:38.006 916-916/? D/SurfaceFlinger:      DEVICE | 0xf3200200 | 0100 | RGBA_8888    |    0.0    0.0 1080.0  135.0 |    0 2273 1080 2408 | NavigationBar0$_1853#92
07-13 08:41:38.006 916-916/? D/SurfaceFlinger:      DEVICE | 0xf3200e00 | 0108 | RGBA_8888    |    0.0    0.0 1080.0 2408.0 |    0    0 1080 2408 | $_1853#94
