07-13 08:41:58.561 1212-1242/? D/ActivityTaskManager: mStartingWindow and mStartingData is null for token=ActivityRecord{f3a157f u0 app.identifier.test/androidx.test.core.app.InstrumentationActivityInvoker$EmptyActivity} t213 f}}
07-13 08:41:58.566 2265-2265/? I/TopTaskTracker: onTaskMovedToFront : taskId = 190
07-13 08:41:58.568 2265-3740/? I/RecentModel: onTaskStackChangedBackground
07-13 08:41:58.570 916-916/? D/SurfaceFlinger: Display 0 HWC layers:
07-13 08:41:58.570 916-916/? D/SurfaceFlinger:      DEVICE | 0xf359f200 | 0102 | RGBA_8888    |    0.0    0.0 1080.0 2408.0 |    0    0 1080 2408 | app.identifier/app.identifier.MainActivity$_29676#1097
07-13 08:41:58.570 916-916/? D/SurfaceFlinger:      DEVICE | 0xf3201280 | 0100 | RGBA_8888    |    0.0    0.0 1080.0   70.0 |    0    0 1080   70 | StatusBar$_1853#98
07-13 08:41:58.570 916-916/? D/SurfaceFlinger:      DEVICE | 0xf31fff00 | 0100 | RGBA_8888    |    0.0    0.0 1080.0  135.0 |    0 2273 1080 2408 | NavigationBar0$_1853#92
07-13 08:41:58.570 916-916/? D/SurfaceFlinger:      DEVICE | 0xf3200e00 | 0108 | RGB
07-13 08:41:58.570 916-916/? D/SurfaceFlinger: A_8888    |    0.0    0.0 1080.0 2408.0 |    0    0 1080 2408 | $_1853#94
07-13 08:41:58.575 29070-29070/? I/ViewRootImpl@de55e43[InstrumentationActivityInvoker$EmptyActivity]: performTraversals params={(0,0)(fillxfill) sim={adjust=pan forwardNavigation} ty=BASE_APPLICATION wanim=0x1030001
07-13 08:41:58.575 29070-29070/? I/ViewRootImpl@de55e43[InstrumentationActivityInvoker$EmptyActivity]:   fl=1810100
07-13 08:41:58.575 29070-29070/? I/ViewRootImpl@de55e43[InstrumentationActivityInvoker$EmptyActivity]:   pfl=12020040
07-13 08:41:58.575 29070-29070/? I/ViewRootImpl@de55e43[InstrumentationActivityInvoker$EmptyActivity]:   bhv=DEFAULT
07-13 08:41:58.575 29070-29070/? I/ViewRootImpl@de55e43[InstrumentationActivityInvoker$EmptyActivity]:   fitSides= naviIconColor=0}
07-13 08:41:58.579 29070-29070/? I/ViewRootImpl@de55e43[InstrumentationActivityInvoker$EmptyActivity]: performTraversals mFirst=true windowShouldResize=true viewVisibilityChanged=false mForceNextWindowRelayout=false params={(0,0)(fillxfill) sim={adjust=pan forwardNavigation} ty=BASE_APPLICATION wanim=0x1030001
07-13 08:41:58.579 29070-29070/? I/ViewRootImpl@de55e43[InstrumentationActivityInvoker$EmptyActivity]:   fl=1810100
07-13 08:41:58.579 29070-29070/? I/ViewRootImpl@de55e43[InstrumentationActivityInvoker$EmptyActivity]:   pfl=12020040
07-13 08:41:58.579 29070-29070/? I/ViewRootImpl@de55e43[InstrumentationActivityInvoker$EmptyActivity]:   bhv=DEFAULT
07-13 08:41:58.579 29070-29070/? I/ViewRootImpl@de55e43[InstrumentationActivityInvoker$EmptyActivity]:   fitSides= naviIconColor=0}
07-13 08:41:58.580 1212-4472/? V/WindowManager: Relayout Window{aed40ae u0 app.identifier.test/androidx.test.core.app.InstrumentationActivityInvoker$EmptyActivity}: viewVisibility=0 req=1080x2408 d0
07-13 08:41:58.580 1212-4472/? D/RestrictionPolicy: isScreenCaptureEnabled : ret=true userId=0
07-13 08:41:58.581 916-937/? I/SurfaceFlinger: id=1113 createSurf flag=40004, app.identifier.test/androidx.test.core.app.InstrumentationActivityInvoker$EmptyActivity$_29070#1113
07-13 08:41:58.582 1212-4472/? D/WindowManager: makeSurface duration=1 name=app.identifier.test/androidx.test.core.app.InstrumentationActivityInvoker$EmptyActivity$_29070
07-13 08:41:58.584 1212-4472/? D/ActivityTaskManager: mStartingWindow and mStartingData is null for token=ActivityRecord{f3a157f u0 app.identifier.test/androidx.test.core.app.InstrumentationActivityInvoker$EmptyActivity} t213 f}}
07-13 08:41:58.587 916-916/? D/SurfaceFlinger: Display 0 HWC layers:
07-13 08:41:58.587 916-916/? D/SurfaceFlinger:      DEVICE | 0xf359f200 | 0102 | RGBA_8888    |    0.0    0.0 1080.0 2408.0 |    0    0 1080 2408 | app.identifier/app.identifier.MainActivity$_29676#1097
07-13 08:41:58.587 916-916/? D/SurfaceFlinger:      DEVICE | 0xf3201280 | 0100 | RGBA_8888    |    0.0    0.0 1080.0   70.0 |    0    0 1080   70 | StatusBar$_1853#98
07-13 08:41:58.587 916-916/? D/SurfaceFlinger:      DEVICE | 0xf31fff00 | 0100 | RGBA_8888    |    0.0    0.0 1080.0  135.0 |    0 2273 1080 2408 | NavigationBar0$_1853#92
07-13 08:41:58.587 916-916/? D/SurfaceFlinger:      DEVICE | 0xf3200e00 | 0108 | RGBA_8888    |    0.0    0.0 1080.0 2408.0 |    0    0 1080 2408 | $_1853#94
07-13 08:41:58.587 1212-4472/? V/WindowManager: Relayout hash=aed40ae, pid=29070, syncId=-1: mAttrs={(0,0)(fillxfill) sim={adjust=pan forwardNavigation} ty=BASE_APPLICATION wanim=0x1030001
07-13 08:41:58.587 1212-4472/? V/WindowManager:   fl=1810100
07-13 08:41:58.587 1212-4472/? V/WindowManager:   pfl=12020040
07-13 08:41:58.587 1212-4472/? V/WindowManager:   bhv=DEFAULT
07-13 08:41:58.587 1212-4472/? V/WindowManager:   fitSides= naviIconColor=0}
07-13 08:41:58.592 29070-29070/? I/ViewRootImpl@de55e43[InstrumentationActivityInvoker$EmptyActivity]: updateBlastSurfaceIfNeeded mBlastBufferQueue=null isSameSurfaceControl=false
07-13 08:41:58.593 29070-29070/? I/BLASTBufferQueue: new BLASTBufferQueue, mName= ViewRootImpl@de55e43[InstrumentationActivityInvoker$EmptyActivity] mNativeObject= 0xe92c4800 sc.mNativeObject= 0xe5a87db0 caller= android.view.ViewRootImpl.updateBlastSurfaceIfNeeded:2909 android.view.ViewRootImpl.relayoutWindow:9847 android.view.ViewRootImpl.performTraversals:3884 android.view.ViewRootImpl.doTraversal:3116 android.view.ViewRootImpl$TraversalRunnable.run:10885 android.view.Choreographer$CallbackRecord.run:1301 android.view.Choreographer$CallbackRecord.run:1309 android.view.Choreographer.doCallbacks:923 android.view.Choreographer.doFrame:852 android.view.Choreographer$FrameDisplayEventReceiver.run:1283 
07-13 08:41:58.593 29070-29070/? I/BLASTBufferQueue: update, w= 1080 h= 2408 mName = ViewRootImpl@de55e43[InstrumentationActivityI
07-13 08:41:58.593 29070-29070/? I/BLASTBufferQueue: nvoker$EmptyActivity] mNativeObject= 0xe92c4800 sc.mNativeObject= 0xe5a87db0 format= -1 caller= android.graphics.BLASTBufferQueue.<init>:84 android.view.ViewRootImpl.updateBlastSurfaceIfNeeded:2909 android.view.ViewRootImpl.relayoutWindow:9847 android.view.ViewRootImpl.performTraversals:3884 android.view.ViewRootImpl.doTraversal:3116 android.view.ViewRootImpl$TraversalRunnable.run:10885 
07-13 08:41:58.594 29070-29070/? I/ViewRootImpl@de55e43[InstrumentationActivityInvoker$EmptyActivity]: Relayout returned: old=(0,0,1080,2408) new=(0,0,1080,2408) req=(1080,2408)0 dur=12 res=0x3 s={true 0xe5304000} ch=true seqId=0
07-13 08:41:58.596 29070-29125/? D/OpenGLRenderer: eglCreateWindowSurface
07-13 08:41:58.596 29070-29070/? I/ViewRootImpl@de55e43[InstrumentationActivityInvoker$EmptyActivity]: mThreadedRenderer.initialize() mSurface={isValid=true 0xe5304000} hwInitialized=true
07-13 08:41:58.601 29070-29070/? I/ViewRootImpl@de55e43[InstrumentationActivityInvoker$EmptyActivity]: reportNextDraw android.view.ViewRootImpl.performTraversals:4438 android.view.ViewRootImpl.doTraversal:3116 android.view.ViewRootImpl$TraversalRunnable.run:10885 android.view.Choreographer$CallbackRecord.run:1301 android.view.Choreographer$CallbackRecord.run:1309 
07-13 08:41:58.601 29070-29070/? I/ViewRootImpl@de55e43[InstrumentationActivityInvoker$EmptyActivity]: Setup new sync id=0
07-13 08:41:58.601 1212-1242/? D/ActivityTaskManager: mStartingWindow and mStartingData is null for token=ActivityRecord{f3a157f u0 app.identifier.test/androidx.test.core.app.InstrumentationActivityInvoker$EmptyActivity} t213 f}}
07-13 08:41:58.602 29070-29070/? I/ViewRootImpl@de55e43[InstrumentationActivityInvoker$EmptyActivity]: Setting syncFrameCallback
07-13 08:41:58.602 29070-29070/? I/ViewRootImpl@de55e43[InstrumentationActivityInvoker$EmptyActivity]: registerCallbacksForSync syncBuffer=false
07-13 08:41:58.604 916-916/? D/SurfaceFlinger: Display 0 HWC layers:
07-13 08:41:58.604 916-916/? D/SurfaceFlinger:      DEVICE | 0xf359f200 | 0102 | RGBA_8888    |    0.0    0.0 1080.0 2408.0 |    0    0 1080 2408 | app.identifier/app.identifier.MainActivity$_29676#1097
07-13 08:41:58.604 916-916/? D/SurfaceFlinger:      DEVICE | 0xf3201280 | 0100 | RGBA_8888    |    0.0    0.0 1080.0   70.0 |    0    0 1080   70 | StatusBar$_1853#98
07-13 08:41:58.604 916-916/? D/SurfaceFlinger:      DEVICE | 0xf31fff00 | 0100 | RGBA_8888    |    0.0    0.0 1080.0  135.0 |    0 2273 1080 2408 | NavigationBar0$_1853#92
07-13 08:41:58.604 916-916/? D/SurfaceFlinger:      DEVICE | 0xf3200e00 | 0108 | RGBA_8888    |    0.0    0.0 1080.0 2408.0 |    0    0 1080 2408 | $_1853#94
07-13 08:41:58.606 29070-29201/? I/ViewRootImpl@de55e43[InstrumentationActivityInvoker$EmptyActivity]: Received frameDrawingCallback syncResult=0 frameNum=1.
07-13 08:41:58.606 29070-29201/? I/ViewRootImpl@de55e43[InstrumentationActivityInvoker$EmptyActivity]: Setting up sync and frameCommitCallback
07-13 08:41:58.609 29070-29125/? I/BLASTBufferQueue: [ViewRootImpl@de55e43[InstrumentationActivityInvoker$EmptyActivity]#7](f:0,a:0) onFrameAvailable the first frame is available
07-13 08:41:58.611 29070-29125/? I/ViewRootImpl@de55e43[InstrumentationActivityInvoker$EmptyActivity]: Received frameCommittedCallback lastAttemptedDrawFrameNum=1 didProduceBuffer=true
07-13 08:41:58.612 29070-29125/? D/OpenGLRenderer: CFMS:: SetUp Pid : 29070    Tid : 29125
07-13 08:41:58.614 29070-29070/? I/ViewRootImpl@de55e43[InstrumentationActivityInvoker$EmptyActivity]: onSyncComplete
07-13 08:41:58.615 29070-29070/? I/ViewRootImpl@de55e43[InstrumentationActivityInvoker$EmptyActivity]: setupSync seqId=0 mSyncId=0 fn=1 caller=android.view.ViewRootImpl$$ExternalSyntheticLambda11.accept:6 android.window.SurfaceSyncer.lambda$setupSync$1$android-window-SurfaceSyncer:128 android.window.SurfaceSyncer$$ExternalSyntheticLambda1.accept:8 android.window.SurfaceSyncer$SyncSet.checkIfSyncIsComplete:382 android.window.SurfaceSyncer$SyncSet.markSyncReady:359 android.window.SurfaceSyncer.markSyncReady:151 android.view.ViewRootImpl.performTraversals:4503 
07-13 08:41:58.616 29070-29125/? D/OpenGLRenderer: setSurface called with nullptr
07-13 08:41:58.616 29070-29125/? D/OpenGLRenderer: setSurface() destroyed EGLSurface
07-13 08:41:58.616 29070-29125/? D/OpenGLRenderer: destroyEglSurface
07-13 08:41:58.618 29070-29070/? I/ViewRootImpl@eacb9b7[InstrumentationActivityInvoker$EmptyActivity]: performTraversals mFirst=false windowShouldResize=false viewVisibilityChanged=true mForceNextWindowRelayout=false params=null
07-13 08:41:58.619 1212-4472/? V/WindowManager: Relayout Window{cf7065a u0 app.identifier.test/androidx.test.core.app.InstrumentationActivityInvoker$EmptyActivity}: viewVisibility=4 req=1080x2408 d0
07-13 08:41:58.621 1212-4472/? D/ActivityTaskManager: mStartingWindow and mStartingData is null for token=ActivityRecord{f3a157f u0 app.identifier.test/androidx.test.core.app.InstrumentationActivityInvoker$EmptyActivity} t213 f}}
07-13 08:41:58.622 916-916/? D/SurfaceFlinger: Display 0 HWC layers:
07-13 08:41:58.622 916-916/? D/SurfaceFlinger:      DEVICE | 0xf359f200 | 0102 | RGBA_8888    |    0.0    0.0 1080.0 2408.0 |    0    0 1080 2408 | app.identifier/app.identifier.MainActivity$_29676#1097
07-13 08:41:58.622 916-916/? D/SurfaceFlinger:      DEVICE | 0xf3201280 | 0100 | RGBA_8888    |    0.0    0.0 1080.0   70.0 |    0    0 1080   70 | StatusBar$_1853#98
07-13 08:41:58.622 916-916/? D/SurfaceFlinger:      DEVICE | 0xf31fff00 | 0100 | RGBA_8888    |    0.0    0.0 1080.0  135.0 |    0 2273 1080 2408 | NavigationBar0$_1853#92
07-13 08:41:58.622 916-916/? D/SurfaceFlinger:      DEVICE | 0xf3200e00 | 0108 | RGBA_8888    |    0.0    0.0 1080.0 2408.0 |    0    0 1080 2408 | $_1853#94
07-13 08:41:58.625 1212-4472/? V/WindowManager: Relayout hash=cf7065a, pid=29070, syncId=-1: mAttrs={(0,0)(fillxfill) sim={adjust=pan forwardNavigation} ty=BASE_APPLICATION wanim=0x1030001
07-13 08:41:58.625 1212-4472/? V/WindowManager:   fl=1810100
07-13 08:41:58.625 1212-4472/? V/WindowManager:   pfl=12020040
07-13 08:41:58.625 1212-4472/? V/WindowManager:   bhv=DEFAULT
07-13 08:41:58.625 1212-4472/? V/WindowManager:   fitSides= naviIconColor=0}
07-13 08:41:58.629 29070-29070/? I/ViewRootImpl@eacb9b7[InstrumentationActivityInvoker$EmptyActivity]: Relayout returned: old=(0,0,1080,2408) new=(0,0,1080,2408) req=(1080,2408)4 dur=11 res=0x2 s={false 0x0} ch=false seqId=0
07-13 08:41:58.630 29070-29070/? I/ViewRootImpl@de55e43[InstrumentationActivityInvoker$EmptyActivity]: reportDrawFinished seqId=0 mSyncId=-1 fn=1 mSurfaceChangedTransaction=0xe5379b80
07-13 08:41:58.630 1212-4472/? D/WindowManager: finishDrawingWindow: Window{aed40ae u0 app.identifier.test/androidx.test.core.app.InstrumentationActivityInvoker$EmptyActivity} mDrawState=DRAW_PENDING seqId=0
07-13 08:41:58.632 1212-1242/? D/ActivityTaskManager: mStartingWindow and mStartingData is null for token=Activ
07-13 08:41:58.632 1212-1242/? D/ActivityTaskManager: ityRecord{f3a157f u0 app.identifier.test/androidx.test.core.app.InstrumentationActivityInvoker$EmptyActivity} t213 f}}
07-13 08:41:58.633 1212-2724/? I/ActivityTaskManager: Activity reported stop, but no longer stopping: ActivityRecord{f3a157f u0 app.identifier.test/androidx.test.core.app.InstrumentationActivityInvoker$EmptyActivity} t213 f}} DESTROYING
07-13 08:41:58.633 1212-4472/? D/CoreBackPreview: Window{cf7065a u0 app.identifier.test/androidx.test.core.app.InstrumentationActivityInvoker$EmptyActivity}: Setting back callback null
07-13 08:41:58.634 29070-29070/? I/MSHandlerLifeCycle: removeMultiSplitHandler: no exist. decor=DecorView@1e68851[InstrumentationActivityInvoker$EmptyActivity]
07-13 08:41:58.634 1212-1242/? D/ActivityTaskManager: mStartingWindow and mStartingData is null for token=ActivityRecord{f3a157f u0 app.identifier.test/androidx.test.core.app.InstrumentationActivityInvoker$EmptyActivity} t213 f}}
07-13 08:41:58.636 29070-29125/? D/OpenGLRenderer: setSurface called with nullptr
07-13 08:41:58.637 29070-29070/? I/ViewRootImpl@eacb9b7[InstrumentationActivityInvoker$EmptyActivity]: dispatchDetachedFromWindow
07-13 08:41:58.638 1212-4472/? D/InputTransport: Input channel destroyed: 'cf7065a', fd=894
07-13 08:41:58.638 1212-4472/? W/InputManager-JNI: Input channel object 'cf7065a app.identifier.test/androidx.test.core.app.InstrumentationActivityInvoker$EmptyActivity (client)' was disposed without first being removed with the input manager!
07-13 08:41:58.638 1212-4472/? D/InputTransport: Input channel destroyed: 'cf7065a', fd=898
07-13 08:41:58.638 1212-4472/? V/WindowManager: Remove Window{cf7065a u0 app.identifier.test/androidx.test.core.app.InstrumentationActivityInvoker$EmptyActivity}: mSurfaceController=Surface(name=app.identifier.test/androidx.test.core.app.InstrumentationActivityInvoker$EmptyActivity$_29070)/@0x36627c8 mAnimatingExit=false mRemoveOnExit=false mHasSurface=true surfaceShowing=false animating=false app-animation=false mWillReplaceWindow=false mDisplayFrozen=false callers=com.android.server.wm.WindowState.removeIfPossible:3041 com.android.server.wm.WindowManagerService.removeWindow:2282 com.android.server.wm.Session.remove:236 android.view.IWindowSession$Stub.onTransact:743 com.android.server.wm.Session.onTransact:188 android.os.Binder.execTransactInternal:1316 
07-13 08:41:58.638 1212-2724/? I/ActivityManager: Changes in 10103 5 to 2, 8 to 15
07-13 08:41:58.639 1212-4472/? I/WindowManager: Destroying surface Surface(name=app.identifier.test/androidx.test.core.app.InstrumentationActivityInvoker$EmptyActivity$_29070)/@0x36627c8 called by com.android.server.wm.WindowStateAnimator.destroySurface:942 com.android.server.wm.WindowStateAnimator.destroySurfaceLocked:536 com.android.server.wm.WindowState.removeImmediately:2969 com.android.server.wm.WindowState.removeIfPossible:3228 com.android.server.wm.WindowState.removeIfPossible:3041 com.android.server.wm.WindowManagerService.removeWindow:2282 com.android.server.wm.Session.remove:236 android.view.IWindowSession$Stub.onTransact:743 
07-13 08:41:58.639 1212-2724/? I/AppOps: updateUidProcState uid: 10103 procState: 2 capability:15
07-13 08:41:58.639 1212-4472/? D/RestrictionPolicy: isScreenCaptureEnabled : ret=true userId=0
07-13 08:41:58.639 1212-4472/? V/WindowManager: Nulling last startingData
07-13 08:41:58.642 29070-29070/? D/InputTransport: Input channel destroyed: 'cf7065a', fd=88
07-13 08:41:58.648 1212-2144/? V/MARsPolicyManager: Current Home Package com.sec.android.app.launcher Resumed
07-13 08:41:58.648 1212-1241/? D/SGM:FgCheckThread: notePauseComponent(), received pkgName: app.identifier.test, userId: 0
07-13 08:41:58.648 1212-2144/? D/MARsPolicyManager: onPackageResumedFG pkgName = com.sec.android.app.launcher, userId = 0
07-13 08:41:58.648 1212-2144/? I/SemDvfsHyPerManager: acquire hyper - AMS_APP_HOME/1212@27, type = -999
07-13 08:41:58.649 859-918/? I/HYPER-HAL: [RequestManager.cpp]acquire(): Acquired ID : 768207  [1212 / 27]    HINT : AMS_APP_HOME    list : 
07-13 08:41:58.649 1212-2144/? D/ActivityManagerPerformance: AMP_acquire() HOME
07-13 08:41:58.650 3726-3726/? I/SemDvfsHyPerManager: acquire hyper - APP_START_HOME/3726@13, type = -999
07-13 08:41:58.650 859-918/? I/HYPER-HAL: [RequestManager.cpp]acquire(): Acquired ID : 6991943  [3726 / 13]    HINT : APP_START    list : [KERNEL_APP_START_NOTIFY / 0] [TIMEOUT / 1500] 
07-13 08:41:58.650 1212-2144/? W/WindowManager: Prepare app transition: mNextAppTransitionRequests=[TRANSIT_OPEN, TRANSIT_OPEN, TRANSIT_OPEN, TRANSIT_OPEN, TRANSIT_CLOSE, TRANSIT_CLOSE], mNextAppTransitionFlags=, displayId: 0 Callers=com.android.server.wm.DisplayContent.prepareAppTransition:6487 com.android.server.wm.DisplayContent.prepareAppTransition:6478 com.android.server.wm.TaskFragment.resumeTopActivity:1562 com.android.server.wm.TaskFragment.resumeTopActivity:1307 com.android.server.wm.Task.resumeTopActivityInnerLocked:6449 
07-13 08:41:58.651 916-916/? I/Layer: id=1107 removeFromCurrentState app.identifier.test/androidx.test.core.app.InstrumentationActivityInvoker$EmptyActivity$_29070#1107 (112)
07-13 08:41:58.651 916-916/? I/Layer: id=1105 removeFromCurrentState cf7065a app.identifier.test/androidx.test.core.app.InstrumentationActivityInvoker$EmptyActivity#1105 (112)
07-13 08:41:58.651 916-916/? I/SurfaceFlinger: id=1107 Removed app.identifier.test/androidx.test.core.app.InstrumentationActivityInvoker$EmptyActivity$_29070#1107 (112)
07-13 08:41:58.651 916-916/? I/SurfaceFlinger: id=1105 Removed cf7065a app.identifier.test/androidx.test.core.app.InstrumentationActivityInvoker$EmptyActivity#1105 (112)
07-13 08:41:58.651 916-916/? I/Layer: id=1105 Destroyed cf7065a app.identifier.test/androidx.test.core.app.InstrumentationActivityInvoker$EmptyActivity#1105
07-13 08:41:58.651 1212-2144/? V/WindowManager: Setting visibility of Window{8058bf5 u0 com.sec.android.app.launcher/com.sec.android.app.launcher.activities.LauncherActivity}: true, caller=com.android.server.wm.WindowContainer.sendAppVisibilityToClients:1246 com.android.server.wm.WindowToken.setClientVisible:431 com.android.server.wm.ActivityRecord.setClientVisible:7685 com.android.server.wm.ActivityRecord.setVisibility:6085 com.android.server.wm.ActivityRecord.setVisibility:5978 
07-13 08:41:58.651 916-916/? I/Layer: id=1107 Destroyed app.identifier.test/androidx.test.core.app.InstrumentationActivityInvoker$EmptyActivity$_29070#1107
07-13 08:41:58.652 2265-2265/? I/ViewRootImpl@7e0c621[LauncherActivity]: handleAppVisibility mAppVisible = false visible = true
07-13 08:41:58.652 1212-2144/? D/ActivityTaskManager: scheduleTopResumedActivityChanged, onTop=true r=ActivityRecord{6b6f3a1 u0 com.sec.android.app.launcher/.activities.LauncherActivity} t190} caller=com.android.server.wm.ActivityTaskSupervisor.scheduleTopResumedActivityStateIfNeeded:2533 com.android.server.wm.ActivityTaskSupervisor.updateTopResumedActivityIfNeeded:2525 com.android.server.wm.TaskFragment.setResumedActivity:493 com.android.server.wm.TaskFragment.onActivityStateChanged:805 com.android.server.wm.ActivityRecord.setState:6400 com.android.server.wm.TaskFragment.resumeTopActivity:1629 
07-13 08:41:58.653 1212-2144/? D/WindowManagerServiceExt: notifyOccludeChangeNotice: reset caller=com.android.server.wm.WindowManagerServiceExt.updateOccludeTargetIfNeeded:1402 com.andro
07-13 08:41:58.653 1212-2144/? D/WindowManagerServiceExt: id.server.wm.DisplayContent.ensureActivitiesVisible:7526 com.android.server.wm.RootWindowContainer.ensureActivitiesVisible:2248 com.android.server.wm.RootWindowContainer.ensureVisibilityAndConfig:2126 com.android.server.wm.TaskFragment.resumeTopActivity:1652 
07-13 08:41:58.653 1212-2144/? V/WindowManager: rotationForOrientation(orient=SCREEN_ORIENTATION_NOSENSOR (5), last=ROTATION_0 (0)); user=ROTATION_0 (0) USER_ROTATION_LOCKED
07-13 08:41:58.653 1212-2144/? D/WindowManager: rotationForOrientation, orientationSource=ActivityRecord{6b6f3a1 u0 com.sec.android.app.launcher/.activities.LauncherActivity} t190}
07-13 08:41:58.654 1212-2144/? V/WindowManager: Computed rotation=ROTATION_0 (0) for display id=0 based on lastOrientation=SCREEN_ORIENTATION_NOSENSOR (5) and oldRotation=ROTATION_0 (0), caller=com.android.server.wm.DisplayRotation.updateOrientation:414 com.android.server.wm.DisplayContent.updateOrientation:1990 com.android.server.wm.DisplayContent.updateOrientation:1891 com.android.server.wm.RootWindowContainer.ensureVisibilityAndConfig:2139 com.android.server.wm.TaskFragment.resumeTopActivity:1652 com.android.server.wm.TaskFragment.resumeTopActivity:1307 
07-13 08:41:58.655 1212-2144/? D/TspStateManager: updateCustomValue customSetting=
07-13 08:41:58.656 916-916/? D/SurfaceFlinger: Display 0 HWC layers:
07-13 08:41:58.656 916-916/? D/SurfaceFlinger:      DEVICE | 0xf359f200 | 0102 | RGBA_8888    |    0.0    0.0 1080.0 2408.0 |    0    0 1080 2408 | app.identifier/app.identifier.MainActivity$_29676#1097
07-13 08:41:58.656 916-916/? D/SurfaceFlinger:      DEVICE | 0xf3201280 | 0100 | RGBA_8888    |    0.0    0.0 1080.0   70.0 |    0    0 1080   70 | StatusBar$_1853#98
07-13 08:41:58.656 916-916/? D/SurfaceFlinger:      DEVICE | 0xf31fff00 | 0100 | RGBA_8888    |    0.0    0.0 1080.0  135.0 |    0 2273 1080 2408 | NavigationBar0$_1853#92
07-13 08:41:58.656 916-916/? D/SurfaceFlinger:      DEVICE | 0xf3200e00 | 0108 | RGBA_8888    |    0.0    0.0 1080.0 2408.0 |    0    0 1080 2408 | $_1853#94
07-13 08:41:58.657 1212-2144/? D/TspStateManager: updateCustomValue customSetting=
07-13 08:41:58.658 2265-2265/? I/ViewRootImpl@7e0c621[LauncherActivity]: stopped(false) old = true
07-13 08:41:58.658 2265-2265/? I/ViewRootImpl@7e0c621[LauncherActivity]: WindowStopped on com.sec.android.app.launcher/com.sec.android.app.launcher.activities.LauncherActivity set to false
07-13 08:41:58.658 1212-2144/? W/WindowManager: Execute app transition: mNextAppTransitionRequests=[TRANSIT_OPEN, TRANSIT_OPEN, TRANSIT_OPEN, TRANSIT_OPEN, TRANSIT_CLOSE, TRANSIT_CLOSE], mNextAppTransitionFlags=, displayId: 0 Callers=com.android.server.wm.RootWindowContainer.executeAppTransitionForAllDisplay:2580 com.android.server.wm.ActivityTaskSupervisor.reportResumedActivityLocked:2285 com.android.server.wm.ActivityRecord.completeResumeLocked:6981 com.android.server.wm.TaskFragment.resumeTopActivity:1743 com.android.server.wm.TaskFragment.resumeTopActivity:1307 
07-13 08:41:58.659 2265-2265/? I/Launcher: !@Boot_DEBUG: Launcher.onStart()
07-13 08:41:58.659 2265-2265/? I/Launcher: !@Boot_EBS_D: Launcher.onStart()
07-13 08:41:58.659 2265-2265/? I/BaseActivity: addActivityFlags, flags : 1
07-13 08:41:58.660 2265-2265/? W/LauncherAppWidgetHost: setShouldListenFlag, mFlags:2 flag:start on:true isFront:false
07-13 08:41:58.660 2265-2265/? W/Launcher: onStart isListening : false isLoading false
07-13 08:41:58.662 29070-29070/? E/AccessibilityInteractionController: mViewRootImpl is invalid
07-13 08:41:58.663 2265-2265/? I/MSHandlerLifeCycle: removeMultiSplitHandler: no exist. decor=DecorView@6dcf786[LauncherActivity]
07-13 08:41:58.664 2265-2265/? I/ViewRootImpl@7e0c621[LauncherActivity]: stopped(false) old = false
07-13 08:41:58.664 2265-2265/? I/Launcher: !@Boot_DEBUG: Launcher.onResume()
07-13 08:41:58.664 2265-2265/? I/Launcher: !@Boot_EBS_D: Launcher.onResume()
07-13 08:41:58.664 2265-2265/? I/BaseActivity: addActivityFlags, flags : 18
07-13 08:41:58.664 2265-2265/? I/BaseActivity: removeActivityFlags, flags : 32
07-13 08:41:58.664 2265-2588/? I/IMM_LC: hsifw() - flag : 0
07-13 08:41:58.664 2265-2588/? I/IMM_LC: hsifw() - mService.hideSoftInput
07-13 08:41:58.664 2265-2265/? I/AppsSearchBar: restoreCurrentCellLayoutAlpha: null
07-13 08:41:58.665 2265-2265/? W/SearchLauncherServiceMover: isMoving : false
07-13 08:41:58.665 1212-2724/? D/InputMethodManagerService: hideSoftInput
07-13 08:41:58.665 1212-1241/? D/SGM:GameManager: identifyGamePackage. com.sec.android.app.launcher, mCurrentUserId: 0, callerUserId: 0, callingMethodInfo: com.samsung.android.game.SemGameManager.isGamePackage(SemGameManager.java:104)
07-13 08:41:58.665 1212-2724/? W/InputMethodManagerService: Ignoring hideSoftInput of uid 10103: com.android.internal.view.IInputMethodClient$Stub$Proxy@92f6a99
07-13 08:41:58.665 1212-1241/? D/SGM:PkgDataHelper: getGamePkgData(). com.sec.android.app.launcher
07-13 08:41:58.665 1212-1241/? D/SGM:SemGameManager: isGamePackage(), pkgName=com.sec.android.app.launcher, ret=false
07-13 08:41:58.666 2265-2265/? I/DecorView: notifyKeepScreenOnChanged: keepScreenOn=false
07-13 08:41:58.667 2265-2265/? I/Launcher: setWallpaperOffsets
07-13 08:41:58.667 916-916/? I/Layer: id=1104 removeFromCurrentState ActivityRecord{f3a157f u0 app.identifier.test/androidx.test.core.app.InstrumentationActivityInvoker$EmptyActivity} t213}#1104 (110)
07-13 08:41:58.667 2265-4166/? I/Launcher: DisplayMetrics from Resources : DisplayMetrics{density=2.8125, width=1080, height=2208, scaledDensity=2.8125, xdpi=403.411, ydpi=399.759}
07-13 08:41:58.667 916-916/? I/SurfaceFlinger: id=1104 Removed ActivityRecord{f3a157f u0 app.identifier.test/androidx.test.core.app.InstrumentationActivityInvoker$EmptyActivity} t213}#1104 (110)
07-13 08:41:58.667 2265-4166/? I/Launcher: realMetrics from Wm : DisplayMetrics{density=2.8125, width=1080, height=2408, scaledDensity=2.8125, xdpi=403.411, ydpi=399.759}
07-13 08:41:58.667 2265-4166/? I/Launcher: Launcher DeviceProfile onResume availSize: 1080x2273 windowSize: 1080x2408 isLandscape: false
07-13 08:41:58.668 916-916/? I/Layer: id=1104 Destroyed ActivityRecord{f3a157f u0 app.identifier.test/androidx.test.core.app.InstrumentationActivityInvoker$EmptyActivity} t213}#1104
07-13 08:41:58.668 2265-2265/? I/DecorView: notifyKeepScreenOnChanged: keepScreenOn=false
07-13 08:41:58.669 1212-4472/? I/AppOps: updateUidProcState uid: 10180 procState: 3 capability:15
07-13 08:41:58.670 1212-4472/? I/AppOps: updateUidProcState uid: 10179 procState: 3 capability:15
07-13 08:41:58.670 1212-4472/? I/ActivityManager: updateOomAdj start time is before than pendingPid added, don't delete it
07-13 08:41:58.670 2265-2265/? I/MSHandlerLifeCycle: removeMultiSplitHandler: no exist. decor=DecorView@6dcf786[LauncherActivity]
07-13 08:41:58.671 2265-2265/? I/BaseActivity: addActivityFlags, flags : 4
07-13 08:41:58.671 2265-2265/? I/Launcher: onDeferredResumed
07-13 08:41:58.671 916-916/? D/SurfaceFlinger: Display 0 HWC layers:
07-13 08:41:58.671 916-916/? D/SurfaceFlinger:      DEVICE | 0xf359f200 | 0102 | RGBA_8888    |    0.0    0.0 1080.0 2408.0 |    0    0 1080 2408 | app.identifier/app.identifier.MainActivity$_29676#1097
07-13 08:41:58.671 916-916/? D/SurfaceFlinger:      DEVICE | 0xf3201280 | 0100 | RGBA_8888    |    0.0    0.0 1080.0   70.0 |    0    0 1080   70 | StatusBar$_1853#98
07-13 08:41:58.671 916-916/? D/SurfaceFlinger:      DEVICE | 0xf31fff00 | 0100 | RGBA_8888    |    0.0    0.0 1080.0  135.0 |    0 2273 1080 2408 | NavigationBar0$_1853#92
07-13 08:41:58.671 916-916/? D/SurfaceFlinger:      DEVICE | 0xf3200e00 | 0108 | RGBA_8888    |    0.0    0.0 1080.0 2408.0 |    0    0 1080 2408 | $_1853#94
07-13 08:41:58.671 2265-2265/? I/InstallShortcutReceiver: flushInstallQueue 0
07-13 08:41:58.672 2265-2265/? I/Launcher.NotificationListener: registerObserver this is not notificationService!!
07-13 08:41:58.672 2265-2265/? I/Launcher.NotificationListener: onNotificationFullRefresh
07-13 08:41:58.672 2265-2265/? I/BadgeCountUpdaterImpl: onNotificationsChangedConnected
07-13 08:41:58.672 4185-4185/? I/A: onStart
07-13 08:41:58.672 2265-2590/? I/LiveIconUpdateEventHandler: cancelMinuteChangeAlarm
07-13 08:41:58.674 2265-2265/? W/LauncherAppWidgetHost: setShouldListenFlag, mFlags:6 flag:resume on:true isFront:false
07-13 08:41:58.674 2265-2590/? I/LiveIconUpdateEventHandler: setMinuteChangeAlarm Thu Jul 13 08:42:00 GMT-04:00 2023
07-13 08:41:58.674 1212-4472/? I/AppWidgetServiceImpl: startListening callbacks : com.android.internal.appwidget.IAppWidgetHost$Stub$Proxy@701315e
07-13 08:41:58.675 2265-2265/? W/LauncherAppWidgetHost: startListening, mFlags:15 isFront:false
07-13 08:41:58.677 1212-1212/? I/Pageboost: package null
07-13 08:41:58.677 2692-2692/? E/pageboostd: Received HALT command code 2
07-13 08:41:58.677 1212-1241/? D/SGM:FgCheckThread: noteResumeComponent(), received pkgName: com.sec.android.app.launcher, userId: 0
07-13 08:41:58.677 1212-1241/? I/GameSDK@LifeCycle: noteResumeComponent(): package name  : com.sec.android.app.launcher
07-13 08:41:58.677 1212-1407/? D/SGM:FgCheckThread: onLooperPrepared(), msg: MSG_APP_RESUME, pkgName: com.sec.android.app.launcher, userid: 0
07-13 08:41:58.677 1212-1407/? D/SGM:FgCheckThread: handleResume().
07-13 08:41:58.678 2265-2590/? I/LiveIconViewUpdater: onUpdateLiveIcon - id : 72, itemType : 0
07-13 08:41:58.678 1212-1407/? D/SGM:FgCheckThread: sendFocusOutConditionally() - mPrevNotiPkg: (unknown), userId: 0
07-13 08:41:58.678 1212-1407/? D/SGM:FgCheckThread:   handleResume(). pkgName: com.sec.android.app.launcher, userId: 0, isTunableApp: null
07-13 08:41:58.678 1212-1407/? D/SGM:FgCheckThread: notifyFocusInOut(). of pkg: com.sec.android.app.launcher, type: 4, isTunableApp: false, userId: 0
07-13 08:41:58.678 1212-1407/? D/SGM:FgCheckThread: [ 07-13 08:41:58.678  1212: 
07-13 08:41:58.678 1212-1407/? D/SGM:FgCheckThread: 1407 D/SGM:FgCheckThread ]
07-13 08:41:58.678 1212-1407/? D/SGM:FgCheckThread:   notifyFocusInOut(). unexpected mPrevNotiType: -1
07-13 08:41:58.678 1212-1407/? D/SGM:SystemHelper: callReleaseBlock needReleaseBlock:false
07-13 08:41:58.678 1212-2635/? I/MediaSessionMonitor: Media session stopped : controllerList empty
07-13 08:41:58.678 2265-2265/? W/NavigableAppWidgetHostView: setResizeScaleResult() 1002/ 350 scaleToResize = 1.0(widget id = 5) 191c8d3 0,356-1002,706
07-13 08:41:58.679 2265-2590/? I/LiveIconUpdateEventHandler: cancelDateChangeAlarm
07-13 08:41:58.679 2265-2589/? I/InstallShortcutReceiver: flushQueueInBackground 0
07-13 08:41:58.680 2265-2590/? I/LiveIconUpdateEventHandler: setDateChangeAlarm Fri Jul 14 00:00:00 GMT-04:00 2023
07-13 08:41:58.682 2265-2265/? I/ViewRootImpl@7e0c621[LauncherActivity]: performTraversals params={(0,0)(fillxfill) sim={adjust=nothing forwardNavigation} layoutInDisplayCutoutMode=shortEdges ty=BASE_APPLICATION fmt=TRANSPARENT wanim=0x10302f4
07-13 08:41:58.682 2265-2265/? I/ViewRootImpl@7e0c621[LauncherActivity]:   fl=81910100
07-13 08:41:58.682 2265-2265/? I/ViewRootImpl@7e0c621[LauncherActivity]:   pfl=1e020040
07-13 08:41:58.682 2265-2265/? I/ViewRootImpl@7e0c621[LauncherActivity]:   vsysui=1700
07-13 08:41:58.682 2265-2265/? I/ViewRootImpl@7e0c621[LauncherActivity]:   apr=LIGHT_NAVIGATION_BARS
07-13 08:41:58.682 2265-2265/? I/ViewRootImpl@7e0c621[LauncherActivity]:   bhv=SHOW_TRANSIENT_BARS_BY_SWIPE
07-13 08:41:58.682 2265-2265/? I/ViewRootImpl@7e0c621[LauncherActivity]:   fitSides= screenDimDuration=100000 naviIconColor=0}
07-13 08:41:58.682 2265-2590/? I/LiveIconViewUpdater: onUpdateLiveIcon - id : 75, itemType : 0
07-13 08:41:58.683 4185-4185/? I/A: onResume
07-13 08:41:58.683 2265-2590/? I/SPayUpdater: updateSpayHandler, show = true, defaultPage = true
07-13 08:41:58.684 2265-2265/? I/ViewRootImpl@7e0c621[LauncherActivity]: performTraversals mFirst=false windowShouldResize=false viewVisibilityChanged=true mForceNextWindowRelayout=false params={(0,0)(fillxfill) sim={adjust=nothing forwardNavigation} layoutInDisplayCutoutMode=shortEdges ty=BASE_APPLICATION fmt=TRANSPARENT wanim=0x10302f4
07-13 08:41:58.684 2265-2265/? I/ViewRootImpl@7e0c621[LauncherActivity]:   fl=81910100
07-13 08:41:58.684 2265-2265/? I/ViewRootImpl@7e0c621[LauncherActivity]:   pfl=1e020040
07-13 08:41:58.684 2265-2265/? I/ViewRootImpl@7e0c621[LauncherActivity]:   vsysui=1700
07-13 08:41:58.684 2265-2265/? I/ViewRootImpl@7e0c621[LauncherActivity]:   apr=LIGHT_NAVIGATION_BARS
07-13 08:41:58.684 2265-2265/? I/ViewRootImpl@7e0c621[LauncherActivity]:   bhv=SHOW_TRANSIENT_BARS_BY_SWIPE
07-13 08:41:58.684 2265-2265/? I/ViewRootImpl@7e0c621[LauncherActivity]:   fitSides= screenDimDuration=100000 naviIconColor=0}
07-13 08:41:58.684 1212-2724/? V/WindowManager: Relayout Window{8058bf5 u0 com.sec.android.app.launcher/com.sec.android.app.launcher.activities.LauncherActivity}: viewVisibility=0 req=1080x2408 d0
07-13 08:41:58.684 1212-2724/? D/RestrictionPolicy: isScreenCaptureEnabled : ret=true userId=0
07-13 08:41:58.685 916-937/? I/SurfaceFlinger: id=1114 createSurf flag=40004, com.sec.android.app.launcher/com.sec.android.app.launcher.activities.LauncherActivity$_2265#1114
07-13 08:41:58.686 1212-2724/? D/WindowManager: makeSurface duration=1 name=com.sec.android.app.launcher/com.sec.android.app.launcher.activities.LauncherActivity$_2265
07-13 08:41:58.688 1212-1241/? D/PowerManagerService: [api] setScreenDimDurationOverrideFromWindowManagerInternal: timeoutMillis: 100000
07-13 08:41:58.689 1212-2724/? V/WindowManager: Changing focus from null to Window{8058bf5 u0 com.sec.android.app.launcher/com.sec.android.app.launcher.activities.LauncherActivity} displayId=0 Callers=com.android.server.wm.RootWindowContainer.updateFocusedWindowLocked:595 com.android.server.wm.WindowManagerService.updateFocusedWindowLocked:6803 com.android.server.wm.WindowManagerService.relayoutWindow:2813 com.android.server.wm.Session.relayout:274 
07-13 08:41:58.690 1212-2724/? I/WindowManager: Cancelling animation restarting=true, leash=Surface(name=Surface(name=f0b3b0b StatusBar)/@0x2f140cf - animation-leash of insets_animation)/@0x6fa08f1
07-13 08:41:58.690 2265-2589/? I/Launcher.NotificationListener: notificationIsValidForUI : com.google.android.gm missingTitleAndText : false isGroupHeader : true
07-13 08:41:58.690 1212-2724/? I/WindowManager: Reparenting to original parent: Surface(name=WindowToken{c0ada type=2000 android.os.BinderProxy@4afadfc})/@0x191da5c, destroy=false, surface=Surface(name=f0b3b0b StatusBar)/@0x2f140cf
07-13 08:41:58.690 2265-2589/? I/Launcher.NotificationListener: notificationIsValidForUI : com.google.android.gm missingTitleAndText : false isGroupHeader : false
07-13 08:41:58.690 2265-2589/? I/Launcher.NotificationListener: notificationIsValidForUI : com.google.android.gm missingTitleAndText : false isGroupHeader : false
07-13 08:41:58.690 1212-2724/? I/WindowManager: Reparenting to leash, surface=Surface(name=f0b3b0b StatusBar)/@0x2f140cf, leashParent=Surface(name=WindowToken{c0ada type=2000 android.os.BinderProxy@4afadfc})/@0x191da5c
07-13 08:41:58.690 2265-2589/? I/Launcher.NotificationListener: notificationIsValidForUI : com.google.android.gm missingTitleAndText : false isGroupHeader : false
07-13 08:41:58.690 2265-2589/? I/Launcher.NotificationListener: notificationIsValidForUI : br.com.brainweb.ifood missingTitleAndText : false isGroupHeader : false
07-13 08:41:58.690 2265-2589/? I/Launcher.NotificationListener: notificationIsValidForUI : com.samsung.android.dialer missingTitleAndText : true isGroupHeader : true
07-13 08:41:58.690 2265-2589/? I/Launcher.NotificationListener: notificationIsValidForUI : com.samsung.android.dialer missingTitleAndText : false isGroupHeader : false
07-13 08:41:58.690 2265-2589/? I/Launcher.NotificationListener: notificationIsValidForUI : com.google.android.gm missingTitleAndText : false isGroupHeader : true
07-13 08:41:58.690 2265-2589/? I/Launcher.NotificationListener: notificationIsValidForUI : com.google.android.gm missingTitleAndText : false isGroupHeader : false
07-13 08:41:58.690 916-937/? I/SurfaceFlinger: id=1115 createSurf flag=24000, Surface(name=f0b3b0b StatusBar)/@0x2f140cf - animation-leash of insets_animation#1115
07-13 08:41:58.690 2265-2589/? I/Launcher.NotificationListener: notificationIsValidForUI : com.google.android.gm missingTitleAndText : false isGroupHeader : false
07-13 08:41:58.690 2265-2589/? I/Launcher.NotificationListener: Full refresh isConnected : true active size : 7
07-13 08:41:58.691 1212-2724/? D/WindowManager: makeSurface duration=0 leash=Surface(name=Surface(name=f0b3b0b StatusBar)/@0x2f140cf - animation-leash of insets_animation)/@0x487e20c
07-13 08:41:58.691 1212-2724/? I/WindowManager: Cancelling animation restarting=true, leash=Surface(name=Surface(name=593fd37 NavigationBar0)/@0x2904048 - animation-leash of insets_animation)/@0x44cbb57
07-13 08:41:58.691 1212-2724/? I/WindowManager: Reparenting to original parent: Surface(name=WindowToken{130565b type=2019 android.os.BinderProxy@5f5be0c})/@0xab17ee1, destroy=false, surface=Surface(name=593fd37 NavigationBar0)/@0x2904048
07-13 08:41:58.691 1212-2724/? I/WindowManager: Reparenting to leash, surface=Surface(name=593fd37 NavigationBar0)/@0x2904048, leashParent=Surface(name=WindowToken{130565b type=2019 android.os.BinderProxy@5f5be0c})/@0xab17ee1
07-13 08:41:58.692 916-937/? I/SurfaceFlinger: id=1116 createSurf flag=24000, Surface(name=593fd37 NavigationBar0)/@0x2904048 - animation-leash of insets_animation#1116
07-13 08:41:58.692 1212-2724/? D/WindowManager: makeSurface duration=1 leash=Surface(name=Surface(name=593fd37 NavigationBar0)/@0x2904048 - animation-leash of insets_animation)/@0x12b056a
07-13 08:41:58.693 1212-2724/? D/WindowManager: updateSystemBarAttributes: displayId=0, win=Window{8058bf5 u0 com.sec.android.app.launcher/com.sec.android.app.launcher.activities.LauncherActivity}, navColorWin=Window{8db0f90 u0 app.identifier/app.identifier.MainActivity}, focusedCanBeNavColorWin=false, behavior=2, appearance=0, statusBarAppearanceRegions=[AppearanceRegion{ bounds=[0,0][1080,2408]}], requestedVisibilities=, from=com.android.server.wm.DisplayPolicy.focusChangedLw:3245 com.android.server.wm.DisplayContent.updateFocusedWindowLocked:4632 com.android.server.wm.RootWindowContainer.updateFocusedWindowLocked:595 
07-13 08:41:58.693 2265-3741/? I/TouchInteractionService: onSystemUiStateChanged, stateFlags : 0 |
07-13 08:41:58.693 1212-2724/? D/StatusBarManagerService: notifyRequestedSystemKey recent=false home=false
07-13 08:41:58.695 1212-2724/? V/WindowManager: Relayout hash=8058bf5, pid=2265, syncId=-1: mAttrs={(0,0)(fillxfill) sim={adjust=nothing forwardNavigation} layoutInDisplayCutoutMode=shortEdges ty=BASE_APPLICATION fmt=TRANSPARENT wanim=0x10302f4
07-13 08:41:58.695 1212-2724/? V/WindowManager:   fl=81910100
07-13 08:41:58.695 1212-2724/? V/WindowManager:   pfl=1e020040
07-13 08:41:58.695 1212-2724/? V/WindowManager:   vsysui=1700
07-13 08:41:58.695 1212-2724/? V/WindowManager:   apr=LIGHT_NAVIGATION_BARS
07-13 08:41:58.695 1212-2724/? V/WindowManager:   bhv=SHOW_TRANSIENT_BARS_BY_SWIPE
07-13 08:41:58.695 1212-2724/? V/WindowManager:   fitSides= screenDimDuration=100000 naviIconColor=0}
07-13 08:41:58.697 2265-2265/? I/ViewRootImpl@7e0c621[LauncherActivity]: updateBlastSurfaceIfNeeded mBlastBufferQueue=null isSameSurfaceControl=false
07-13 08:41:58.698 2265-2265/? I/BLASTBufferQueue: new BLASTBufferQueue, mName= ViewRootImpl@7e0c621[LauncherActivity] mNativeObject= 0xdce76e80 sc.mNativeObject= 0xe94d5ea0 caller= android.view.ViewRootImpl.updateBlastSurfaceIfNeeded:2909 android.view.ViewRootImpl.relayoutWindow:9847 android.view.ViewRootImpl.performTraversals:3884 android.view.ViewRootImpl.doTraversal:3116 android.view.ViewRootImpl$TraversalRunnable.run:10885 android.view.Choreographer$CallbackRecord.run:1301 android.view.Choreographer$CallbackRecord.run:1309 android.view.Choreographer.doCallbacks:923 android.view.Choreographer.doFrame:852 android.view.Choreographer$FrameDisplayEventReceiver.run:1283 
07-13 08:41:58.698 2265-2265/? I/BLASTBufferQueue: update, w= 1080 h= 2408 mName = ViewRootImpl@7e0c621[LauncherActivity] mNativeObject= 0xdce76e80 sc.mNativeObject= 0xe94d5ea0 format= -2 caller= android.graphics.BLASTBufferQueue.<init>:84 android.view.ViewRootImpl.updateBlastSurfaceIfNeeded:2909 android.view.ViewRootImpl.relayoutWindow:9847 android.view.ViewRootImpl.performTraversals:3884 android.view.ViewRootImpl.doTraversal:3116 android.view.ViewRootImpl$TraversalRunnable.run:10885 
07-13 08:41:58.698 2265-2265/? I/ViewRootImpl@7e0c621[LauncherActivity]: Relayout returned: old=(0,0,1080,2408) new=(0,0,1080,2408) req=(1080,2408)0 dur=13 res=0x3 s={true 0xdc862000} ch=true seqId=0
07-13 08:41:58.699 2265-2265/? I/ViewRootImpl@7e0c621[LauncherActivity]: mThreadedRenderer.initialize() mSurface={isValid=true 0xdc862000} hwInitialized=true
07-13 08:41:58.702 2265-2265/? I/ViewRootImpl@7e0c621[LauncherActivity]: reportNextDraw android.view.ViewRootImpl.performTraversals:4438 android.view.ViewRootImpl.doTraversal:3116 android.view.ViewRootImpl$TraversalRunnable.run:10885 android.view.Choreographer$CallbackRecord.run:1301 android.view.Choreographer$CallbackRecord.run:1309 
07-13 08:41:58.702 2265-2265/? I/ViewRootImpl@7e0c621[LauncherActivity]: Setup new sync id=38
07-13 08:41:58.702 2265-2265/? I/ViewRootImpl@7e0c621[LauncherActivity]: Setting syncFrameCallback
07-13 08:41:58.702 2265-2265/? I/ViewRootImpl@7e0c621[LauncherActivity]: registerCallbacksForSync syncBuffer=false
07-13 08:41:58.704 916-916/? D/SurfaceFlinger: Display 0 HWC layers:
07-13 08:41:58.704 916-916/? D/SurfaceFlinger:      DEVICE | 0xf359f200 | 0102 | RGBA_8888    |    0.0    0.0 1080.0 2408.0 |    0    0 1080 2408 | app.identifier/app.identifier.MainActivity$_29676#1097
07-13 08:41:58.704 916-916/? D/SurfaceFlinger:      DEVICE | 0xf3201280 | 0100 | RGBA_8888    |    0.0    0.0 1080.0   70.0 |    0    0 1080   70 | StatusBar$_1853#98
07-13 08:41:58.704 916-916/? D/SurfaceFlinger:      DEVICE | 0xf31fff00 | 0100 | RGBA_8888    |    0.0    0.0 1080.0  135.0 |    0 2273 1080 2408 | NavigationBar0$_1853#92
07-13 08:41:58.704 916-916/? D/SurfaceFlinger:      DEVICE | 0xf3200e00 | 0108 | RGBA_8888    |    0.0    0.0 1080.0 2408.0 |    0    0 1080 2408 | $_1853#94
07-13 08:41:58.717 916-916/? I/Layer: id=1110 removeFromCurrentState Surface(name=f0b3b0b StatusBar)/@0x2f140cf - animation-leash of insets_animation#1110 (112)
07-13 08:41:58.717 916-916/? I/Layer: id=1111 removeFromCurrentState Surface(name=593fd37 NavigationBar0)/@0x2904048 - animation-leash of insets_animation#1111 (112)
07-13 08:41:58.717 916-916/? D/SurfaceFlinger: [input] inputWindowCommands.focusRequests size is 1
07-13 08:41:58.718 916-916/? I/SurfaceFlinger: id=1110 Removed Surface(name=f0b3b0b StatusBar)/@0x2f140cf - animation-leash of insets_animation#1110 (112)
07-13 08:41:58.718 916-916/? I/SurfaceFlinger: id=1111 Removed Surface(name=593fd37 NavigationBar0)/@0x2904048 - animation-leash of insets_animation#1111 (112)
07-13 08:41:58.718 916-916/? I/Layer: id=1110 Destroyed Surface(name=f0b3b0b StatusBar)/@0x2f140cf - animation-leash of insets_animation#1110
07-13 08:41:58.718 916-916/? I/Layer: id=1111 Destroyed Surface(name=593fd37 NavigationBar0)/@0x2904048 - animation-leash of insets_animation#1111
07-13 08:41:58.718 2265-4205/? I/ViewRootImpl@7e0c621[LauncherActivity]: Received frameDrawingCallback syncResult=0 frameNum=1.
07-13 08:41:58.718 2265-4205/? I/ViewRootImpl@7e0c621[LauncherActivity]: Setting up sync and frameCommitCallback
07-13 08:41:58.719 916-1034/? D/SurfaceFlinger: [input] setFocusedWindow: 8058bf5 com.sec.android.app.launcher/com.sec.android.app.launcher.activities.LauncherActivity
07-13 08:41:58.719 1212-2144/? D/InputDispatcher: Focus request (0): 8058bf5 com.sec.android.app.launcher/com.sec.android.app.launcher.activities.LauncherActivity but waiting because NO_WINDOW
07-13 08:41:58.721 916-916/? D/SurfaceFlinger: Display 0 HWC layers:
07-13 08:41:58.721 916-916/? D/SurfaceFlinger:      DEVICE | 0xf359f200 | 0102 | RGBA_8888    |    0.0    0.0 1080.0 2408.0 |    0    0 1080 2408 | app.identifier/app.identifier.MainActivity$_29676#1097
07-13 08:41:58.721 916-916/? D/SurfaceFlinger:      DEVICE | 0xf3201280 | 0100 | RGBA_8888    |    0.0    0.0 1080.0   70.0 |    0    0 1080   70 | StatusBar$_1853#98
07-13 08:41:58.721 916-916/? D/SurfaceFlinger:      DEVICE | 0xf31fff00 | 0100 | RGBA_8888    |    0.0    0.0 1080.0  135.0 |    0 2273 1080 2408 | NavigationBar0$_1853#92
07-13 08:41:58.721 916-916/? D/SurfaceFlinger:      DEVICE | 0xf3200e00 | 0108 | RGBA_8888    |    0.0    0.0 1080.0 2408.0 |    0    0 1080 2408 | $_1853#94
07-13 08:41:58.722 2265-3992/? I/BLASTBufferQueue: [ViewRootImpl@7e0c621[LauncherActivity]#30](f:0,a:0) onFrameAvailable the first frame is available
07-13 08:41:58.724 2265-3992/? I/ViewRootImpl@7e0c621[LauncherActivity]: Received frameCommittedCallback lastAttemptedDrawFrameNum=1 didProduceBuffer=true
07-13 08:41:58.725 2265-2265/? I/ViewRootImpl@7e0c621[LauncherActivity]: onSyncComplete
07-13 08:41:58.725 2265-2265/? I/ViewRootImpl@7e0c621[LauncherActivity]: setupSync seqId=0 mSyncId=38 fn=1 caller=android.view.ViewRootImpl$$ExternalSyntheticLambda11.accept:6 android.window.SurfaceSyncer.lambda$setupSync$1$android-window-SurfaceSyncer:128 android.window.SurfaceSyncer$$ExternalSyntheticLambda1.accept:8 android.window.SurfaceSyncer$SyncSet.checkIfSyncIsComplete:382 android.window.SurfaceSyncer$SyncSet.markSyncReady:359 android.window.SurfaceSyncer.markSyncReady:151 android.view.ViewRootImpl.performTraversals:4503 
07-13 08:41:58.726 2265-2265/? I/ViewRootImpl@7e0c621[LauncherActivity]: reportDrawFinished seqId=0 mSyncId=-1 fn=1 mSurfaceChangedTransaction=0xe5ac0e40
07-13 08:41:58.726 1212-2724/? D/WindowManager: finishDrawingWindow: Window{8058bf5 u0 com.sec.android.app.launcher/com.sec.android.app.launcher.activities.LauncherActivity} mDrawState=DRAW_PENDING seqId=0
07-13 08:41:58.727 2265-2265/? I/PopupDataProvider: onNotificationFullRefresh prev dotInfoSize : 3
07-13 08:41:58.727 1212-1242/? V/WindowManager: Setting visibility of Window{786e858 u0 com.android.systemui.ImageWallpaper}: true, caller=com.android.server.wm.WindowContainer.sendAppVisibilityToClients:1246 com.android.server.wm.WindowToken.setClientVisible:431 com.android.server.wm.WallpaperWindowToken.setVisible:160 com.android.server.wm.WallpaperWindowToken.commitVisibility:202 com.android.server.wm.WallpaperWindowToken.setVisibility:187 
07-13 08:41:58.727 1853-3373/? D/WallpaperService: dispatchAppVisibility onVisibilityChanged(): true
07-13 08:41:58.727 2265-2265/? I/PopupDataProvider: refresh badge  package : com.google.android.gm count : 5
07-13 08:41:58.727 2265-2265/? I/PopupDataProvider: refresh badge  package : br.com.brainweb.ifood count : 1
07-13 08:41:58.728 2265-2265/? I/PopupDataProvider: refresh badge  package : com.samsung.android.dialer count : 1
07-13 08:41:58.728 1853-1853/? D/WallpaperService: updateSurface forceRelayout=true forceReport=false redrawNeeded=false
07-13 08:41:58.728 1853-1853/? D/WallpaperService:  myWidth=2400 myHeight=2400 fixedSize=true x = 0 y = 0 mWidth=2400 mHeight=2400 mIsSleepMode=false
07-13 08:41:58.728 1853-1853/? D/WallpaperService: mDeviceHeight : 2408, mDeviceWidth : 1080,mDeviceRotation  : 0
07-13 08:41:58.728 2265-2265/? I/IconView: applyDotState itemInfo : Telefone display : 100 count : 1
07-13 08:41:58.730 2265-2589/? I/LauncherActivityInfo: Trying to load live icon for com.sec.android.app.clockpackage
07-13 08:41:58.730 2265-2265/? I/IconView: applyDotState itemInfo : Gmail display : 101 count : 5
07-13 08:41:58.731 2265-2265/? I/IconView: applyDotState itemInfo : Telefone display : 1 count : 1
07-13 08:41:58.731 1212-1242/? D/WindowManager: createAnimationAdapter(): container=Task{3faa159 #213 type=standard A=10451:app.identifier.test U=0 visible=false visibleRequested=false mode=fullscreen translucent=true sz=2}
07-13 08:41:58.731 1212-1242/? I/WindowManager: Reparenting to leash, surface=Surface(name=Task=213)/@0xb698bfc, leashParent=Surface(name=DefaultTaskDisplayArea)/@0x63001fb
07-13 08:41:58.732 916-937/? I/SurfaceFlinger: id=1117 createSurf flag=24000, Surface(name=Task=213)/@0xb698bfc - animation-leash of app_transition#1117
07-13 08:41:58.732 2265-2265/? I/IconView: applyDotState itemInfo : iFood display : 1 count : 1
07-13 08:41:58.733 2265-2265/? I/RecentsAnimationDeviceState: setSystemUiFlags, stateFlags : 0
07-13 08:41:58.733 1212-1242/? D/WindowManager: makeSurface duration=1 leash=Surface(name=Surface(name=Task=213)/@0xb698bfc - animation-leash of app_transition)/@0x4f3ca5b
07-13 08:41:58.733 2265-2265/? I/TouchInteractionService: onSystemUiFlagsChanged, lastSysUIFlags : 131072
07-13 08:41:58.733 1212-1242/? D/WindowManager: startAnimation
07-13 08:41:58.733 1212-1242/? D/WindowManager: createAnimationAdapter(): container=Task{839a1c2 #1 type=home ?? U=0 visible=true visibleRequested=true mode=fullscreen translucent=false sz=1}
07-13 08:41:58.733 1212-1242/? I/WindowManager: Reparenting to leash, surface=Surface(name=Task=1)/@0x79cd78a, leashParent=Surface(name=DefaultTaskDisplayArea)/@0x63001fb
07-13 08:41:58.734 2265-2589/? I/LiveIconUtil: getLiveIcon was called in ClockPackage
07-13 08:41:58.734 916-937/? I/SurfaceFlinger: id=1118 createSurf flag=24004, Surface(name=Task=1)/@0x79cd78a - animation-leash of app_transition#1118
07-13 08:41:58.735 1212-1242/? D/WindowManager: makeSurface duration=1 leash=Surface(name=Surface(name=Task=1)/@0x79cd78a - animation-leash of app_transition)/@0xd712f8
07-13 08:41:58.736 1212-1242/? D/WindowManager: startAnimation
