07-13 08:41:35.963 21470-21488/? W/Settings: Setting always_finish_activities has moved from android.provider.Settings.System to android.provider.Settings.Global, returning read-only value.
07-13 08:41:35.990 1985-2557/? I/ActivityManager: START u0 {act=android.intent.action.MAIN cat=[android.intent.category.LAUNCHER] flg=0x10008000 cmp=app.identifier.test/androidx.test.core.app.InstrumentationActivityInvoker$BootstrapActivity (has extras)} from uid 10746
07-13 08:41:36.013 923-988/? E/ANDR-PERF-RESOURCEQS: Failed to apply optimization [4, 0]
07-13 08:41:36.048 1985-2035/? I/ActivityManager: Start proc 21494:app.identifier.test/u0a747 for activity app.identifier.test/androidx.test.core.app.InstrumentationActivityInvoker$BootstrapActivity
07-13 08:41:36.056 21494-21494/? I/identifier.tes: Late-enabling -Xcheck:jni
07-13 08:41:36.231 21494-21494/? I/identifier.tes: The ClassLoaderContext is a special shared library.
07-13 08:41:36.233 21494-21494/? I/identifier.tes: The ClassLoaderContext is a special shared library.
07-13 08:41:36.287 21492-21492/? I/MediaCodec: (0xb3543000) init name(OMX.qcom.video.encoder.avc)
07-13 08:41:36.290 21492-21512/? I/OMXClient: IOmx service obtained
07-13 08:41:36.291 1211-2408/? I/OMXMaster: makeComponentInstance(OMX.qcom.video.encoder.avc) in omx@1.0-service process
07-13 08:41:36.297 1211-2408/? I/OMX-VENC: Video encode perflock acquired,handle=179
07-13 08:41:36.307 1211-2408/? I/OMX-VENC: Component_init : OMX.qcom.video.encoder.avc : return = 0x0
07-13 08:41:36.308 21492-21511/? I/MediaCodec: (0xb3543000) Component Allocated (OMX.qcom.video.encoder.avc)
07-13 08:41:36.312 21492-21492/? I/MediaCodec: (0xb3543000) configure surface(0x0) crypto(0x0) flags(1)
07-13 08:41:36.312 21492-21492/? D/MediaCodec: (0xb3543000) configure format: AMessage(what = 0x00000000) = {
07-13 08:41:36.312 21492-21492/? D/MediaCodec:       int32_t width = 720
07-13 08:41:36.312 21492-21492/? D/MediaCodec:       int32_t height = 1280
07-13 08:41:36.312 21492-21492/? D/MediaCodec:       string mime = "video/avc"
07-13 08:41:36.312 21492-21492/? D/MediaCodec:       int32_t color-format = 2130708361
07-13 08:41:36.312 21492-21492/? D/MediaCodec:       int32_t bitrate = 1000000
07-13 08:41:36.312 21492-21492/? D/MediaCodec:       float frame-rate = 60.000004
07-13 08:41:36.312 21492-21492/? D/MediaCodec:       int32_t i-frame-interval = 10
07-13 08:41:36.312 21492-21492/? D/MediaCodec:     }
07-13 08:41:36.312 21492-21492/? D/MediaCodec: [ 07-13 08:41:36.313  1211:
07-13 08:41:36.312 21492-21492/? D/MediaCodec:  1459 E/OMXNodeInstance ]
07-13 08:41:36.312 21492-21492/? D/MediaCodec: setParameter(0xaab7b6c4:qcom.encoder.avc, OMX.google.android.index.allocateNativeHandle(0x7f00005d): Output:1 en=0) ERROR: UnsupportedSetting(0x80001019)
07-13 08:41:36.313 1211-1459/? W/OMXNodeInstance: [0xaab7b6c4:qcom.encoder.avc] component does not support metadata mode; using fallback
07-13 08:41:36.313 21492-21512/? I/ExtendedACodec: setupVideoEncoder()
07-13 08:41:36.313 21492-21512/? I/ACodec: [OMX.qcom.video.encoder.avc] setupVideoEncoder mime(video/avc) colorFormat(7f000789)
07-13 08:41:36.313 21492-21512/? W/OMXUtils: do not know color format 0x7fa30c04 = 2141391876
07-13 08:41:36.314 21492-21512/? W/OMXUtils: do not know color format 0x7f000789 = 2130708361
07-13 08:41:36.315 21492-21512/? I/ACodec: width height(720x1280) stride(720) sliceHeight(1280)
07-13 08:41:36.320 21492-21512/? I/ACodec: bitrate(1000000) framerate(60.000004) compressionFormat(7)
07-13 08:41:36.324 21492-21512/? I/ACodec: setupAVCEncoderParameters with [profile: Baseline] [level: Level32]
07-13 08:41:36.327 21492-21512/? I/ACodec: [OMX.qcom.video.encoder.avc] cannot encode HDR static metadata. Ignoring.
07-13 08:41:36.327 21492-21512/? I/ACodec: setupVideoEncoder succeeded
07-13 08:41:36.327 21492-21512/? I/ExtendedACodec: [OMX.qcom.video.encoder.avc] configure, AMessage : AMessage(what = 'conf', target = 1) = {
07-13 08:41:36.327 21492-21512/? I/ExtendedACodec:   int32_t width = 720
07-13 08:41:36.327 21492-21512/? I/ExtendedACodec:   int32_t height = 1280
07-13 08:41:36.327 21492-21512/? I/ExtendedACodec:   string mime = "video/avc"
07-13 08:41:36.327 21492-21512/? I/ExtendedACodec:   int32_t color-format = 2130708361
07-13 08:41:36.327 21492-21512/? I/ExtendedACodec:   int32_t bitrate = 1000000
07-13 08:41:36.327 21492-21512/? I/ExtendedACodec:   float frame-rate = 60.000004
07-13 08:41:36.327 21492-21512/? I/ExtendedACodec:   int32_t i-frame-interval = 10
07-13 08:41:36.327 21492-21512/? I/ExtendedACodec:   int32_t encoder = 1
07-13 08:41:36.327 21492-21512/? I/ExtendedACodec: }
07-13 08:41:36.331 21492-21512/? W/OMXUtils: do not know color format 0x7f000789 = 2130708361
07-13 08:41:36.331 1211-2408/? E/OMXNodeInstance: getConfig(0xaab7b6c4:qcom.encoder.avc, ConfigLatency(0x6f800005)) ERROR: UnsupportedIndex(0x8000101a)
07-13 08:41:36.340 21492-21512/? W/ExtendedACodec: Failed to get extension for extradata parameter
07-13 08:41:36.344 1211-1459/? E/OMXNodeInstance: getConfig(0xaab7b6c4:qcom.encoder.avc, ??(0x7f000062)) ERROR: UnsupportedSetting(0x80001019)
07-13 08:41:36.347 1211-2408/? E/OMXNodeInstance: getParameter(0xaab7b6c4:qcom.encoder.avc, ParamConsumerUsageBits(0x6f800004)) ERROR: UnsupportedIndex(0x8000101a)
07-13 08:41:36.348 1211-2408/? D/GraphicBufferSource: setting dataspace: 0x104, acquired=0
07-13 08:41:36.348 1211-2408/? E/OMXNodeInstance: getParameter(0xaab7b6c4:qcom.encoder.avc, ParamCo
07-13 08:41:36.348 1211-2408/? E/OMXNodeInstance: nsumerUsageBits(0x6f800004)) ERROR: UnsupportedIndex(0x8000101a)
07-13 08:41:36.349 1211-2408/? D/GraphicBufferSource: requesting color aspects (R:2(Limited), P:1(BT709_5), M:1(BT709_5), T:3(SMPTE170M))
07-13 08:41:36.349 21492-21492/? I/MediaCodec: (0xb3543000) start
07-13 08:41:36.353 896-896/? W/AshmemAllocator: ashmem_create_region(8) returning hidl_memory(0xaee16150, 8)
07-13 08:41:36.365 896-896/? I/chatty: uid=1000(system) allocator@1.0-s identical 7 lines
07-13 08:41:36.365 896-896/? W/AshmemAllocator: ashmem_create_region(8) returning hidl_memory(0xaee16150, 8)
07-13 08:41:36.370 896-896/? W/AshmemAllocator: ashmem_create_region(1382400) returning hidl_memory(0xaee16150, 1382400)
07-13 08:41:36.373 896-896/? I/chatty: uid=1000(system) allocator@1.0-s identical 2 lines
07-13 08:41:36.374 896-896/? W/AshmemAllocator: ashmem_create_region(1382400) returning hidl_memory(0xaee16150, 1382400)
07-13 08:41:36.375 21492-21511/? I/MediaCodec: (0xb3543000) kWhatStartCompleted
07-13 08:41:36.379 938-2413/? E/: HpInterface: Wrong interface type.
07-13 08:41:36.375 938-938/? W/Binder:938_4: type=1400 audit(0.0:223): avc: denied { call } for uid=1000 scontext=u:r:surfaceflinger:s0 tcontext=u:r:mediacodec:s0 tclass=binder permissive=0
07-13 08:41:36.394 21492-21509/? W/H2BGraphicBufferProducer: getConsumerUsage is not fully supported
07-13 08:41:36.395 21492-21518/? W/H2BGraphicBufferProducer: getConsumerUsage is not fully supported
07-13 08:41:36.396 938-938/? E/HWComposer: getHdrCapabilities failed for display -1: Invalid display
07-13 08:41:36.398 1211-2408/? W/GraphicBufferSource: released unpopulated slots: [0, 1, 2, 3, 4, 5, 6, 7, 8, 9, 10, 11, 12, 13, 14, 15, 16, 17, 18, 19, 20, 21, 22, 23, 24, 25, 26, 27, 28, 29, 30, 31, 32, 33, 34, 35, 36, 37, 38, 39, 40, 41, 42, 43, 44, 45, 46, 47, 48, 49, 50, 51, 52, 53, 54, 55, 56, 57, 58, 59, 60, 61, 62, 63]
07-13 08:41:36.399 938-938/? E/HWComposer: getSupportedPerFrameMetadata failed for display -1: Invalid display
07-13 08:41:36.428 1211-2408/? D/GraphicBufferSource: got buffer with new dataSpace #104
07-13 08:41:36.429 1211-21516/? D/OMXNodeInstance: Codec resolved it to (R:2(??), P:3(??), M:3(??), T:3(??)) err=0(NO_ERROR)
07-13 08:41:36.429 21492-21512/? D/ACodec: dataspace changed to 0x10c10000 (R:2(Limited), P:3(BT601_6_625), M:3(BT601_6), T:3(SMPTE170M)) (R:2(Limited), S:2(BT601_625), T:3(SMPTE_170M))
07-13 08:41:36.430 1211-21514/? I/OMX-VENC: open Color conv forW: 720, H: 1280
07-13 08:41:36.443 21492-21511/? D/MediaCodec: (0xb3543000) [OMX.qcom.video.encoder.avc] output format changed to: AMessage(what = 0x00000000) = {
07-13 08:41:36.443 21492-21511/? D/MediaCodec:       int32_t bitrate = 1000000
07-13 08:41:36.443 21492-21511/? D/MediaCodec:       int32_t max-bitrate = 1000000
07-13 08:41:36.443 21492-21511/? D/MediaCodec:       int32_t frame-rate = 60
07-13 08:41:36.443 21492-21511/? D/MediaCodec:       string mime = "video/avc"
07-13 08:41:36.443 21492-21511/? D/MediaCodec:       int32_t width = 720
07-13 08:41:36.443 21492-21511/? D/MediaCodec:       int32_t height = 1280
07-13 08:41:36.443 21492-21511/? D/MediaCodec:       int32_t color-range = 2
07-13 08:41:36.443 21492-21511/? D/MediaCodec:       int32_t color-standard = 2
07-13 08:41:36.443 21492-21511/? D/MediaCodec:       int32_t color-transfer = 3
07-13 08:41:36.443 21492-21511/? D/MediaCodec:     }
07-13 08:41:36.443 21492-21492/? I/MPEG4Writer: limits: 4294967295/0 bytes/u
07-13 08:41:36.443 21492-21492/? I/MPEG4Writer: s, bit rate: -1 bps and the estimated moov size 3320 bytes
07-13 08:41:36.455 21492-21522/? I/MPEG4Writer: setStartTimestampUs: 1184526525
07-13 08:41:36.455 21492-21522/? I/MPEG4Writer: Earliest track starting time: 1184526525
07-13 08:41:36.491 1985-3486/? I/ActivityManager: START u0 {act=android.intent.action.MAIN cat=[android.intent.category.LAUNCHER] cmp=app.identifier/.MainActivity} from uid 10746
07-13 08:41:36.518 21470-21470/? W/ActivityThread: handleWindowVisibility: no activity for token android.os.BinderProxy@3b400ce
07-13 08:41:36.733 21470-21470/? D/LifecycleMonitor: Lifecycle status change: app.identifier.MainActivity@7db5ba6 in: PRE_ON_CREATE
07-13 08:41:36.734 21470-21470/? D/LifecycleMonitor: running callback: androidx.test.core.app.ActivityScenario$1@6b6c9e7
07-13 08:41:36.734 21470-21470/? D/LifecycleMonitor: callback completes: androidx.test.core.app.ActivityScenario$1@6b6c9e7
07-13 08:41:36.756 21470-21470/? W/app.identifier: Accessing hidden method Landroid/graphics/drawable/Drawable;->getOpticalInsets()Landroid/graphics/Insets; (light greylist, linking)
07-13 08:41:36.757 21470-21470/? W/app.identifier: Accessing hidden field Landroid/graphics/Insets;->left:I (light greylist, linking)
07-13 08:41:36.757 21470-21470/? W/app.identifier: Accessing hidden field Landroid/graphics/Insets;->right:I (light greylist, linking)
07-13 08:41:36.757 21470-21470/? W/app.identifier: Accessing hidden field Landroid/graphics/Insets;->top:I (light greylist, linking)
07-13 08:41:36.757 21470-21470/? W/app.identifier: Accessing hidden field Landroid/graphics/Insets;->bottom:I (light greylist, linking)
07-13 08:41:36.841 21470-21470/? W/app.identifier: Accessing hidden field Landroid/view/WindowInsets;->CONSUMED:Landroid/view/WindowInsets; (light greylist, reflection)
07-13 08:41:36.862 21470-21470/? W/app.identifier: Accessing hidden method Landroid/view/View;->getAccessibilityDelegate()Landroid/view/View$AccessibilityDelegate; (light greylist, linking)
07-13 08:41:36.961 21470-21470/? W/app.identifier: Accessing hidden method Landroid/view/View;->computeFitSystemWindows(Landroid/graphics/Rect;Landroid/graphics/Rect;)Z (light greylist, reflection)
07-13 08:41:36.964 21470-21470/? W/app.identifier: Accessing hidden method Landroid/view/ViewGroup;->makeOptionalFitsSystemWindows()V (light greylist, reflection)
07-13 08:41:37.234 21470-21470/? D/LifecycleMonitor: Lifecycle status change: app.identifier.MainActivity@7db5ba6 in: CREATED
07-13 08:41:37.234 21470-21470/? D/LifecycleMonitor: running callback: androidx.test.core.app.ActivityScenario$1@6b6c9e7
07-13 08:41:37.235 21470-21470/? D/LifecycleMonitor: callback completes: androidx.test.core.app.ActivityScenario$1@6b6c9e7
07-13 08:41:37.248 21470-21470/? D/LifecycleMonitor: Lifecycle status change: app.identifier.MainActivity@7db5ba6 in: STARTED
07-13 08:41:37.249 21470-21470/? D/LifecycleMonitor: running callback: androidx.test.core.app.ActivityScenario$1@6b6c9e7
07-13 08:41:37.249 21470-21470/? D/LifecycleMonitor: callback completes: androidx.test.core.app.ActivityScenario$1@6b6c9e7
07-13 08:41:37.254 21470-21470/? D/LifecycleMonitor: Lifecycle status change: app.identifier.MainActivity@7db5ba6 in: RESUMED
07-13 08:41:37.254 21470-21470/? D/LifecycleMonitor: running callback: androidx.test.core.app.ActivityScenario$1@6b6c9e7
07-13 08:41:37.254 21470-21470/? D/LifecycleMonitor: callback completes: androidx.test.core.app.ActivityScenario$1@6b6c9e7
07-13 08:41:37.274 21470-21470/? D/OpenGLRenderer: Skia GL Pipeline
07-13 08:41:37.302 21470-21488/? D/EventInjectionStrategy: Creating injection strategy with input manager.
07-13 08:41:37.303 21470-21488/? W/app.identifier: Accessing hidden method Landroid/hardware/input/InputManager;->getInstance()Landroid/hardware/input/InputManager; (light greylist, reflection)
07-13 08:41:37.303 21470-21488/? W/app.identifier: Accessing hidden method Landroid/hardware/input/InputManager;->injectInputEvent(Landroid/view/InputEvent;I)
07-13 08:41:37.303 21470-21488/? W/app.identifier: Z (light greylist, reflection)
07-13 08:41:37.303 21470-21488/? W/app.identifier: Accessing hidden field Landroid/hardware/input/InputManager;->INJECT_INPUT_EVENT_MODE_WAIT_FOR_FINISH:I (light greylist, reflection)
07-13 08:41:37.348 21470-21470/? W/app.identifier: Accessing hidden method Landroid/graphics/Insets;->of(IIII)Landroid/graphics/Insets; (light greylist, linking)
07-13 08:41:37.391 21470-21525/? I/Adreno: QUALCOMM build                   : 7adeec4758, I21281c58c8
07-13 08:41:37.391 21470-21525/? I/Adreno: Build Date                       : 12/27/18
07-13 08:41:37.391 21470-21525/? I/Adreno: OpenGL ES Shader Compiler Version: EV031.25.03.02
07-13 08:41:37.391 21470-21525/? I/Adreno: Local Branch                     : 
07-13 08:41:37.391 21470-21525/? I/Adreno: Remote Branch                    : refs/tags/AU_LINUX_ANDROID_LA.UM.7.5.R1.09.00.00.464.037
07-13 08:41:37.391 21470-21525/? I/Adreno: Remote Branch                    : NONE
07-13 08:41:37.391 21470-21525/? I/Adreno: Reconstruct Branch               : NOTHING
07-13 08:41:37.391 21470-21525/? I/Adreno: Build Config                     : S L 6.0.7 AArch32
07-13 08:41:37.397 21470-21525/? I/Adreno: PFP: 0x005ff110, ME: 0x005ff066
07-13 08:41:37.405 21470-21525/? I/ConfigStore: android::hardware::configstore::V1_0::ISurfaceFlingerConfigs::hasWideColorDisplay retrieved: 0
07-13 08:41:37.405 21470-21525/? I/ConfigStore: android::hardware::configstore::V1_0::ISurfaceFlingerConfigs::hasHDRDisplay retrieved: 0
07-13 08:41:37.406 21470-21525/? I/OpenGLRenderer: Initialized EGL, version 1.4
07-13 08:41:37.407 21470-21525/? D/OpenGLRenderer: Swap behavior 2
07-13 08:41:37.694 2474-2474/? I/GoogleInputMethodService: GoogleInputMethodService.onFinishInput():3302 
07-13 08:41:37.695 2474-2474/? I/GoogleInputMethodService: GoogleInputMethodService.updateDeviceLockedStatus():2152 repeatCheckTimes = 0, unlocked = true
07-13 08:41:37.695 2474-2474/? I/GoogleInputMethodService: GoogleInputMethodService.onStartInput():1930 onStartInput(EditorInfo{inputType=0x0(NULL) imeOptions=0x0 privateImeOptions=null actionName=UNSPECIFIED actionLabel=nu
07-13 08:41:37.695 2474-2474/? I/GoogleInputMethodService: ll actionId=0 initialSelStart=-1 initialSelEnd=-1 initialCapsMode=0x0 hintText=null label=null packageName=app.identifier fieldId=-1 fieldName=null extras=null}, false)
07-13 08:41:37.695 2474-2474/? I/GoogleInputMethodService: GoogleInputMethodService.shouldHideHeaderOnInitialState():4116 ShouldHideHeaderOnInitialState = false
07-13 08:41:37.697 1985-2057/? I/LaunchCheckinHandler: Displayed app.identifier/.MainActivity,wp,ca,1183
07-13 08:41:37.697 1985-2057/? I/ActivityManager: Displayed app.identifier/.MainActivity: +1s174ms (total +1m16s964ms)
07-13 08:41:37.699 2474-2474/? I/GoogleInputMethodService: GoogleInputMethodService.updateDeviceLockedStatus():2152 repeatCheckTimes = 2, unlocked = true
07-13 08:41:37.701 938-2413/? W/SurfaceFlinger: Attempting to set client state on removed layer: Splash Screen app.identifier.test#0
07-13 08:41:37.702 938-2413/? W/SurfaceFlinger: Attempting to destroy on removed layer: Splash Screen app.identifier.test#0
07-13 08:41:37.772 3031-3031/? D/LauncherAppWidgetHost: setListenIfResumed :false, mFlags:7
07-13 08:41:37.773 3031-3031/? D/LauncherAppWidgetHost: stopListening
07-13 08:41:37.774 3031-3031/? W/RecentsModel: onTrimMemory level = 20
07-13 08:41:37.803 21470-21470/? W/app.identifier: Accessing hidden method Landroid/os/MessageQueue;->next()Landroid/os/Message; (light greylist, reflection)
07-13 08:41:37.803 21470-21470/? W/app.identifier: Accessing hidden field Landroid/os/MessageQueue;->mMessages:Landroid/os/Message; (light greylist, reflection)
07-13 08:41:37.804 21470-21470/? W/app.identifier: Accessing hidden method Landroid/os/Message;->recycleUnchecked()V (light greylist, reflection)
07-13 08:41:37.813 21470-21470/? W/app.identifier: Accessing hidden method Landroid/view/WindowManagerGlobal;->getInstance()Landroid/view/WindowManagerGlobal; (light greylist, reflection)
07-13 08:41:37.813 21470-21470/? W/app.identifier: Accessing hidden field Landroid/view/WindowManagerGlobal;->mViews:Ljava/util/ArrayList; (light greylist, reflection)
07-13 08:41:37.813 21470-21470/? W/app.identifier: Accessing hidden field Landroid/view/WindowManagerGlobal;->mParams:Ljava/util/ArrayList; (light greylist, reflection)
07-13 08:41:37.830 21470-21470/? I/ViewInteraction: Performing 'type text(abc)' action on view with id: app.identifier:id/input
07-13 08:41:37.849 21470-21470/? W/app.identifier: Accessing hidden method Landroid/view/ViewConfiguration;->getDoubleTapMinTime()I (light greylist, reflection)
07-13 08:41:37.937 2474-2474/? I/GoogleInputMethodService: GoogleInputMethodService.onFinishInput():3302 
07-13 08:41:37.938 2474-2474/? I/GoogleInputMethodService: GoogleInputMethodService.updateDeviceLockedStatus():2152 repeatCheckTimes = 0, unlocked = true
07-13 08:41:37.939 2474-2474/? I/GoogleInputMethodService: GoogleInputMethodService.onStartInput():1930 onStartInput(EditorInfo{inputType=0x61(PersonName) imeOptions=0x6 privateImeOptions=null actionName=DONE actionLabel=null actionId=0 initialSelStart=0 initialSelEnd=0 initialCapsMode=0x0 hintText=null label=null packageName=app.id
07-13 08:41:37.939 2474-2474/? I/GoogleInputMethodService: entifier fieldId=2131230887 fieldName=null extras=Bundle[mParcelledData.dataSize=484]}, false)
07-13 08:41:37.939 2474-2474/? I/GoogleInputMethodService: GoogleInputMethodService.shouldHideHeaderOnInitialState():4116 ShouldHideHeaderOnInitialState = false
07-13 08:41:37.940 2474-2474/? I/GoogleInputMethodService: GoogleInputMethodService.updateDeviceLockedStatus():2152 repeatCheckTimes = 2, unlocked = true
07-13 08:41:37.943 2474-2474/? I/DeviceModeUtil: DeviceModeUtil.getDeviceMode():123 Get device mode phone by ui mode:1 and smallestScreenWidthDp:360
07-13 08:41:37.946 2474-2474/? I/GoogleInputMethodService: GoogleInputMethodService.onStartInputView():2052 onStartInputView(EditorInfo{inputType=0x61(PersonName) imeOptions=0x6 privateImeOptions=null actionName=DONE actionLabel=null actionId=0 initialSelStart=0 initialSelEnd=0 initialCapsMode=0x0 hintText=null label=null packageName=app.identifier fieldId=2131230887 fieldName=null extras=Bundle[{androidx.core.view.inputmethod.EditorInfoCompat.CONTENT_SELECTION_HEAD=0, androidx.core.view.inputmethod.EditorInfoCompat.CONTENT_SELECTION_END=0, androidx.core.view.inputmethod.EditorInfoCompat.CONTENT_SURROUNDING_TEXT=}]}, false)
07-13 08:41:37.948 2474-2474/? I/GoogleInputMethodService: GoogleInputMethodService.updateDeviceLockedStatus():2152 repeatCheckTimes = 2, unlocked = true
07-13 08:41:37.948 2474-2621/? I/DeviceModeUtil: DeviceModeUtil.getDeviceMode():123 Get device mode phone by ui mode:1 and smallestScreenWidthDp:360
07-13 08:41:37.949 2474-2474/? W/ModuleManager: ModuleManager.loadModule():453 Module esg is not available
07-13 08:41:37.968 21470-21470/? I/AssistStructure: Flattened final assist data: 2756 bytes, containing 1 windows, 10 views
07-13 08:41:37.979 1985-5903/? I/AssistStructure: Flattened final assist data: 2640 bytes, containing 1 windows, 10 views
07-13 08:41:37.982 2932-2932/? W/AutofillChimeraService: Pending fill request while another request in the same session was triggered. [CONTEXT service_id=177 ]
07-13 08:41:37.986 17548-17548/? D/BoundBrokerSvc: onBind: Intent { act=com.google.android.mdd.service.START dat=chimera-action: cmp=com.google.android.gms/.chimera.GmsBoundBrokerService }
07-13 08:41:37.987 17548-17548/? D/BoundBrokerSvc: Loading bound service for intent: Intent { act=com.google.android.mdd.service.START dat=chimera-action: cmp=com.google.android.gms/.chimera.GmsBoundBrokerService }
07-13 08:41:37.996 2474-2474/? I/KeyboardViewUtil: KeyboardViewUtil.getKeyboardHeightRatio():189 systemKeyboardHeightRatio:1.000000; userKeyboardHeightRatio:1.000000.
07-13 08:41:37.996 2474-2474/? I/AndroidIME: AbstractIme.onActivate():86 LatinIme.onActivate() : EditorInfo = inputType=0x61(PersonName) imeOptions=0x6 privateImeOptions=null actionName=DONE actionLabel=null actionId=0 initialSelStart=0 initialSelEnd=0 initialCapsMode=0x0 hi
07-13 08:41:37.996 2474-2474/? I/AndroidIME: ntText=null label=null packageName=app.identifier fieldId=2131230887 fieldName=null extras=Bundle[{androidx.core.view.inputmethod.EditorInfoCompat.CONTENT_SELECTION_HEAD=0, androidx.core.view.inputmethod.EditorInfoCompat.CONTENT_SELECTION_END=0, androidx.core.view.inputmethod.EditorInfoCompat.CONTENT_SURROUNDING_TEXT=}], IncognitoMode = false, DeviceLocked = false
07-13 08:41:38.001 2474-2474/? I/Delight5Facilitator: Delight5Facilitator.initializeForIme():777 initializeForIme() : Locale = [pt_BR], layout = qwerty
07-13 08:41:38.002 2474-2474/? I/VoiceInputManagerWrapper: VoiceInputManagerWrapper.cancelShutdown():55 cancelShutdown()
07-13 08:41:38.002 2474-2474/? I/VoiceInputManagerWrapper: VoiceInputManagerWrapper.syncLanguagePacks():67 syncLanguagePacks()
07-13 08:41:38.004 2474-14877/? I/SpeechFactory: SpeechRecognitionFactory.maybeScheduleAutoPackDownloadForFallback():205 maybeScheduleAutoPackDownloadForFallback()
07-13 08:41:38.004 2474-2474/? I/LatinIme: LatinIme.updateEnableInlineSuggestionsOnDecoderSideFlags():1014 inline flag updated to:false
07-13 08:41:38.005 2474-14877/? I/FallbackOnDeviceRecognitionProvider: FallbackOnDeviceRecognitionProvider.maybeScheduleAutoPackDownload():195 maybeScheduleAutoPackDownload() for language tag pt-BR
07-13 08:41:38.014 2474-2474/? I/KeyboardWrapper: KeyboardWrapper.consumeEvent():281 Skip consuming an event as current keyboard is deactivated (state=0, keyboard existence=true)
07-13 08:41:38.026 2474-2474/? I/KeyboardViewUtil: KeyboardViewUtil.calculateMaxKeyboardBodyHeight():40 leave 250 height for app when screen height:1344, header height:88 and isFullscreenMode:false, so the max keyboard body height is:1006
07-13 08:41:38.027 2474-2474/? W/Keyboard: Keyboard.getKeyboardViewHelper():616 null helper is returned: keyboardDef=iko{className=.latin.keyboard.LatinPrimeKeyboard, id=#0x7f0b0692, initialStates=0, keyboardViewDefs=[ilh{direction=null, id=#0x7f0b0139, isScalable=true, layoutId=#0x7f0e01f7, type=BODY, touchable=true}, ilh{direction=null, id=#0x7f0b0139, isScalable=false, layoutId=#0x7f0e0170, type=FLOATING_CANDIDATES, touchable=false}, ilh{direction=null, id=#0x7f0b0139, isScalable=false, layoutId=#0x7f0e0441, type=HEADER, touchable=true}], keyTextSizeRatio=1.0, persistentStates=0, persistentStatesPrefKey=null, popupBubbleLayoutId=#0x7f0e051a, recentKeyLayoutId=0, recentKeyPopupLayoutId=0, recentKeyType=null, rememberRecentKey=NONE, sessionStates=17592186044419}, type=WIDGET, helpersCreated=[ibz@d6accdd, ibz@d2c052, ibz@1c10f23, null], 
07-13 08:41:38.028 2474-2474/? I/DeviceModeUtil: DeviceModeUtil.getDeviceMode():123 Get device mode phone by ui mode:1 and smallestScreenWidthDp:360
07-13 08:41:38.028 2474-2474/? I/GoogleInputMethodService: GoogleInputMethodService.setKeyboardViewShown():3561 setKeyboardViewShown() : type = HEADER, shownType = SHOW_OPTIONAL
07-13 08:41:38.028 2474-2474/? I/GoogleInputMethodService: GoogleInputMethodService.setKeyboardViewShown():3608 setKeyboardViewShown() : shouldShow = true
07-13 08:41:38.029 2474-2474/? I/GoogleInputMethodService: GoogleInputMethodService.setKeyboardViewShown():3561 setKeyboardViewShown() : type = BODY, shownType = SHOW_MANDATORY
07-13 08:41:38.029 2474-2474/? I/GoogleInputMethodService: GoogleInputMethodService.setKeyboardViewShown():3608 setKeyboardViewShown() : shouldShow = true
07-13 08:41:38.029 2474-2474/? I/GoogleInputMethodService: GoogleInputMethodService.setKeyboardViewShown():3561 setKeyboardViewShown() : type = FLOATING_CANDIDATES, shownType = HIDE
07-13 08:41:38.029 2474-2474/? I/GoogleInputMethodService: GoogleInputMethodService.setKeyboardViewShown():3608 setKeyboardViewShown() : shouldShow = false
07-13 08:41:38.029 2474-2474/? W/Keyboard: Keyboard.getKeyboardViewHelper():616 null helper is returned: keyboardDef=iko{className=.latin.keyboard.LatinPrimeKeyboard, id=#0x7f0b0692, initialStates=0, keyboardViewDefs=[ilh{direction=null, id=#0x7f0b0139, isScalable=true, layoutId=#0x7f0e01f7, type=BODY, touchable=true}, ilh{direction=null, id=#0x7f0b0139, isScalable=false, layoutId=#0x7f0e0170, type=FLOATING_CANDIDATES, touchable=false}, ilh{direction=null, id=#0x7f0b0139, isScalable=false, layoutId=#0x7f0e0441, type=HEADER, touchable=true}], keyTextSizeRatio=1.0, persistentStates=0, persistentStatesPrefKey=null, popupBubbleLayoutId=#0x7f0e051a, recentKeyLayoutId=0, recentKeyPopupLayoutId=0, recentKeyType=null, rememberRecentKey=NONE, sessionStates=17592186044419}, type=WIDGET, helpersCreated=[ibz@d6accdd, ibz@d2c052, ibz@1c10f23, null], 
07-13 08:41:38.030 2474-2474/? I/GoogleInputMethodService: GoogleInputMethodService.setKeyboardViewShown():3561 setKeyboardViewShown() : type = WIDGET, shownType = HIDE
07-13 08:41:38.030 2474-2474/? I/GoogleInputMethodService: GoogleInputMethodService.setKeyboardViewShown():3608 setKeyboardViewShown() : shouldShow = false
07-13 08:41:38.033 2474-2474/? I/KeyboardViewUtil: KeyboardViewUtil.calculateMaxKeyboardBodyHeight():40 leave 250 height for app when screen height:1344, header height:88 and isFullscreenMode:false, so the max keyboard body height is:1006
07-13 08:41:38.036 2474-2474/? I/DeviceModeUtil: DeviceModeUtil.getDeviceMode():123 Get device mode phone by ui mode:1 and smallestScreenWidthDp:360
07-13 08:41:38.041 2474-2474/? I/chatty: uid=10104(com.google.android.inputmethod.latin) identical 1 line
07-13 08:41:38.042 2474-2474/? I/DeviceModeUtil: DeviceModeUtil.getDeviceMode():123 Get device mode phone by ui mode:1 and smallestScreenWidthDp:360
07-13 08:41:38.042 2474-2474/? I/KeyboardModeManager: KeyboardModeManager.setInputView():372 setInputView() : supportsOneHandedMode=true
07-13 08:41:38.042 2474-2474/? I/NormalModeController: NormalModeController.getKeyboardBodyViewHolderPaddingBottom():116 currentPrimeKeyboardType:SOFT systemPaddingBottom:-1
07-13 08:41:38.045 2474-2474/? I/NormalModeController: NormalModeController.getKeyboardBodyViewHolderPaddingBottom():116 currentPrimeKeyboardType:SOFT systemPaddingBottom:-1
07-13 08:41:38.052 2474-2474/? I/KeyboardModeManager: KeyboardModeManager.setInputView():364 setInputView() : entry=hyt{languageTag=pt-BR, variant=qwerty, hasLocalizedResources=true, conditionCacheKey=_device=phone_device_size=default_enable_adaptive_text_editing=true_enable_inline_suggestions_on_client_side=true_enable_large_tablet_batch_1=false_enable_large_tablet_batch_2=false_enable_more_candidates_view_for_multilingual=false_enable_nav_redesign=false_enable_navbar_motion=false_enable_number_row=true_enable_preemptive_decode=true_enable_secondary_symbols=false_expressions=normal_four_or_more_letter_rows=false_keyboard_mode=normal_language=pt-BR_orientation=portrait_physical_keyboard=nokeys_show_secondary_digits=false_show_suggestions=true_split_with_duplicate_keys=true_variant=qwerty, imeDef.stringId=ime_portuguese_brazil, imeDef.className=com.google.android.apps.inputmethod.libs.latin5.LatinIme, imeDef.languageTag=pt-BR}
07-13 08:41:38.054 2474-2474/? I/VoiceImeExtension: VoiceImeExtension.shouldStartVoiceInputAutomatically():383 No private IME option set to start voice input.
07-13 08:41:38.058 17548-17548/? D/BoundBrokerSvc: onBind: Intent { act=com.google.firebase.dynamiclinks.service.START pkg=com.google.android.gms }
07-13 08:41:38.058 17548-17548/? D/BoundBrokerSvc: Loading bound service for intent: Intent { act=com.google.firebase.dynamiclinks.service.START pkg=com.google.android.gms }
07-13 08:41:38.079 2474-2474/? I/DeviceModeUtil: DeviceModeUtil.getDeviceMode():123 Get device mode phone by ui mode:1 and smallestScreenWidthDp:360
07-13 08:41:38.081 2474-2474/? I/DeviceModeUtil: DeviceModeUtil.getDeviceMode():123 Get device mode phone by ui mode:1 and smallestScreenWidthDp:360
07-13 08:41:38.082 2474-2474/? I/NormalModeController: NormalModeController.getKeyboardBodyViewHolderPaddingBottom():116 currentPrimeKeyboardType:SOFT systemPaddingBottom:-1
07-13 08:41:38.084 2474-3547/? I/Delight5Decoder: Delight5DecoderWrapper.setKeyboardLayout():458 setKeyboardLayout()
07-13 08:41:38.126 17548-17548/? D/BoundBrokerSvc: onBind: Intent { act=com.google.android.gms.common.BIND_SHARED_PREFS pkg=com.google.android.gms }
07-13 08:41:38.126 17548-17548/? D/BoundBrokerSvc: Loading bound service for intent: Intent { act=com.google.android.gms.common.BIND_SHARED_PREFS pkg=com.google.android.gms }
07-13 08:41:38.140 17548-17548/? D/BoundBrokerSvc: onUnbind: Intent { act=com.google.android.gms.common.BIND_SHARED_PREFS pkg=com.google.android.gms }
07-13 08:41:38.153 17548-17548/? D/BoundBrokerSvc: onBind: Intent { act=com.google.android.gms.common.BIND_SHARED_PREFS pkg=com.google.android.gms }
07-13 08:41:38.153 17548-17548/? D/BoundBrokerSvc: Loading bound service for intent: Intent { act=com.google.android.gms.common.BIND_SHARED_PREFS pkg=com.google.android.gms }
07-13 08:41:38.157 17548-17548/? D/BoundBrokerSvc: onUnbind: Intent { act=com.google.android.gms.common.BIND_SHARED_PREFS pkg=com.google.android.gms }
07-13 08:41:38.451 2932-21104/? W/tfu: Infinite Data has no result for app.identifier [CONTEXT service_id=177 ]
07-13 08:41:38.451 17548-17548/? D/BoundBrokerSvc: onBind: Intent { act=com.google.android.gms.wallet.service.BIND pkg=com.google.android.gms }
07-13 08:41:38.451 17548-17548/? D/BoundBrokerSvc: Loading bound service for intent: Intent { act=com.google.android.gms.wallet.service.BIND pkg=com.google.android.gms }
07-13 08:41:38.462 2932-2932/? D/BoundBrokerSvc: onBind: Intent { act=com.google.android.gms.tapandpay.service.BIND dat=chimera-action: cmp=com.google.android.gms/.chimera.PersistentApiService }
07-13 08:41:38.462 2932-2932/? D/BoundBrokerSvc: Loading bound service for intent: Intent { act=com.google.android.gms.tapandpay.service.BIND dat=chimera-action: cmp=com.google.android.gms/.chimera.PersistentApiService }
07-13 08:41:38.462 17548-17548/? D/BoundBrokerSvc: onBind: Intent { act
07-13 08:41:38.462 17548-17548/? D/BoundBrokerSvc: =com.google.android.gms.chromesync.service.zeroparty.START dat=chimera-action: cmp=com.google.android.gms/.chimera.GmsApiService }
07-13 08:41:38.463 17548-17548/? D/BoundBrokerSvc: Loading bound service for intent: Intent { act=com.google.android.gms.chromesync.service.zeroparty.START dat=chimera-action: cmp=com.google.android.gms/.chimera.GmsApiService }
07-13 08:41:38.466 17548-17548/? D/BoundBrokerSvc: onBind: Intent { act=com.google.android.gms.auth.api.phone.service.SmsRetrieverApiService.START dat=chimera-action: cmp=com.google.android.gms/.chimera.GmsApiService }
07-13 08:41:38.466 17548-17548/? D/BoundBrokerSvc: Loading bound service for intent: Intent { act=com.google.android.gms.auth.api.phone.service.SmsRetrieverApiService.START dat=chimera-action: cmp=com.google.android.gms/.chimera.GmsApiService }
07-13 08:41:38.470 2932-20751/? W/tfu: Infinite Data has no result for app.identifier [CONTEXT service_id=177 ]
07-13 08:41:38.494 17548-17639/? I/SyncManager: Executing sync [CONTEXT service_id=80 ]
07-13 08:41:38.501 17548-17639/? I/SyncManager: (REDACTED) Executing sync finished in %d ms
07-13 08:41:38.511 21470-21470/? D/UiControllerImpl: Injecting string: "abc"
07-13 08:41:38.616 2474-3547/? E/native: E0000 00:00:1689252098.616545    3547 mutable-lm.cc:676] The parameters are set incorrectly.
07-13 08:41:38.623 2474-2474/? I/GoogleInputMethodService: GoogleInputMethodService.setKeyboardViewShown():3561 setKeyboardViewShown() : type = HEADER, shownType = SHOW_MANDATORY_WITH_ANIMATION
07-13 08:41:38.623 2474-2474/? I/GoogleInputMethodService: GoogleInputMethodService.setKeyboardViewShown():3608 setKeyboardViewShown() : shouldShow = true
07-13 08:41:38.780 2474-3547/? E/native: E0000 00:00:1689252098.780932    3547 mutable-lm.cc:676] The parameters are set incorrectly.
07-13 08:41:38.820 2474-2474/? I/GoogleInputMethodService: GoogleInputMethodService.setKeyboardViewShown():3561 setKeyboardViewShown() : type = HEADER, shownType = SHOW_MANDATORY_WITH_ANIMATION
07-13 08:41:38.820 2474-2474/? I/GoogleInputMethodService: GoogleInputMethodService.setKeyboardViewShown():3608 setKeyboardViewShown() : shouldShow = true
07-13 08:41:38.836 21470-21470/? I/ViewInteraction: Performing 'close keyboard' action on view is a root view.
07-13 08:41:38.843 2474-2474/? I/GoogleInputMethodService: GoogleInputMethodService.onFinishInputView():2306 
07-13 08:41:38.852 2474-2474/? I/KeyboardWrapper: KeyboardWrapper.consumeEvent():281 Skip consuming an event as current keyboard is deactivated (state=0, keyboard existence=true)
07-13 08:41:38.853 2474-2474/? I/VoiceInputManagerWrapper: VoiceInputManagerWrapper.shutdown():77 shutdown()
07-13 08:41:38.853 2474-2474/? I/AndroidIME: AbstractIme.onDeactivate():207 LatinIme.onDeactivate()
07-13 08:41:38.860 2474-2621/? E/native: E0000 00:00:1689252098.860446    2621 input_actions_processor_jni.cc:125] Fail to process input actions request:No processor registered
07-13 08:41:38.909 2474-3547/? E/native: E0000 00:00:1689252098.909278    3547 mutable-lm.cc:676] The parameters are set incorrectly.
07-13 08:41:38.911 2474-3547/? I/native: I0000 00:00:1689252098.911865    3547 input-context-store.cc:255] Ignoring stale client request for FetchSuggestions
07-13 08:41:38.913 2474-3547/? I/native: I0000 00:00:1689252098.913323    3547 input-context-store.cc:178] Ignoring stale client request for OverrideDecodedCandidates
07-13 08:41:38.915 2474-2474/? W/InputContextProxy: InputContextProxy.applyClientDiffInternal():897 Ignore [FetchSuggestions] diff due to stale request: 107<108, inputStateId=0, lastInputStateId=88
07-13 08:41:39.216 21470-21470/? I/ViewInteraction: Performing 'single click' action on view with id: app.identifier:id/validateBtn
07-13 08:41:39.466 2932-2932/? D/BoundBrokerSvc: onUnbind: Intent { act=com.google.android.gms.cast.firstparty.START dat=chimera-action: cmp=com.google.android.gms/.chimera.PersistentApiService }
07-13 08:41:39.551 21470-21470/? I/ViewInteraction: Checking 'MatchesViewAssertion{viewMatcher=with text: is "Valid"}' assertion on view with id: app.identifier:id/output
07-13 08:41:39.562 17548-17548/? D/BoundBrokerSvc: onUnbind: Intent { act=com.google.android.gms.auth.cryptauth.cryptauthservice.START dat=chimera-action: cmp=com.google.android.gms/.chimera.GmsBoundBrokerService }
07-13 08:41:39.568 1985-2557/? I/ActivityManager: START u0 {act=android.intent.action.MAIN cat=[android.intent.category.LAUNCHER] flg=0x10000000 cmp=app.identifier.test/androidx.test.core.app.InstrumentationActivityInvoker$EmptyActivity} from uid 10746
07-13 08:41:39.577 923-988/? E/ANDR-PERF-RESOURCEQS: Failed to apply optimization [4, 0]
07-13 08:41:39.585 21470-21470/? D/LifecycleMonitor: Lifecycle status change: app.identifier.MainActivity@7db5ba6 in: PAUSED
07-13 08:41:39.585 21470-21470/? D/LifecycleMonitor: running callback: androidx.test.core.app.ActivityScenario$1@6b6c9e7
07-13 08:41:39.586 21470-21470/? D/LifecycleMonitor: callback completes: androidx.test.core.app.ActivityScenario$1@6b6c9e7
07-13 08:41:39.593 21494-21494/? W/ActivityThread: handleWindowVisibility: no activity for token android.os.BinderProxy@1d5942a
07-13 08:41:39.650 1985-3025/? I/ActivityManager: START u0 {act=android.intent.action.MAIN cat=[android.intent.category.LAUNCHER] flg=0x10000000 cmp=app.identifier.test/androidx.test.core.app.InstrumentationActivityInvoker$EmptyActivity} from uid 10746
07-13 08:41:39.652 21494-21494/? D/OpenGLRenderer: Skia GL Pipeline
07-13 08:41:39.662 2932-2932/? D/BoundBrokerSvc: onUnbind: Intent { act=com.google.android.gms.clearcut.bootcount.service.START dat=chimera-action: cmp=com.google.android.gms/.chimera.PersistentBoundBrokerService }
07-13 08:41:39.732 21494-21552/? I/Adreno: QUALCOMM build                   : 7adeec4758, I21281c58c8
07-13 08:41:39.732 21494-21552/? I/Adreno: Build Date                       : 12/27/18
07-13 08:41:39.732 21494-21552/? I/Adreno: OpenGL ES Shader Compiler Version: EV031.25.03.02
07-13 08:41:39.732 21494-21552/? I/Adreno: Local Branch                     : 
07-13 08:41:39.732 21494-21552/? I/Adreno: Remote Branch                    : refs/tags/AU_LINUX_ANDROID_LA.UM.7.5.R1.09.00.00.464.037
07-13 08:41:39.732 21494-21552/? I/Adreno: Remote Branch            
07-13 08:41:39.732 21494-21552/? I/Adreno:         : NONE
07-13 08:41:39.732 21494-21552/? I/Adreno: Reconstruct Branch               : NOTHING
07-13 08:41:39.732 21494-21552/? I/Adreno: Build Config                     : S L 6.0.7 AArch32
07-13 08:41:39.746 21494-21552/? I/Adreno: PFP: 0x005ff110, ME: 0x005ff066
07-13 08:41:39.748 21494-21494/? W/ActivityThread: handleWindowVisibility: no activity for token android.os.BinderProxy@f8856fc
07-13 08:41:39.763 21494-21552/? I/ConfigStore: android::hardware::configstore::V1_0::ISurfaceFlingerConfigs::hasWideColorDisplay retrieved: 0
07-13 08:41:39.763 21494-21552/? I/ConfigStore: android::hardware::configstore::V1_0::ISurfaceFlingerConfigs::hasHDRDisplay retrieved: 0
07-13 08:41:39.766 21494-21552/? I/OpenGLRenderer: Initialized EGL, version 1.4
07-13 08:41:39.766 21494-21552/? D/OpenGLRenderer: Swap behavior 2
07-13 08:41:39.810 1985-2557/? W/ActivityManager: Duplicate finish request for ActivityRecord{be45eb8 u0 app.identifier/.MainActivity t136 f}
07-13 08:41:39.977 938-938/? D/SurfaceFlinger: duplicate layer name: changing app.identifier.test/androidx.test.core.app.InstrumentationActivityInvoker$EmptyActivity to app.identifier.test/androidx.test.core.app.InstrumentationActivityInvoker$EmptyActivity#1
07-13 08:41:40.013 1985-2057/? I/LaunchCheckinHandler: Displayed app.identifier.test/androidx.test.core.app.InstrumentationActivityInvoker$EmptyActivity,wp,ca,423
07-13 08:41:40.013 1985-5903/? D/ActivityManager: found next focusableStack ActivityStack{73e0d02 stackId=0 type=home mode=fullscreen visible=true translucent=true, 1 tasks} with top ActivityRecord{317b4bd u0 com.motorola.launcher3/com.android.launcher3.Customiz
07-13 08:41:40.013 1985-5903/? D/ActivityManager: ationPanelLauncher t2} as current stack ActivityStack{5616c8f stackId=17 type=standard mode=fullscreen visible=true translucent=true, 1 tasks}
07-13 08:41:40.029 2474-2474/? I/GoogleInputMethodService: GoogleInputMethodService.onFinishInput():3302 
07-13 08:41:40.031 2474-2474/? I/GoogleInputMethodService: GoogleInputMethodService.updateDeviceLockedStatus():2152 repeatCheckTimes = 0, unlocked = true
07-13 08:41:40.031 2474-2474/? I/GoogleInputMethodService: GoogleInputMethodService.onStartInput():1930 onStartInput(EditorInfo{inputType=0x0(NULL) imeOptions=0x0 privateImeOptions=null actionName=UNSPECIFIED actionLabel=null actionId=0 initialSelStart=-1 initialSelEnd=-1 initialCapsMode=0x0 hintText=null label=null packageName=app.identifier.test fieldId=-1 fieldName=null extras=null}, false)
07-13 08:41:40.031 2474-2474/? I/GoogleInputMethodService: GoogleInputMethodService.shouldHideHeaderOnInitialState():4116 ShouldHideHeaderOnInitialState = false
07-13 08:41:40.033 2474-2474/? I/GoogleInputMethodService: GoogleInputMethodService.updateDeviceLockedStatus():2152 repeatCheckTimes = 2, unlocked = true
07-13 08:41:40.079 938-1017/? W/SurfaceFlinger: Attempting to set client state on removed layer: app.identifier.test/androidx.test.core.app.InstrumentationActivityInvoker$EmptyActivity#0
07-13 08:41:40.079 938-1017/? W/SurfaceFlinger: Attempting to destroy on removed layer: app.identifier.test/androidx.test.core.app.InstrumentationActivityInvoker$EmptyActivity#0
07-13 08:41:40.101 3031-3031/? D/LauncherAppWidgetHost: setListenIfResumed :true, mFlags:2
07-13 08:41:40.102 3031-3031/? D/LauncherAppWidgetHost: startListening
07-13 08:41:40.161 2474-2474/? I/GoogleInputMethodService: GoogleInputMethodService.onFinishInput():3302 
07-13 08:41:40.163 2474-2474/? I/GoogleInputMethodService: GoogleInputMethodService.updateDeviceLockedStatus():2152 repeatCheckTimes = 0, unlocked = true
07-13 08:41:40.163 2474-2474/? I/GoogleInputMethodService: GoogleInputMethodService.onStartInput():1930 onStartInput(EditorInfo{inputType=0x0(NULL) imeOptions=0x0 privateImeOptions=null actionName=UNSPECIFIED actionLabel=null actionId=0 initialSelStart=-1 initialSelEnd=-1 initialCapsMode=0x0 hintText=null label=null packageName=com.motorola.launcher3 fieldId=-1 fieldName=null extras=null}, false)
07-13 08:41:40.163 2474-2474/? I/GoogleInputMethodService: GoogleInputMethodService.shouldHideHeaderOnInitialState():4116 ShouldHideHeaderOnInitialState = false
07-13 08:41:40.167 2474-2474/? I/GoogleInputMethodService: GoogleInputMethodService.updateDeviceLockedStatus():2152 repeatCheckTimes = 2, unlocked = true
07-13 08:41:40.230 21470-21470/? D/LifecycleMonitor: Lifecycle status change: app.identifier.MainActivity@7db5ba6 in: STOPPED
07-13 08:41:40.230 21470-21470/? D/LifecycleMonitor: running callback: androidx.test.core.app.ActivityScenario$1@6b6c9e7
07-13 08:41:40.231 21470-21470/? D/LifecycleMonitor: callback completes: androidx.test.core.app.ActivityScenario$1@6b6c9e7
07-13 08:41:40.239 21470-21470/? D/LifecycleMonitor: Lifecycle status change: app.identifier.MainActivity@7db5ba6 in: DESTROYED
07-13 08:41:40.239 21470-21470/? D/LifecycleMonitor: running callback: androidx.test.core.app.ActivityScenario$1@6b6c9e7
07-13 08:41:40.240 21470-21470/? D/LifecycleMonitor: callback completes: androidx.test.core.app.ActivityScenario$1@6b6c9e7
07-13 08:41:40.241 21470-21488/? I/TestRunner: finished: test01(app.identifier.IdentifierUITest)
07-13 08:41:40.260 21470-21488/? I/TestRunner: run finished: 1 tests, 0 failed, 0 ignored
07-13 08:41:40.263 938-2413/? W/SurfaceFlinger: Attempting to destroy on removed layer: AppWindowToken{5f19ff6 token=Token{f689491 ActivityRecord{be45eb8 u0 app.identifier/.MainActivity t136}}}#0
07-13 08:41:40.297 21470-21488/? I/MonitoringInstr: waitForActivitiesToComplete() took: 0ms
07-13 08:41:40.299 1985-2557/? I/ActivityManager: Force stopping app.identifier appid=10746 user=0: finished inst
07-13 08:41:40.299 1985-2557/? I/ActivityManager: Killing 21470:app.identifier/u0a746 (adj 0): stop app.identifier
07-13 08:41:40.300 1985-21561/? W/Binder: Outgoing transactions from this process must be FLAG_ONEWAY
07-13 08:41:40.300 1985-21561/? W/Binder: java.lang.Throwable
07-13 08:41:40.300 1985-21561/? W/Binder: 	at android.os.BinderProxy.transact(Binder.java:1125)
07-13 08:41:40.300 1985-21561/? W/Binder: 	at android.app.IInstrumentationWatcher$Stub$Proxy.instrumentat
07-13 08:41:40.300 1985-21561/? W/Binder: ionFinished(IInstrumentationWatcher.java:164)
07-13 08:41:40.300 1985-21561/? W/Binder: 	at com.android.server.am.InstrumentationReporter$MyThread.run(InstrumentationReporter.java:86)
07-13 08:41:40.300 1985-2037/? W/libprocessgroup: kill(-21470, 9) failed: No such process
07-13 08:41:40.304 21461-21461/? D/AndroidRuntime: Shutting down VM
07-13 08:41:40.316 1985-2037/? W/libprocessgroup: kill(-21470, 9) failed: No such process
07-13 08:41:40.323 1985-2057/? W/ActivityManager: setHasOverlayUi called on unknown pid: 21470
07-13 08:41:40.328 1985-2037/? W/libprocessgroup: kill(-21470, 9) failed: No such process
07-13 08:41:40.331 1191-1191/? I/Zygote: Process 21470 exited due to signal (9)
07-13 08:41:40.343 1985-2037/? W/libprocessgroup: kill(-21470, 9) failed: No such process
07-13 08:41:40.343 1985-2037/? I/libprocessgroup: Successfully killed process cgroup uid 10746 pid 21470 in 43ms
07-13 08:41:40.549 21492-21492/? D/MPEG4Writer: Video track stopping. Stop source
07-13 08:41:40.549 21492-21522/? I/MPEG4Writer: Received total/0-length (103/0) buffers and encoded 103 frames. - Video
07-13 08:41:40.549 21492-21492/? D/MPEG4Writer: Video track source stopping
07-13 08:41:40.549 21492-21492/? D/MPEG4Writer: Video track source stopped
07-13 08:41:40.550 21492-21492/? D/MPEG4Writer: Video track stopped. Stop source
07-13 08:41:40.550 21492-21492/? D/MPEG4Writer: Stopping writer thr
07-13 08:41:40.550 21492-21492/? D/MPEG4Writer: ead
07-13 08:41:40.550 21492-21521/? D/MPEG4Writer: 0 chunks are written in the last batch
07-13 08:41:40.550 21492-21492/? D/MPEG4Writer: Writer thread stopped
07-13 08:41:40.550 21492-21492/? I/MPEG4Writer: Ajust the moov start time from 1184526525 us -> 1184526525 us
07-13 08:41:40.550 21492-21492/? I/MediaCodec: (0xb3543000) stop
07-13 08:41:40.554 1211-2408/? W/GraphicBufferSource: released unpopulated slots: [1, 2, 3, 4, 5, 6, 7, 8, 9, 10, 11, 12, 13, 14, 15, 16, 17, 18, 19, 20, 21, 22, 23, 24, 25, 26, 27, 28, 29, 30, 31, 32, 33, 34, 35, 36, 37, 38, 39, 40, 41, 42, 43, 44, 45, 46, 47, 48, 49, 50, 51, 52, 53, 54, 55, 56, 57, 58, 59, 60, 61, 62, 63]
07-13 08:41:40.567 21492-21492/? I/MediaCodec: (0xb3543000) release
07-13 08:41:40.573 1211-2408/? I/OMX-VENC: Component Deinit
07-13 08:41:40.573 1211-2408/? I/OMX-VENC: Video encode perflock released
07-13 08:41:40.578 21492-21492/? D/MPEG4Writer: Video track stopping. Stop source
07-13 08:41:40.632 14710-14710/? D/MediaScannerReceiver: action: android.intent.action.MEDIA_SCANNER_SCAN_FILE path: /storage/emulated/0/app.identifier.IdentifierUITest-test01-86552930-742a-49ea-87eb-6560ef80c2e1.mp4
07-13 08:41:40.638 21492-21492/? D/ScreenRecord: success
07-13 08:41:40.753 1202-1202/? I/FileSource: StagefrightMetadataRetriever::setDataSource(FD URL suppressed)
