07-13 08:41:44.082 21617-21633/? W/Settings: Setting always_finish_activities has moved from android.provider.Settings.System to android.provider.Settings.Global, returning read-only value.
07-13 08:41:44.110 1985-5164/? I/ActivityManager: START u0 {act=android.intent.action.MAIN cat=[android.intent.category.LAUNCHER] flg=0x10008000 cmp=app.identifier.test/androidx.test.core.app.InstrumentationActivityInvoker$BootstrapActivity (has extras)} from uid 10746
07-13 08:41:44.128 923-988/? E/ANDR-PERF-RESOURCEQS: Failed to apply optimization [4, 0]
07-13 08:41:44.152 21494-21494/? W/ActivityThread: handleWindowVisibility: no activity for token android.os.BinderProxy@987fa56
07-13 08:41:44.231 1985-2002/? I/ActivityManager: START u0 {act=android.intent.action.MAIN cat=[android.intent.category.LAUNCHER] cmp=app.identifier/.MainActivity} from uid 10746
07-13 08:41:44.251 21617-21617/? W/ActivityThread: handleWindowVisibility: no activity for token android.os.BinderProxy@3b400ce
07-13 08:41:44.358 17775-17775/? I/Finsky: [2] zjd.onStartJob(132): SCH: job service start with id 9749.
07-13 08:41:44.370 17548-21643/? I/Authzen: [DeviceStateSyncManager] The server is in sync with current state. Nothing to do
07-13 08:41:44.377 17775-21180/? I/Finsky: [1266] zik.a(1029): SCH: Satisfied jobs for 9749 are: 12-1
07-13 08:41:44.381 17775-21645/? I/Finsky: [1286] zho.accept(684): SCH: Job 12-1 starting
07-13 08:41:44.384 17775-17775/? I/Finsky: [2] ContentSyncJob.v(14): [ContentSync] job started
07-13 08:41:44.384 17775-17775/? I/Finsky: [ 07-13 08:41:44.433 
07-13 08:41:44.384 17775-17775/? I/Finsky:  1985: 5164 D/WificondControl ]
07-13 08:41:44.384 17775-17775/? I/Finsky: Scan result ready event
07-13 08:41:44.446 21639-21639/? I/MediaCodec: (0xb38c3000) init name(OMX.qcom.video.encoder.avc)
07-13 08:41:44.450 21639-21651/? I/OMXClient: IOmx service obtained
07-13 08:41:44.451 1211-2408/? I/OMXMaster: makeComponentInstance(OMX.qcom.video.encoder.avc) in omx@1.0-service process
07-13 08:41:44.457 1211-2408/? I/OMX-VENC: Video encode perflock acquired,handle=188
07-13 08:41:44.467 1211-2408/? I/OMX-VENC: Component_init : OMX.qcom.video.encoder.avc : return = 0x0
07-13 08:41:44.467 21639-21650/? I/MediaCodec: (0xb38c3000) Component Allocated (OMX.qcom.video.encoder.avc)
07-13 08:41:44.469 21639-21639/? I/MediaCodec: (0xb38c3000) configure surface(0x0) crypto(0x0) flags(1)
07-13 08:41:44.469 21639-21639/? D/MediaCodec: (0xb38c3000) configure format: AMessage(what = 0x00000000) = {
07-13 08:41:44.469 21639-21639/? D/MediaCodec:       int32_t width = 720
07-13 08:41:44.469 21639-21639/? D/MediaCodec:       int32_t height = 1280
07-13 08:41:44.469 21639-21639/? D/MediaCodec:       string mime = "video/avc"
07-13 08:41:44.469 21639-21639/? D/MediaCodec:       int32_t color-format = 2130708361
07-13 08:41:44.469 21639-21639/? D/MediaCodec:       int32_t bitrate = 1000000
07-13 08:41:44.469 21639-21639/? D/MediaCodec:       float frame-rate = 60.000004
07-13 08:41:44.469 21639-21639/? D/MediaCodec:       int32_t i-frame-interval = 10
07-13 08:41:44.469 21639-21639/? D/MediaCodec:     }
07-13 08:41:44.469 21639-21639/? D/MediaCodec: [ 07-13 08:41:44.470  1211:
07-13 08:41:44.469 21639-21639/? D/MediaCodec:  1459 E/OMXNodeInstance ]
07-13 08:41:44.469 21639-21639/? D/MediaCodec: setParameter(0xaab7b184:qcom.encoder.avc, OMX.google.android.index.allocateNativeHandle(0x7f00005d): Output:1 en=0) ERROR: UnsupportedSetting(0x80001019)
07-13 08:41:44.470 1211-1459/? W/OMXNodeInstance: [0xaab7b184:qcom.encoder.avc] component does not support metadata mode; using fallback
07-13 08:41:44.470 21639-21651/? I/ExtendedACodec: setupVideoEncoder()
07-13 08:41:44.470 21639-21651/? I/ACodec: [OMX.qcom.video.encoder.avc] setupVideoEncoder mime(video/avc) colorFormat(7f000789)
07-13 08:41:44.471 21639-21651/? W/OMXUtils: do not know color format 0x7fa30c04 = 2141391876
07-13 08:41:44.471 21639-21651/? W/OMXUtils: do not know color format 0x7f000789 = 2130708361
07-13 08:41:44.474 21639-21651/? I/ACodec: width height(720x1280) stride(720) sliceHeight(1280)
07-13 08:41:44.478 21639-21651/? I/ACodec: bitrate(1000000) framerate(60.000004) compressionFormat(7)
07-13 08:41:44.483 21639-21651/? I/ACodec: setupAVCEncoderParameters with [profile: Baseline] [level: Level32]
07-13 08:41:44.487 21639-21651/? I/ACodec: [OMX.qcom.video.encoder.avc] cannot encode HDR static metadata. Ignoring.
07-13 08:41:44.487 21639-21651/? I/ACodec: setupVideoEncoder succeeded
07-13 08:41:44.487 21639-21651/? I/ExtendedACodec: [OMX.qcom.video.encoder.avc] configure, AMessage : AMessage(what = 'conf', target = 1) = {
07-13 08:41:44.487 21639-21651/? I/ExtendedACodec:   int32_t width = 720
07-13 08:41:44.487 21639-21651/? I/ExtendedACodec:   int32_t height = 1280
07-13 08:41:44.487 21639-21651/? I/ExtendedACodec:   string mime = "video/avc"
07-13 08:41:44.487 21639-21651/? I/ExtendedACodec:   int32_t color-format = 2130708361
07-13 08:41:44.487 21639-21651/? I/ExtendedACodec:   int32_t bitrate = 1000000
07-13 08:41:44.487 21639-21651/? I/ExtendedACodec:   float frame-rate = 60.000004
07-13 08:41:44.487 21639-21651/? I/ExtendedACodec:   int32_t i-frame-interval = 10
07-13 08:41:44.487 21639-21651/? I/ExtendedACodec:   int32_t encoder = 1
07-13 08:41:44.487 21639-21651/? I/ExtendedACodec: }
07-13 08:41:44.490 21617-21617/? D/LifecycleMonitor: Lifecycle status change: app.identifier.MainActivity@7db5ba6 in: PRE_ON_CREATE
07-13 08:41:44.490 21639-21651/? W/OMXUtils: do not know color format 0x7f000789 = 2130708361
07-13 08:41:44.490 1211-1459/? E/OMXNodeInstance: getConfig(0xaab7b184:qcom.encoder.avc, ConfigLatency(0x6f800005)) ERROR: UnsupportedIndex(0x8000101a)
07-13 08:41:44.490 21617-21617/? D/LifecycleMonitor: running callback: 
07-13 08:41:44.490 21617-21617/? D/LifecycleMonitor: androidx.test.core.app.ActivityScenario$1@6b6c9e7
07-13 08:41:44.492 21617-21617/? D/LifecycleMonitor: callback completes: androidx.test.core.app.ActivityScenario$1@6b6c9e7
07-13 08:41:44.503 21639-21651/? W/ExtendedACodec: Failed to get extension for extradata parameter
07-13 08:41:44.507 1211-1459/? E/OMXNodeInstance: getConfig(0xaab7b184:qcom.encoder.avc, ??(0x7f000062)) ERROR: UnsupportedSetting(0x80001019)
07-13 08:41:44.509 1211-2408/? E/OMXNodeInstance: getParameter(0xaab7b184:qcom.encoder.avc, ParamConsumerUsageBits(0x6f800004)) ERROR: UnsupportedIndex(0x8000101a)
07-13 08:41:44.510 1211-2408/? D/GraphicBufferSource: setting dataspace: 0x104, acquired=0
07-13 08:41:44.510 1211-2408/? E/OMXNodeInstance: getParameter(0xaab7b184:qcom.encoder.avc, ParamConsumerUsageBits(0x6f800004)) ERROR: UnsupportedIndex(0x8000101a)
07-13 08:41:44.510 1211-2408/? D/GraphicBufferSource: requesting color aspects (R:2(Limited), P:1(BT709_5), M:1(BT709_5), T:3(SMPTE170M))
07-13 08:41:44.511 21639-21639/? I/MediaCodec: (0xb38c3000) start
07-13 08:41:44.515 896-896/? W/AshmemAllocator: ashmem_create_region(8) returning hidl_memory(0xaee16150, 8)
07-13 08:41:44.517 21617-21617/? W/app.identifier: Accessing hidden method Landroid/graphics/drawable/Drawable;->getOpticalInsets()Landroid/graphics/Insets; (light greylist, linking)
07-13 08:41:44.517 21617-21617/? W/app.identifier: Accessing hidden field Landroid/graphics/Insets;->left:I (light greylist, linking)
07-13 08:41:44.517 21617-21617/? W/app.identifier: Accessing hidden field Landroid/graphics/Insets;->right:I (light greylist, linking)
07-13 08:41:44.517 21617-21617/? W/app.identifier: Accessing hidden field Landroid/graphics/Insets;->top:I (light greylist, linking)
07-13 08:41:44.517 21617-21617/? W/app.identifier: Accessing hidden field Landroid/graphics/Insets;->bottom:I (light greylist, linking)
07-13 08:41:44.519 896-896/? W/AshmemAllocator: ashmem_create_region(8) returning hidl_memory(0xaee16150, 8)
07-13 08:41:44.520 896-896/? W/AshmemAllocator: ashmem_create_region(8) returning hidl_memory(0xaee16150, 8)
07-13 08:41:44.523 2932-4095/? E/AuthPII: [GoogleAccountDataServiceImpl] getToken() -> BAD_AUTHENTICATION. App: com.android.vending, Service: oauth2:https://www.googleapis.com/auth/googleplay
07-13 08:41:44.523 2932-4095/? E/AuthPII: abte: Long live credential not available.
07-13 08:41:44.523 2932-4095/? E/AuthPII: 	at lsn.a(:com.google.android.gms@231312026@23.13.12 (100306-519946965):8)
07-13 08:41:44.523 2932-4095/? E/AuthPII: 	at lsu.b(:com.google.android.gms@231312026@23.13.12 (100306-519946965):3)
07-13 08:41:44.523 2932-4095/? E/AuthPII: 	at lqt.m(:com.google.android.gms@231312026@23.13.12 (100306-519946965):47)
07-13 08:41:44.523 2932-4095/? E/AuthPII: 	at gxe.n(:com.google.android.gms@231312026@23.13.12 (100306-519946965):35)
07-13 08:41:44.523 2932-4095/? E/AuthPII: 	at gxe.f(:com.google.android.gms@231312026@23.13.12 (100306-519946965):79)
07-13 08:41:44.523 2932-4095/? E/AuthPII: 	at gxe.h(:com.google.android.gms@231312026@23.13.12 (100306-519946965):0)
07-13 08:41:44.523 2932-4095/? E/AuthPII: 	at lpa.getAuthToken(:com.google.android.gms@231312026@23.13.12 (100306-519946965):51)
07-13 08:41:44.523 2932-4095/? E/AuthPII: 	at android.accounts.AbstractAccountAuthenticator$Transport.getAuthToken(AbstractAccountAuthenticator.java:247)
07-13 08:41:44.523 2932-4095/? E/AuthPII: 	at android.accounts.IAccountAuthenticator$Stub.onTransact(IAccountAuthenticator.java:114)
07-13 08:41:44.523 2932-4095/? E/AuthPII: 	at android.os.Binder.transact(Binder.java:671)
07-13 08:41:44.523 2932-4095/? E/AuthPII: 	at aubd.onTransact(:com.google.android.gms@231312026@23.13.12 (100306-519946965):1)
07-13 08:41:44.523 2932-4095/? E/AuthPII: 	at android.os.Binder.transact(Binder.java:671)
07-13 08:41:44.523 2932-4095/? E/AuthPII: 	at aols.onTransact(:com.google.android.gms@231312026@23.13.12 (100306-519946965):19)
07-13 08:41:44.523 2932-4095/? E/AuthPII: 	at android.os.Binder.execTransact(Binder.java:735)
07-13 08:41:44.523 896-896/? W/AshmemAllocator: ashmem_create_region(8) returning hidl_memory(0xaee16150, 8)
07-13 08:41:44.523 2932-4095/? E/AuthPII: Message is Long live credential not available.
07-13 08:41:44.523 2932-4095/? E/AuthPII: abte: Long live credential not available.
07-13 08:41:44.523 2932-4095/? E/AuthPII: 	at lsn.a(:com.google.android.gms@231312026@23.13.12 (100306-519946965):8)
07-13 08:41:44.523 2932-4095/? E/AuthPII: 	at lsu.b(:com.google.android.gms@231312026@23.13.12 (100306-519946965):3)
07-13 08:41:44.523 2932-4095/? E/AuthPII: 	at lqt.m(:com.google.android.gms@231312026@23.13.12 (100306-519946965):47)
07-13 08:41:44.523 2932-4095/? E/AuthPII: 	at gxe.n(:com.google.android.gms@231312026@23.13.12 (100306-519946965):35)
07-13 08:41:44.523 2932-4095/? E/AuthPII: 	at gxe.f(:com.google.android.gms@231312026@23.13.12 (100306-519946965):79)
07-13 08:41:44.523 2932-4095/? E/AuthPII: 	at gxe.h(:com.google.android.gms@231312026@23.13.12 (100306-519946965):0)
07-13 08:41:44.523 2932-4095/? E/AuthPII: 	at lpa.getAuthToken(:com.google.android.gms@231312026@23.13.12 (100306-519946965):51)
07-13 08:41:44.523 2932-4095/? E/AuthPII: 	at android.accounts.AbstractAccountAuthenticator$Transport.getAuthToken(AbstractAccountAuthenticator.java:247)
07-13 08:41:44.523 2932-4095/? E/AuthPII: 	at android.accounts.IAccountAuthenticator$Stub.onTransact(IAccountAuthenticator.java:114)
07-13 08:41:44.523 2932-4095/? E/AuthPII: 	at android.os.Binder.transact(Binder.java:671)
07-13 08:41:44.523 2932-4095/? E/AuthPII: 	at aubd.onTransact(:com.google.android.gms@231312026@23.13.12 (100306-519946965):1)
07-13 08:41:44.523 2932-4095/? E/AuthPII: 	at android.os.Binder.transact(Binder.java:671)
07-13 08:41:44.523 2932-4095/? E/AuthPII: 	at aols.onTransact(:com.google.android.gms@231312026@23.13.12 (100306-519946965):19)
07-13 08:41:44.523 2932-4095/? E/AuthPII: 	at android.os.Binder.execTransact(Binder.java:735)
07-13 08:41:44.523 2932-4095/? W/Auth: [GetToken] GetToken failed with status code: BadAuthentication
07-13 08:41:44.524 896-896/? W/AshmemAllocator: ashmem_create_region(8) returning hidl_memory(0xaee16150, 8)
07-13 08:41:44.527 896-896/? I/chatty: uid=1000(system) allocator@1.0-s identical 3 lines
07-13 08:41:44.528 896-896/? W/AshmemAllocator: ashmem_create_region(8) returning hidl_memory(0xaee16150, 8)
07-13 08:41:44.532 896-896/? W/AshmemAllocator: ashmem_create_region(1382400) returning hidl_memory(0xaee16150, 1382400)
07-13 08:41:44.534 896-896/? I/chatty: uid=1000(system) allocator@1.0-s identical 2 lines
07-13 08:41:44.535 896-896/? W/AshmemAllocator: ashmem_create_region(1382400) returning hidl_memory(0xaee16150, 1382400)
07-13 08:41:44.536 21639-21650/? I/MediaCodec: (0xb38c3000) kWhatStartCompleted
07-13 08:41:44.535 938-938/? W/Binder:938_5: type=1400 audit(0.0:224): avc: denied { call } for uid=1000 scontext=u:r:surfaceflinger:s0 tcontext=u:r:mediacodec:s0 tclass=binder permissive=0
07-13 08:41:44.540 2932-4095/? W/GLSActivity: com.google.android.gms.auth.UserRecoverableAuthException: BadAuthentication
07-13 08:41:44.540 2932-4095/? W/GLSActivity: 	at lpa.getAuthToken(:com.google.android.gms@231312026@23.13.12 (100306-519946965):58)
07-13 08:41:44.540 2932-4095/? W/GLSActivity: 	at android.accounts.AbstractAccountAuthenticator$Transport.getAuthToken(AbstractAccountAuthenticator.java:247)
07-13 08:41:44.540 2932-4095/? W/GLSActivity: 	at android.accounts.IAccountAuthenticator$Stub.onTransact(IAccountAuthenticator.java:114)
07-13 08:41:44.540 2932-4095/? W/GLSActivity: 	at android.os.Binder.transact(Binder.java:671)
07-13 08:41:44.540 2932-4095/? W/GLSActivity: 	at aubd.onTransact(:com.google.android.gms@231312026@23.13.12 (100306-519946965):1)
07-13 08:41:44.540 2932-4095/? W/GLSActivity: 	at android.os.Binder.transact(Binder.java:671)
07-13 08:41:44.540 2932-4095/? W/GLSActivity: 	at aols.onTransact(:com.google.android.gms@231312026@23.13.12 (100306-519946965):19)
07-13 08:41:44.540 2932-4095/? W/GLSActivity: 	at android.os.Binder.execTransact(Binder.java:735)
07-13 08:41:44.540 938-2641/? E/: HpInterface: Wrong interface type.
07-13 08:41:44.545 17775-17775/? I/Finsky: [2] mjb.i(41): Completed 1 account content syncs with 0 successful.
07-13 08:41:44.547 17775-17775/? I/Finsky: [2] ContentSyncJob.a(41): [ContentSync] Installation state replication failed, hasParameters=true.
07-13 08:41:44.548 17775-17775/? I/Finsky: [2] ContentSyncJob.a(98): [ContentSync] Scheduling replication attempt 0.
07-13 08:41:44.548 21639-21649/? W/H2BGraphicBufferProducer: getConsumerUsage is not fully supported
07-13 08:41:44.549 17775-17775/? I/Finsky: [2] zhp.r(83): SCH: jobFinished: 12-1. TimeElapsed: 167ms.
07-13 08:41:44.550 21639-21649/? W/H2BGraphicBufferProducer: getConsumerUsage is not fully supported
07-13 08:41:44.550 938-938/? E/HWComposer: getHdrCapabilities failed for display -1: Invalid display
07-13 08:41:44.553 1211-1459/? W/GraphicBufferSource: released unpopulated slots: [0, 1, 2, 3, 4, 5, 6, 7, 8, 9, 10, 11, 12, 13, 14, 15, 16, 17, 18, 19, 20, 21, 22, 23, 24, 25, 26, 27, 28, 29, 30, 31, 32, 33, 34, 35, 36, 37, 38, 39, 40, 41, 42, 43, 44, 45, 46, 47, 48, 49, 50, 51, 52, 53, 54, 55, 56, 57, 58, 59, 60, 61, 62, 63]
07-13 08:41:44.554 938-938/? E/HWComposer: getSupportedPerFrameMetadata failed for display -1: Invalid display
07-13 08:41:44.573 17775-17804/? I/Finsky: [1128] yfp.accept(345): SCH: Scheduling phonesky job Id: 1-1337, CT: 1689246006328, Constraints: [{ L: 14399995, D: 53724777, C: 1, I: 1, N: 1 }]
07-13 08:41:44.575 17775-17804/? I/Finsky: [1128] yfp.accept(345): SCH: Scheduling phonesky job Id: 34-5102, CT: 1689246022619, Constraints: [{ L: 79199892, D: 1375199892, C: 1, I: 1, N: 1 }]
07-13 08:41:44.584 17775-17819/? I/Finsky: [1138] ypd.apply(79): SCH: Scheduling 1 system job(s)
07-13 08:41:44.584 1211-1459/? D/GraphicBufferSource: got buffer with new dataSpace #104
07-13 08:41:44.585 1211-21655/? D/OMXNodeInstance: Codec resolved it to (R:2(??), P:3(??), M:3(??), T:3(??)) err=0(NO_ERROR)
07-13 08:41:44.586 17775-17819/? I/Finsky: [1138] zhm.d(88): SCH: Scheduling system job Id: 9753, L: 8301738, D: 47626520, C: false, I: false, N: 1
07-13 08:41:44.587 1211-21653/? I/OMX-VENC: open Color conv forW: 720, H: 1280
07-13 08:41:44.588 21639-21651/? D/ACodec: dataspace changed to 0x10c10000 (R:2(Limited), P:3(BT601_6_625), M:3(BT601_6), T:3(SMPTE170M)) (R:2(Limited), S:2(BT601_625), T:3(SMPTE_170M))
07-13 08:41:44.598 17775-21645/? I/Finsky: [1286] zjd.a(17): SCH: job service finished with id 9749.
07-13 08:41:44.599 17775-17824/? I/Finsky: [1140] yfp.accept(345): SCH: Scheduling phonesky job Id: 12-1, CT: 1689252104555, Constraints: [{ L: 20000, D: 86400000, C: 1, I: 1, N: 1 }]
07-13 08:41:44.601 21639-21650/? D/MediaCodec: (0xb38c3000) [OMX.qcom.video.encoder.avc] output format changed to: AMessage(what = 0x00000000) = {
07-13 08:41:44.601 21639-21650/? D/MediaCodec:       int32_t bitrate = 1000000
07-13 08:41:44.601 21639-21650/? D/MediaCodec:       int32_t max-bitra
07-13 08:41:44.601 21639-21650/? D/MediaCodec: te = 1000000
07-13 08:41:44.601 21639-21650/? D/MediaCodec:       int32_t frame-rate = 60
07-13 08:41:44.601 21639-21650/? D/MediaCodec:       string mime = "video/avc"
07-13 08:41:44.601 21639-21650/? D/MediaCodec:       int32_t width = 720
07-13 08:41:44.601 21639-21650/? D/MediaCodec:       int32_t height = 1280
07-13 08:41:44.601 21639-21650/? D/MediaCodec:       int32_t color-range = 2
07-13 08:41:44.601 21639-21650/? D/MediaCodec:       int32_t color-standard = 2
07-13 08:41:44.601 21639-21650/? D/MediaCodec:       int32_t color-transfer = 3
07-13 08:41:44.601 21639-21650/? D/MediaCodec:     }
07-13 08:41:44.602 21639-21639/? I/MPEG4Writer: limits: 4294967295/0 bytes/us, bit rate: -1 bps and the estimated moov size 3320 bytes
07-13 08:41:44.608 17775-17804/? I/Finsky: [1128] ypd.apply(79): SCH: Scheduling 1 system job(s)
07-13 08:41:44.609 17775-17804/? I/Finsky: [1128] zhm.d(88): SCH: Scheduling system job Id: 9753, L: 19947, D: 47626497, C: false, I: false, N: 1
07-13 08:41:44.613 21639-21660/? I/MPEG4Writer: setStartTimestampUs: 1192682833
07-13 08:41:44.613 21639-21660/? I/MPEG4Writer: Earliest track starting time: 1192682833
07-13 08:41:44.613 21617-21617/? W/app.identifier: Accessing hidden field Landroid/view/WindowInsets;->CONSUMED:Landroid/view/WindowInsets; (light greylist, reflection)
07-13 08:41:44.635 21617-21617/? W/app.identifier: Accessing hidden method Landroid/view/View;->getAccessibilityDelegate()Landroid/view/View$AccessibilityDelegate; (light greylist, linking)
07-13 08:41:44.722 21617-21617/? W/app.identifier: Accessing hidden method Landroid/view/View;->computeFitSystemWindows(Landroid/graphics/Rect;Landroid/graphics/Rect;)Z (light greylist, reflection)
07-13 08:41:44.725 21617-21617/? W/app.identifier: Accessing hidden method Landroid/view/ViewGroup;->makeOptionalFitsSystemWindows()V (light greylist, reflection)
07-13 08:41:44.993 21617-21617/? D/LifecycleMonitor: Lifecycle status change: app.identifier.MainActivity@7db5ba6 in: CREATED
07-13 08:41:44.993 21617-21617/? D/LifecycleMonitor: running callback: androidx.test.core.app.ActivityScenario$1@6b6c9e7
07-13 08:41:44.994 21617-21617/? D/LifecycleMonitor: callback completes: androidx.test.core.app.ActivityScenario$1@6b6c9e7
07-13 08:41:45.007 21617-21617/? D/LifecycleMonitor: Lifecycle status change: app.identifier.MainActivity@7db5ba6 in: STARTED
07-13 08:41:45.008 21617-21617/? D/LifecycleMonitor: running callback: androidx.test.core.app.ActivityScenario$1@6b6c9e7
07-13 08:41:45.008 21617-21617/? D/LifecycleMonitor: callback completes: androidx.test.core.app.ActivityScenario$1@6b6c9e7
07-13 08:41:45.013 21617-21617/? D/LifecycleMonitor: Lifecycle status change: app.identifier.MainActivity@7db5ba6 in: RESUMED
07-13 08:41:45.013 21617-21617/? D/LifecycleMonitor: running callback: androidx.test.core.app.ActivityScenario$1@6b6c9e7
07-13 08:41:45.013 21617-21617/? D/LifecycleMonitor: callback completes: androidx.test.core.app.ActivityScenario$1@6b6c9e7
07-13 08:41:45.032 21617-21617/? D/OpenGLRenderer: Skia GL Pipeline
07-13 08:41:45.061 21617-21633/? D/EventInjectionStrategy: Creating injection strategy with input manager.
07-13 08:41:45.061 21617-21633/? W/app.identifier: Accessing hidden method Landroid/hardware/input/InputManager;->getInstance()Landroid/hardware/input/InputManager; (light greylist, reflection)
07-13 08:41:45.062 21617-21633/? W/app.identifier: Accessing hidden method Landroid/hardware/input/InputManager;->injectInputEvent(Landroid/view/InputEvent;I)Z (light greylist, reflection)
07-13 08:41:45.062 21617-21633/? W/app.identifier: Accessing hidden field Landroid/hardware/
07-13 08:41:45.062 21617-21633/? W/app.identifier: input/InputManager;->INJECT_INPUT_EVENT_MODE_WAIT_FOR_FINISH:I (light greylist, reflection)
07-13 08:41:45.113 21617-21617/? W/app.identifier: Accessing hidden method Landroid/graphics/Insets;->of(IIII)Landroid/graphics/Insets; (light greylist, linking)
07-13 08:41:45.156 21617-21662/? I/Adreno: QUALCOMM build                   : 7adeec4758, I21281c58c8
07-13 08:41:45.156 21617-21662/? I/Adreno: Build Date                       : 12/27/18
07-13 08:41:45.156 21617-21662/? I/Adreno: OpenGL ES Shader Compiler Version: EV031.25.03.02
07-13 08:41:45.156 21617-21662/? I/Adreno: Local Branch                     : 
07-13 08:41:45.156 21617-21662/? I/Adreno: Remote Branch                    : refs/tags/AU_LINUX_ANDROID_LA.UM.7.5.R1.09.00.00.464.037
07-13 08:41:45.156 21617-21662/? I/Adreno: Remote Branch                    : NONE
07-13 08:41:45.156 21617-21662/? I/Adreno: Reconstruct Branch               : NOTHING
07-13 08:41:45.156 21617-21662/? I/Adreno: Build Config                     : S L 6.0.7 AArch32
07-13 08:41:45.163 21617-21662/? I/Adreno: PFP: 0x005ff110, ME: 0x005ff066
07-13 08:41:45.169 21617-21662/? I/ConfigStore: android::hardware::configstore::V1_0::ISurfaceFlingerConfigs::hasWideColorDisplay retrieved: 0
07-13 08:41:45.170 21617-21662/? I/ConfigStore: android::hardware::configstore::V1_0::ISurfaceFlingerConfigs::hasHDRDisplay retrieved: 0
07-13 08:41:45.170 21617-21662/? I/OpenGLRenderer: Initialized EGL, version 1.4
07-13 08:41:45.171 21617-21662/? D/OpenGLRenderer: Swap behavior 2
07-13 08:41:45.448 2474-2474/? I/GoogleInputMethodService: GoogleInputMethodService.onFinishInput():3302 
07-13 08:41:45.449 2474-2474/? I/GoogleInputMethodService: GoogleInputMethodService.updateDeviceLockedStatus():2152 repeatCheckTimes = 0, unlocked = true
07-13 08:41:45.449 2474-2474/? I/GoogleInputMethodService: GoogleInputMethodService.onStartInput():1930 onStartInput(EditorInfo{inputType=0x0(NULL) imeOptions=0x0 privateImeOptions=null actionName=UNSPECIFIED actionLabel=null actionId=0 initialSelStart=-1 initialSelEnd=-1 initialCapsMode=0x0 hintText=null label=null packageName=app.
07-13 08:41:45.449 2474-2474/? I/GoogleInputMethodService: identifier fieldId=-1 fieldName=null extras=null}, false)
07-13 08:41:45.449 2474-2474/? I/GoogleInputMethodService: GoogleInputMethodService.shouldHideHeaderOnInitialState():4116 ShouldHideHeaderOnInitialState = false
07-13 08:41:45.450 2474-2474/? I/GoogleInputMethodService: GoogleInputMethodService.updateDeviceLockedStatus():2152 repeatCheckTimes = 2, unlocked = true
07-13 08:41:45.450 1985-2057/? I/LaunchCheckinHandler: Displayed app.identifier/.MainActivity,wp,ca,1205
07-13 08:41:45.451 1985-2057/? I/ActivityManager: Displayed app.identifier/.MainActivity: +1s195ms (total +5s853ms)
07-13 08:41:45.456 938-2413/? W/SurfaceFlinger: Attempting to set client state on removed layer: Splash Screen app.identifier.test#0
07-13 08:41:45.456 938-2413/? W/SurfaceFlinger: Attempting to destroy on removed layer: Splash Screen app.identifier.test#0
07-13 08:41:45.526 3031-3031/? D/LauncherAppWidgetHost: setListenIfResumed :false, mFlags:7
07-13 08:41:45.526 3031-3031/? D/LauncherAppWidgetHost: stopListening
07-13 08:41:45.527 3031-3031/? W/RecentsModel: onTrimMemory level = 20
07-13 08:41:45.565 21617-21617/? W/app.identifier: Accessing hidden method Landroid/os/MessageQueue;->next()Landroid/os/Message; (light greylist, reflection)
07-13 08:41:45.565 21617-21617/? W/app.identifier: Accessing hidden field Landroid/os/MessageQueue;->mMessages:Landroid/os/Message; (light greylist, reflection)
07-13 08:41:45.566 21617-21617/? W/app.identifier: Accessing hidden method Landroid/os/Message;->recycleUnchecked()V (light greylist, reflection)
07-13 08:41:45.577 21617-21617/? W/app.identifier: Accessing hidden method Landroid/view/WindowManagerGlobal;->getInstance()Landroid/view/WindowManagerGlobal; (light greylist, reflection)
07-13 08:41:45.577 21617-21617/? W/app.identifier: Accessing hidden field Landroid/view/WindowManagerGlobal;->mViews:Ljava/util/ArrayList; (light greylist, reflection)
07-13 08:41:45.578 21617-21617/? W/app.identifier: Accessing hidden field Landroid/view/WindowManagerGlobal;->mParams:Ljava/util/ArrayList; (light greylist, reflection)
07-13 08:41:45.596 21617-21617/? I/ViewInteraction: Checking 'MatchesViewAssertion{viewMatcher=is displayed on the screen to the user}' assertion on view with id: app.identifier:id/label
07-13 08:41:45.609 21617-21617/? I/ViewInteraction: Checking 'MatchesViewAssertion{viewMatcher=is displayed on the screen to the user}' assertion on view with id: app.identifier:id/input
07-13 08:41:45.620 21617-21617/? I/ViewInteraction: Checking 'MatchesViewAssertion{viewMatcher=is displayed on the screen to the user}' assertion on view with id: app.identifier:id/output
07-13 08:41:45.636 21617-21617/? I/ViewInteraction: Checking 'MatchesViewAssertion{viewMatcher=is displayed on the screen to the user}' assertion on view with id: app.identifier:id/validateBtn
07-13 08:41:45.648 1985-5164/? I/ActivityManager: START u0 {act=android.intent.action.MAIN cat=[android.intent.category.LAUNCHER] flg=0x10000000 cmp=app.identifier.test/androidx.test.core.app.InstrumentationActivityInvoker$EmptyActivity} from uid 10746
07-13 08:41:45.664 21617-21617/? D/LifecycleMonitor: Lifecycle status change: app.identifier.MainActivity@7db5ba6 in: PAUSED
07-13 08:41:45.664 21617-21617/? D/LifecycleMonitor: running callback: androidx.test.core.app.ActivityScenario$1@6b6c9e7
07-13 08:41:45.664 21617-21617/? D/LifecycleMonitor: callback completes: androidx.test.core.app.ActivityScenario$1@6b6c9e7
07-13 08:41:45.674 21494-21494/? W/ActivityThread: handleWindowVisibility: no activity for token android.os.BinderProxy@fa165e2
07-13 08:41:45.739 1985-3878/? I/ActivityManager: START u0 {act=android.intent.action.MAIN cat=[android.intent.category.LAUNCHER] flg=0x10000000 cmp=app.identifier.test/androidx.test.core.app.InstrumentationActivityInvoker$EmptyActivity} from uid 10746
07-13 08:41:45.836 1985-2057/? I/LaunchCheckinHandler: Displayed app.identifier.test/androidx.test.core.app.InstrumentationActivityInvoker$EmptyActivity,wp,ca,170
07-13 08:41:45.841 21494-21494/? W/ActivityThread: handleWindowVisibility: no activity for token android.os.BinderProxy@6b1a506
07-13 08:41:45.889 1985-5164/? W/ActivityManager: Duplicate finish request for ActivityRecord{7296298 u0 app.identifier/.MainActivity t137 f}
07-13 08:41:45.909 1985-2002/? D/ActivityManager: found next focusableStack ActivityStack{73e0d02 stackId=0 type=home mode=fullscreen visible=true translucent=true, 1 tasks} with top ActivityRecord{317b4bd u0 com.motorola.launcher3/com.android.launcher3.CustomizationPanelLauncher t2} as current stack ActivityStack{ad7c970 stackId=18 type=standard mode=fullscreen visible=true translucent=true, 1 tasks}
07-13 08:41:45.932 938-938/? D/SurfaceFlinger: duplicate layer name: changing app.identifier.test/androidx.test.core.app.InstrumentationActivityInvoker$EmptyActivity to app.identifier.test/androidx.test.core.app.InstrumentationActivityInvoker$EmptyActivity#1
07-13 08:41:45.974 938-1018/? W/SurfaceFlinger: Attempting to set client state on removed layer: app.identifier.test/androidx.test.core.app.InstrumentationActivityInvoker$EmptyActivity#0
07-13 08:41:45.975 938-1018/? W/SurfaceFlinger: Attempting to destroy on removed layer: app.identifier.test/androidx.test.core.app.InstrumentationActivityInvoker$EmptyActivity#0
07-13 08:41:45.993 3031-3031/? D/LauncherAppWidgetHost: setListenIfResumed :true, mFlags:2
07-13 08:41:45.994 3031-3031/? D/LauncherAppWidgetHost: startListening
07-13 08:41:46.056 2474-2474/? I/GoogleInputMethodService: GoogleInputMethodService.onFinishInput():3302 
07-13 08:41:46.057 2474-2474/? I/GoogleInputMethodService: GoogleInputMethodService.updateDeviceLockedStatus():2152 repeatCheckTimes = 0, unlocked = true
07-13 08:41:46.058 2474-2474/? I/GoogleInputMethodService: GoogleInputMethodService.onStartInput():1930 onStartInput(EditorInfo{inputType=0x0(NULL) imeOptions=0x0 privateImeOptions=null actionName=UNSPECIFIED actionLabel=null actionId=0 i
07-13 08:41:46.058 2474-2474/? I/GoogleInputMethodService: nitialSelStart=-1 initialSelEnd=-1 initialCapsMode=0x0 hintText=null label=null packageName=com.motorola.launcher3 fieldId=-1 fieldName=null extras=null}, false)
07-13 08:41:46.058 2474-2474/? I/GoogleInputMethodService: GoogleInputMethodService.shouldHideHeaderOnInitialState():4116 ShouldHideHeaderOnInitialState = false
07-13 08:41:46.060 2474-2474/? I/GoogleInputMethodService: GoogleInputMethodService.updateDeviceLockedStatus():2152 repeatCheckTimes = 2, unlocked = true
07-13 08:41:46.099 21617-21617/? D/LifecycleMonitor: Lifecycle status change: app.identifier.MainActivity@7db5ba6 in: STOPPED
07-13 08:41:46.099 21617-21617/? D/LifecycleMonitor: running callback: androidx.test.core.app.ActivityScenario$1@6b6c9e7
07-13 08:41:46.099 21617-21617/? D/LifecycleMonitor: callback completes: androidx.test.core.app.ActivityScenario$1@6b6c9e7
07-13 08:41:46.110 21617-21617/? D/LifecycleMonitor: Lifecycle status change: app.identifier.MainActivity@7db5ba6 in: DESTROYED
07-13 08:41:46.110 21617-21617/? D/LifecycleMonitor: running callback: androidx.test.core.app.ActivityScenario$1@6b6c9e7
07-13 08:41:46.111 21617-21617/? D/LifecycleMonitor: callback completes: androidx.test.core.app.ActivityScenario$1@6b6c9e7
07-13 08:41:46.112 21617-21633/? I/TestRunner: finished: test04(app.identifier.IdentifierUITest)
07-13 08:41:46.131 938-2413/? W/SurfaceFlinger: Attempting to destroy on removed layer: AppWindowToken{d54f6d6 token=Token{2397af1 ActivityRecord{7296298 u0 app.identifier/.MainActivity t137}}}#0
07-13 08:41:46.133 21617-21633/? I/TestRunner: run finished: 1 tests, 0 failed, 0 ignored
07-13 08:41:46.155 21617-21633/? I/MonitoringInstr: waitForActivitiesToComplete() took: 0ms
07-13 08:41:46.157 1985-8179/? I/ActivityManager: Force stopping app.identifier appid=10746 user=0: finished inst
07-13 08:41:46.158 1985-21561/? W/Binder: Outgoing transactions from this process must be FLAG_ONEWAY
07-13 08:41:46.158 1985-21561/? W/Binder: java.lang.Throwable
07-13 08:41:46.158 1985-21561/? W/Binder: 	at android.os.BinderProxy.transact(Binder.java:1125)
07-13 08:41:46.158 1985-21561/? W/Binder: 	at android.app.IInstrumentationWatcher$Stub$Proxy.instrumentationFinished(IInstrumentationWatcher.java:
07-13 08:41:46.158 1985-21561/? W/Binder: 164)
07-13 08:41:46.158 1985-21561/? W/Binder: 	at com.android.server.am.InstrumentationReporter$MyThread.run(InstrumentationReporter.java:86)
07-13 08:41:46.159 1985-8179/? I/ActivityManager: Killing 21617:app.identifier/u0a746 (adj 0): stop app.identifier
07-13 08:41:46.160 1985-2037/? W/libprocessgroup: kill(-21617, 9) failed: No such process
07-13 08:41:46.165 21607-21607/? D/AndroidRuntime: Shutting down VM
07-13 08:41:46.175 1985-2037/? W/libprocessgroup: kill(-21617, 9) failed: No such process
07-13 08:41:46.197 1985-2057/? W/ActivityManager: setHasOverlayUi called on unknown pid: 21617
07-13 08:41:46.191 1985-2037/? I/chatty: uid=1000(system) ActivityManager identical 1 line
07-13 08:41:46.206 1985-2037/? W/libprocessgroup: kill(-21617, 9) failed: No such process
07-13 08:41:46.206 1985-2037/? I/libprocessgroup: Successfully killed process cgroup uid 10746 pid 21617 in 46ms
07-13 08:41:46.207 1191-1191/? I/Zygote: Process 21617 exited due to signal (9)
07-13 08:41:46.431 21639-21639/? D/MPEG4Writer: Video track stopping. Stop source
07-13 08:41:46.431 21639-21660/? I/MPEG4Writer: Received total/0-length (42/0) buffers and encoded 42 frames. - Video
07-13 08:41:46.431 21639-21639/? D/MPEG4Writer: Video track source stopping
07-13 08:41:46.431 21639-21639/? D/MPEG4Writer: Video track source stopped
07-13 08:41:46.431 21639-21639/? D/MPEG4Writer: Video track stopped. Stop source
07-13 08:41:46.431 21639-21639/? D/MPEG4Writer: Stopping writer thread
07-13 08:41:46.431 21639-21659/? D/MPEG4Writer: 0 chunks are written in the last batch
07-13 08:41:46.432 21639-21639/? D/MPEG4Writer: Writer thread stopped
07-13 08:41:46.432 21639-21639/? I/MPEG4Writer: Ajust the moov start time from 1192682833 us -> 1192682833 us
07-13 08:41:46.432 21639-21639/? I/MediaCodec: (0xb38c3000) stop
07-13 08:41:46.435 1211-1459/? W/GraphicBufferSource: released unpopulated slots: [1, 2, 3, 4, 5, 6, 7, 8, 9, 10, 11, 12, 13, 14, 15, 16, 17, 18, 19, 20, 21, 22, 23, 24, 25, 26, 27, 28, 29, 30, 31, 32, 33, 34, 35, 36, 37, 38, 39, 40, 41, 42, 43, 44, 45, 46, 47, 48, 49, 50, 51, 52, 53, 54, 55, 56, 57, 58, 59, 60, 61, 62, 63]
07-13 08:41:46.447 21639-21639/? I/MediaCodec: (0xb38c3000) release
07-13 08:41:46.453 1211-1459/? I/OMX-VENC: Component Deinit
07-13 08:41:46.453 1211-1459/? I/OMX-VENC: Video encode perflock released
07-13 08:41:46.457 21639-21639/? D/MPEG4Writer: Video track stopping. Stop source
07-13 08:41:46.516 14710-14710/? D/MediaScannerReceiver: action: android.intent.action.MEDIA_SCANNER_SCAN_FILE path: /storage/emulated/0/app.identifier.IdentifierUITest-test04-e26d73ca-91a8-4fd9-a69d-73465cea97c6.mp4
07-13 08:41:46.522 21639-21639/? D/ScreenRecord: success
07-13 08:41:46.531 2932-20413/? E/memtrack: Couldn't load memtrack module
07-13 08:41:46.531 2932-20413/? W/android.os.Debug: failed to get memory consumption info: -1
07-13 08:41:46.533 1202-1202/? I/FileSource: StagefrightMetadataRetriever::setDataSource(FD URL suppressed)
