07-13 08:41:49.829 21729-21744/? W/Settings: Setting always_finish_activities has moved from android.provider.Settings.System to android.provider.Settings.Global, returning read-only value.
07-13 08:41:49.868 1985-5995/? I/ActivityManager: START u0 {act=android.intent.action.MAIN cat=[android.intent.category.LAUNCHER] flg=0x10008000 cmp=app.identifier.test/androidx.test.core.app.InstrumentationActivityInvoker$BootstrapActivity (has extras)} from uid 10746
07-13 08:41:49.895 923-988/? E/ANDR-PERF-RESOURCEQS: Failed to apply optimization [4, 0]
07-13 08:41:49.916 21494-21494/? W/ActivityThread: handleWindowVisibility: no activity for token android.os.BinderProxy@d07aea
07-13 08:41:49.989 1985-6638/? I/ActivityManager: START u0 {act=android.intent.action.MAIN cat=[android.intent.category.LAUNCHER] cmp=app.identifier/.MainActivity} from uid 10746
07-13 08:41:50.008 21729-21729/? W/ActivityThread: handleWindowVisibility: no activity for token android.os.BinderProxy@3b400ce
07-13 08:41:50.179 21748-21748/? I/MediaCodec: (0xa7dc3000) init name(OMX.qcom.video.encoder.avc)
07-13 08:41:50.184 21748-21756/? I/OMXClient: IOmx service obtained
07-13 08:41:50.185 1211-1459/? I/OMXMaster: makeComponentInstance(OMX.qcom.video.encoder.avc) in omx@1.0-service process
07-13 08:41:50.191 1211-1459/? I/OMX-VENC: Video encode perflock acquired,handle=190
07-13 08:41:50.202 1211-1459/? I/OMX-VENC: Component_init : OMX.qcom.video.encoder.avc : return = 0x0
07-13 08:41:50.203 21748-21755/? I/MediaCodec: (0xa7dc3000) Component Allocated (OMX.qcom.video.encoder.avc)
07-13 08:41:50.204 21748-21748/? I/MediaCodec: (0xa7dc3000) configure surface(0x0) crypto(0x0) flags(1)
07-13 08:41:50.204 21748-21748/? D/MediaCodec: (0xa7dc3000) configure format: AMessage(what = 0x00000000) = {
07-13 08:41:50.204 21748-21748/? D/MediaCodec:       int32_t width = 720
07-13 08:41:50.204 21748-21748/? D/MediaCodec:       int32_t height = 1280
07-13 08:41:50.204 21748-21748/? D/MediaCodec:       string mime = "video/avc"
07-13 08:41:50.204 21748-21748/? D/MediaCodec:       int32_t color-format = 2130708361
07-13 08:41:50.204 21748-21748/? D/MediaCodec:       int32_t bitrate = 1000000
07-13 08:41:50.204 21748-21748/? D/MediaCodec:       float frame-rate = 60.000004
07-13 08:41:50.204 21748-21748/? D/MediaCodec:       int32_t i-frame-interval = 10
07-13 08:41:50.204 21748-21748/? D/MediaCodec:   
07-13 08:41:50.204 21748-21748/? D/MediaCodec:   }
07-13 08:41:50.205 1211-2408/? E/OMXNodeInstance: setParameter(0xaab7ba84:qcom.encoder.avc, OMX.google.android.index.allocateNativeHandle(0x7f00005d): Output:1 en=0) ERROR: UnsupportedSetting(0x80001019)
07-13 08:41:50.205 1211-2408/? W/OMXNodeInstance: [0xaab7ba84:qcom.encoder.avc] component does not support metadata mode; using fallback
07-13 08:41:50.205 21748-21756/? I/ExtendedACodec: setupVideoEncoder()
07-13 08:41:50.205 21748-21756/? I/ACodec: [OMX.qcom.video.encoder.avc] setupVideoEncoder mime(video/avc) colorFormat(7f000789)
07-13 08:41:50.206 21748-21756/? W/OMXUtils: do not know color format 0x7fa30c04 = 2141391876
07-13 08:41:50.206 21748-21756/? W/OMXUtils: do not know color format 0x7f000789 = 2130708361
07-13 08:41:50.208 21748-21756/? I/ACodec: width height(720x1280) stride(720) sliceHeight(1280)
07-13 08:41:50.213 21748-21756/? I/ACodec: bitrate(1000000) framerate(60.000004) compressionFormat(7)
07-13 08:41:50.217 21748-21756/? I/ACodec: setupAVCEncoderParameters with [profile: Baseline] [level: Level32]
07-13 08:41:50.220 21748-21756/? I/ACodec: [OMX.qcom.video.encoder.avc] cannot encode HDR static metadata. Ignoring.
07-13 08:41:50.220 21748-21756/? I/ACodec: setupVideoEncoder succeeded
07-13 08:41:50.220 21748-21756/? I/ExtendedACodec: [OMX.qcom.video.encoder.avc] configure, AMessage : AMessage(what = 'conf', target = 1) = {
07-13 08:41:50.220 21748-21756/? I/ExtendedACodec:   int32_t width = 720
07-13 08:41:50.220 21748-21756/? I/ExtendedACodec:   int32_t height = 1280
07-13 08:41:50.220 21748-21756/? I/ExtendedACodec:   string mime = "video/avc"
07-13 08:41:50.220 21748-21756/? I/ExtendedACodec:   int32_t color-format = 2130708361
07-13 08:41:50.220 21748-21756/? I/ExtendedACodec:   int32_t bitrate = 1000000
07-13 08:41:50.220 21748-21756/? I/ExtendedACodec:   float frame-rate = 60.000004
07-13 08:41:50.220 21748-21756/? I/ExtendedACodec:   int32_t i-frame-interval = 10
07-13 08:41:50.220 21748-21756/? I/ExtendedACodec:   int32_t encoder = 1
07-13 08:41:50.220 21748-21756/? I/ExtendedACodec: }
07-13 08:41:50.223 21748-21756/? W/OMXUtils: do not know color format 0x7f000789 = 2130708361
07-13 08:41:50.224 1211-2408/? E/OMXNodeInstance: getConfig(0xaab7ba84:qcom.encoder.avc, ConfigLatency(0x6f800005)) ERROR: UnsupportedIndex(0x8000101a)
07-13 08:41:50.233 21748-21756/? W/ExtendedACodec: Failed to get extension for extradata parameter
07-13 08:41:50.236 1211-2408/? E/OMXNodeInstance: getConfig(0xaab7ba84:qcom.encoder.avc, ??(0x7f000062)) ERROR: UnsupportedSetting(0x80001019)
07-13 08:41:50.238 1211-1459/? E/OMXNodeInstance: getParameter(0xaab7ba84:qcom.encoder.avc, ParamConsumerUsageBits(0x6f800004)) ERROR: UnsupportedIndex(0x8000101a)
07-13 08:41:50.239 1211-1459/? D/GraphicBufferSource: setting dataspace: 0x104, acquired=0
07-13 08:41:50.239 1211-1459/? E/OMXNodeInstance: getParameter(0xaab7ba84:qcom.encoder.avc, ParamConsumerUsageBits(0x6f800004)) ERROR: UnsupportedIndex(0x8000101a)
07-13 08:41:50.240 1211-1459/? D/GraphicBufferSource: requesting color aspects (R:2(Limited), P:1(BT709_5), M:1(BT709_5), T:3(SMPTE170M))
07-13 08:41:50.240 21748-21748/? I/MediaCodec: (0xa7dc3000) start
07-13 08:41:50.241 21729-21729/? D/LifecycleMonitor: Lifecycle status change: app.identifier.MainActivity@7db5ba6 in: PRE_ON_CREATE
07-13 08:41:50.242 21729-21729/? D/LifecycleMonitor: running callback: androidx.test.core.app.ActivityScenario$1@6b6c9e7
07-13 08:41:50.242 21729-21729/? D/LifecycleMonitor: callback completes: androidx.test.core.app.ActivityScenario$1@6b6c9e7
07-13 08:41:50.244 896-896/? W/AshmemAllocator: ashmem_create_region(8) returning hidl_memory(0xaee16150, 8)
07-13 08:41:50.253 896-896/? I/chatty: uid=1000(system) allocator@1.0-s identical 7 lines
07-13 08:41:50.254 896-896/? W/AshmemAllocator: ashmem_create_region(8) returning hidl_memory(0xaee16150, 8)
07-13 08:41:50.259 896-896/? W/AshmemAllocator: ashmem_create_region(1382400) returning hidl_memory(0xaee16150, 1382400)
07-13 08:41:50.262 896-896/? I/chatty: uid=1000(system) allocator@1.0-s identical 2 lines
07-13 08:41:50.263 896-896/? W/AshmemAllocator: ashmem_create_region(1382400) returning hidl_memory(0xaee16150, 1382400)
07-13 08:41:50.264 21748-21755/? I/MediaCodec: (0xa7dc3000) kWhatStartCompleted
07-13 08:41:50.268 21729-21729/? W/app.identifier: Accessing hidden method Landroid/graphics/drawable/Drawable;->getOpticalInsets()Landroid/graphics/Insets; (light greylist, linking)
07-13 08:41:50.268 21729-21729/? W/app.identifier: Accessing hidden field Landroid/graphics/Insets;->left:I (light greylist, linking)
07-13 08:41:50.268 21729-21729/? W/app.identifier: Accessing hidden field Landroid/graphics/Insets;->right:I (light greylist, linking)
07-13 08:41:50.268 21729-21729/? W/app.identifier: Ac
07-13 08:41:50.268 21729-21729/? W/app.identifier: cessing hidden field Landroid/graphics/Insets;->top:I (light greylist, linking)
07-13 08:41:50.269 21729-21729/? W/app.identifier: Accessing hidden field Landroid/graphics/Insets;->bottom:I (light greylist, linking)
07-13 08:41:50.270 938-1018/? E/: HpInterface: Wrong interface type.
07-13 08:41:50.265 938-938/? W/Binder:938_2: type=1400 audit(0.0:225): avc: denied { call } for uid=1000 scontext=u:r:surfaceflinger:s0 tcontext=u:r:mediacodec:s0 tclass=binder permissive=0
07-13 08:41:50.278 21748-21754/? W/H2BGraphicBufferProducer: getConsumerUsage is not fully supported
07-13 08:41:50.279 21748-21754/? W/H2BGraphicBufferProducer: getConsumerUsage is not fully supported
07-13 08:41:50.280 938-938/? E/HWComposer: getHdrCapabilities failed for display -1: Invalid display
07-13 08:41:50.282 1211-1459/? W/GraphicBufferSource: released unpopulated slots: [0, 1, 2, 3, 4, 5, 6, 7, 8, 9, 10, 11, 12, 13, 14, 15, 16, 17, 18, 19, 20, 21, 22, 23, 24, 25, 26, 27, 28, 29, 30, 31, 32, 33, 34, 35, 36, 37, 38, 39, 40, 41, 42, 43, 44, 45, 46, 47, 48, 49, 50, 51, 52, 53, 54, 55, 56, 57, 58, 59, 60, 61, 62, 63]
07-13 08:41:50.283 938-938/? E/HWComposer: getSupportedPerFrameMetadata failed for display -1: Invalid display
07-13 08:41:50.310 1211-1459/? D/GraphicBufferSource: got buffer with new dataSpace #104
07-13 08:41:50.310 1211-21760/? D/OMXNodeInstance: Codec resolved it to (R:2(??), P:3(??), M:3(??), T:3(??)) err=0(NO_ERROR)
07-13 08:41:50.311 1211-21758/? I/OMX-VENC: open Color conv forW: 720, H: 1280
07-13 08:41:50.311 21748-21756/? D/ACodec: dataspace changed to 0x10c10000 (R:2(Limited), P:3(BT601_6_625), M:3(BT601_6), T:3(SMPTE170M)) (R:2(Limited), S:2(BT601_625), T:3(SMPTE_170M))
07-13 08:41:50.324 21748-21755/? D/MediaCodec: (0xa7dc3000) [OMX.qcom.video.encoder.avc] output format changed to: AMessage(what = 0x00000000) = {
07-13 08:41:50.324 21748-21755/? D/MediaCodec:       int32_t bitrate = 1000000
07-13 08:41:50.324 21748-21755/? D/MediaCodec:       int32_t max-bitrate = 1000000
07-13 08:41:50.324 21748-21755/? D/MediaCodec:       int32_t frame-rate = 60
07-13 08:41:50.324 21748-21755/? D/MediaCodec:       string mime = "video/avc"
07-13 08:41:50.324 21748-21755/? D/MediaCodec:       int32_t width = 720
07-13 08:41:50.324 21748-21755/? D/MediaCodec:       int32_t height = 1280
07-13 08:41:50.324 21748-21755/? D/MediaCodec:       int32_t color-range = 2
07-13 08:41:50.324 21748-21755/? D/MediaCodec:       int32_t color-standard = 2
07-13 08:41:50.324 21748-21755/? D/MediaCodec:       int32_t color-transfer = 3
07-13 08:41:50.324 21748-21755/? D/MediaCodec:     }
07-13 08:41:50.325 21748-21748/? I/MPEG4Writer: limits: 4294967295/0 bytes/us, bit rate: -1 bps and the estimated moov size 3320 bytes
07-13 08:41:50.337 21748-21763/? I/MPEG4Writer: setStartTimestampUs: 1198408285
07-13 08:41:50.337 21748-21763/? I/MPEG4Writer: Earliest track starting time: 1198408285
07-13 08:41:50.353 21729-21729/? W/app.identifier: Accessing hidden field Landroid/view/WindowInsets;->CONSUMED:Landroid/view/WindowInsets; (light greylist, reflection)
07-13 08:41:50.372 21729-21729/? W/app.identifier: Accessing hidden method Landroid/view/View;->getAccessibilityDelegate()Landroid/view/View$AccessibilityDelegate; (light greylist, linking)
07-13 08:41:50.464 21729-21729/? W/app.identifier: Accessing hidden method Landroid/view/View;->computeFitSystemWindows(Landroid/graphics/Rect;Landroid/graphics/Rect;)Z (light greylist, reflection)
07-13 08:41:50.467 21729-21729/? W/app.identifier: Accessing hidden method Landroid/view/ViewGroup;->makeOptionalFitsSystemWindows()V (light greylist, reflection)
07-13 08:41:50.749 21729-21729/? D/LifecycleMonitor: Lifecycle status change: app.identifier.MainActivity@7db5ba6 in: CREATED
07-13 08:41:50.749 21729-21729/? D/LifecycleMonitor: running callback: androidx.test.core.app.ActivityScenario$1@6b6c9e7
07-13 08:41:50.750 21729-21729/? D/LifecycleMonitor: callback completes: androidx.test.core.app.ActivityScenario$1@6b6c9e7
07-13 08:41:50.763 21729-21729/? D/LifecycleMonitor: Lifecycle status change: app.identifier.MainActivity@7db5ba6 in: STARTED
07-13 08:41:50.763 21729-21729/? D/LifecycleMonitor: running callback: androidx.test.core.app.ActivityScenario$1@6b6c9e7
07-13 08:41:50.764 21729-21729/? D/LifecycleMonitor: callback completes: androidx.test.core.app.ActivityScenario$1@6b6c9e7
07-13 08:41:50.768 21729-21729/? D/LifecycleMonitor: Lifecycle status change: app.identifier.MainActivity@7db5ba6 in: RESUMED
07-13 08:41:50.769 21729-21729/? D/LifecycleMonitor: running callback: androidx.test.core.app.ActivityScenario$1@6b6c9e7
07-13 08:41:50.769 21729-21729/? D/LifecycleMonitor: callback completes: androidx.test.core.app.ActivityScenario$1@6b6c9e7
07-13 08:41:50.788 21729-21729/? D/OpenGLRenderer: Skia GL Pipeline
07-13 08:41:50.817 21729-21744/? D/EventInjectionStrategy: Creating injection strategy with input manager.
07-13 08:41:50.818 21729-21744/? W/app.identifier: Accessing hidden method Landroid/hardware/input/InputManager;->getInstance()Landroid/hardware/input/InputManager; (light greylist, reflection)
07-13 08:41:50.818 21729-21744/? W/app.identifier: Accessing hidden method Landroid/hardware/input/InputManager;->injectInputEvent(Landroid/view/InputEvent;I)
07-13 08:41:50.818 21729-21744/? W/app.identifier: Z (light greylist, reflection)
07-13 08:41:50.818 21729-21744/? W/app.identifier: Accessing hidden field Landroid/hardware/input/InputManager;->INJECT_INPUT_EVENT_MODE_WAIT_FOR_FINISH:I (light greylist, reflection)
07-13 08:41:50.866 21729-21729/? W/app.identifier: Accessing hidden method Landroid/graphics/Insets;->of(IIII)Landroid/graphics/Insets; (light greylist, linking)
07-13 08:41:50.909 21729-21767/? I/Adreno: QUALCOMM build                   : 7adeec4758, I21281c58c8
07-13 08:41:50.909 21729-21767/? I/Adreno: Build Date                       : 12/27/18
07-13 08:41:50.909 21729-21767/? I/Adreno: OpenGL ES Shader Compiler Version: EV031.25.03.02
07-13 08:41:50.909 21729-21767/? I/Adreno: Local Branch                     : 
07-13 08:41:50.909 21729-21767/? I/Adreno: Remote Branch                    : refs/tags/AU_LINUX_ANDROID_LA.UM.7.5.R1.09.00.00.464.037
07-13 08:41:50.909 21729-21767/? I/Adreno: Remote Branch                    : NONE
07-13 08:41:50.909 21729-21767/? I/Adreno: Reconstruct Branch               : NOTHING
07-13 08:41:50.909 21729-21767/? I/Adreno: Build Config                     : S L 6.0.7 AArch32
07-13 08:41:50.916 21729-21767/? I/Adreno: PFP: 0x005ff110, ME: 0x005ff066
07-13 08:41:50.925 21729-21767/? I/ConfigStore: android::hardware::configstore::V1_0::ISurfaceFlingerConfigs::hasWideColorDisplay retrieved: 0
07-13 08:41:50.925 21729-21767/? I/ConfigStore: android::hardware::configstore::V1_0::ISurfaceFlingerConfigs::hasHDRDisplay retrieved: 0
07-13 08:41:50.926 21729-21767/? I/OpenGLRenderer: Initialized EGL, version 1.4
07-13 08:41:50.926 21729-21767/? D/OpenGLRenderer: Swap behavior 2
07-13 08:41:51.200 1985-2057/? I/LaunchCheckinHandler: Displayed app.identifier/.MainActivity,wp,ca,1196
07-13 08:41:51.201 1985-2057/? I/ActivityManager: Displayed app.identifier/.MainActivity: +1s190ms (total +5s529ms)
07-13 08:41:51.204 2474-2474/? I/GoogleInputMethodService: GoogleInputMethodService.onFinishInput():3302 
07-13 08:41:51.205 2474-2474/? I/GoogleInputMethodService: GoogleInputMethodService.updateDeviceLockedStatus():2152 repeatCheckTimes = 0, unlocked = true
07-13 08:41:51.206 2474-2474/? I/GoogleInputMethodService: GoogleInputMethodService.onStartInput():1930 onStartInput(EditorInfo{inputType=0x0(NULL) imeOptions=0x0 privateImeOptions=null actionName=UNSPECIFIE
07-13 08:41:51.206 2474-2474/? I/GoogleInputMethodService: D actionLabel=null actionId=0 initialSelStart=-1 initialSelEnd=-1 initialCapsMode=0x0 hintText=null label=null packageName=app.identifier fieldId=-1 fieldName=null extras=null}, false)
07-13 08:41:51.206 2474-2474/? I/GoogleInputMethodService: GoogleInputMethodService.shouldHideHeaderOnInitialState():4116 ShouldHideHeaderOnInitialState = false
07-13 08:41:51.206 2474-2474/? I/GoogleInputMethodService: GoogleInputMethodService.updateDeviceLockedStatus():2152 repeatCheckTimes = 2, unlocked = true
07-13 08:41:51.221 938-1018/? W/SurfaceFlinger: Attempting to set client state on removed layer: Splash Screen app.identifier.test#0
07-13 08:41:51.221 938-1018/? W/SurfaceFlinger: Attempting to destroy on removed layer: Splash Screen app.identifier.test#0
07-13 08:41:51.275 3031-3031/? D/LauncherAppWidgetHost: setListenIfResumed :false, mFlags:7
07-13 08:41:51.275 3031-3031/? D/LauncherAppWidgetHost: stopListening
07-13 08:41:51.275 3031-3031/? W/RecentsModel: onTrimMemory level = 20
07-13 08:41:51.310 21729-21729/? W/app.identifier: Accessing hidden method Landroid/os/MessageQueue;->next()Landroid/os/Message; (light greylist, reflection)
07-13 08:41:51.311 21729-21729/? W/app.identifier: Accessing hidden field Landroid/os/MessageQueue;->mMessages:Landroid/os/Message; (light greylist, reflection)
07-13 08:41:51.311 21729-21729/? W/app.identifier: Accessing hidden method Landroid/os/Message;->recycleUnchecked()V (light greylist, reflection)
07-13 08:41:51.320 21729-21729/? W/app.identifier: Accessing hidden method Landroid/view/WindowManagerGlobal;->getInstance()Landroid/view/WindowManagerGlobal; (light greylist, reflection)
07-13 08:41:51.321 21729-21729/? W/app.identifier: Accessing hidden field Landroid/view/WindowManagerGlobal;->mViews:Ljava/util/ArrayList; (light greylist, reflection)
07-13 08:41:51.321 21729-21729/? W/app.identifier: Accessing hidden field Landroid/view/WindowManagerGlobal;->mParams:Ljava/util/ArrayList; (light grey
07-13 08:41:51.321 21729-21729/? W/app.identifier: list, reflection)
07-13 08:41:51.338 21729-21729/? I/ViewInteraction: Performing 'type text(0)' action on view with id: app.identifier:id/input
07-13 08:41:51.358 21729-21729/? W/app.identifier: Accessing hidden method Landroid/view/ViewConfiguration;->getDoubleTapMinTime()I (light greylist, reflection)
07-13 08:41:51.440 2474-2474/? I/GoogleInputMethodService: GoogleInputMethodService.onFinishInput():3302 
07-13 08:41:51.441 2474-2474/? I/GoogleInputMethodService: GoogleInputMethodService.updateDeviceLockedStatus():2152 repeatCheckTimes = 0, unlocked = true
07-13 08:41:51.441 2474-2474/? I/GoogleInputMethodService: GoogleInputMethodService.onStartInput():1930 onStartInput(EditorInfo{inputType=0x61(PersonName) imeOptions=0x6 privateImeOptions=null actionName=DONE actionLabel=null actionId=0 initialSelStart=0 initialSelEnd=0 initialCapsMode=0x0 hintText=null label=null packageName=app.identifier fieldId=2131230887 fieldName=null extras=Bundle[mParcelledData.dataSize=484]}, false)
07-13 08:41:51.441 2474-2474/? I/GoogleInputMethodService: GoogleInputMethodService.shouldHideHeaderOnInitialState():4116 ShouldHideHeaderOnInitialState = false
07-13 08:41:51.442 2474-2474/? I/GoogleInputMethodService: GoogleInputMethodService.updateDeviceLockedStatus():2152 repeatCheckTimes = 2, unlocked = true
07-13 08:41:51.445 2474-2474/? I/DeviceModeUtil: DeviceModeUtil.getDeviceMode():123 Get device mode phone by ui mode:1 and smallestScreenWidthDp:360
07-13 08:41:51.448 2474-2474/? I/GoogleInputMethodService: GoogleInputMethodService.onStartInputView():2052 onStartInputView(EditorInfo{inputType=0x61(PersonName) imeOptions=0x6 privateImeOptions=null actionName=DONE actionLabel=null actionId=0 initialSelStart=0 initialSelEnd=0 initialCapsMode=0x0 hintText=null label=null packageName=app.identifier fieldId=2131230887 fieldName=null extras=Bundle[{androidx.core.view.inputmethod.EditorInfoCompat.CONTENT_SELECTION_HEAD=0, androidx.core.view.inputmethod.EditorInfoCompat.CONTENT_SELECTION_END=0, androidx.core.view.inputmethod.EditorInfoCompat.CONTENT_SURROUNDING_TEXT=}]}, false)
07-13 08:41:51.450 2474-2474/? I/GoogleInputMethodService: GoogleInputMethodService.updateDeviceLockedStatus():2152 repeatCheckTimes = 2, unlocked = true
07-13 08:41:51.451 2474-2621/? I/DeviceModeUtil: DeviceModeUtil.getDeviceMode():123 Get device mode phone by ui mode:1 and smallestScreenWidthDp:360
07-13 08:41:51.452 2474-2474/? W/ModuleManager: ModuleManager.loadModule():453 Module esg is not available
07-13 08:41:51.473 21729-21729/? I/AssistStructure: Flattened final assist data: 2756 bytes, containing 1 windows, 10 views
07-13 08:41:51.484 1985-2001/? I/AssistStructure: Flattened final assist data: 2640 bytes, containing 1 windows, 10 views
07-13 08:41:51.488 2474-2474/? I/KeyboardViewUtil: KeyboardViewUtil.getKeyboardHeightRatio():189 systemKeyboardHeightRatio:1.000000; userKeyboardHeightRatio:1.000000.
07-13 08:41:51.488 2932-2932/? W/AutofillChimeraService: Pending fill request while another request in the same session was triggered. [CONTEXT service_id=177 ]
07-13 08:41:51.488 2474-2474/? I/AndroidIME: AbstractIme.onActivate():86 LatinIme.onActivate() : EditorInfo = inputType=0x61(PersonName) imeOptions=0x6 privateImeOptions=null actionName=DONE actionLabel=null actionId=0 initialSelStart=0 initialSelEnd=0 initialCapsMode=0x0 hintText=null label=null packageName=app.identifier fieldId=2131230887 fieldName=null extras=Bundle[{androidx.core.view.inputmethod.EditorInfoCompat.CONTENT_SELECTION_HEAD=0, androidx.core.view.inputmethod.EditorInfoCompat.CONTENT_SELECTION_END=0, androidx.core.view.inputmethod.EditorInfoCompat.CONTENT_SURROUNDING_TEXT=}], IncognitoMode = false, DeviceLocked = false
07-13 08:41:51.493 2474-2474/? I/Delight5Facilitator: Delight5Facilitator.initializeForIme():777 initializeForIme() : Locale = [pt_BR], layout = qwerty
07-13 08:41:51.494 2474-2474/? I/VoiceInputManagerWrapper: VoiceInputManagerWrapper.cancelShutdown():55 cancelShutdown()
07-13 08:41:51.494 2474-2474/? I/VoiceInputManagerWrapper: VoiceInputManagerWrapper.syncLanguagePacks():67 syncLanguagePacks()
07-13 08:41:51.494 2474-14877/? I/SpeechFactory: SpeechRecognitionFactory.maybeScheduleAutoPackDownloadForFallback():205 maybeScheduleAutoPackDownloadForFallback()
07-13 08:41:51.494 2474-14877/? I/FallbackOnDeviceRecognitionProvider: FallbackOnDeviceRecognitionProvider.maybeScheduleAutoPackDownload():195 maybeScheduleAutoPackDownload() for language tag pt-BR
07-13 08:41:51.494 2474-2474/? I/LatinIme: LatinIme.updateEnableInlineSuggestionsOnDecoderSideFlags():1014 inline flag updated to:false
07-13 08:41:51.505 2932-20145/? W/tfu: Infinite Data has no result for app.identifier [CONTEXT service_id=177 ]
07-13 08:41:51.511 2474-2474/? I/KeyboardWrapper: KeyboardWrapper.consumeEvent():281 Skip consuming an event as current keyboard is deactivated (state=0, keyboard existence=true)
07-13 08:41:51.511 2932-21535/? W/tfu: Infinite Data has no result for app.identifier [CONTEXT service_id=177 ]
07-13 08:41:51.527 2474-2474/? I/KeyboardViewUtil: KeyboardViewUtil.calculateMaxKeyboardBodyHeight():40 leave 250 height for app when screen height:1344, header height:88 and isFullscreenMode:false, so the max keyboard body height is:1006
07-13 08:41:51.528 2474-2474/? W/Keyboard: Keyboard.getKeyboardViewHelper():616 null helper is returned: keyboardDef=iko{className=.latin.keyboard.LatinPrimeKeyboard, id=#0x7f0b0692, initialStates=0, keyboardViewDefs=[ilh{direction=null, id=#0x7f0b0139, isScalable=true, layoutId=#0x7f0e01f7, type=BODY, touchable=true}, ilh{direction=null, id=#0x7f0b0139, isScalable=false, layoutId=#0x7f0e0170, type=FLOATING_CANDIDATES, touchable=false}, ilh{direction=null, id=#0x7f0b0139, isScalable=false
07-13 08:41:51.528 2474-2474/? W/Keyboard: , layoutId=#0x7f0e0441, type=HEADER, touchable=true}], keyTextSizeRatio=1.0, persistentStates=0, persistentStatesPrefKey=null, popupBubbleLayoutId=#0x7f0e051a, recentKeyLayoutId=0, recentKeyPopupLayoutId=0, recentKeyType=null, rememberRecentKey=NONE, sessionStates=17592186044419}, type=WIDGET, helpersCreated=[ibz@d6accdd, ibz@d2c052, ibz@1c10f23, null], 
07-13 08:41:51.529 17548-18145/? I/SyncManager: Executing sync [CONTEXT service_id=80 ]
07-13 08:41:51.530 2474-2474/? I/DeviceModeUtil: DeviceModeUtil.getDeviceMode():123 Get device mode phone by ui mode:1 and smallestScreenWidthDp:360
07-13 08:41:51.531 2474-2474/? I/GoogleInputMethodService: GoogleInputMethodService.setKeyboardViewShown():3561 setKeyboardViewShown() : type = HEADER, shownType = SHOW_OPTIONAL
07-13 08:41:51.531 2474-2474/? I/GoogleInputMethodService: GoogleInputMethodService.setKeyboardViewShown():3608 setKeyboardViewShown() : shouldShow = true
07-13 08:41:51.531 2474-2474/? I/GoogleInputMethodService: GoogleInputMethodService.setKeyboardViewShown():3561 setKeyboardViewShown() : type = BODY, shownType = SHOW_MANDATORY
07-13 08:41:51.531 2474-2474/? I/GoogleInputMethodService: GoogleInputMethodService.setKeyboardViewShown():3608 setKeyboardViewShown() : shouldShow = true
07-13 08:41:51.531 2474-2474/? I/GoogleInputMethodService: GoogleInputMethodService.setKeyboardViewShown():3561 setKeyboardViewShown() : type = FLOATING_CANDIDATES, shownType = HIDE
07-13 08:41:51.531 2474-2474/? I/GoogleInputMethodService: GoogleInputMethodService.setKeyboardViewShown():3608 setKeyboardViewShown() : shouldShow = false
07-13 08:41:51.532 2474-2474/? W/Keyboard: Keyboard.getKeyboardViewHelper():616 null helper is returned: keyboardDef=iko{className=.latin.keyboard.LatinPrimeKeyboard, id=#0x7f0b0692, initialStates=0, keyboardViewDefs=[ilh{direction=null, id=#0x7f0b0139, isScalable=true, layoutId=#0x7f0e01f7, type=BODY, touchable=true}, ilh{direction=null, id=#0x7f0b0139, isScalable=false, layoutId=#0x7f0e0170, type=FLOATING_CANDIDATES, touchable=false}, ilh{direction=null, id=#0x7f0b0139, isScalable=false, layoutId=#0x7f0e0441, type=HEADER, touchable=true}], keyTextSizeRatio=1.0, persistentStates=0, persistentStatesPrefKey=null, popupBubbleLayoutId=#0x7f0e051a, recentKeyLayoutId=0, recentKeyPopupLayoutId=0, recentKeyType=null, rememberRecentKey=NONE, sessionStates=17592186044419}, type=WIDGET, helpersCreated=[ibz@d6accdd, ibz@d2c052, ibz@1c10f23, null], 
07-13 08:41:51.532 2474-2474/? I/GoogleInputMethodService: GoogleInputMethodService.setKeyboardViewShown():3561 setKeyboardViewShown() : type = WIDGET, shownType = HIDE
07-13 08:41:51.532 17548-18145/? I/SyncManager: (REDACTED) Executing sync finished in %d ms
07-13 08:41:51.532 2474-2474/? I/GoogleInputMethodService: GoogleInputMethodService.setKeyboardViewShown():3608 setKeyboardViewShown() : shouldShow = false
07-13 08:41:51.535 2474-2474/? I/KeyboardViewUtil: KeyboardViewUtil.calculateMaxKeyboardBodyHeight():40 leave 250 height for app when screen height:1344, header height:88 and isFullscreenMode:false, so the max keyboard body height is:1006
07-13 08:41:51.537 2474-2474/? I/DeviceModeUtil: DeviceModeUtil.getDeviceMode():123 Get device mode phone by ui mode:1 and smallestScreenWidthDp:360
07-13 08:41:51.544 2474-2474/? I/chatty: uid=10104(com.google.android.inputmethod.latin) identical 1 line
07-13 08:41:51.547 2474-2474/? I/DeviceModeUtil: DeviceModeUtil.getDeviceMode():123 Get device mode phone by ui mode:1 and smallestScreenWidthDp:360
07-13 08:41:51.547 2474-2474/? I/KeyboardModeManager: KeyboardModeManager.setInputView():372 setInputView() : supportsOneHandedMode=true
07-13 08:41:51.547 2474-2474/? I/NormalModeController: NormalModeController.getKeyboardBodyViewHolderPaddingBottom():116 currentPrimeKeyboardType:SOFT systemPaddingBottom:-1
07-13 08:41:51.554 2474-2474/? I/NormalModeController: NormalModeController.getKeyboardBodyViewHolderPaddingBottom():116 currentPrimeKeyboardType:SOFT systemPaddingBottom:-1
07-13 08:41:51.562 2474-2474/? I/KeyboardModeManager: KeyboardModeManager.setInputView():364 setInputView() : entry=hyt{languageTag=pt-BR, variant=qwerty, hasLocalizedResources=true, conditionCacheKey=_device=phone_device_size=default_enable_adaptive_text_editing=true_enable_inline_suggestions_on_client_side=true_enable_large_tablet_batch_1=false_enable_large_tablet_batch_2=false_enable_more_candidates_view_for_multilingual=false_enable_nav_redesign=false_enable_navbar_motion=false_enable_number_row=true_enable_preemptive_decode=true_enable_secondary_symbols=false_expressions=normal_four_or_more_letter_rows=false_keyboard_mode=normal_language=pt-BR_orientation=portrait_physical_keyboard=nokeys_show_secondary_digits=false_show_suggestions=true_split_with_duplicate_keys=true_variant=qwerty, imeDef.stringId=ime_portuguese_brazil, imeDef.className=com.google.android.apps.inputmethod.libs.latin5.LatinIme, imeDef.languageTag=pt-BR}
07-13 08:41:51.565 2474-2474/? I/VoiceImeExtension: VoiceImeExtension.shouldStartVoiceInputAutomatically():383 No private IME option set to start voice input.
07-13 08:41:51.576 17548-17548/? D/BoundBrokerSvc: onBind: Intent { act=com.google.android.gms.common.BIND_SHARED_PREFS pkg=com.google.android.gms }
07-13 08:41:51.577 17548-17548/? D/BoundBrokerSvc: Loading bound service for intent: Intent { act=com.google.android.gms.common.BIND_SHARED_PREFS pkg=com.google.android.gms }
07-13 08:41:51.580 17548-17548/? D/BoundBrokerSvc: onUnbind: Intent { act=com.google.android.gms.common.BIND_SHARED_PREFS pkg=com.google.android.gms }
07-13 08:41:51.595 2474-2474/? I/DeviceModeUtil: DeviceModeUtil.getDeviceMode():123 Get device mode phone by ui mode:1 and smallestScreenWidthDp:360
07-13 08:41:51.597 2474-2474/? I/DeviceModeUtil: DeviceModeUtil.getDeviceMode():123 Get device mode phone by ui mode:1 and smallestScreenWidthDp:360
07-13 08:41:51.598 2474-2474/? I/NormalModeController: NormalModeController.getKeyboardBodyViewHolderPaddingBottom():116 currentPrimeKeyboardType:SOFT systemPaddingBottom:-1
07-13 08:41:51.600 2474-3547/? I/Delight5Decoder: Delight5DecoderWrapper.setKeyboardLayout():458 setKeyboardLayout()
07-13 08:41:51.620 17548-17548/? D/BoundBrokerSvc: onBind: Intent { act=com.google.android.gms.common.BIND_SHARED_PREFS pkg=com.google.android.gms }
07-13 08:41:51.620 17548-17548/? D/BoundBrokerSvc: Loading bound service for intent: Intent { act=com.google.android.gms.common.BIND_SHARED_PREFS pkg=com.google.android.gms }
07-13 08:41:51.626 17548-17548/? D/BoundBrokerSvc: onUnbind: Intent { act=com.google.android.gms.common.BIND_SHARED_PREFS pkg=com.google.android.gms }
07-13 08:41:52.007 21729-21729/? D/UiControllerImpl: Injecting string: "0"
07-13 08:41:52.117 21729-21729/? I/ViewInteraction: Performing 'close keyboard' action on view is a root view.
07-13 08:41:52.122 2474-2474/? I/GoogleInputMethodService: GoogleInputMethodService.onFinishInputView():2306 
07-13 08:41:52.128 2474-2474/? I/KeyboardWrapper: KeyboardWrapper.consumeEvent():281 Skip consuming an event as current keyboard is deactivated (state=0, keyboard existence=true)
07-13 08:41:52.128 2474-2474/? I/VoiceInputManagerWrapper: VoiceInputManagerWrapper.shutdown():77 shutdown()
07-13 08:41:52.129 2474-2474/? I/AndroidIME: AbstractIme.onDeactivate():207 LatinIme.onDeactivate()
07-13 08:41:52.132 2474-2621/? E/native: E0000 00:00:1689252112.132264    2621 input_actions_processor_jni.cc:125] Fail to process input actions request:No processor registered
07-13 08:41:52.469 21729-21729/? I/ViewInteraction: Performing 'single click' action on view with id: app.identifier:id/validateBtn
07-13 08:41:52.637 895-1153/? D/NativeSensors: CapSensor:  mPendingEvent.distance=1.000000
07-13 08:41:52.806 21729-21729/? I/ViewInteraction: Checking 'MatchesViewAssertion{viewMatcher=with text: is "Invalid"}' assertion on view with id: app.identifier:id/output
07-13 08:41:52.817 1985-6638/? I/ActivityManager: START u0 {act=android.intent.action.MAIN cat=[android.intent.category.LAUNCHER] flg=0x10000000 cmp=app.identifier.test/androidx.test.core.app.InstrumentationActivityInvoker$EmptyActivity} from uid 10746
07-13 08:41:52.829 21729-21729/? D/LifecycleMonitor: Lifecycle status change: app.identifier.MainActivity@7db5ba6 in: PAUSED
07-13 08:41:52.829 21729-21729/? D/LifecycleMonitor: running callback: androidx.test.core.app.ActivityScenario$1@6b6c9e7
07-13 08:41:52.830 21729-21729/? D/LifecycleMonitor: callback completes: androidx.test.core.app.ActivityScenario$1@6b6c9e7
07-13 08:41:52.830 21729-21729/? D/LifecycleMonitor: [ 07-13 08:41:52.833 21494:21494 W/Activi
07-13 08:41:52.830 21729-21729/? D/LifecycleMonitor: tyThread ]
07-13 08:41:52.830 21729-21729/? D/LifecycleMonitor: handleWindowVisibility: no activity for token android.os.BinderProxy@eb35bb6
07-13 08:41:52.901 1985-5995/? I/ActivityManager: START u0 {act=android.intent.action.MAIN cat=[android.intent.category.LAUNCHER] flg=0x10000000 cmp=app.identifier.test/androidx.test.core.app.InstrumentationActivityInvoker$EmptyActivity} from uid 10746
07-13 08:41:52.994 1985-2057/? I/LaunchCheckinHandler: Displayed app.identifier.test/androidx.test.core.app.InstrumentationActivityInvoker$EmptyActivity,wp,ca,163
07-13 08:41:53.004 21494-21494/? W/ActivityThread: handleWindowVisibility: no activity for token android.os.BinderProxy@75729a
07-13 08:41:53.049 1985-5995/? W/ActivityManager: Duplicate finish request for ActivityRecord{34c3783 u0 app.identifier/.MainActivity t138 f}
07-13 08:41:53.084 938-938/? D/SurfaceFlinger: duplicate layer name: changing app.identifier.test/androidx.test.core.app.InstrumentationActivityInvoker$EmptyActivity to app.identifier.test/androidx.test.core.app.InstrumentationActivityInvoker$EmptyActivity#1
07-13 08:41:53.110 1985-2001/? D/ActivityManager: found next focusableStack ActivityStack{73e0d02 stackId=0 type=home mode=fullscreen visible=true translucent=true, 1 tasks} with top ActivityRecord{317b4bd u0 com.motorola.launcher3/com.android.launcher3.CustomizationPanelLauncher t2} as current stack ActivityStack{5c75069 stackId=19 type=standard mode=fullscreen visible=true translucent=true, 1 tasks}
07-13 08:41:53.123 2474-2474/? I/GoogleInputMethodService: GoogleInputMethodService.onFinishInput():3302 
07-13 08:41:53.124 2474-2474/? I/GoogleInputMethodService: GoogleInputMethodService.updateDeviceLockedStatus():2152 repeatCheckTimes = 0, unlocked = true
07-13 08:41:53.125 2474-2474/? I/GoogleInputMethodService: GoogleInputMethodService.onStartInput():1930 onStartInput(EditorInfo{inputType=0x0(NULL) imeOptions=0x0 privateImeOptions=null actionName=UNSPECIFIED actionLabel=nu
07-13 08:41:53.125 2474-2474/? I/GoogleInputMethodService: ll actionId=0 initialSelStart=-1 initialSelEnd=-1 initialCapsMode=0x0 hintText=null label=null packageName=app.identifier.test fieldId=-1 fieldName=null extras=null}, false)
07-13 08:41:53.125 2474-2474/? I/GoogleInputMethodService: GoogleInputMethodService.shouldHideHeaderOnInitialState():4116 ShouldHideHeaderOnInitialState = false
07-13 08:41:53.126 2474-2474/? I/GoogleInputMethodService: GoogleInputMethodService.updateDeviceLockedStatus():2152 repeatCheckTimes = 2, unlocked = true
07-13 08:41:53.174 938-1018/? W/SurfaceFlinger: Attempting to set client state on removed layer: app.identifier.test/androidx.test.core.app.InstrumentationActivityInvoker$EmptyActivity#0
07-13 08:41:53.174 938-1018/? W/SurfaceFlinger: Attempting to destroy on removed layer: app.identifier.test/androidx.test.core.app.InstrumentationActivityInvoker$EmptyActivity#0
07-13 08:41:53.196 3031-3031/? D/LauncherAppWidgetHost: setListenIfResumed :true, mFlags:2
07-13 08:41:53.197 3031-3031/? D/LauncherAppWidgetHost: startListening
07-13 08:41:53.255 2474-2474/? I/GoogleInputMethodService: GoogleInputMethodService.onFinishInput():3302 
07-13 08:41:53.256 2474-2474/? I/GoogleInputMethodService: GoogleInputMethodService.updateDeviceLockedStatus():2152 repeatCheckTimes = 0, unlocked = true
07-13 08:41:53.256 2474-2474/? I/GoogleInputMethodService: GoogleInputMethodService.onStartInput():1930 onStartInput(EditorInfo{inputType=0x0(NULL) imeOptions=0x0 privateImeOptions=null actionName=UNSPECIFIED actionLabel=null actionId=0 initialSelStart=-1 initialSelEnd=-1 initialCapsMode=0x0 hintText=null label=null packageName=com.motorola.launcher3 fieldId=-1 fieldName=null extras=null}, false)
07-13 08:41:53.256 2474-2474/? I/GoogleInputMethodService: GoogleInputMethodService.shouldHideHeaderOnInitialState():4116 ShouldHideHeaderOnInitialState = false
07-13 08:41:53.256 2474-2474/? I/GoogleInputMethodService: GoogleInputMethodService.updateDeviceLockedStatus():2152 repeatCheckTimes = 2, unlocked = true
07-13 08:41:53.277 938-1018/? W/SurfaceFlinger: Attempting to set client state on removed layer: Surface(name=AppWindowToken{e69a939 token=Token{2afbd00 ActivityRecord{34c3783 u0 app.identifier/.MainActivity t138}}})/@0x9fb8a25 - animation-leash#0
07-13 08:41:53.277 938-1018/? W/SurfaceFlinger: Attempting to set client state on removed layer: Surface(name=AppWindowToken{fcabd80 token=Token{4e8ea03 ActivityRecord{317b4bd u0 com.motorola.launcher3/com.android.launcher3.CustomizationPanelLauncher t2}}})/@0x91f1ff5 - animation-leash#0
07-13 08:41:53.277 938-1018/? W/SurfaceFlinger: Attempting to destroy on removed layer: Surface(name=AppWindowToken{e69a939 token=Token{2afbd00 ActivityRecord{34c3783 u0 app.identifier/.MainActivity t138}}})/@0x9fb8a25 - animation-leash#0
07-13 08:41:53.277 938-1018/? W/SurfaceFlinger: Attempting to destroy on removed layer: Surface(name=AppWindowToken{fcabd80 token=Token{4e8ea03 ActivityRecord{317b4bd u0 com.motorola.launcher3/com.android.launcher3.CustomizationP
07-13 08:41:53.277 938-1018/? W/SurfaceFlinger: anelLauncher t2}}})/@0x91f1ff5 - animation-leash#0
07-13 08:41:53.277 938-1018/? W/SurfaceFlinger: Attempting to set client state on removed layer: Surface(name=AppWindowToken{e69a939 token=Token{2afbd00 ActivityRecord{34c3783 u0 app.identifier/.MainActivity t138}}})/@0x9fb8a25 - animation-leash#0
07-13 08:41:53.277 938-1018/? W/SurfaceFlinger: Attempting to destroy on removed layer: Surface(name=AppWindowToken{e69a939 token=Token{2afbd00 ActivityRecord{34c3783 u0 app.identifier/.MainActivity t138}}})/@0x9fb8a25 - animation-leash#0
07-13 08:41:53.310 21729-21729/? D/LifecycleMonitor: Lifecycle status change: app.identifier.MainActivity@7db5ba6 in: STOPPED
07-13 08:41:53.310 21729-21729/? D/LifecycleMonitor: running callback: androidx.test.core.app.ActivityScenario$1@6b6c9e7
07-13 08:41:53.310 21729-21729/? D/LifecycleMonitor: callback completes: androidx.test.core.app.ActivityScenario$1@6b6c9e7
07-13 08:41:53.320 21729-21729/? D/LifecycleMonitor: Lifecycle status change: app.identifier.MainActivity@7db5ba6 in: DESTROYED
07-13 08:41:53.320 21729-21729/? D/LifecycleMonitor: running callback: androidx.test.core.app.ActivityScenario$1@6b6c9e7
07-13 08:41:53.321 21729-21729/? D/LifecycleMonitor: callback completes: androidx.test.core.app.ActivityScenario$1@6b6c9e7
07-13 08:41:53.323 21729-21744/? I/TestRunner: finished: test03(app.identifier.IdentifierUITest)
07-13 08:41:53.346 938-1017/? W/SurfaceFlinger: Attempting to destroy on removed layer: AppWindowToken{e69a939 token=Token{2afbd00 ActivityRecord{34c3783 u0 app.identifier/.MainActivity t138}}}#0
07-13 08:41:53.347 21729-21744/? I/TestRunner: run finished: 1 tests, 0 failed, 0 ignored
07-13 08:41:53.360 895-1153/? D/NativeSensors: CapSensor:  mPendingEvent.distance=2.000000
07-13 08:41:53.367 21729-21744/? I/MonitoringInstr: waitForActivitiesToComplete() took: 0ms
07-13 08:41:53.368 1985-5995/? I/ActivityManager: Force stopping app.identifier appid=10746 user=0: finished inst
07-13 08:41:53.369 1985-21561/? W/Binder: Outgoing transactions from this process must be FLAG_ONEWAY
07-13 08:41:53.369 1985-21561/? W/Binder: java.lang.Throwable
07-13 08:41:53.369 1985-21561/? W/Binder: 	at android.os.BinderProxy.transact(Binder.java:1125)
07-13 08:41:53.369 1985-21561/? W/Binder: 	at android.app.IInstrumentationWatcher$Stub$Proxy.instrumentationFinished(IInstrumentationWatcher.java:164)
07-13 08:41:53.369 1985-21561/? W/Binder: 	at com.android.server.am.InstrumentationReporter$MyThread.run(InstrumentationReporter.java:86)
07-13 08:41:53.369 1985-5995/? I/ActivityManager: Killing 21729:app.identifier/u0a746 (adj 0): stop app.identifier
07-13 08:41:53.370 1985-2037/? W/libprocessgroup: kill(-21729, 9) failed: No such process
07-13 08:41:53.376 21718-21718/? D/AndroidRuntime: Shutting down VM
07-13 08:41:53.385 1985-2037/? W/libprocessgroup: kill(-21729, 9) failed: No such process
07-13 08:41:53.400 1985-2057/? W/ActivityManager: setHasOverlayUi called on unknown pid: 21729
07-13 08:41:53.400 1985-2037/? W/libprocessgroup: kill(-21729, 9) failed: No such process
07-13 08:41:53.408 1191-1191/? I/Zygote: Process 21729 exited due to signal (9)
07-13 08:41:53.416 1985-2037/? W/libprocessgroup: kill(-21729, 9) failed: No such process
07-13 08:41:53.416 1985-2037/? I/libprocessgroup: Successfully killed process cgroup uid 10746 pid 21729 in 46ms
07-13 08:41:53.478 2932-2932/? D/BoundBrokerSvc: onUnbind: Intent { act=com.google.android.gms.tapandpay.service.BIND dat=chimera-action: cmp=com.google.android.gms/.chimera.PersistentApiService }
07-13 08:41:53.540 895-1153/? D/NativeSensors: CapSensor:  mPendingEvent.distance=1.000000
07-13 08:41:53.631 21748-21748/? D/MPEG4Writer: Video track stopping. Stop source
07-13 08:41:53.631 21748-21763/? I/MPEG4Writer: Received total/0-length (95/0) buffers and encoded 95 frames. - Video
07-13 08:41:53.631 21748-21748/? D/MPEG4Writer: Video track source stopping
07-13 08:41:53.631 21748-21748/? D/MPEG4Writer: Video track source stopped
07-13 08:41:53.631 21748-21748/? D/MPEG4Writer: Video track stopped. Stop source
07-13 08:41:53.631 21748-21748/? D/MPEG4Writer: [ 07-13 08:41:53.631 21748:21748 D/MPE
07-13 08:41:53.631 21748-21748/? D/MPEG4Writer: G4Writer ]
07-13 08:41:53.631 21748-21748/? D/MPEG4Writer: Stopping writer thread
07-13 08:41:53.632 21748-21762/? D/MPEG4Writer: 0 chunks are written in the last batch
07-13 08:41:53.632 21748-21748/? D/MPEG4Writer: Writer thread stopped
07-13 08:41:53.632 21748-21748/? I/MPEG4Writer: Ajust the moov start time from 1198408285 us -> 1198408285 us
07-13 08:41:53.632 21748-21748/? I/MediaCodec: (0xa7dc3000) stop
07-13 08:41:53.637 1211-1459/? W/GraphicBufferSource: released unpopulated slots: [1, 2, 3, 4, 5, 6, 7, 8, 9, 10, 11, 12, 13, 14, 15, 16, 17, 18, 19, 20, 21, 22, 23, 24, 25, 26, 27, 28, 29, 30, 31, 32, 33, 34, 35, 36, 37, 38, 39, 40, 41, 42, 43, 44, 45, 46, 47, 48, 49, 50, 51, 52, 53, 54, 55, 56, 57, 58, 59, 60, 61, 62, 63]
07-13 08:41:53.648 21748-21748/? I/MediaCodec: (0xa7dc3000) release
07-13 08:41:53.654 1211-2408/? I/OMX-VENC: Component Deinit
07-13 08:41:53.655 1211-2408/? I/OMX-VENC: Video encode perflock released
07-13 08:41:53.659 21748-21748/? D/MPEG4Writer: Video track stopping. Stop source
07-13 08:41:53.714 14710-14710/? D/MediaScannerReceiver: action: android.intent.action.MEDIA_SCANNER_SCAN_FILE path: /storage/emulated/0/app.identifier.IdentifierUITest-test03-d3407a5a-8452-4de5-ba4e-d05f97cea9cb.mp4
07-13 08:41:53.720 21748-21748/? D/ScreenRecord: success
07-13 08:41:53.829 1202-1439/? I/FileSource: StagefrightMetadataRetriever::setDataSource(FD URL suppressed)
